1688747312.096603 2023-07-07 11:28:32 MainProcess-2155 MainThread-140142035543872 parsl.dataflow.dflow:89 __init__ INFO: Starting DataFlowKernel with config
Config(
    app_cache=True, 
    checkpoint_files=None, 
    checkpoint_mode=None, 
    checkpoint_period=None, 
    executors=[HighThroughputExecutor(
        address=None, 
        address_probe_timeout=None, 
        available_accelerators=[], 
        block_error_handler=True, 
        cores_per_worker=1.0, 
        cpu_affinity='none', 
        heartbeat_period=30, 
        heartbeat_threshold=120, 
        interchange_port_range=(55000, 56000), 
        label='HighThroughputExecutor', 
        launch_cmd='process_worker_pool.py {debug} {max_workers} -a {addresses} -p {prefetch_capacity} -c {cores_per_worker} -m {mem_per_worker} --poll {poll_period} --task_port={task_port} --result_port={result_port} --logdir={logdir} --block_id={{block_id}} --hb_period={heartbeat_period} {address_probe_timeout_string} --hb_threshold={heartbeat_threshold} --cpu-affinity {cpu_affinity} --available-accelerators {accelerators} --start-method {start_method}', 
        max_workers=inf, 
        mem_per_worker=None, 
        poll_period=10, 
        prefetch_capacity=0, 
        provider=LocalProvider(
            channel=LocalChannel(
                envs={}, 
                script_dir=None, 
                userhome='/mnt/media/MDStream/WLGenerator/local'
            ), 
            cmd_timeout=30, 
            init_blocks=1, 
            launcher=SingleNodeLauncher(debug=True, fail_on_any=False), 
            max_blocks=1, 
            min_blocks=1, 
            move_files=None, 
            nodes_per_block=1, 
            parallelism=1, 
            worker_init=''
        ), 
        start_method='fork', 
        storage_access=None, 
        worker_debug=False, 
        worker_logdir_root=None, 
        worker_port_range=(54000, 55000), 
        worker_ports=None, 
        working_dir=None
    )], 
    garbage_collect=True, 
    initialize_logging=True, 
    internal_tasks_max_threads=10, 
    max_idletime=120.0, 
    monitoring=None, 
    retries=0, 
    retry_handler=None, 
    run_dir='runinfo', 
    strategy='simple', 
    usage_tracking=False
)
1688747312.096822 2023-07-07 11:28:32 MainProcess-2155 MainThread-140142035543872 parsl.dataflow.dflow:91 __init__ INFO: Parsl version: 2023.03.27
1688747312.096939 2023-07-07 11:28:32 MainProcess-2155 MainThread-140142035543872 parsl.usage_tracking.usage:129 __init__ DEBUG: Tracking status: False
1688747312.097116 2023-07-07 11:28:32 MainProcess-2155 MainThread-140142035543872 parsl.dataflow.dflow:119 __init__ INFO: Run id is: ec54990b-5176-4e2f-a237-c4cb9da2b4f6
1688747312.505371 2023-07-07 11:28:32 MainProcess-2155 MainThread-140142035543872 parsl.dataflow.dflow:126 __init__ DEBUG: Considering candidate for workflow name: /mnt/media/anaconda3/envs/multisite/lib/python3.9/site-packages/parsl/dataflow/dflow.py
1688747312.505721 2023-07-07 11:28:32 MainProcess-2155 MainThread-140142035543872 parsl.dataflow.dflow:126 __init__ DEBUG: Considering candidate for workflow name: /mnt/media/anaconda3/envs/multisite/lib/python3.9/site-packages/typeguard/__init__.py
1688747312.505803 2023-07-07 11:28:32 MainProcess-2155 MainThread-140142035543872 parsl.dataflow.dflow:126 __init__ DEBUG: Considering candidate for workflow name: /mnt/media/anaconda3/envs/multisite/lib/python3.9/site-packages/parsl/dataflow/dflow.py
1688747312.505853 2023-07-07 11:28:32 MainProcess-2155 MainThread-140142035543872 parsl.dataflow.dflow:126 __init__ DEBUG: Considering candidate for workflow name: /mnt/media/anaconda3/envs/multisite/lib/python3.9/site-packages/typeguard/__init__.py
1688747312.505899 2023-07-07 11:28:32 MainProcess-2155 MainThread-140142035543872 parsl.dataflow.dflow:126 __init__ DEBUG: Considering candidate for workflow name: /mnt/media/MDStream/WLGenerator/local/compute_ip_parsl_local.py
1688747312.505958 2023-07-07 11:28:32 MainProcess-2155 MainThread-140142035543872 parsl.dataflow.dflow:132 __init__ DEBUG: Using compute_ip_parsl_local.py as workflow name
1688747312.506693 2023-07-07 11:28:32 MainProcess-2155 MainThread-140142035543872 parsl.dataflow.memoization:174 __init__ INFO: App caching initialized
1688747312.506872 2023-07-07 11:28:32 MainProcess-2155 MainThread-140142035543872 parsl.dataflow.strategy:134 __init__ DEBUG: Scaling strategy: simple
1688747312.509988 2023-07-07 11:28:32 MainProcess-2155 MainThread-140142035543872 parsl.executors.high_throughput.executor:502 _start_queue_management_thread DEBUG: Starting queue management thread
1688747312.510768 2023-07-07 11:28:32 MainProcess-2155 HTEX-Queue-Management-Thread-140140555007744 parsl.executors.high_throughput.executor:386 _queue_management_worker DEBUG: queue management worker starting
1688747312.510943 2023-07-07 11:28:32 MainProcess-2155 MainThread-140142035543872 parsl.executors.high_throughput.executor:506 _start_queue_management_thread DEBUG: Started queue management thread
1688747312.531160 2023-07-07 11:28:32 MainProcess-2155 MainThread-140142035543872 parsl.executors.high_throughput.executor:359 start DEBUG: Created management thread: <Thread(HTEX-Queue-Management-Thread, started daemon 140140555007744)>
1688747312.531523 2023-07-07 11:28:32 MainProcess-2155 MainThread-140142035543872 parsl.executors.high_throughput.executor:332 initialize_scaling DEBUG: Launch command: process_worker_pool.py   -a 127.0.0.1,128.110.96.17,node-1.jliu1721-161156.lsucloud-pg0.apt.emulab.net,192.168.1.2 -p 0 -c 1.0 -m None --poll 10 --task_port=54891 --result_port=54452 --logdir=/mnt/media/MDStream/WLGenerator/local/runinfo/000/HighThroughputExecutor --block_id={block_id} --hb_period=30  --hb_threshold=120 --cpu-affinity none --available-accelerators  --start-method fork
1688747312.531595 2023-07-07 11:28:32 MainProcess-2155 MainThread-140142035543872 parsl.executors.high_throughput.executor:334 initialize_scaling DEBUG: Starting HighThroughputExecutor with provider:
LocalProvider(
    channel=LocalChannel(
        envs={}, 
        script_dir='/mnt/media/MDStream/WLGenerator/local/runinfo/000/submit_scripts', 
        userhome='/mnt/media/MDStream/WLGenerator/local'
    ), 
    cmd_timeout=30, 
    init_blocks=1, 
    launcher=SingleNodeLauncher(debug=True, fail_on_any=False), 
    max_blocks=1, 
    min_blocks=1, 
    move_files=None, 
    nodes_per_block=1, 
    parallelism=1, 
    worker_init=''
)
1688747312.534017 2023-07-07 11:28:32 MainProcess-2155 MainThread-140142035543872 parsl.executors.status_handling:170 scale_out INFO: Scaling out by 1 blocks
1688747312.534099 2023-07-07 11:28:32 MainProcess-2155 MainThread-140142035543872 parsl.executors.status_handling:173 scale_out INFO: Allocated block ID 0
1688747312.534384 2023-07-07 11:28:32 MainProcess-2155 MainThread-140142035543872 parsl.providers.local.local:217 submit DEBUG: Launching in remote mode
1688747312.548092 2023-07-07 11:28:32 MainProcess-2155 MainThread-140142035543872 parsl.executors.status_handling:188 _launch_block DEBUG: Launched block 0 on executor HighThroughputExecutor with job ID 2183
1688747312.548384 2023-07-07 11:28:32 MainProcess-2155 MainThread-140142035543872 parsl.dataflow.job_status_poller:122 add_executors DEBUG: Adding executor HighThroughputExecutor
1688747312.550487 2023-07-07 11:28:32 MainProcess-2155 MainThread-140142035543872 parsl.dataflow.dflow:1048 atexit_cleanup INFO: DFK cleanup because python process is exiting
1688747312.550585 2023-07-07 11:28:32 MainProcess-2155 MainThread-140142035543872 parsl.dataflow.dflow:1082 cleanup INFO: DFK cleanup initiated
1688747312.550637 2023-07-07 11:28:32 MainProcess-2155 MainThread-140142035543872 parsl.dataflow.dflow:986 log_task_states INFO: Summary of tasks in DFK:
1688747312.550741 2023-07-07 11:28:32 MainProcess-2155 MainThread-140142035543872 parsl.dataflow.dflow:990 log_task_states INFO: Tasks in state States.unsched: 0
1688747312.550811 2023-07-07 11:28:32 MainProcess-2155 MainThread-140142035543872 parsl.dataflow.dflow:990 log_task_states INFO: Tasks in state States.pending: 0
1688747312.550860 2023-07-07 11:28:32 MainProcess-2155 MainThread-140142035543872 parsl.dataflow.dflow:990 log_task_states INFO: Tasks in state States.running: 0
1688747312.550913 2023-07-07 11:28:32 MainProcess-2155 MainThread-140142035543872 parsl.dataflow.dflow:990 log_task_states INFO: Tasks in state States.exec_done: 0
1688747312.550967 2023-07-07 11:28:32 MainProcess-2155 MainThread-140142035543872 parsl.dataflow.dflow:990 log_task_states INFO: Tasks in state States.failed: 0
1688747312.551020 2023-07-07 11:28:32 MainProcess-2155 MainThread-140142035543872 parsl.dataflow.dflow:990 log_task_states INFO: Tasks in state States.dep_fail: 0
1688747312.551073 2023-07-07 11:28:32 MainProcess-2155 MainThread-140142035543872 parsl.dataflow.dflow:990 log_task_states INFO: Tasks in state States.launched: 0
1688747312.551121 2023-07-07 11:28:32 MainProcess-2155 MainThread-140142035543872 parsl.dataflow.dflow:990 log_task_states INFO: Tasks in state States.fail_retryable: 0
1688747312.551167 2023-07-07 11:28:32 MainProcess-2155 MainThread-140142035543872 parsl.dataflow.dflow:990 log_task_states INFO: Tasks in state States.memo_done: 0
1688747312.551220 2023-07-07 11:28:32 MainProcess-2155 MainThread-140142035543872 parsl.dataflow.dflow:990 log_task_states INFO: Tasks in state States.joining: 0
1688747312.551269 2023-07-07 11:28:32 MainProcess-2155 MainThread-140142035543872 parsl.dataflow.dflow:990 log_task_states INFO: Tasks in state States.running_ended: 0
1688747312.551312 2023-07-07 11:28:32 MainProcess-2155 MainThread-140142035543872 parsl.dataflow.dflow:992 log_task_states INFO: End of summary
1688747312.551452 2023-07-07 11:28:32 MainProcess-2155 MainThread-140142035543872 parsl.dataflow.dflow:1106 cleanup INFO: Closing flowcontrol
1688747312.551644 2023-07-07 11:28:32 MainProcess-2155 MainThread-140142035543872 parsl.dataflow.dflow:1108 cleanup INFO: Terminated flow control
1688747312.551723 2023-07-07 11:28:32 MainProcess-2155 MainThread-140142035543872 parsl.dataflow.dflow:1110 cleanup INFO: Scaling in and shutting down executors
1688747312.551814 2023-07-07 11:28:32 MainProcess-2155 MainThread-140142035543872 parsl.dataflow.dflow:1115 cleanup INFO: Scaling in executor HighThroughputExecutor
1688747312.551891 2023-07-07 11:28:32 MainProcess-2155 MainThread-140142035543872 parsl.executors.high_throughput.executor:663 scale_in DEBUG: Scale in called, blocks=1, block_ids=[]
1688747312.552370 2023-07-07 11:28:32 MainProcess-2155 MainThread-140142035543872 parsl.executors.high_throughput.executor:679 scale_in DEBUG: Scale in selecting from 0 blocks
1688747312.552448 2023-07-07 11:28:32 MainProcess-2155 MainThread-140142035543872 parsl.dataflow.dflow:1125 cleanup INFO: Shutting down executor HighThroughputExecutor
1688747312.552543 2023-07-07 11:28:32 MainProcess-2155 MainThread-140142035543872 parsl.executors.high_throughput.executor:724 shutdown INFO: Attempting HighThroughputExecutor shutdown
1688747312.552647 2023-07-07 11:28:32 MainProcess-2155 MainThread-140142035543872 parsl.executors.high_throughput.executor:726 shutdown INFO: Finished HighThroughputExecutor shutdown attempt
1688747312.552713 2023-07-07 11:28:32 MainProcess-2155 MainThread-140142035543872 parsl.dataflow.dflow:1127 cleanup INFO: Shut down executor HighThroughputExecutor
1688747312.552811 2023-07-07 11:28:32 MainProcess-2155 MainThread-140142035543872 parsl.dataflow.dflow:1125 cleanup INFO: Shutting down executor _parsl_internal
1688747312.552876 2023-07-07 11:28:32 MainProcess-2155 MainThread-140142035543872 parsl.executors.threads:97 shutdown DEBUG: Shutting down executor, which involves waiting for running tasks to complete
1688747312.552943 2023-07-07 11:28:32 MainProcess-2155 MainThread-140142035543872 parsl.executors.threads:99 shutdown DEBUG: Done with executor shutdown
1688747312.553006 2023-07-07 11:28:32 MainProcess-2155 MainThread-140142035543872 parsl.dataflow.dflow:1127 cleanup INFO: Shut down executor _parsl_internal
1688747312.553052 2023-07-07 11:28:32 MainProcess-2155 MainThread-140142035543872 parsl.dataflow.dflow:1131 cleanup INFO: Terminated executors
1688747312.553112 2023-07-07 11:28:32 MainProcess-2155 MainThread-140142035543872 parsl.dataflow.dflow:1148 cleanup INFO: DFK cleanup complete
1688747312.553172 2023-07-07 11:28:32 MainProcess-2155 MainThread-140142035543872 parsl.process_loggers:28 wrapped DEBUG: Normal ending for cleanup on thread MainThread
