1688747430.187655 2023-07-07 11:30:30 MainProcess-2326 MainThread-140655553488704 parsl.dataflow.dflow:89 __init__ INFO: Starting DataFlowKernel with config
Config(
    app_cache=True, 
    checkpoint_files=None, 
    checkpoint_mode=None, 
    checkpoint_period=None, 
    executors=[HighThroughputExecutor(
        address=None, 
        address_probe_timeout=None, 
        available_accelerators=[], 
        block_error_handler=True, 
        cores_per_worker=1.0, 
        cpu_affinity='none', 
        heartbeat_period=30, 
        heartbeat_threshold=120, 
        interchange_port_range=(55000, 56000), 
        label='HighThroughputExecutor', 
        launch_cmd='process_worker_pool.py {debug} {max_workers} -a {addresses} -p {prefetch_capacity} -c {cores_per_worker} -m {mem_per_worker} --poll {poll_period} --task_port={task_port} --result_port={result_port} --logdir={logdir} --block_id={{block_id}} --hb_period={heartbeat_period} {address_probe_timeout_string} --hb_threshold={heartbeat_threshold} --cpu-affinity {cpu_affinity} --available-accelerators {accelerators} --start-method {start_method}', 
        max_workers=inf, 
        mem_per_worker=None, 
        poll_period=10, 
        prefetch_capacity=0, 
        provider=LocalProvider(
            channel=LocalChannel(
                envs={}, 
                script_dir=None, 
                userhome='/mnt/media/MDStream/WLGenerator/local'
            ), 
            cmd_timeout=30, 
            init_blocks=1, 
            launcher=SingleNodeLauncher(debug=True, fail_on_any=False), 
            max_blocks=1, 
            min_blocks=1, 
            move_files=None, 
            nodes_per_block=1, 
            parallelism=1, 
            worker_init=''
        ), 
        start_method='fork', 
        storage_access=None, 
        worker_debug=False, 
        worker_logdir_root=None, 
        worker_port_range=(54000, 55000), 
        worker_ports=None, 
        working_dir=None
    )], 
    garbage_collect=True, 
    initialize_logging=True, 
    internal_tasks_max_threads=10, 
    max_idletime=120.0, 
    monitoring=None, 
    retries=0, 
    retry_handler=None, 
    run_dir='runinfo', 
    strategy='simple', 
    usage_tracking=False
)
1688747430.187879 2023-07-07 11:30:30 MainProcess-2326 MainThread-140655553488704 parsl.dataflow.dflow:91 __init__ INFO: Parsl version: 2023.03.27
1688747430.188005 2023-07-07 11:30:30 MainProcess-2326 MainThread-140655553488704 parsl.usage_tracking.usage:129 __init__ DEBUG: Tracking status: False
1688747430.188181 2023-07-07 11:30:30 MainProcess-2326 MainThread-140655553488704 parsl.dataflow.dflow:119 __init__ INFO: Run id is: d1866a36-7a58-472c-92fb-cf70362f87d1
1688747430.592323 2023-07-07 11:30:30 MainProcess-2326 MainThread-140655553488704 parsl.dataflow.dflow:126 __init__ DEBUG: Considering candidate for workflow name: /mnt/media/anaconda3/envs/multisite/lib/python3.9/site-packages/parsl/dataflow/dflow.py
1688747430.592716 2023-07-07 11:30:30 MainProcess-2326 MainThread-140655553488704 parsl.dataflow.dflow:126 __init__ DEBUG: Considering candidate for workflow name: /mnt/media/anaconda3/envs/multisite/lib/python3.9/site-packages/typeguard/__init__.py
1688747430.592772 2023-07-07 11:30:30 MainProcess-2326 MainThread-140655553488704 parsl.dataflow.dflow:126 __init__ DEBUG: Considering candidate for workflow name: /mnt/media/anaconda3/envs/multisite/lib/python3.9/site-packages/parsl/dataflow/dflow.py
1688747430.592835 2023-07-07 11:30:30 MainProcess-2326 MainThread-140655553488704 parsl.dataflow.dflow:126 __init__ DEBUG: Considering candidate for workflow name: /mnt/media/anaconda3/envs/multisite/lib/python3.9/site-packages/typeguard/__init__.py
1688747430.592882 2023-07-07 11:30:30 MainProcess-2326 MainThread-140655553488704 parsl.dataflow.dflow:126 __init__ DEBUG: Considering candidate for workflow name: /mnt/media/MDStream/WLGenerator/local/compute_ip_parsl_local.py
1688747430.592937 2023-07-07 11:30:30 MainProcess-2326 MainThread-140655553488704 parsl.dataflow.dflow:132 __init__ DEBUG: Using compute_ip_parsl_local.py as workflow name
1688747430.593677 2023-07-07 11:30:30 MainProcess-2326 MainThread-140655553488704 parsl.dataflow.memoization:174 __init__ INFO: App caching initialized
1688747430.593871 2023-07-07 11:30:30 MainProcess-2326 MainThread-140655553488704 parsl.dataflow.strategy:134 __init__ DEBUG: Scaling strategy: simple
1688747430.597139 2023-07-07 11:30:30 MainProcess-2326 MainThread-140655553488704 parsl.executors.high_throughput.executor:502 _start_queue_management_thread DEBUG: Starting queue management thread
1688747430.597896 2023-07-07 11:30:30 MainProcess-2326 HTEX-Queue-Management-Thread-140654072035072 parsl.executors.high_throughput.executor:386 _queue_management_worker DEBUG: queue management worker starting
1688747430.598008 2023-07-07 11:30:30 MainProcess-2326 MainThread-140655553488704 parsl.executors.high_throughput.executor:506 _start_queue_management_thread DEBUG: Started queue management thread
1688747430.616951 2023-07-07 11:30:30 MainProcess-2326 MainThread-140655553488704 parsl.executors.high_throughput.executor:359 start DEBUG: Created management thread: <Thread(HTEX-Queue-Management-Thread, started daemon 140654072035072)>
1688747430.617284 2023-07-07 11:30:30 MainProcess-2326 MainThread-140655553488704 parsl.executors.high_throughput.executor:332 initialize_scaling DEBUG: Launch command: process_worker_pool.py   -a node-1.jliu1721-161156.lsucloud-pg0.apt.emulab.net,192.168.1.2,128.110.96.17,127.0.0.1 -p 0 -c 1.0 -m None --poll 10 --task_port=54738 --result_port=54504 --logdir=/mnt/media/MDStream/WLGenerator/local/runinfo/002/HighThroughputExecutor --block_id={block_id} --hb_period=30  --hb_threshold=120 --cpu-affinity none --available-accelerators  --start-method fork
1688747430.617343 2023-07-07 11:30:30 MainProcess-2326 MainThread-140655553488704 parsl.executors.high_throughput.executor:334 initialize_scaling DEBUG: Starting HighThroughputExecutor with provider:
LocalProvider(
    channel=LocalChannel(
        envs={}, 
        script_dir='/mnt/media/MDStream/WLGenerator/local/runinfo/002/submit_scripts', 
        userhome='/mnt/media/MDStream/WLGenerator/local'
    ), 
    cmd_timeout=30, 
    init_blocks=1, 
    launcher=SingleNodeLauncher(debug=True, fail_on_any=False), 
    max_blocks=1, 
    min_blocks=1, 
    move_files=None, 
    nodes_per_block=1, 
    parallelism=1, 
    worker_init=''
)
1688747430.620472 2023-07-07 11:30:30 MainProcess-2326 MainThread-140655553488704 parsl.executors.status_handling:170 scale_out INFO: Scaling out by 1 blocks
1688747430.620566 2023-07-07 11:30:30 MainProcess-2326 MainThread-140655553488704 parsl.executors.status_handling:173 scale_out INFO: Allocated block ID 0
1688747430.620872 2023-07-07 11:30:30 MainProcess-2326 MainThread-140655553488704 parsl.providers.local.local:217 submit DEBUG: Launching in remote mode
1688747430.635096 2023-07-07 11:30:30 MainProcess-2326 MainThread-140655553488704 parsl.executors.status_handling:188 _launch_block DEBUG: Launched block 0 on executor HighThroughputExecutor with job ID 2353
1688747430.635375 2023-07-07 11:30:30 MainProcess-2326 MainThread-140655553488704 parsl.dataflow.job_status_poller:122 add_executors DEBUG: Adding executor HighThroughputExecutor
1688747431.761997 2023-07-07 11:30:31 MainProcess-2326 FlowControl-Thread-140654336435968 parsl.dataflow.strategy:173 _general_strategy DEBUG: general strategy starting with strategy_type simple for 1 executors
1688747431.762255 2023-07-07 11:30:31 MainProcess-2326 FlowControl-Thread-140654336435968 parsl.dataflow.strategy:181 _general_strategy DEBUG: Strategizing for executor HighThroughputExecutor
1688747431.763296 2023-07-07 11:30:31 MainProcess-2326 FlowControl-Thread-140654336435968 parsl.dataflow.strategy:202 _general_strategy DEBUG: Slot ratio calculation: active_slots = 1, active_tasks = 0
1688747431.776694 2023-07-07 11:30:31 MainProcess-2326 FlowControl-Thread-140654336435968 parsl.dataflow.strategy:205 _general_strategy DEBUG: Executor HighThroughputExecutor has 0 active tasks, 1/0 running/pending blocks, and 16 connected workers
1688747431.777194 2023-07-07 11:30:31 MainProcess-2326 FlowControl-Thread-140654336435968 parsl.dataflow.strategy:220 _general_strategy DEBUG: Strategy case 1: Executor has no active tasks
1688747431.777316 2023-07-07 11:30:31 MainProcess-2326 FlowControl-Thread-140654336435968 parsl.dataflow.strategy:224 _general_strategy DEBUG: Strategy case 1a: Executor has no active tasks and minimum blocks. Taking no action.
1688747431.777727 2023-07-07 11:30:31 MainProcess-2326 FlowControl-Thread-140654336435968 parsl.process_loggers:28 wrapped DEBUG: Normal ending for _general_strategy on thread FlowControl-Thread
1688747436.897036 2023-07-07 11:30:36 MainProcess-2326 FlowControl-Thread-140654336435968 parsl.dataflow.strategy:173 _general_strategy DEBUG: general strategy starting with strategy_type simple for 1 executors
1688747436.899636 2023-07-07 11:30:36 MainProcess-2326 FlowControl-Thread-140654336435968 parsl.dataflow.strategy:181 _general_strategy DEBUG: Strategizing for executor HighThroughputExecutor
1688747436.924032 2023-07-07 11:30:36 MainProcess-2326 FlowControl-Thread-140654336435968 parsl.dataflow.strategy:202 _general_strategy DEBUG: Slot ratio calculation: active_slots = 1, active_tasks = 0
1688747437.057462 2023-07-07 11:30:37 MainProcess-2326 FlowControl-Thread-140654336435968 parsl.dataflow.strategy:205 _general_strategy DEBUG: Executor HighThroughputExecutor has 0 active tasks, 1/0 running/pending blocks, and 16 connected workers
1688747437.063959 2023-07-07 11:30:37 MainProcess-2326 FlowControl-Thread-140654336435968 parsl.dataflow.strategy:220 _general_strategy DEBUG: Strategy case 1: Executor has no active tasks
1688747437.105070 2023-07-07 11:30:37 MainProcess-2326 FlowControl-Thread-140654336435968 parsl.dataflow.strategy:224 _general_strategy DEBUG: Strategy case 1a: Executor has no active tasks and minimum blocks. Taking no action.
1688747437.120842 2023-07-07 11:30:37 MainProcess-2326 FlowControl-Thread-140654336435968 parsl.process_loggers:28 wrapped DEBUG: Normal ending for _general_strategy on thread FlowControl-Thread
1688747442.371929 2023-07-07 11:30:42 MainProcess-2326 FlowControl-Thread-140654336435968 parsl.dataflow.strategy:173 _general_strategy DEBUG: general strategy starting with strategy_type simple for 1 executors
1688747442.373791 2023-07-07 11:30:42 MainProcess-2326 FlowControl-Thread-140654336435968 parsl.dataflow.strategy:181 _general_strategy DEBUG: Strategizing for executor HighThroughputExecutor
1688747442.376509 2023-07-07 11:30:42 MainProcess-2326 FlowControl-Thread-140654336435968 parsl.dataflow.strategy:202 _general_strategy DEBUG: Slot ratio calculation: active_slots = 1, active_tasks = 0
1688747442.424079 2023-07-07 11:30:42 MainProcess-2326 FlowControl-Thread-140654336435968 parsl.dataflow.strategy:205 _general_strategy DEBUG: Executor HighThroughputExecutor has 0 active tasks, 1/0 running/pending blocks, and 16 connected workers
1688747442.441352 2023-07-07 11:30:42 MainProcess-2326 FlowControl-Thread-140654336435968 parsl.dataflow.strategy:220 _general_strategy DEBUG: Strategy case 1: Executor has no active tasks
1688747442.441514 2023-07-07 11:30:42 MainProcess-2326 FlowControl-Thread-140654336435968 parsl.dataflow.strategy:224 _general_strategy DEBUG: Strategy case 1a: Executor has no active tasks and minimum blocks. Taking no action.
1688747442.508634 2023-07-07 11:30:42 MainProcess-2326 FlowControl-Thread-140654336435968 parsl.process_loggers:28 wrapped DEBUG: Normal ending for _general_strategy on thread FlowControl-Thread
1688747447.305943 2023-07-07 11:30:47 MainProcess-2326 FlowControl-Thread-140654336435968 parsl.dataflow.strategy:173 _general_strategy DEBUG: general strategy starting with strategy_type simple for 1 executors
1688747447.306909 2023-07-07 11:30:47 MainProcess-2326 FlowControl-Thread-140654336435968 parsl.dataflow.strategy:181 _general_strategy DEBUG: Strategizing for executor HighThroughputExecutor
1688747447.334392 2023-07-07 11:30:47 MainProcess-2326 FlowControl-Thread-140654336435968 parsl.dataflow.strategy:202 _general_strategy DEBUG: Slot ratio calculation: active_slots = 1, active_tasks = 0
1688747447.391491 2023-07-07 11:30:47 MainProcess-2326 FlowControl-Thread-140654336435968 parsl.dataflow.strategy:205 _general_strategy DEBUG: Executor HighThroughputExecutor has 0 active tasks, 1/0 running/pending blocks, and 16 connected workers
1688747447.435907 2023-07-07 11:30:47 MainProcess-2326 FlowControl-Thread-140654336435968 parsl.dataflow.strategy:220 _general_strategy DEBUG: Strategy case 1: Executor has no active tasks
1688747447.454596 2023-07-07 11:30:47 MainProcess-2326 FlowControl-Thread-140654336435968 parsl.dataflow.strategy:224 _general_strategy DEBUG: Strategy case 1a: Executor has no active tasks and minimum blocks. Taking no action.
1688747447.462551 2023-07-07 11:30:47 MainProcess-2326 FlowControl-Thread-140654336435968 parsl.process_loggers:28 wrapped DEBUG: Normal ending for _general_strategy on thread FlowControl-Thread
1688747453.458971 2023-07-07 11:30:53 MainProcess-2326 MainThread-140655553488704 parsl.dataflow.dflow:1048 atexit_cleanup INFO: DFK cleanup because python process is exiting
1688747453.459242 2023-07-07 11:30:53 MainProcess-2326 MainThread-140655553488704 parsl.dataflow.dflow:1082 cleanup INFO: DFK cleanup initiated
1688747453.459318 2023-07-07 11:30:53 MainProcess-2326 MainThread-140655553488704 parsl.dataflow.dflow:986 log_task_states INFO: Summary of tasks in DFK:
1688747453.459432 2023-07-07 11:30:53 MainProcess-2326 MainThread-140655553488704 parsl.dataflow.dflow:990 log_task_states INFO: Tasks in state States.unsched: 0
1688747453.459511 2023-07-07 11:30:53 MainProcess-2326 MainThread-140655553488704 parsl.dataflow.dflow:990 log_task_states INFO: Tasks in state States.pending: 0
1688747453.459569 2023-07-07 11:30:53 MainProcess-2326 MainThread-140655553488704 parsl.dataflow.dflow:990 log_task_states INFO: Tasks in state States.running: 0
1688747453.459624 2023-07-07 11:30:53 MainProcess-2326 MainThread-140655553488704 parsl.dataflow.dflow:990 log_task_states INFO: Tasks in state States.exec_done: 0
1688747453.459678 2023-07-07 11:30:53 MainProcess-2326 MainThread-140655553488704 parsl.dataflow.dflow:990 log_task_states INFO: Tasks in state States.failed: 0
1688747453.459733 2023-07-07 11:30:53 MainProcess-2326 MainThread-140655553488704 parsl.dataflow.dflow:990 log_task_states INFO: Tasks in state States.dep_fail: 0
1688747453.459807 2023-07-07 11:30:53 MainProcess-2326 MainThread-140655553488704 parsl.dataflow.dflow:990 log_task_states INFO: Tasks in state States.launched: 0
1688747453.459866 2023-07-07 11:30:53 MainProcess-2326 MainThread-140655553488704 parsl.dataflow.dflow:990 log_task_states INFO: Tasks in state States.fail_retryable: 0
1688747453.459917 2023-07-07 11:30:53 MainProcess-2326 MainThread-140655553488704 parsl.dataflow.dflow:990 log_task_states INFO: Tasks in state States.memo_done: 0
1688747453.459970 2023-07-07 11:30:53 MainProcess-2326 MainThread-140655553488704 parsl.dataflow.dflow:990 log_task_states INFO: Tasks in state States.joining: 0
1688747453.460021 2023-07-07 11:30:53 MainProcess-2326 MainThread-140655553488704 parsl.dataflow.dflow:990 log_task_states INFO: Tasks in state States.running_ended: 0
1688747453.460067 2023-07-07 11:30:53 MainProcess-2326 MainThread-140655553488704 parsl.dataflow.dflow:992 log_task_states INFO: End of summary
1688747453.460229 2023-07-07 11:30:53 MainProcess-2326 MainThread-140655553488704 parsl.dataflow.dflow:1106 cleanup INFO: Closing flowcontrol
1688747453.464082 2023-07-07 11:30:53 MainProcess-2326 FlowControl-Thread-140654336435968 parsl.dataflow.strategy:173 _general_strategy DEBUG: general strategy starting with strategy_type simple for 1 executors
1688747453.464230 2023-07-07 11:30:53 MainProcess-2326 FlowControl-Thread-140654336435968 parsl.dataflow.strategy:181 _general_strategy DEBUG: Strategizing for executor HighThroughputExecutor
1688747453.464784 2023-07-07 11:30:53 MainProcess-2326 FlowControl-Thread-140654336435968 parsl.dataflow.strategy:202 _general_strategy DEBUG: Slot ratio calculation: active_slots = 1, active_tasks = 0
1688747453.465057 2023-07-07 11:30:53 MainProcess-2326 FlowControl-Thread-140654336435968 parsl.dataflow.strategy:205 _general_strategy DEBUG: Executor HighThroughputExecutor has 0 active tasks, 1/0 running/pending blocks, and 16 connected workers
1688747453.465122 2023-07-07 11:30:53 MainProcess-2326 FlowControl-Thread-140654336435968 parsl.dataflow.strategy:220 _general_strategy DEBUG: Strategy case 1: Executor has no active tasks
1688747453.465171 2023-07-07 11:30:53 MainProcess-2326 FlowControl-Thread-140654336435968 parsl.dataflow.strategy:224 _general_strategy DEBUG: Strategy case 1a: Executor has no active tasks and minimum blocks. Taking no action.
1688747453.465224 2023-07-07 11:30:53 MainProcess-2326 FlowControl-Thread-140654336435968 parsl.process_loggers:28 wrapped DEBUG: Normal ending for _general_strategy on thread FlowControl-Thread
1688747453.465421 2023-07-07 11:30:53 MainProcess-2326 MainThread-140655553488704 parsl.dataflow.dflow:1108 cleanup INFO: Terminated flow control
1688747453.465533 2023-07-07 11:30:53 MainProcess-2326 MainThread-140655553488704 parsl.dataflow.dflow:1110 cleanup INFO: Scaling in and shutting down executors
1688747453.465603 2023-07-07 11:30:53 MainProcess-2326 MainThread-140655553488704 parsl.dataflow.dflow:1115 cleanup INFO: Scaling in executor HighThroughputExecutor
1688747453.465672 2023-07-07 11:30:53 MainProcess-2326 MainThread-140655553488704 parsl.executors.high_throughput.executor:663 scale_in DEBUG: Scale in called, blocks=1, block_ids=[]
1688747453.466241 2023-07-07 11:30:53 MainProcess-2326 MainThread-140655553488704 parsl.executors.high_throughput.executor:679 scale_in DEBUG: Scale in selecting from 1 blocks
1688747453.466526 2023-07-07 11:30:53 MainProcess-2326 MainThread-140655553488704 parsl.executors.high_throughput.executor:555 _hold_block DEBUG: Sending hold to manager: 6cd08d170847
1688747453.466853 2023-07-07 11:30:53 MainProcess-2326 MainThread-140655553488704 parsl.executors.high_throughput.executor:524 hold_worker DEBUG: Sent hold request to manager: 6cd08d170847
1688747453.466923 2023-07-07 11:30:53 MainProcess-2326 MainThread-140655553488704 parsl.providers.local.local:267 cancel DEBUG: Terminating job/proc_id: 2353
1688747453.546891 2023-07-07 11:30:53 MainProcess-2326 MainThread-140655553488704 parsl.dataflow.dflow:1125 cleanup INFO: Shutting down executor HighThroughputExecutor
1688747453.547197 2023-07-07 11:30:53 MainProcess-2326 MainThread-140655553488704 parsl.executors.high_throughput.executor:724 shutdown INFO: Attempting HighThroughputExecutor shutdown
1688747453.547318 2023-07-07 11:30:53 MainProcess-2326 MainThread-140655553488704 parsl.executors.high_throughput.executor:726 shutdown INFO: Finished HighThroughputExecutor shutdown attempt
1688747453.547380 2023-07-07 11:30:53 MainProcess-2326 MainThread-140655553488704 parsl.dataflow.dflow:1127 cleanup INFO: Shut down executor HighThroughputExecutor
1688747453.547507 2023-07-07 11:30:53 MainProcess-2326 MainThread-140655553488704 parsl.dataflow.dflow:1125 cleanup INFO: Shutting down executor _parsl_internal
1688747453.547583 2023-07-07 11:30:53 MainProcess-2326 MainThread-140655553488704 parsl.executors.threads:97 shutdown DEBUG: Shutting down executor, which involves waiting for running tasks to complete
1688747453.547675 2023-07-07 11:30:53 MainProcess-2326 MainThread-140655553488704 parsl.executors.threads:99 shutdown DEBUG: Done with executor shutdown
1688747453.547731 2023-07-07 11:30:53 MainProcess-2326 MainThread-140655553488704 parsl.dataflow.dflow:1127 cleanup INFO: Shut down executor _parsl_internal
1688747453.547783 2023-07-07 11:30:53 MainProcess-2326 MainThread-140655553488704 parsl.dataflow.dflow:1131 cleanup INFO: Terminated executors
1688747453.547864 2023-07-07 11:30:53 MainProcess-2326 MainThread-140655553488704 parsl.dataflow.dflow:1148 cleanup INFO: DFK cleanup complete
1688747453.547931 2023-07-07 11:30:53 MainProcess-2326 MainThread-140655553488704 parsl.process_loggers:28 wrapped DEBUG: Normal ending for cleanup on thread MainThread
