timestmap: 1688747814274 smiles: COc1ccccc1OC(=O)Oc1ccccc1OC IP_simulate: 12.300951397822484 IP_est: 12.171615 molecules Found: 0 inference error: 0.12933675091086272
timestmap: 1688747815600 smiles: COc1cc2c(cc1O)N=CC1CCC(O)N1C2=O IP_simulate: 12.143703471658112 IP_est: 12.044413 molecules Found: 0 inference error: 0.09929085874307297
timestmap: 1688747822644 smiles: COc1cc(C)c(Cc2cnc(N)nc2N)cc1OC IP_simulate: 11.36411638790394 IP_est: 11.027008 molecules Found: 0 inference error: 0.3371083312633143
timestmap: 1688747823173 smiles: CCC(=O)c1ccc(OCC(O)CO)c(OC)c1 IP_simulate: 12.550743937153419 IP_est: 12.268725 molecules Found: 0 inference error: 0.2820185419507819
timestmap: 1688747823659 smiles: COc1ccccc1OC(=O)c1ccccc1OC(C)=O IP_simulate: 12.5475881400563 IP_est: 12.301837 molecules Found: 0 inference error: 0.24575117258803836
timestmap: 1688747823940 smiles: CCOC(=O)c1cncn1C1CCCc2ccccc21 IP_simulate: 12.689299024858183 IP_est: 12.041732 molecules Found: 0 inference error: 0.6475671904465621
timestmap: 1688747826552 smiles: CC(c1ncncc1F)C(O)(Cn1cncn1)c1ccc(F)cc1F IP_simulate: 12.726050907730547 IP_est: 12.605687 molecules Found: 0 inference error: 0.12036376631209045
timestmap: 1688747827926 smiles: Cc1nc2c([nH]1)c(=O)n(C)c(=O)n2CC1CC=CCC1 IP_simulate: 12.384165021655543 IP_est: 11.99974 molecules Found: 0 inference error: 0.38442537474392147
timestmap: 1688747829197 smiles: Cn1cnc2c1c(=O)n(CC(O)CO)c(=O)n2C IP_simulate: 12.762121345176528 IP_est: 12.437556 molecules Found: 0 inference error: 0.3245650783918599
timestmap: 1688747833694 smiles: CC1(C)C(=O)Nc2cc3nc(-c4ccncc4)[nH]c3cc21 IP_simulate: 12.219418384618518 IP_est: 11.892288 molecules Found: 0 inference error: 0.3271301766107051
timestmap: 1688747834899 smiles: O=C(C1CCCCC1)N1CC(=O)N2CCCc3ccccc3C2C1 IP_simulate: 12.31385807024859 IP_est: 11.948073 molecules Found: 0 inference error: 0.3657846831025946
timestmap: 1688747838012 smiles: COc1cc(C(=O)N2CCOCC2)cc(OC)c1OC IP_simulate: 11.961921502293226 IP_est: 11.837887 molecules Found: 0 inference error: 0.12403469199049155
timestmap: 1688747838731 smiles: CC1CC(OC(=O)CN2CCCC2=O)CC(C)(C)C1 IP_simulate: 12.59176440530789 IP_est: 12.385128 molecules Found: 0 inference error: 0.2066363840676555
timestmap: 1688747839677 smiles: CC(=O)Nc1ccc(OC(=O)c2ccccc2O)cc1 IP_simulate: 12.290350333907899 IP_est: 12.362403 molecules Found: 0 inference error: 0.07205258204669107
timestmap: 1688747839843 smiles: COc1ccc(C=C2CCCN=C2c2cccnc2)c(OC)c1 IP_simulate: 11.485437769415254 IP_est: 11.449365 molecules Found: 0 inference error: 0.03607310724484414
timestmap: 1688747840343 smiles: O=C(C1CCCCC1)N1CC(=O)N2CCc3ccccc3C2C1 IP_simulate: 12.426729001000027 IP_est: 12.049608 molecules Found: 0 inference error: 0.37712077040920633
timestmap: 1688747842718 smiles: COC(=O)c1c[nH]c2cc(OC(C)C)c(OC(C)C)cc2c1=O IP_simulate: 11.985108142806713 IP_est: 12.127882 molecules Found: 0 inference error: 0.14277386097746714
timestmap: 1688747844261 smiles: CC(=O)Oc1cccc(OC(C)=O)c1OC(C)=O IP_simulate: 13.380098685558446 IP_est: 13.040052 molecules Found: 0 inference error: 0.34004627161801615
timestmap: 1688747848451 smiles: CC(=O)Oc1cc(C)c(OC(C)=O)c2ccccc12 IP_simulate: 12.467205915486634 IP_est: 12.43648 molecules Found: 0 inference error: 0.030726347005188615
timestmap: 1688747849073 smiles: COc1ccc(OC)c(Cc2cnc3nc(N)nc(N)c3c2C)c1 IP_simulate: 11.2371052635963 IP_est: 11.016969 molecules Found: 0 inference error: 0.2201365364844836
timestmap: 1688747852684 smiles: CC1(C)C=C(n2ccccc2=O)c2cc(C#N)ccc2O1 IP_simulate: 12.457143024070444 IP_est: 12.307869 molecules Found: 0 inference error: 0.14927406655091247
timestmap: 1688747853270 smiles: COc1ccc(-c2nnc(C)nc2-c2ccc(OC)cc2)cc1 IP_simulate: 11.432155319197644 IP_est: 11.611458 molecules Found: 0 inference error: 0.1793025055093871
timestmap: 1688747853379 smiles: CC(C)C=c1[nH]c(=O)c(=Cc2ccccc2)[nH]c1=O IP_simulate: 12.256818338785246 IP_est: 12.336336 molecules Found: 0 inference error: 0.07951779707901174
timestmap: 1688747854980 smiles: CC(C)(C#N)c1cc(Cn2cncn2)cc(C(C)(C)C#N)c1 IP_simulate: 12.94242983425387 IP_est: 12.535411 molecules Found: 0 inference error: 0.4070189532113897
timestmap: 1688747858424 smiles: CCC1(O)C(=O)OCc2c1cc1n(c2=O)Cc2cc3ccccc3nc2-1 IP_simulate: 12.463777843648225 IP_est: 12.221205 molecules Found: 0 inference error: 0.2425730859577957
timestmap: 1688747866784 smiles: CC12CCC3=C(CCc4cc(O)ccc43)C1CCC2=O IP_simulate: 11.79861856596114 IP_est: 11.982739 molecules Found: 0 inference error: 0.18412088258622283
timestmap: 1688747868219 smiles: CCc1ccccc1-n1c(C)nc2ccccc2c1=O IP_simulate: 12.557201596245 IP_est: 12.399562 molecules Found: 0 inference error: 0.15763971422595624
timestmap: 1688747871071 smiles: OCCN(CCO)c1nc(-c2ccccc2)c(-c2ccccc2)o1 IP_simulate: 11.610284715483237 IP_est: 11.650754 molecules Found: 0 inference error: 0.04046925943131363
timestmap: 1688747871437 smiles: Cc1cn(C2OC(CO)C(O)C2F)c(=O)[nH]c1=O IP_simulate: 13.199224915833465 IP_est: 13.228874 molecules Found: 0 inference error: 0.029649290709503617
timestmap: 1688747871800 smiles: Nc1nc2c(ncn2COC(CO)CO)c(=O)[nH]1 IP_simulate: 12.67381610907408 IP_est: 11.80769 molecules Found: 0 inference error: 0.8661264423260331
timestmap: 1688747872156 smiles: CCOC(=O)c1ncn2c1CN(C)C(=O)c1cc(F)ccc1-2 IP_simulate: 12.981368226530806 IP_est: 12.586869 molecules Found: 0 inference error: 0.39449898672367745
timestmap: 1688747872597 smiles: CC1(C)Oc2ccc(C#N)cc2C(N2CCCC2=O)C1O IP_simulate: 12.6375875927107 IP_est: 12.432771 molecules Found: 0 inference error: 0.20481686364575857
timestmap: 1688747873500 smiles: CNC(=O)Oc1ccccc1C(=O)Nc1ccccc1 IP_simulate: 12.586338209517184 IP_est: 12.310165 molecules Found: 0 inference error: 0.27617280424374613
timestmap: 1688747875200 smiles: CC(=O)Nc1ccc(OC(=O)c2ccccc2OC(C)=O)cc1 IP_simulate: 12.497304166112269 IP_est: 12.089689 molecules Found: 0 inference error: 0.4076149113515264
timestmap: 1688747877558 smiles: O=C1OCC(Cc2cccc(O)c2)C1Cc1cccc(O)c1 IP_simulate: 12.485589991429242 IP_est: 12.012792 molecules Found: 0 inference error: 0.47279835782328483
timestmap: 1688747878525 smiles: Cc1c(O)c(C)c2c(c1O)C(=O)CC(c1ccc(O)cc1)O2 IP_simulate: 12.081423650278175 IP_est: 11.850669 molecules Found: 0 inference error: 0.230754743112648
timestmap: 1688747879715 smiles: COc1ccc(-c2cc(=O)c3c(O)c(OC)c(OC)cc3o2)cc1O IP_simulate: 11.735475840395333 IP_est: 11.618551 molecules Found: 0 inference error: 0.11692458612287204
timestmap: 1688747879724 smiles: O=C1CC(c2ccc(O)cc2)Oc2cc(O)cc(O)c21 IP_simulate: 12.437264127166422 IP_est: 12.051929 molecules Found: 0 inference error: 0.38533465328946903
timestmap: 1688747880248 smiles: CCOc1ccc(-n2c(C)nc3ccccc3c2=O)cc1 IP_simulate: 12.22064191109015 IP_est: 12.134706 molecules Found: 0 inference error: 0.08593636757208323
timestmap: 1688747881545 smiles: Nc1nc2c(ncn2C2CC(CO)C2CO)c(=O)[nH]1 IP_simulate: 12.178456690423305 IP_est: 11.614595 molecules Found: 0 inference error: 0.5638612772152971
timestmap: 1688747881943 smiles: Cc1cc(Cc2cnc(N)nc2N)c2cccnc2c1N(C)C IP_simulate: 11.072148587630021 IP_est: 10.724953 molecules Found: 0 inference error: 0.34719588987611516
timestmap: 1688747882930 smiles: CN(CCO)c1nc2c(c(=O)n(C)c(=O)n2C)n1C IP_simulate: 11.750171180716237 IP_est: 11.877946 molecules Found: 0 inference error: 0.12777471924714234
timestmap: 1688747884854 smiles: CC1=NC(=O)C(C#N)=CC1=C1C=CN2C=CNC2=C1 IP_simulate: 11.460705146496197 IP_est: 12.053157 molecules Found: 0 inference error: 0.5924517062259707
timestmap: 1688747886970 smiles: COc1ccc(C2Cc3cccc(O)c3C(=O)O2)cc1O IP_simulate: 12.234154016050798 IP_est: 11.887394 molecules Found: 0 inference error: 0.3467600646347826
timestmap: 1688747891004 smiles: Nc1nc2c(ncn2CCC(CO)CO)c(=O)[nH]1 IP_simulate: 12.421011049167202 IP_est: 11.670373 molecules Found: 0 inference error: 0.7506380862155417
timestmap: 1688747893459 smiles: Cc1c2c(cn1C)NC(=O)CN=C2c1ccccc1 IP_simulate: 11.991159322234314 IP_est: 11.949118 molecules Found: 0 inference error: 0.04204166171185264
timestmap: 1688747895615 smiles: Cc1ccc(C)n1Nc1ccc(N2CCOCC2)nn1 IP_simulate: 11.378309263635316 IP_est: 11.565481 molecules Found: 0 inference error: 0.1871719222777699
timestmap: 1688747899542 smiles: O=c1[nH]c(=O)n(C2CC(O)C(CO)O2)cc1C(F)(F)F IP_simulate: 13.440975146175958 IP_est: 13.218561 molecules Found: 0 inference error: 0.22241397369060678
timestmap: 1688747899777 smiles: O=C(c1ccccc1Nc1ccncc1)N1CCCCC1 IP_simulate: 11.885643744221166 IP_est: 11.6710415 molecules Found: 0 inference error: 0.2146022555737055
timestmap: 1688747899894 smiles: Cc1nc2c(OCc3ccccc3)cccn2c1CC#N IP_simulate: 12.179852014238714 IP_est: 12.23756 molecules Found: 0 inference error: 0.05770825797808321
timestmap: 1688747900667 smiles: CN1C(=O)CC(=O)N(c2ccccc2)c2cc(C(F)(F)F)ccc21 IP_simulate: 12.891081939664305 IP_est: 12.63304 molecules Found: 0 inference error: 0.2580415115026842
timestmap: 1688747902110 smiles: CCOC(=O)n1nc(N)c2c1CN(C(=O)OC(C)(C)C)C2 IP_simulate: 12.45493720816893 IP_est: 12.288462 molecules Found: 0 inference error: 0.16647552298826618
timestmap: 1688747902586 smiles: Cc1nn(C)c2c1C(c1ccccc1F)=NCC(=O)N2C IP_simulate: 12.342185080203132 IP_est: 12.17553 molecules Found: 0 inference error: 0.16665464654834672
timestmap: 1688747905485 smiles: CCn1nc(C)c2c1C(c1ccccc1)=NCC(=O)N2 IP_simulate: 12.410149152487925 IP_est: 11.934286 molecules Found: 0 inference error: 0.4758630349342141
timestmap: 1688747907835 smiles: COC1C(O)C(CO)OC1n1cnc2c(N)ncnc21 IP_simulate: 12.32809809832425 IP_est: 11.895473 molecules Found: 0 inference error: 0.4326255717739578
timestmap: 1688747908622 smiles: O=C1c2cccnc2CN1Cc1ccccc1C(F)(F)F IP_simulate: 12.904741649218286 IP_est: 12.850421 molecules Found: 0 inference error: 0.054320697375024096
timestmap: 1688747911759 smiles: Nc1ncnc2c1ncn2C1C=C(CO)C(O)C1O IP_simulate: 12.355769128182827 IP_est: 11.530551 molecules Found: 0 inference error: 0.8252181714567524
timestmap: 1688747912245 smiles: CN(C)c1ncnc2c1ncn2Cc1ccccc1 IP_simulate: 11.97577325845225 IP_est: 11.692632 molecules Found: 0 inference error: 0.283141536955668
timestmap: 1688747912393 smiles: CCN(CC)C(=O)c1ccccc1C(=O)N(CC)CC IP_simulate: 12.462261236670193 IP_est: 12.138092 molecules Found: 0 inference error: 0.3241691956545676
timestmap: 1688747913455 smiles: COc1ccc(CN2Cc3ncccc3C2=O)cc1 IP_simulate: 12.214245529657283 IP_est: 12.112901 molecules Found: 0 inference error: 0.10134479570952948
timestmap: 1688747919191 smiles: N#Cc1ccc(Nc2ncnc3c2CCC3O)cc1 IP_simulate: 12.4979137028119 IP_est: 12.119068 molecules Found: 0 inference error: 0.3788455570599467
timestmap: 1688747921968 smiles: CC1(F)OC(n2cc(F)c(=O)[nH]c2=O)C(O)C1O IP_simulate: 13.80508617096224 IP_est: 13.4263525 molecules Found: 0 inference error: 0.3787336700467119
timestmap: 1688747924461 smiles: CC1(O)C(O)C(CO)OC1n1ccc2c(N)ncnc21 IP_simulate: 12.32097553858441 IP_est: 11.62708 molecules Found: 0 inference error: 0.6938955749003277
timestmap: 1688747925813 smiles: Nc1nc2c(ncn2C2OC(CO)C(O)C2F)c(=O)[nH]1 IP_simulate: 12.617136299605727 IP_est: 12.130442 molecules Found: 0 inference error: 0.4866946339563132
timestmap: 1688747925905 smiles: O=C(NC1CCc2ccccc2C1)c1ccncc1 IP_simulate: 12.290856067224412 IP_est: 12.26681 molecules Found: 0 inference error: 0.024045650049119516
timestmap: 1688747926098 smiles: CC(=O)Nc1ccc(C(=O)Nc2ccccc2N)cc1 IP_simulate: 11.89775155060846 IP_est: 11.65721 molecules Found: 0 inference error: 0.2405412005718386
timestmap: 1688747928563 smiles: CCc1nc(C#N)c(N2CCc3ccccc3CC2)nc1C IP_simulate: 11.854610349001046 IP_est: 12.092515 molecules Found: 0 inference error: 0.23790464275920797
timestmap: 1688747928818 smiles: Cn1c(=O)c2c(ncn2CC2OCCO2)n(C)c1=O IP_simulate: 12.74782477794857 IP_est: 12.624266 molecules Found: 0 inference error: 0.12355910717220198
timestmap: 1688747930390 smiles: O=C1c2cccnc2CN1Cc1c(F)cccc1F IP_simulate: 12.63002215330618 IP_est: 13.090043 molecules Found: 0 inference error: 0.4600209146259484
timestmap: 1688747930663 smiles: OC(Cn1cncn1)(Cn1cncn1)c1ccc(F)cc1F IP_simulate: 13.053153813023666 IP_est: 12.60364 molecules Found: 0 inference error: 0.44951421036253336
timestmap: 1688747932825 smiles: O=C(NCCc1c[nH]c2ccccc12)c1cccnc1 IP_simulate: 11.804611971755795 IP_est: 11.856199 molecules Found: 0 inference error: 0.051587292770571835
timestmap: 1688747933407 smiles: COc1cnc2c3c(nccc13)C(=O)c1ccccc1-2 IP_simulate: 12.36506890433232 IP_est: 12.478298 molecules Found: 0 inference error: 0.11322928292353929
timestmap: 1688747936306 smiles: Cc1c(NC(=O)c2ccccc2O)c(=O)n(-c2ccccc2)n1C IP_simulate: 11.50536764984644 IP_est: 11.932526 molecules Found: 0 inference error: 0.42715798491918555
timestmap: 1688747938085 smiles: CCc1c(OC)nc2nc(-c3noc(C)n3)cn2c1C IP_simulate: 12.443983880146774 IP_est: 12.195349 molecules Found: 0 inference error: 0.24863514052275093
timestmap: 1688747942825 smiles: COc1ccc(-c2nc3n(c2-c2ccncc2)CCC3)cc1 IP_simulate: 11.591322022167923 IP_est: 11.38362 molecules Found: 0 inference error: 0.20770176002192642
timestmap: 1688747945925 smiles: Cc1ccc(-c2nc3ccc(C)cn3c2CC(=O)N(C)C)cc1 IP_simulate: 11.625388246416387 IP_est: 11.506893 molecules Found: 0 inference error: 0.11849508845740253
timestmap: 1688747947206 smiles: COc1ccc(O)cc1Cc1cnc2nc(N)nc(N)c2c1C IP_simulate: 11.303653973537106 IP_est: 10.9600115 molecules Found: 0 inference error: 0.34364249129833624
timestmap: 1688747948377 smiles: Nc1ccc(-c2cc(=O)c3cc(O)ccc3o2)cc1 IP_simulate: 12.050054021563447 IP_est: 11.838243 molecules Found: 0 inference error: 0.2118114907406934
timestmap: 1688747948660 smiles: Cc1ccnc2c1NC(=O)c1cccnc1N2C1CC1 IP_simulate: 12.071170895783043 IP_est: 11.7595 molecules Found: 0 inference error: 0.31167134591732015
timestmap: 1688747949222 smiles: Nc1nc(NC2CC2)c2ncn(C3C=CC(CO)C3)c2n1 IP_simulate: 11.478039864632414 IP_est: 11.514272 molecules Found: 0 inference error: 0.036231871512605096
timestmap: 1688747950783 smiles: O=C(c1cccnc1)N1CCN(c2cccc(C(F)(F)F)c2)CC1 IP_simulate: 12.172251115034594 IP_est: 12.276354 molecules Found: 0 inference error: 0.10410272102497586
timestmap: 1688747952578 smiles: CC(C)n1c(=O)c2c(-c3noc(C4CC4)n3)ncn2c2ccccc21 IP_simulate: 12.377878036454192 IP_est: 12.165316 molecules Found: 0 inference error: 0.2125624084024338
timestmap: 1688747954032 smiles: Cc1cc(=O)c(N)nn1-c1cccc(C(F)(F)F)c1 IP_simulate: 12.532142496167634 IP_est: 12.41422 molecules Found: 0 inference error: 0.11792263990542651
timestmap: 1688747955243 smiles: COc1ccc(C(N)=O)cc1C(=O)NCc1cccnc1 IP_simulate: 12.21476067098267 IP_est: 12.0239105 molecules Found: 0 inference error: 0.19085014852173288
timestmap: 1688747955276 smiles: O=c1c2ccccc2nc(C(F)(F)F)n1-c1ccccc1 IP_simulate: 13.277016353689147 IP_est: 12.941602 molecules Found: 0 inference error: 0.33541460045428373
timestmap: 1688747956006 smiles: Cc1oncc1C(=O)Nc1ccc(C(F)(F)F)cc1 IP_simulate: 13.46886589121068 IP_est: 13.0991125 molecules Found: 0 inference error: 0.3697533805295272
timestmap: 1688747956471 smiles: O=C1CC(c2ccccc2)Oc2cc(O)cc(O)c21 IP_simulate: 12.699779658504914 IP_est: 12.232695 molecules Found: 0 inference error: 0.4670850326504219
timestmap: 1688747957129 smiles: Cc1nc(Cn2cnc3c2c(=O)[nH]c(=O)n3C)no1 IP_simulate: 12.998209058572854 IP_est: 12.157697 molecules Found: 0 inference error: 0.840512334634866
timestmap: 1688747957245 smiles: NC(=O)N1c2ccccc2CC(=O)c2ccccc21 IP_simulate: 12.50955949606846 IP_est: 12.138056 molecules Found: 0 inference error: 0.37150369467685884
timestmap: 1688747970218 smiles: Cn1c(=O)c2c(ncn2CC(=O)N2CCOCC2)n(C)c1=O IP_simulate: 12.41888759231925 IP_est: 12.259217 molecules Found: 0 inference error: 0.15967033005118303
timestmap: 1688747970266 smiles: CC(=O)NC(C(=O)NCc1ccccc1)c1ccco1 IP_simulate: 12.372719713949115 IP_est: 12.333527 molecules Found: 0 inference error: 0.03919310262098996
timestmap: 1688747972800 smiles: Cc1ccc2c(c1)c1nnc(-n3ccnc3)nc1n2C IP_simulate: 12.013418425774569 IP_est: 12.443793 molecules Found: 0 inference error: 0.43037487103939576
timestmap: 1688747973855 smiles: Cn1ccc2cc(NC(=O)Nc3cccnc3)ccc21 IP_simulate: 11.605253008033637 IP_est: 11.355034 molecules Found: 0 inference error: 0.2502191335219184
timestmap: 1688747975845 smiles: CCOC(=O)C1CN(Cc2ccccc2)C(=O)C1=O IP_simulate: 12.903796980006435 IP_est: 12.542779 molecules Found: 0 inference error: 0.3610180111953998
timestmap: 1688747981638 smiles: O=C(c1ccccn1)c1cnn2c(-c3ccncc3)ccnc12 IP_simulate: 11.989096581232646 IP_est: 12.383425 molecules Found: 0 inference error: 0.3943281776784868
timestmap: 1688747983717 smiles: COc1cccc(Cn2nc3oc(=O)cc(C)c3c2C)c1 IP_simulate: 12.489504476789484 IP_est: 12.381839 molecules Found: 0 inference error: 0.10766567826653528
timestmap: 1688747985309 smiles: O=C(Nc1ccccc1)c1c(O)n(-c2ccccc2)c2ncccc12 IP_simulate: 12.07150792125777 IP_est: 11.790694 molecules Found: 0 inference error: 0.2808136845023981
timestmap: 1688747985497 smiles: CCCn1c(=O)c2[nH]c(C3CCC(=O)C3)nc2n(CCC)c1=O IP_simulate: 12.61953182605779 IP_est: 12.008083 molecules Found: 0 inference error: 0.6114484825519302
timestmap: 1688747985779 smiles: CCn1nc(-c2cccnc2)c2ccccc2c1=O IP_simulate: 12.370664093437336 IP_est: 12.444971 molecules Found: 0 inference error: 0.07430699115739081
timestmap: 1688747987380 smiles: C=C1C(CO)C(O)CC1n1cnc2c(=O)[nH]c(N)nc21 IP_simulate: 12.313799526998213 IP_est: 11.863714 molecules Found: 0 inference error: 0.450085308858565
timestmap: 1688747988585 smiles: COc1ccc(C2CNC(=O)NC2)cc1OC1CC2CCC1C2 IP_simulate: 11.990815001612752 IP_est: 11.658962 molecules Found: 0 inference error: 0.3318527518568928
timestmap: 1688747990703 smiles: O=C1c2ccccc2-c2c3c(cc4ccnc1c24)OCO3 IP_simulate: 12.423208105007687 IP_est: 12.237632 molecules Found: 0 inference error: 0.18557630721715945
timestmap: 1688747990837 smiles: O=C(NC1CCCCNC1=O)c1cccc(C(F)(F)F)c1 IP_simulate: 13.12345630302396 IP_est: 12.770088 molecules Found: 0 inference error: 0.35336810722317935
timestmap: 1688747996694 smiles: O=c1c2ccccc2c(-c2cccnc2)nn1CCn1ccnc1 IP_simulate: 12.177631577605453 IP_est: 11.68314 molecules Found: 0 inference error: 0.4944917765800625
timestmap: 1688747998025 smiles: COc1cc(CNc2ccc(C)cc2)cc(OC)c1OC IP_simulate: 11.221034196533468 IP_est: 11.29849 molecules Found: 0 inference error: 0.07745537408420766
timestmap: 1688748000884 smiles: COc1ccc(C2CNC(=O)C2)cc1OC1CCCC1 IP_simulate: 12.017734630395847 IP_est: 12.099575 molecules Found: 0 inference error: 0.08184041232876282
timestmap: 1688748003070 smiles: CCN(C(C)=O)c1cccc(-c2ccnc3c(C#N)cnn23)c1 IP_simulate: 12.644032369114083 IP_est: 12.098833 molecules Found: 0 inference error: 0.5451992850076373
timestmap: 1688748005649 smiles: N#Cc1ccc(C(C(O)Cc2ccc(F)cc2)n2cncn2)cc1 IP_simulate: 12.900748623701228 IP_est: 12.306898 molecules Found: 0 inference error: 0.593850506635798
timestmap: 1688748005769 smiles: Nc1ccc(-c2cc(=O)c3c(N)cccc3o2)cc1 IP_simulate: 11.665325737180346 IP_est: 11.794152 molecules Found: 0 inference error: 0.1288265226463139
timestmap: 1688748006452 smiles: Nc1nc2c(cnn2CCc2ccccc2)c2nc(-c3ccco3)nn12 IP_simulate: 12.102560690057102 IP_est: 11.989638 molecules Found: 0 inference error: 0.11292236150485557
timestmap: 1688748007122 smiles: COc1cc(N)nc2[nH]c(-c3ccc(F)cc3)c(-c3ccncc3)c12 IP_simulate: 11.485860049465145 IP_est: 10.959367 molecules Found: 0 inference error: 0.5264932510642666
timestmap: 1688748008882 smiles: CC(=O)Oc1ccccc1C(=O)Oc1c(C)occc1=O IP_simulate: 13.025616708690656 IP_est: 13.061506 molecules Found: 0 inference error: 0.03588956267164889
timestmap: 1688748009662 smiles: COc1cc2ncc(-c3ccccc3)nc2cc1OC IP_simulate: 11.69595988450309 IP_est: 11.786827 molecules Found: 0 inference error: 0.0908672028992541
timestmap: 1688748014656 smiles: Nc1ccn(C2OC(CO)C(O)C2(F)F)c(=O)n1 IP_simulate: 12.960572574827143 IP_est: 13.050219 molecules Found: 0 inference error: 0.08964600732617711
timestmap: 1688748014820 smiles: COc1nc(N)nc2c1ncn2C1OC(CO)C(O)C1O IP_simulate: 12.246147729572101 IP_est: 11.282891 molecules Found: 0 inference error: 0.9632564560735659
timestmap: 1688748015071 smiles: O=C(NCCc1cccc2ccccc12)C1CCC1 IP_simulate: 12.306011253663275 IP_est: 12.04744 molecules Found: 0 inference error: 0.2585716784679626
timestmap: 1688748019958 smiles: c1ccc2c(c1)CCCC2Nc1ncnc2[nH]cnc12 IP_simulate: 12.070421772120993 IP_est: 11.878797 molecules Found: 0 inference error: 0.19162519466737926
timestmap: 1688748024630 smiles: O=C(Nc1ccc(-c2cc[nH]n2)cc1)c1ccccc1 IP_simulate: 12.023878118786888 IP_est: 12.069621 molecules Found: 0 inference error: 0.04574296733371774
timestmap: 1688748025203 smiles: COc1ccc2[nH]cc(CCNC(=O)C3CC3)c2c1 IP_simulate: 11.590165749286191 IP_est: 11.453444 molecules Found: 0 inference error: 0.13672222206451146
timestmap: 1688748026389 smiles: Cc1nc2ccc(NC(=O)Nc3ccnc4cccnc34)cc2o1 IP_simulate: 11.873937941602621 IP_est: 11.8401165 molecules Found: 0 inference error: 0.033821440748129206
timestmap: 1688748028505 smiles: COc1ccc(CC(=O)c2c(O)cc(O)cc2O)cc1 IP_simulate: 12.043930767060141 IP_est: 12.114394 molecules Found: 0 inference error: 0.07046342086710489
timestmap: 1688748031306 smiles: O=C1c2ccccc2C2(c3ccccc3)OCCN12 IP_simulate: 12.879431526976179 IP_est: 12.315194 molecules Found: 0 inference error: 0.5642373970323309
timestmap: 1688748032379 smiles: COCC(NC(C)=O)C(=O)NCc1ccccc1 IP_simulate: 12.612612555497506 IP_est: 12.217197 molecules Found: 0 inference error: 0.3954151372846155
timestmap: 1688748035413 smiles: CC(=O)N1CCN(C(=O)Nc2ccc(F)cc2)CC1 IP_simulate: 12.483402434535439 IP_est: 12.472491 molecules Found: 0 inference error: 0.010911170192176911
timestmap: 1688748041042 smiles: COc1cc2ncc(NC3CCC(O)CC3)nc2cc1OC IP_simulate: 11.5010605473644 IP_est: 11.704929 molecules Found: 0 inference error: 0.20386880444224076
timestmap: 1688748041603 smiles: COc1cc2ncnc(Nc3ccc(O)cc3)c2cc1OC IP_simulate: 11.595374516895955 IP_est: 11.390228 molecules Found: 0 inference error: 0.20514624541158
timestmap: 1688748042429 smiles: O=C(NC1Cc2ccccc2C1)c1ccc(F)cc1 IP_simulate: 12.722464348824317 IP_est: 12.508078 molecules Found: 0 inference error: 0.2143867273643565
timestmap: 1688748042434 smiles: CC(=O)OC1Cc2ccccc2N(C(N)=O)c2ccccc21 IP_simulate: 12.279259371920938 IP_est: 12.010685 molecules Found: 0 inference error: 0.26857440487992257
timestmap: 1688748043108 smiles: CCC(=O)NCCC1CCc2ccc3c(c21)CCO3 IP_simulate: 11.837001253738093 IP_est: 12.095253 molecules Found: 0 inference error: 0.2582517369845636
timestmap: 1688748043464 smiles: Cc1oc2nc3c(c(NC(=O)CN4CCCC4=O)c2c1C)CCCC3 IP_simulate: 11.937385792787847 IP_est: 11.236513 molecules Found: 0 inference error: 0.700872654970464
timestmap: 1688748047686 smiles: CCCC(=O)Nc1n[nH]c2cnc(-c3ccccc3)cc12 IP_simulate: 12.151041396272081 IP_est: 11.970139 molecules Found: 0 inference error: 0.18090284646739363
timestmap: 1688748049866 smiles: COc1ccc2c(c1)C(=O)C(Cc1cccnc1)CO2 IP_simulate: 12.122091010592708 IP_est: 12.0281315 molecules Found: 0 inference error: 0.09395952560735665
timestmap: 1688748050696 smiles: COC(=O)C1c2c(oc3cc(CO)cc(O)c3c2=O)C=CC1O IP_simulate: 12.407723976225498 IP_est: 12.108341 molecules Found: 0 inference error: 0.299382759184482
timestmap: 1688748051775 smiles: COc1ccc(Cc2cnc(N)nc2N)c(OC)c1 IP_simulate: 11.596336733668732 IP_est: 11.293197 molecules Found: 0 inference error: 0.3031400555071109
timestmap: 1688748052486 smiles: COc1ccccc1C(=O)Nc1ccnc2[nH]ncc12 IP_simulate: 12.421211594010755 IP_est: 12.240667 molecules Found: 0 inference error: 0.18054425087110637
timestmap: 1688748052499 smiles: COc1nc2nc(-c3noc(C)n3)cn2c2c1CCCC2 IP_simulate: 12.418317162533524 IP_est: 11.968925 molecules Found: 0 inference error: 0.4493916864593057
timestmap: 1688748053080 smiles: CC(=O)c1ccc(N2CCN(C(=O)c3cccnc3)CC2)cc1 IP_simulate: 11.931242279557125 IP_est: 12.058557 molecules Found: 0 inference error: 0.12731427714453503
timestmap: 1688748055564 smiles: Cn1c(=O)oc2ccc(C(=O)c3ccccc3)cc21 IP_simulate: 13.018877394088241 IP_est: 12.651161 molecules Found: 0 inference error: 0.3677162002405847
timestmap: 1688748062271 smiles: Cn1c(O)c(C(=O)Nc2ccccc2)c2cccnc21 IP_simulate: 11.974918783280895 IP_est: 11.780373 molecules Found: 0 inference error: 0.19454616365198873
timestmap: 1688748063046 smiles: O=C(NCC1CCCO1)c1c[nH]c2ccccc2c1=O IP_simulate: 12.107337386432892 IP_est: 12.217017 molecules Found: 0 inference error: 0.1096797873341977
timestmap: 1688748064749 smiles: Cc1cccnc1-n1c(C)nc2ccccc2c1=O IP_simulate: 12.494822944069236 IP_est: 12.576387 molecules Found: 0 inference error: 0.0815644613262716
timestmap: 1688748065148 smiles: Cc1cc(C(=O)Nc2c(C)cccc2C)ccc1N IP_simulate: 11.786041590517272 IP_est: 11.504788 molecules Found: 0 inference error: 0.28125319177459573
timestmap: 1688748068386 smiles: CC(=O)Nc1cccc2c(=O)n(C)c3ccccc3c(=O)c12 IP_simulate: 12.604933264052836 IP_est: 12.409933 molecules Found: 0 inference error: 0.1950001738428746
timestmap: 1688748071772 smiles: Nc1nc2c(ncn2C2CC(O)C(CO)O2)c(=O)[nH]1 IP_simulate: 12.252913928856168 IP_est: 11.775914 molecules Found: 0 inference error: 0.47699973665646134
timestmap: 1688748071883 smiles: Cc1cc(O)cc2cc3c(c(O)c12)C(=O)CCC3O IP_simulate: 12.299965552615944 IP_est: 12.067133 molecules Found: 0 inference error: 0.2328326027868428
timestmap: 1688748072481 smiles: c1ccc(-c2cc(-c3c[nH]nc3-c3ccccn3)ccn2)cc1 IP_simulate: 11.179281567634655 IP_est: 12.241619 molecules Found: 0 inference error: 1.0623375424727666
timestmap: 1688748075028 smiles: CC(c1ccncn1)C(O)(Cn1cncn1)c1ccc(F)cc1F IP_simulate: 12.507577066616104 IP_est: 12.301434 molecules Found: 0 inference error: 0.20614350338368226
timestmap: 1688748076272 smiles: OCC(Cc1ccccc1)Nc1ncnc2[nH]cnc12 IP_simulate: 12.102904640064532 IP_est: 11.865549 molecules Found: 0 inference error: 0.23735555254011764
timestmap: 1688748076460 smiles: O=C(CCc1ccc(O)cc1)c1ccc(O)cc1O IP_simulate: 11.839518718719402 IP_est: 12.094159 molecules Found: 0 inference error: 0.2546404075623361
timestmap: 1688748077329 smiles: COc1ccc(C(=O)NC2CCCCNC2=O)cc1 IP_simulate: 12.358289333323624 IP_est: 11.922993 molecules Found: 0 inference error: 0.43529662702479577
timestmap: 1688748082087 smiles: Cc1cc(NC(=O)Nc2ccc3c(ccn3C)c2)on1 IP_simulate: 11.845553845062494 IP_est: 11.865144 molecules Found: 0 inference error: 0.01958993087744787
timestmap: 1688748082541 smiles: Cn1ccc2cc(NC(=O)Nc3cncnc3)ccc21 IP_simulate: 11.65541228415864 IP_est: 11.253535 molecules Found: 0 inference error: 0.40187701346772187
timestmap: 1688748084431 smiles: CCOC(=O)Nc1ccc(NCc2ccc(F)cc2)cc1N IP_simulate: 11.343213838032685 IP_est: 11.696271 molecules Found: 0 inference error: 0.3530571046553028
timestmap: 1688748085380 smiles: O=C(Nc1cccnc1)c1cc(=O)c2ccccc2o1 IP_simulate: 12.536886922992197 IP_est: 12.382655 molecules Found: 0 inference error: 0.15423177925440434
timestmap: 1688748090098 smiles: O=C(Nc1ccccc1)Nc1ccc2ncccc2c1 IP_simulate: 11.953092943164723 IP_est: 11.981526 molecules Found: 0 inference error: 0.028433431652171492
timestmap: 1688748090370 smiles: CCC(O)c1cc2n(c(=O)c1C)Cc1cc3ccccc3nc1-2 IP_simulate: 12.14870943329045 IP_est: 12.004351 molecules Found: 0 inference error: 0.14435877105900552
timestmap: 1688748090887 smiles: CC(C)(C)n1c(O)c(C(=O)Nc2ccccc2)c2cccnc21 IP_simulate: 12.034717914035065 IP_est: 11.8357315 molecules Found: 0 inference error: 0.19898640768740883
timestmap: 1688748091346 smiles: CCC(=O)c1cc2n(c(=O)c1C)Cc1cc3ccccc3nc1-2 IP_simulate: 12.242639254907054 IP_est: 12.494888 molecules Found: 0 inference error: 0.2522490507570083
timestmap: 1688748094347 smiles: COc1ccnc(N2CCN(C(=O)c3ccco3)CC2)n1 IP_simulate: 12.167298602534581 IP_est: 11.871436 molecules Found: 0 inference error: 0.2958624834549912
timestmap: 1688748094844 smiles: O=C(Nc1cccnc1)Nc1cccc(C(F)(F)F)c1 IP_simulate: 12.673960030203778 IP_est: 12.472775 molecules Found: 0 inference error: 0.20118457091422748
timestmap: 1688748098035 smiles: CC(=O)Nc1ccccc1-c1nc2ccccc2o1 IP_simulate: 12.524370949670502 IP_est: 12.729616 molecules Found: 0 inference error: 0.20524521549063124
timestmap: 1688748102434 smiles: COc1ccnc(N2CCN(C(=O)c3ccccn3)CC2)n1 IP_simulate: 11.844548066248148 IP_est: 12.099912 molecules Found: 0 inference error: 0.25536362351015285
timestmap: 1688748105182 smiles: COc1ccnc(N2CCN(C(=O)c3ccccc3)CC2)n1 IP_simulate: 12.099776434082324 IP_est: 11.789408 molecules Found: 0 inference error: 0.3103687039797851
timestmap: 1688748106362 smiles: CNC(=O)c1cccc(NC(=O)Cc2cccc3ccccc23)c1 IP_simulate: 11.946460622858336 IP_est: 11.5108595 molecules Found: 0 inference error: 0.4356011334174177
timestmap: 1688748108052 smiles: COCC(=O)Nc1ccccc1-c1nc2ccccc2[nH]1 IP_simulate: 12.172290107485207 IP_est: 11.463699 molecules Found: 0 inference error: 0.7085907666648943
timestmap: 1688748111796 smiles: O=C(C1CCCN1C(=O)OCc1ccccc1)N1CCCC1 IP_simulate: 12.226042899800069 IP_est: 12.156718 molecules Found: 0 inference error: 0.06932464571071328
timestmap: 1688748112003 smiles: O=C(c1ccccn1)N1CCN(C(=O)c2ccccn2)CC1 IP_simulate: 12.070925621234844 IP_est: 12.322967 molecules Found: 0 inference error: 0.2520409543877147
timestmap: 1688748114916 smiles: O=C(Cc1ccccc1)NCCc1c[nH]c2ccccc12 IP_simulate: 11.854324302783185 IP_est: 11.824229 molecules Found: 0 inference error: 0.030095062365704806
timestmap: 1688748115707 smiles: CN(c1ccccc1)c1nc(N2CCOCC2)nc(-n2ccnc2)n1 IP_simulate: 12.044901475546686 IP_est: 11.38597 molecules Found: 0 inference error: 0.6589313598850648
timestmap: 1688748117003 smiles: COc1cccc(Oc2ccc(NC(C)=O)cc2)c1 IP_simulate: 11.941103547156622 IP_est: 11.875707 molecules Found: 0 inference error: 0.06539687448816522
timestmap: 1688748120396 smiles: C#Cc1cn(C2OC(CO)C(O)C2O)c(=O)[nH]c1=O IP_simulate: 12.906455772985007 IP_est: 13.085212 molecules Found: 0 inference error: 0.17875598086020794
timestmap: 1688748121981 smiles: O=C(C1c2ccccc2Oc2ccccc21)N1CCOCC1 IP_simulate: 12.020341268524671 IP_est: 11.993838 molecules Found: 0 inference error: 0.02650295828297189
timestmap: 1688748123649 smiles: Nc1ncnc2c1ncn2C1OC(CO)C(O)C1F IP_simulate: 12.806615430147062 IP_est: 11.860532 molecules Found: 0 inference error: 0.946083623201261
timestmap: 1688748127508 smiles: CCOC(=O)c1c(O)c2cccnc2n(Cc2ccccc2)c1=O IP_simulate: 12.489584194687863 IP_est: 12.320048 molecules Found: 0 inference error: 0.1695358624735075
timestmap: 1688748127645 smiles: CC#Cc1cn(C2CC(O)C(CO)O2)c(=O)[nH]c1=O IP_simulate: 12.544254231186047 IP_est: 12.807564 molecules Found: 0 inference error: 0.2633095505522345
timestmap: 1688748131901 smiles: COc1ccccc1CNC(=O)c1ccc2cnccc2n1 IP_simulate: 12.082304809972923 IP_est: 12.275107 molecules Found: 0 inference error: 0.19280257375510423
timestmap: 1688748132064 smiles: Cc1cccc(C)c1NC(=O)c1ccc(C#N)cc1 IP_simulate: 12.688535271437136 IP_est: 12.400311 molecules Found: 0 inference error: 0.2882238014053975
timestmap: 1688748133746 smiles: COc1ccc(C(=O)Nc2c(C)cccc2C)cc1 IP_simulate: 12.169312302817614 IP_est: 11.75948 molecules Found: 0 inference error: 0.4098318264382197
timestmap: 1688748133900 smiles: COc1ccc(C(C)Cn2cc[nH]c2=O)cc1OCC1CC1 IP_simulate: 11.49874111553106 IP_est: 11.583149 molecules Found: 0 inference error: 0.08440784076776886
timestmap: 1688748138081 smiles: CC#Cc1cn(C2CC(O)C(CO)O2)c(=O)nc1N IP_simulate: 12.365837421033145 IP_est: 12.267445 molecules Found: 0 inference error: 0.09839281043744208
timestmap: 1688748138895 smiles: COc1ccc(C=Cc2cc(O)c(OC)c(OC)c2)cc1O IP_simulate: 11.183666471672863 IP_est: 11.355941 molecules Found: 0 inference error: 0.172274347113758
timestmap: 1688748139813 smiles: O=c1cc(-c2ccncc2)nc(-c2cccnc2)[nH]1 IP_simulate: 12.485284061782544 IP_est: 12.503579 molecules Found: 0 inference error: 0.018295077926929082
timestmap: 1688748140476 smiles: COc1ccc(C2(C#N)CCC(=O)CC2)cc1OC1CCCC1 IP_simulate: 12.187837741301909 IP_est: 12.210408 molecules Found: 0 inference error: 0.022570469452485753
timestmap: 1688748140919 smiles: Nc1nc2c(ncn2C2CCC(CO)O2)c(=O)[nH]1 IP_simulate: 12.564378602641463 IP_est: 11.875589 molecules Found: 0 inference error: 0.6887892319139244
timestmap: 1688748141509 smiles: COc1cc(O)cc(CCc2ccc(O)c(OC)c2)c1 IP_simulate: 11.728935038441174 IP_est: 11.709563 molecules Found: 0 inference error: 0.019371783131115095
timestmap: 1688748143705 smiles: COc1ccc2cc(-c3cccc(N)c3)cc(CCNC(C)=O)c2c1 IP_simulate: 11.362985858335412 IP_est: 10.827154 molecules Found: 0 inference error: 0.5358316987895133
timestmap: 1688748144248 smiles: COc1ccc(Cc2cnc(N)nc2N)cc1OC IP_simulate: 11.451356374082962 IP_est: 11.262603 molecules Found: 0 inference error: 0.18875356799165388
timestmap: 1688748147847 smiles: NC(=O)c1cccc2[nH]c(-c3ccc(O)cc3)nc12 IP_simulate: 12.081454609808642 IP_est: 11.8840885 molecules Found: 0 inference error: 0.19736609357329016
timestmap: 1688748150337 smiles: CCc1cn(C2CC(O)C(CO)O2)c(=O)[nH]c1=O IP_simulate: 12.961420004261404 IP_est: 12.847742 molecules Found: 0 inference error: 0.1136779235729275
timestmap: 1688748150423 smiles: Nc1ncnc2c1ncn2C1OC(CO)CC1F IP_simulate: 12.390046404318115 IP_est: 11.945853 molecules Found: 0 inference error: 0.44419317098071254
timestmap: 1688748157757 smiles: C=CCc1c(OC(C)=O)c2cccnc2n(-c2ccccc2)c1=O IP_simulate: 12.441184430181782 IP_est: 12.149968 molecules Found: 0 inference error: 0.2912162829039495
timestmap: 1688748160735 smiles: CC1CC(C)C(=O)C(C2CC(CC(N)=O)CC(=O)O2)C1 IP_simulate: 12.859556212809332 IP_est: 12.655463 molecules Found: 0 inference error: 0.20409299412036752
timestmap: 1688748161185 smiles: COc1ccc(-c2cnc3c(-c4cccnc4)cnn3c2)cc1 IP_simulate: 11.776740591302426 IP_est: 12.034192 molecules Found: 0 inference error: 0.2574514939636874
timestmap: 1688748162731 smiles: CC1CCC(NC(=O)c2cc3ccccc3o2)CC1 IP_simulate: 12.540777351677983 IP_est: 12.073558 molecules Found: 0 inference error: 0.46721949797925255
timestmap: 1688748164083 smiles: CCOC(=O)c1c(N)c(C#N)cn1-c1ccccc1 IP_simulate: 12.352884417139395 IP_est: 12.2374 molecules Found: 0 inference error: 0.11548436220775393
timestmap: 1688748168438 smiles: COc1ccc2[nH]cc(CCNC(=O)c3ccco3)c2c1 IP_simulate: 11.812486358787838 IP_est: 11.445788 molecules Found: 0 inference error: 0.36669797530395165
timestmap: 1688748169707 smiles: CC(C)CCNC(=O)c1c[nH]c2ccccc2c1=O IP_simulate: 12.41032866278053 IP_est: 12.144494 molecules Found: 0 inference error: 0.26583460607887055
timestmap: 1688748169744 smiles: O=C(NCc1ccccc1)c1c[nH]c2c(F)cccc2c1=O IP_simulate: 12.376274281355736 IP_est: 12.230991 molecules Found: 0 inference error: 0.14528291783034497
timestmap: 1688748172038 smiles: CCOc1ccc2[nH]cc(C(=O)NCc3cccnc3)c(=O)c2c1 IP_simulate: 11.77730400995619 IP_est: 11.499874 molecules Found: 0 inference error: 0.27742989496595527
timestmap: 1688748173378 smiles: CNC(=O)OCc1c2ccncc2c(C)c2c1[nH]c1ccccc12 IP_simulate: 11.673660719520312 IP_est: 11.330741 molecules Found: 0 inference error: 0.34291979087040936
timestmap: 1688748177501 smiles: O=C(NC1CCN(C(=O)C2CC2)CC1)c1ccc(F)cc1 IP_simulate: 12.677964447393753 IP_est: 12.621198 molecules Found: 0 inference error: 0.05676674689326511
timestmap: 1688748178105 smiles: CN(C)c1ncnc2c1ncn2C1OC(CO)C(O)C1O IP_simulate: 11.978480973560682 IP_est: 11.299959 molecules Found: 0 inference error: 0.6785217908214243
timestmap: 1688748179616 smiles: CC(C)Oc1ccccc1C(=O)Nc1ccnc2[nH]ncc12 IP_simulate: 12.347523517699104 IP_est: 11.658415 molecules Found: 0 inference error: 0.6891086770008616
timestmap: 1688748185039 smiles: CC(C)c1cccc(C(C)C)c1NCc1ccccn1 IP_simulate: 11.574452335932712 IP_est: 11.663841 molecules Found: 0 inference error: 0.08938891162588192
timestmap: 1688748186058 smiles: O=C(c1ccc2c(c1)OCO2)N1CCCc2ccccc21 IP_simulate: 12.101904729852833 IP_est: 12.011564 molecules Found: 0 inference error: 0.09034047509209131
timestmap: 1688748188258 smiles: CCOC(=O)C1=C(C)NC(=O)NC1c1ccccc1C(F)(F)F IP_simulate: 12.860391210236697 IP_est: 12.515325 molecules Found: 0 inference error: 0.34506661764636526
timestmap: 1688748194157 smiles: CC(C)Nc1nc(NC(C)C)nc(N(C)C(N)=O)n1 IP_simulate: 11.687833864839073 IP_est: 11.698055 molecules Found: 0 inference error: 0.010221402494911658
timestmap: 1688748195142 smiles: COc1ccc2[nH]cc(CCNC(=O)C3CCCO3)c2c1 IP_simulate: 11.653960917049858 IP_est: 11.361085 molecules Found: 0 inference error: 0.2928759790005415
timestmap: 1688748195659 smiles: COc1ccc(-c2cc(C(F)(F)F)n3nc(C(N)=O)cc3n2)cc1 IP_simulate: 12.582718219765356 IP_est: 12.005126 molecules Found: 0 inference error: 0.5775922203146724
timestmap: 1688748196878 smiles: Cn1nnc(NC(=O)C(c2ccccc2)c2ccccc2)n1 IP_simulate: 12.457297000066179 IP_est: 12.592457 molecules Found: 0 inference error: 0.13515981756077444
timestmap: 1688748200469 smiles: N#Cc1c(-c2ccccc2)cc(-c2ccco2)c(C#N)c1N IP_simulate: 12.570775352294417 IP_est: 12.031997 molecules Found: 0 inference error: 0.5387786253046709
timestmap: 1688748201625 smiles: CC(=O)c1nnn(-c2ccccc2)c1Nc1ccccc1 IP_simulate: 12.357906116675522 IP_est: 12.344151 molecules Found: 0 inference error: 0.013755573462631787
timestmap: 1688748210434 smiles: O=C1OC(C2OC(=O)c3ccccc32)c2ccccc21 IP_simulate: 13.499129459015283 IP_est: 13.233475 molecules Found: 0 inference error: 0.2656547275699701
timestmap: 1688748211394 smiles: Cc1ccc(NC(=O)COc2ccccc2)cc1F IP_simulate: 12.336941147746366 IP_est: 12.412829 molecules Found: 0 inference error: 0.07588825136252098
timestmap: 1688748213198 smiles: COC1OC2COC(c3ccccc3)OC2CC1O IP_simulate: 12.486947133823824 IP_est: 12.348612 molecules Found: 0 inference error: 0.13833530215878476
timestmap: 1688748213333 smiles: CC(=O)Nc1nc(C2CC2)cc(-c2ccccc2)c1C#N IP_simulate: 12.419461960840485 IP_est: 12.248887 molecules Found: 0 inference error: 0.1705748987677307
timestmap: 1688748216589 smiles: CC(=O)N1c2ccccc2C(Nc2ccccc2)CC1C IP_simulate: 11.847347177758671 IP_est: 11.769066 molecules Found: 0 inference error: 0.07828132082507722
timestmap: 1688748216889 smiles: Cc1cccc(NC(=O)c2cc(C(=O)Nc3cccc(C)c3)n(C)n2)c1 IP_simulate: 11.954566138942425 IP_est: 11.265889 molecules Found: 0 inference error: 0.6886769711567808
timestmap: 1688748217646 smiles: Cc1nn(-c2ccccc2)c2nc3c(nc12)c(C)nn3-c1ccccc1 IP_simulate: 11.936565519492317 IP_est: 12.370992 molecules Found: 0 inference error: 0.43442618735582705
timestmap: 1688748221180 smiles: Cc1cccc(OCC(=O)Nc2ccc(C(N)=O)cc2)c1 IP_simulate: 12.206218287093694 IP_est: 12.047329 molecules Found: 0 inference error: 0.158889338119085
timestmap: 1688748225226 smiles: CCOC(=O)C1C(=O)CC(C)(O)C(C(=O)OCC)C1c1ccccc1 IP_simulate: 12.820631323583983 IP_est: 12.281073 molecules Found: 0 inference error: 0.5395587070068348
timestmap: 1688748225908 smiles: Cc1cc(C)n(-c2nc(N3CCOCC3)nc(N3CCOCC3)n2)n1 IP_simulate: 11.960202110812798 IP_est: 11.805499 molecules Found: 0 inference error: 0.1547030339695361
timestmap: 1688748226651 smiles: Cn1nc(C(=O)NCc2ccccc2)cc1C(=O)NCc1ccccc1 IP_simulate: 12.352393290628314 IP_est: 11.65032 molecules Found: 0 inference error: 0.7020732375277277
timestmap: 1688748230644 smiles: CC(=O)Nc1ccc(C(=O)Nc2ccccc2)cc1 IP_simulate: 12.347945477690091 IP_est: 12.190892 molecules Found: 0 inference error: 0.15705325814663418
timestmap: 1688748232138 smiles: CC(=O)Nc1ccc(C(=O)Nc2ccc(C)cc2)cc1 IP_simulate: 12.116078750121625 IP_est: 11.908644 molecules Found: 0 inference error: 0.20743502758744548
timestmap: 1688748233978 smiles: CC(=O)Nc1ccc(C(=O)Oc2ccccc2)cc1 IP_simulate: 12.648383771373304 IP_est: 12.463125 molecules Found: 0 inference error: 0.1852585424914679
timestmap: 1688748236226 smiles: CCC(=O)NC1CC(C(C)(C)NC(=O)CC)CC=C1C IP_simulate: 12.158248212609191 IP_est: 12.146643 molecules Found: 0 inference error: 0.011605527672667648
timestmap: 1688748244605 smiles: CC(=O)c1ccc(NC(=O)c2c(C)cc(=O)oc2C)cc1 IP_simulate: 12.80029519043378 IP_est: 12.509825 molecules Found: 0 inference error: 0.290470437626162
timestmap: 1688748245921 smiles: CC(=O)NC1C(OCc2ccccc2)OC(CO)C(O)C1O IP_simulate: 12.466642728453188 IP_est: 12.200501 molecules Found: 0 inference error: 0.26614128649762137
timestmap: 1688748247950 smiles: Cc1ccccc1OCC(=O)Nn1nnnc1Nc1ccccc1 IP_simulate: 12.19666582748735 IP_est: 11.250092 molecules Found: 0 inference error: 0.9465742747529742
timestmap: 1688748249052 smiles: O=C1CC(c2ccccc2)Nc2nc3ccccc3n21 IP_simulate: 12.323283531724986 IP_est: 12.118811 molecules Found: 0 inference error: 0.20447287803846237
timestmap: 1688748252287 smiles: O=C(Nc1ccc(F)cc1)Nc1ccc(C(=O)N2CCCCC2)cc1 IP_simulate: 12.051026442320765 IP_est: 11.952671 molecules Found: 0 inference error: 0.09835539129537452
timestmap: 1688748253342 smiles: O=C(Nc1cnn(Cc2ccc(F)cc2)c1)C1CC1c1ccccc1 IP_simulate: 12.149931734705628 IP_est: 12.0898075 molecules Found: 0 inference error: 0.06012422432965181
timestmap: 1688748253544 smiles: Cc1c(NC(=O)c2cc[nH]n2)c(=O)n(-c2ccccc2)n1C IP_simulate: 11.585176630693349 IP_est: 12.103956 molecules Found: 0 inference error: 0.5187795918408309
timestmap: 1688748254161 smiles: COc1ccc(NC(=O)n2ccc(C(=O)N3CCOCC3)n2)cc1 IP_simulate: 11.975347641151686 IP_est: 11.771235 molecules Found: 0 inference error: 0.20411217514826774
timestmap: 1688748255853 smiles: O=C(NCc1ccccc1)c1ccccc1C(=O)NCc1ccccc1 IP_simulate: 12.247314337266687 IP_est: 11.766226 molecules Found: 0 inference error: 0.4810885224473509
timestmap: 1688748261688 smiles: O=C1COc2ccc(C(=O)c3ccccc3)cc2CN1 IP_simulate: 12.654868946809792 IP_est: 12.179473 molecules Found: 0 inference error: 0.4753960235309833
timestmap: 1688748262680 smiles: CCOC(=O)c1c(C)[nH]c(C)c1-c1ccccc1OC IP_simulate: 11.766841939307842 IP_est: 11.639559 molecules Found: 0 inference error: 0.1272831471935838
timestmap: 1688748263848 smiles: CC(=O)c1c(C)n(Cc2ccco2)c2ccc(O)cc12 IP_simulate: 12.124288174451404 IP_est: 11.962773 molecules Found: 0 inference error: 0.16151485139232236
timestmap: 1688748264011 smiles: Cc1ccccc1C(=O)Nc1ccccc1C(=O)N1CCCC1 IP_simulate: 12.232863097642012 IP_est: 11.932379 molecules Found: 0 inference error: 0.3004843287211134
timestmap: 1688748266252 smiles: COC(=O)Cn1c(C(O)c2ccccc2)nc2ccccc21 IP_simulate: 12.519474439065426 IP_est: 11.866111 molecules Found: 0 inference error: 0.6533636373686491
timestmap: 1688748277417 smiles: Cc1ccc(NC(=O)C2CCCN2C(=O)C(C)(C)C)cc1 IP_simulate: 12.11922316328499 IP_est: 11.961993 molecules Found: 0 inference error: 0.157229945816729
timestmap: 1688748279175 smiles: CN(C(=O)c1ccc(F)cc1)c1ccccc1C(=O)N1CCOCC1 IP_simulate: 12.37848766028827 IP_est: 12.237107 molecules Found: 0 inference error: 0.14138038337176617
timestmap: 1688748282106 smiles: Cc1c(C#N)c2ccccc2n1CC(=O)N1CCOCC1 IP_simulate: 12.222793534357692 IP_est: 11.998719 molecules Found: 0 inference error: 0.22407431896462526
timestmap: 1688748283568 smiles: COc1cccc(C(=O)Nc2ccc(C(C)=O)cc2)c1 IP_simulate: 12.491300710344843 IP_est: 11.945384 molecules Found: 0 inference error: 0.5459166847711128
timestmap: 1688748286425 smiles: Cc1cccc(OCC(=O)NCc2cccnc2)c1C IP_simulate: 11.926836522839913 IP_est: 11.8261175 molecules Found: 0 inference error: 0.10071900727594851
timestmap: 1688748290782 smiles: N#Cc1cn(CC(=O)NCc2ccccc2)c2ccccc12 IP_simulate: 12.536338131684246 IP_est: 12.1704035 molecules Found: 0 inference error: 0.3659346511544612
timestmap: 1688748292959 smiles: COc1cc2ccccc2cc1C(=O)NCc1cccnc1 IP_simulate: 11.877976809263195 IP_est: 11.845836 molecules Found: 0 inference error: 0.032141123533214966
timestmap: 1688748293147 smiles: N#Cc1c(N)c(C#N)c(-c2ccc(O)cc2)c2c1CCCC2 IP_simulate: 12.33368724773599 IP_est: 12.139304 molecules Found: 0 inference error: 0.194383086664212
timestmap: 1688748297676 smiles: CCOc1ccc(NC(=O)Cn2c(C)c(C#N)c3ccccc32)cc1 IP_simulate: 12.021130089644261 IP_est: 11.522086 molecules Found: 0 inference error: 0.4990439461506089
timestmap: 1688748299269 smiles: O=C(Nn1cnnc1)c1ccc(C(=O)Nn2cnnc2)cc1 IP_simulate: 12.508010694127064 IP_est: 12.077498 molecules Found: 0 inference error: 0.4305122581529428
timestmap: 1688748301847 smiles: Cc1c(C#N)c2ccccc2n1CC(=O)NCc1ccco1 IP_simulate: 12.438301275475078 IP_est: 11.87102 molecules Found: 0 inference error: 0.5672809583974416
timestmap: 1688748302980 smiles: Cc1ccc(Nc2nc3c(c(=O)n(C)c(=O)n3C)n2CCO)cc1 IP_simulate: 11.804714055952452 IP_est: 11.850857 molecules Found: 0 inference error: 0.04614272505340722
timestmap: 1688748305028 smiles: Cc1c(C#N)c2ccccc2n1CC(=O)NCc1ccccc1 IP_simulate: 12.44936292189598 IP_est: 11.77079 molecules Found: 0 inference error: 0.6785728217983245
timestmap: 1688748308287 smiles: Cc1ccnc(NC(=O)c2ccc(C(=O)Nc3cc(C)ccn3)cc2)c1 IP_simulate: 12.065369414221408 IP_est: 11.343336 molecules Found: 0 inference error: 0.7220333088747282
timestmap: 1688748310934 smiles: Cc1c(C#N)c2ccccc2n1CC(=O)NCC1CCCO1 IP_simulate: 12.26427062070257 IP_est: 11.949413 molecules Found: 0 inference error: 0.31485732114202314
timestmap: 1688748316160 smiles: COc1ccc(CC(=O)N(C)C2CCCCC2)cc1 IP_simulate: 12.004934619632055 IP_est: 11.898887 molecules Found: 0 inference error: 0.1060479390290272
timestmap: 1688748316869 smiles: O=C(c1cccc(C(=O)N2CCCC2)c1)N1CCCC1 IP_simulate: 12.398645894866508 IP_est: 12.206828 molecules Found: 0 inference error: 0.19181777749590267
timestmap: 1688748318013 smiles: Cc1c(C#N)c2ccccc2n1CC(=O)NCc1ccc2c(c1)OCO2 IP_simulate: 12.067107704439689 IP_est: 11.566395 molecules Found: 0 inference error: 0.5007128985314857
timestmap: 1688748318253 smiles: CCN(Cc1ccccc1)C(=O)c1ccc(OC)cc1 IP_simulate: 12.353382850571265 IP_est: 11.968525 molecules Found: 0 inference error: 0.3848579177099367
timestmap: 1688748325848 smiles: N#Cc1cn(CC(=O)NCCc2c[nH]c3ccccc23)c2ccccc12 IP_simulate: 11.797659464640631 IP_est: 11.774409 molecules Found: 0 inference error: 0.02325017051221323
timestmap: 1688748327169 smiles: CCN(C(=O)c1ccc(OC)cc1)C1CCCCC1 IP_simulate: 12.257635111432807 IP_est: 12.262228 molecules Found: 0 inference error: 0.004592900652154341
timestmap: 1688748327218 smiles: CC(C)N(Cc1ccccc1)C(=O)c1ccccc1 IP_simulate: 12.57023641900437 IP_est: 12.28592 molecules Found: 0 inference error: 0.28431627587692887
timestmap: 1688748332428 smiles: O=C(c1cccnc1)N(Cc1ccccc1)Cc1ccccc1 IP_simulate: 12.336301218716157 IP_est: 11.969603 molecules Found: 0 inference error: 0.36669863387728974
timestmap: 1688748334016 smiles: CC1CCCCN1C(=O)c1ccc(C(=O)N2CCCCC2C)cc1 IP_simulate: 12.13978646551781 IP_est: 11.988016 molecules Found: 0 inference error: 0.15177033697777098
timestmap: 1688748334835 smiles: CCOC(=O)c1ccc(NC(=O)Cc2ccccc2)cc1 IP_simulate: 12.608852748659265 IP_est: 12.09747 molecules Found: 0 inference error: 0.5113824651509642
timestmap: 1688748335107 smiles: COc1ccc(CC(=O)N(C)c2ccccc2)cc1 IP_simulate: 11.991610895226746 IP_est: 11.936382 molecules Found: 0 inference error: 0.05522860152557385
timestmap: 1688748336401 smiles: COC(=O)c1cc(NC(=O)Cc2ccccc2)cc(C(=O)OC)c1 IP_simulate: 12.716092464853563 IP_est: 12.197944 molecules Found: 0 inference error: 0.5181487774145985
timestmap: 1688748340212 smiles: COc1ccc(CC(=O)N2CC(C)CC(C)C2)cc1 IP_simulate: 12.137679638789894 IP_est: 11.842244 molecules Found: 0 inference error: 0.29543549053549967
timestmap: 1688748340640 smiles: CCOc1ccccc1NC(=O)Cc1ccc(OC)cc1 IP_simulate: 11.927418708817177 IP_est: 11.811012 molecules Found: 0 inference error: 0.11640644075077056
timestmap: 1688748341937 smiles: CCN(Cc1ccccc1)C(=O)Cc1ccc(OC)cc1 IP_simulate: 12.03820561151346 IP_est: 11.892599 molecules Found: 0 inference error: 0.14560650567849898
timestmap: 1688748344596 smiles: O=C(Nc1cccc(C(F)(F)F)c1)c1cccnc1 IP_simulate: 13.018158456037805 IP_est: 13.038219 molecules Found: 0 inference error: 0.020060995866492348
timestmap: 1688748346221 smiles: N#Cc1cn(CC(=O)NC2CCCCCC2)c2ccccc12 IP_simulate: 12.408977858467823 IP_est: 12.319214 molecules Found: 0 inference error: 0.0897639912803232
timestmap: 1688748346413 smiles: COc1ccc(NC(=O)c2cccnc2)c(OC)c1 IP_simulate: 11.893164135325012 IP_est: 11.950521 molecules Found: 0 inference error: 0.057357333791198784
timestmap: 1688748349771 smiles: CCOc1ccc(NC(=O)c2c(OC)cccc2OC)cc1 IP_simulate: 11.578181268787933 IP_est: 11.572009 molecules Found: 0 inference error: 0.006172182179046359
timestmap: 1688748352225 smiles: Cc1cccc(C(=O)N2CCc3ccccc3C2)c1 IP_simulate: 12.526111723276598 IP_est: 12.141981 molecules Found: 0 inference error: 0.38413059839866825
timestmap: 1688748356934 smiles: COc1cccc(OC)c1C(=O)N1CCN(c2ccc(F)cc2)CC1 IP_simulate: 11.608593111052473 IP_est: 11.697733 molecules Found: 0 inference error: 0.08913981436256613
timestmap: 1688748357418 smiles: C=CCN(CC=C)C(=O)c1c(OC)cccc1OC IP_simulate: 12.120032356546181 IP_est: 12.013602 molecules Found: 0 inference error: 0.10643009977127882
timestmap: 1688748360862 smiles: COc1cccc(OC)c1C(=O)N(Cc1ccccc1)C(C)C IP_simulate: 12.038849732877429 IP_est: 11.598353 molecules Found: 0 inference error: 0.4404963469521359
timestmap: 1688748362591 smiles: COc1ccc(CNC(=O)c2c(OC)cccc2OC)cc1 IP_simulate: 11.812533952704385 IP_est: 11.538346 molecules Found: 0 inference error: 0.274187662116006
timestmap: 1688748367738 smiles: COc1ccccc1NC(=O)c1c(OC)cccc1OC IP_simulate: 11.742815288049675 IP_est: 11.611433 molecules Found: 0 inference error: 0.13138225887487032
timestmap: 1688748369212 smiles: COc1ccc(CC(=O)Nc2ccccc2OC)cc1 IP_simulate: 11.93401008429212 IP_est: 11.818676 molecules Found: 0 inference error: 0.11533408941907375
timestmap: 1688748371251 smiles: CCN(CC)C(=O)c1cccc(C(=O)N(CC)CC)c1 IP_simulate: 12.4853237732681 IP_est: 12.05205 molecules Found: 0 inference error: 0.4332741364272792
timestmap: 1688748371548 smiles: CCN(CC)C(=O)c1ccc(C(=O)N(CC)CC)cc1 IP_simulate: 12.402221451462772 IP_est: 11.965078 molecules Found: 0 inference error: 0.43714309758093606
timestmap: 1688748372873 smiles: COc1ccc(CC(=O)N2CCc3ccccc32)cc1 IP_simulate: 11.87196022020468 IP_est: 11.829647 molecules Found: 0 inference error: 0.042313155995696405
timestmap: 1688748376695 smiles: CC1CCCN(C(=O)c2ccc(C(=O)N3CCCC(C)C3)cc2)C1 IP_simulate: 12.162720081583045 IP_est: 11.881977 molecules Found: 0 inference error: 0.2807430002842164
timestmap: 1688748379436 smiles: COc1ccc(NC(=O)c2c(OC)cccc2OC)cc1 IP_simulate: 11.63052390970558 IP_est: 11.753437 molecules Found: 0 inference error: 0.12291313253074776
timestmap: 1688748380387 smiles: O=C(NCc1ccccn1)c1cccc(C(=O)NCc2ccccn2)c1 IP_simulate: 11.938690368646103 IP_est: 11.944609 molecules Found: 0 inference error: 0.005918319708388964
timestmap: 1688748384715 smiles: O=C(NCC1CCCO1)c1cccc(C(=O)NCC2CCCO2)c1 IP_simulate: 12.150150425514125 IP_est: 11.995895 molecules Found: 0 inference error: 0.15425503977193777
timestmap: 1688748386738 smiles: O=C(NCc1ccccn1)c1ccc(C(=O)NCc2ccccn2)cc1 IP_simulate: 11.953265234581657 IP_est: 12.159332 molecules Found: 0 inference error: 0.20606704080896776
timestmap: 1688748387298 smiles: CC(=O)Nc1cccc(NC(=O)c2ccccc2)c1 IP_simulate: 12.429401851139222 IP_est: 12.098618 molecules Found: 0 inference error: 0.3307842974282842
timestmap: 1688748388891 smiles: COc1ccc(CC(=O)N(C)Cc2ccccc2)cc1 IP_simulate: 12.001116446519784 IP_est: 11.767451 molecules Found: 0 inference error: 0.2336651602038664
timestmap: 1688748392029 smiles: CC(=O)Nc1cccc(NC(=O)c2ccc(C)cc2)c1 IP_simulate: 12.203570428024381 IP_est: 11.832613 molecules Found: 0 inference error: 0.3709574366913735
timestmap: 1688748395666 smiles: O=C(c1cccnc1)N1CCC(Cc2ccccc2)CC1 IP_simulate: 12.24930122924731 IP_est: 12.005087 molecules Found: 0 inference error: 0.24421433044359908
timestmap: 1688748396028 smiles: CC1CCCN(C(=O)c2cccc(C(=O)N3CCCC(C)C3)c2)C1 IP_simulate: 12.171334285381231 IP_est: 11.752021 molecules Found: 0 inference error: 0.41931344950476657
timestmap: 1688748396496 smiles: COc1ccc(C(=O)Nc2cccc(NC(C)=O)c2)cc1 IP_simulate: 12.164312112792315 IP_est: 11.341383 molecules Found: 0 inference error: 0.8229291324456351
timestmap: 1688748401157 smiles: COC(=O)c1ccc(NC(=O)Cc2ccccc2)cc1 IP_simulate: 12.682068455543593 IP_est: 12.442354 molecules Found: 0 inference error: 0.23971425327308538
timestmap: 1688748402192 smiles: CCOC(=O)C1CCN(C(=O)c2ccc(OC)cc2)CC1 IP_simulate: 12.213032099143472 IP_est: 12.420882 molecules Found: 0 inference error: 0.20785012589314888
timestmap: 1688748403860 smiles: COC(=O)c1ccc(NC(=O)c2ccccc2C)cc1 IP_simulate: 12.668879412167223 IP_est: 12.363931 molecules Found: 0 inference error: 0.3049487099577508
timestmap: 1688748404670 smiles: COC(=O)c1ccc(NC(=O)Cc2ccc(OC)cc2)cc1 IP_simulate: 12.285996077182123 IP_est: 12.007399 molecules Found: 0 inference error: 0.27859747183544314
timestmap: 1688748404777 smiles: COc1cccc(OC)c1C(=O)N1CCOCC1 IP_simulate: 12.26831157450268 IP_est: 12.117231 molecules Found: 0 inference error: 0.15108020548412604
timestmap: 1688748405331 smiles: O=C(NCc1cccnc1)c1cccc(C(=O)NCc2cccnc2)c1 IP_simulate: 11.854496581681383 IP_est: 11.627807 molecules Found: 0 inference error: 0.2266899181681996
timestmap: 1688748407755 smiles: O=C(NCc1cccnc1)c1ccc(C(=O)NCc2cccnc2)cc1 IP_simulate: 11.871103130394543 IP_est: 11.758066 molecules Found: 0 inference error: 0.11303695302637884
timestmap: 1688748407854 smiles: O=C(Nc1ccncc1)c1cccc(C(=O)Nc2ccncc2)c1 IP_simulate: 11.976853253496262 IP_est: 11.806504 molecules Found: 0 inference error: 0.1703490039235085
timestmap: 1688748408294 smiles: COC(=O)c1ccc(NC(=O)c2ccccc2F)cc1 IP_simulate: 12.928023736013843 IP_est: 12.828489 molecules Found: 0 inference error: 0.09953443242497606
timestmap: 1688748411694 smiles: O=C(Nc1ccncc1)c1ccc(C(=O)Nc2ccncc2)cc1 IP_simulate: 11.970521850445778 IP_est: 11.622992 molecules Found: 0 inference error: 0.3475302885561291
timestmap: 1688748415704 smiles: COC(=O)c1ccc(NC(=O)c2c(OC)cccc2OC)cc1 IP_simulate: 12.309465625863014 IP_est: 12.006597 molecules Found: 0 inference error: 0.30286906061643215
timestmap: 1688748416383 smiles: O=C(c1ccccc1F)N1CCc2ccccc2C1 IP_simulate: 12.692700852007262 IP_est: 12.459742 molecules Found: 0 inference error: 0.23295925960003494
timestmap: 1688748417377 smiles: Cc1cccnc1NC(=O)c1cccc(C(=O)Nc2ncccc2C)c1 IP_simulate: 11.545745547223872 IP_est: 11.662869 molecules Found: 0 inference error: 0.11712390620630408
timestmap: 1688748418105 smiles: O=C(Nc1cccnc1)c1ccc(C(=O)Nc2cccnc2)cc1 IP_simulate: 11.946546531287364 IP_est: 11.936993 molecules Found: 0 inference error: 0.009553886023692115
timestmap: 1688748419774 smiles: O=C(c1ccc(F)cc1)N1CCc2ccccc2C1 IP_simulate: 12.825880884664036 IP_est: 12.504864 molecules Found: 0 inference error: 0.3210171456503641
timestmap: 1688748419798 smiles: O=C(Nn1cnnc1)c1cccc(C(=O)Nn2cnnc2)c1 IP_simulate: 12.476044713348658 IP_est: 12.010155 molecules Found: 0 inference error: 0.4658899892275645
timestmap: 1688748420824 smiles: COC(=O)c1ccc(C(=O)OC)c(NC(=O)C(C)C)c1 IP_simulate: 13.004416816991911 IP_est: 12.628151 molecules Found: 0 inference error: 0.3762658770505052
timestmap: 1688748427120 smiles: COc1ccc(CC(=O)NCc2ccc(C)cc2)cc1 IP_simulate: 11.984751894838595 IP_est: 11.766474 molecules Found: 0 inference error: 0.2182781246969938
timestmap: 1688748430934 smiles: COC(=O)c1cc(NC(=O)C(C)C)cc(C(=O)OC)c1 IP_simulate: 12.923523345845386 IP_est: 12.510554 molecules Found: 0 inference error: 0.41296903218571757
timestmap: 1688748431438 smiles: COc1ccc(C(=O)N2CCCCC2C)c(OC)c1 IP_simulate: 12.179987182878522 IP_est: 11.962987 molecules Found: 0 inference error: 0.21700023677256475
timestmap: 1688748433228 smiles: CC(C)C(=O)N(Cc1ccccc1)c1ccccn1 IP_simulate: 12.487869008010046 IP_est: 12.240707 molecules Found: 0 inference error: 0.24716161054910835
timestmap: 1688748434297 smiles: C=CCN(CC=C)C(=O)c1ccc(OC)cc1OC IP_simulate: 12.246225942480349 IP_est: 11.881767 molecules Found: 0 inference error: 0.36445866953113004
timestmap: 1688748435336 smiles: CC(=O)Nc1cccc(NC(=O)c2ccccc2F)c1 IP_simulate: 12.470289301710185 IP_est: 12.247801 molecules Found: 0 inference error: 0.22248847468381783
timestmap: 1688748438297 smiles: COc1ccc(C(=O)N2CC(C)OC(C)C2)c(OC)c1 IP_simulate: 12.148397993241877 IP_est: 11.935034 molecules Found: 0 inference error: 0.21336419502410386
timestmap: 1688748438990 smiles: CCc1cccc(C)c1NC(=O)c1ccc(OC)c(OC)c1 IP_simulate: 11.920342348018679 IP_est: 11.471329 molecules Found: 0 inference error: 0.44901361266711604
timestmap: 1688748443064 smiles: COc1ccc(C(=O)N2CCCC(C)C2)cc1OC IP_simulate: 12.052475238393756 IP_est: 11.866451 molecules Found: 0 inference error: 0.1860239749660213
timestmap: 1688748444586 smiles: COc1ccc(C(=O)NCC2CCCO2)cc1OC IP_simulate: 12.092579447860603 IP_est: 11.837523 molecules Found: 0 inference error: 0.255055987472419
timestmap: 1688748445687 smiles: COc1ccc(C(=O)N2CCc3ccccc3C2)cc1OC IP_simulate: 11.98086005061209 IP_est: 11.656855 molecules Found: 0 inference error: 0.3240054210954888
timestmap: 1688748446127 smiles: COc1ccc(C(=O)Nc2ccccc2C(C)C)cc1OC IP_simulate: 11.954402670353058 IP_est: 11.403633 molecules Found: 0 inference error: 0.5507695526772771
timestmap: 1688748446377 smiles: COc1ccc(CNC(=O)c2ccc(OC)cc2OC)cc1 IP_simulate: 11.900630984220486 IP_est: 11.4817 molecules Found: 0 inference error: 0.4189310406780056
timestmap: 1688748451136 smiles: CCN(C(=O)c1ccc(OC)c(OC)c1)c1ccccc1C IP_simulate: 11.967120067344393 IP_est: 11.659562 molecules Found: 0 inference error: 0.3075579564435138
timestmap: 1688748453497 smiles: COc1ccc(C(=O)NCc2ccccc2)cc1OC IP_simulate: 12.149136269148837 IP_est: 11.61551 molecules Found: 0 inference error: 0.5336262822713955
timestmap: 1688748453584 smiles: COc1ccc(C(=O)Nc2ncccc2C)cc1OC IP_simulate: 11.802568458947816 IP_est: 11.554407 molecules Found: 0 inference error: 0.24816133919683914
timestmap: 1688748453864 smiles: COc1ccc(C(=O)NCc2ccccc2)c(OC)c1 IP_simulate: 12.24431735123809 IP_est: 11.732192 molecules Found: 0 inference error: 0.5121253117483437
timestmap: 1688748454425 smiles: COc1ccc(C(=O)N2CCc3ccccc32)cc1OC IP_simulate: 11.85037390684595 IP_est: 11.773225 molecules Found: 0 inference error: 0.0771490762185092
timestmap: 1688748457067 smiles: COc1cc(OC)cc(C(=O)Nc2ccc(F)c(F)c2)c1 IP_simulate: 12.578268820947908 IP_est: 12.54544 molecules Found: 0 inference error: 0.03282910079409973
timestmap: 1688748460967 smiles: CCOC(=O)C1CCN(C(=O)c2ccc(F)cc2)CC1 IP_simulate: 12.664425889782356 IP_est: 12.841617 molecules Found: 0 inference error: 0.17719074077184338
timestmap: 1688748467745 smiles: COc1cc(OC)cc(C(=O)NCC2CCCO2)c1 IP_simulate: 12.209761130939626 IP_est: 12.118235 molecules Found: 0 inference error: 0.09152649654021161
timestmap: 1688748468293 smiles: CCCN(CCC)C(=O)c1cc(OC)cc(OC)c1 IP_simulate: 12.361925336237746 IP_est: 12.0801735 molecules Found: 0 inference error: 0.28175184380610574
timestmap: 1688748469406 smiles: CCOc1ccc(C(=O)Nc2cccc(OC)c2)cc1 IP_simulate: 12.102141167815168 IP_est: 11.8705845 molecules Found: 0 inference error: 0.23155667990012851
timestmap: 1688748469683 smiles: COC(=O)CNC(=O)c1cc(OC)cc(OC)c1 IP_simulate: 12.557939952503355 IP_est: 12.448198 molecules Found: 0 inference error: 0.10974163402191017
timestmap: 1688748469821 smiles: COc1ccc(CNC(=O)c2cc(OC)cc(OC)c2)cc1 IP_simulate: 12.043960292870295 IP_est: 11.518166 molecules Found: 0 inference error: 0.5257947044913891
timestmap: 1688748471451 smiles: COc1ccc(C(=O)NCc2ccc(C)cc2)cc1OC IP_simulate: 11.99213911236032 IP_est: 11.511044 molecules Found: 0 inference error: 0.48109556377633567
timestmap: 1688748472776 smiles: COc1ccc(CNC(=O)c2ccc(C)c(C)c2)cc1 IP_simulate: 12.090501793833326 IP_est: 11.588583 molecules Found: 0 inference error: 0.501918801279615
timestmap: 1688748475566 smiles: COc1ccc(C(=O)N2CCC(Cc3ccccc3)CC2)cc1OC IP_simulate: 11.853263082714442 IP_est: 11.446915 molecules Found: 0 inference error: 0.4063484098628791
timestmap: 1688748475745 smiles: CCOc1ccc(C(=O)N(CC)Cc2ccccc2)cc1 IP_simulate: 12.229506522625494 IP_est: 11.977616 molecules Found: 0 inference error: 0.25189021250586485
timestmap: 1688748475955 smiles: Cc1ccc(C(=O)N2CCN(c3ccc(F)cc3)CC2)cc1C IP_simulate: 11.837755760230086 IP_est: 11.889832 molecules Found: 0 inference error: 0.052075782738663534
timestmap: 1688748479489 smiles: Cc1ccc(C(=O)N2CCN(c3ccccc3)CC2)cc1C IP_simulate: 11.683970095517198 IP_est: 11.535433 molecules Found: 0 inference error: 0.1485372799654403
timestmap: 1688748485389 smiles: CCOc1ccc(C(=O)Nc2ccccc2OC)cc1 IP_simulate: 11.975107512583033 IP_est: 11.881162 molecules Found: 0 inference error: 0.09394582282473252
timestmap: 1688748488931 smiles: CCOc1ccc(C(=O)N2CC(C)CC(C)C2)cc1 IP_simulate: 12.214306117744858 IP_est: 12.064004 molecules Found: 0 inference error: 0.15030217334788532
timestmap: 1688748489930 smiles: CCOC(=O)C1CCN(C(=O)c2ccc(OC)c(OC)c2)CC1 IP_simulate: 11.917602446327578 IP_est: 12.062028 molecules Found: 0 inference error: 0.14442548488580087
timestmap: 1688748490385 smiles: CCOc1ccc(C(=O)N2CCc3ccccc32)cc1 IP_simulate: 12.05631377371705 IP_est: 12.027859 molecules Found: 0 inference error: 0.028455039586191333
timestmap: 1688748490808 smiles: CCOc1ccc(C(=O)NCc2ccccc2)cc1 IP_simulate: 12.37216841188081 IP_est: 12.037585 molecules Found: 0 inference error: 0.3345831533969239
timestmap: 1688748491985 smiles: Cc1ccc(C(=O)N(C)Cc2ccccc2)cc1C IP_simulate: 12.444389973190075 IP_est: 11.930777 molecules Found: 0 inference error: 0.5136133771207394
timestmap: 1688748492090 smiles: CCOc1ccc(C(=O)NCCc2ccccc2)cc1 IP_simulate: 12.23615454076902 IP_est: 12.115212 molecules Found: 0 inference error: 0.1209421002782971
timestmap: 1688748494510 smiles: CCOc1ccc(C(=O)N2CCc3ccccc3C2)cc1 IP_simulate: 12.173336160209677 IP_est: 11.934309 molecules Found: 0 inference error: 0.23902715447237277
timestmap: 1688748494514 smiles: CCOc1ccc(C(=O)NCc2ccccc2OC)cc1 IP_simulate: 12.072427875712187 IP_est: 11.824074 molecules Found: 0 inference error: 0.2483540842082803
timestmap: 1688748495816 smiles: CCOC(=O)c1ccc(NC(=O)c2cccc(OC)c2)cc1 IP_simulate: 12.456122152225136 IP_est: 11.8576765 molecules Found: 0 inference error: 0.5984456461826557
timestmap: 1688748497330 smiles: COC(=O)c1ccccc1NC(=O)c1cccc(OC)c1 IP_simulate: 12.533722454310912 IP_est: 12.084663 molecules Found: 0 inference error: 0.44905906319763034
timestmap: 1688748507346 smiles: COc1cccc(C(=O)NC(C)c2ccccc2)c1 IP_simulate: 12.263895105743645 IP_est: 12.011197 molecules Found: 0 inference error: 0.25269801559471894
timestmap: 1688748509876 smiles: COc1cccc(C(=O)NCc2ccc(C)cc2)c1 IP_simulate: 12.24181444683935 IP_est: 11.811189 molecules Found: 0 inference error: 0.43062574902440787
timestmap: 1688748510942 smiles: CC(=O)Oc1ccc(C(=O)NCc2cccnc2)cc1 IP_simulate: 12.41791159868263 IP_est: 12.411921 molecules Found: 0 inference error: 0.0059910511972791625
timestmap: 1688748511192 smiles: CC(=O)Oc1ccc(C(=O)Nc2cccc(C)n2)cc1 IP_simulate: 12.533318131410496 IP_est: 12.064749 molecules Found: 0 inference error: 0.4685693673724103
timestmap: 1688748517796 smiles: CCOc1ccccc1NC(=O)c1ccc(N(C)C)cc1 IP_simulate: 11.419011921981307 IP_est: 11.640811 molecules Found: 0 inference error: 0.22179904451039256
timestmap: 1688748518062 smiles: COC(=O)c1ccc(NC(=O)c2ccc(N(C)C)cc2)cc1 IP_simulate: 11.843602626842495 IP_est: 11.688946 molecules Found: 0 inference error: 0.1546568565788231
timestmap: 1688748518378 smiles: CCOC(=O)C1CCN(C(=O)c2ccc(OCC)cc2)CC1 IP_simulate: 12.160620354991796 IP_est: 12.353946 molecules Found: 0 inference error: 0.1933253771249035
timestmap: 1688748519810 smiles: CC(=O)Oc1ccc(C(=O)NCC2CCCO2)cc1 IP_simulate: 12.612710022995579 IP_est: 12.29063 molecules Found: 0 inference error: 0.32207968241940677
timestmap: 1688748522312 smiles: CCOc1ccccc1NC(=O)c1ccc(NC(C)=O)cc1 IP_simulate: 11.996977405469197 IP_est: 11.830903 molecules Found: 0 inference error: 0.1660743521855057
timestmap: 1688748523415 smiles: CC(=O)Nc1ccc(C(=O)N(C)c2ccccc2)cc1 IP_simulate: 12.265997800022479 IP_est: 12.128961 molecules Found: 0 inference error: 0.1370371905864438
timestmap: 1688748523604 smiles: CC(=O)Nc1ccc(C(=O)Nc2ccccc2C(C)C)cc1 IP_simulate: 12.171077348572721 IP_est: 11.696912 molecules Found: 0 inference error: 0.474165536744108
timestmap: 1688748523747 smiles: CC(=O)Nc1ccc(C(=O)Nc2cccc(C)c2C)cc1 IP_simulate: 12.140918274759498 IP_est: 11.885868 molecules Found: 0 inference error: 0.2550502022497323
timestmap: 1688748529385 smiles: CCOC(=O)c1ccc(NC(=O)c2ccc(NC(C)=O)cc2)cc1 IP_simulate: 12.43036183781056 IP_est: 11.748279 molecules Found: 0 inference error: 0.6820832199516733
timestmap: 1688748531890 smiles: Cc1ccc(CNC(=O)c2ccc(N(C)C)cc2)cc1 IP_simulate: 11.623304894788927 IP_est: 11.537458 molecules Found: 0 inference error: 0.0858464749891219
timestmap: 1688748533684 smiles: CCCN(CCC)C(=O)c1ccc(OC(C)=O)cc1 IP_simulate: 12.686915027177642 IP_est: 12.287708 molecules Found: 0 inference error: 0.3992067447069392
timestmap: 1688748540411 smiles: CC(=O)Nc1ccc(C(=O)NC(C)c2ccccc2)cc1 IP_simulate: 12.208820576795015 IP_est: 12.115041 molecules Found: 0 inference error: 0.09377979768124511
timestmap: 1688748540681 smiles: CC(=O)Nc1ccc(C(=O)NC2CCCCC2)cc1 IP_simulate: 12.394467469003725 IP_est: 12.1481495 molecules Found: 0 inference error: 0.24631797864728
timestmap: 1688748541299 smiles: COc1ccccc1NC(=O)c1ccc(NC(C)=O)cc1 IP_simulate: 12.022559352786951 IP_est: 11.571727 molecules Found: 0 inference error: 0.4508325537757205
timestmap: 1688748542045 smiles: CC(=O)Nc1ccc(C(=O)NCc2cccnc2)cc1 IP_simulate: 12.178256415359916 IP_est: 12.140074 molecules Found: 0 inference error: 0.038182639114799244
timestmap: 1688748544457 smiles: CCN(C(=O)c1ccc(NC(C)=O)cc1)c1ccccc1C IP_simulate: 12.25639549249022 IP_est: 11.935301 molecules Found: 0 inference error: 0.32109466546385335
timestmap: 1688748544559 smiles: CC(=O)Nc1ccc(C(=O)Nc2cccc(C)c2)cc1 IP_simulate: 12.22260139632606 IP_est: 11.937421 molecules Found: 0 inference error: 0.28518055129432085
timestmap: 1688748547216 smiles: CC(=O)Nc1ccc(C(=O)N2CCc3ccccc32)cc1 IP_simulate: 12.10276023678838 IP_est: 12.138809 molecules Found: 0 inference error: 0.036048967313181635
timestmap: 1688748550046 smiles: CC(=O)Nc1ccc(C(=O)N2CCCc3ccccc32)cc1 IP_simulate: 12.07845768153248 IP_est: 12.032802 molecules Found: 0 inference error: 0.04565605341968748
timestmap: 1688748550204 smiles: CC(=O)Nc1ccc(C(=O)NC2CCCCCC2)cc1 IP_simulate: 12.423094952150416 IP_est: 12.101448 molecules Found: 0 inference error: 0.3216468930683849
timestmap: 1688748550685 smiles: CC(=O)Nc1ccc(C(=O)Nc2cccnc2)cc1 IP_simulate: 12.271881782984533 IP_est: 12.358708 molecules Found: 0 inference error: 0.08682659866829923
timestmap: 1688748552530 smiles: CC(=O)Nc1ccc(C(=O)Nc2ccccc2C)cc1 IP_simulate: 12.23478404268691 IP_est: 11.981541 molecules Found: 0 inference error: 0.2532433627552688
timestmap: 1688748559082 smiles: CC(=O)Nc1ccc(C(=O)Nc2ccc(C)cc2C)cc1 IP_simulate: 12.003482316693006 IP_est: 11.757311 molecules Found: 0 inference error: 0.24617144938343571
timestmap: 1688748563865 smiles: CCN(C(=O)c1ccc(NC(C)=O)cc1)c1ccccc1 IP_simulate: 12.191851650975696 IP_est: 12.077853 molecules Found: 0 inference error: 0.11399844815587201
timestmap: 1688748567236 smiles: CC(=O)Nc1ccc(C(=O)N(C)Cc2ccccc2)cc1 IP_simulate: 12.330730840452546 IP_est: 12.038437 molecules Found: 0 inference error: 0.29229395080410825
timestmap: 1688748567456 smiles: CC(=O)Oc1ccccc1C(=O)Nc1ccccc1C IP_simulate: 12.59247851803726 IP_est: 12.256268 molecules Found: 0 inference error: 0.3362109704298373
timestmap: 1688748567747 smiles: CC(=O)Nc1ccc(C(=O)N2CCCCC2C)cc1 IP_simulate: 12.356641671515874 IP_est: 12.176369 molecules Found: 0 inference error: 0.18027295813696753
timestmap: 1688748572927 smiles: CC(=O)Nc1ccc(C(=O)N2CCC(Cc3ccccc3)CC2)cc1 IP_simulate: 12.106570055802694 IP_est: 11.708732 molecules Found: 0 inference error: 0.3978384044965413
timestmap: 1688748574952 smiles: CC(=O)Oc1ccccc1C(=O)NCC1CCCO1 IP_simulate: 12.755093377880256 IP_est: 12.516052 molecules Found: 0 inference error: 0.23904113178650555
timestmap: 1688748579551 smiles: CC(=O)Oc1ccccc1C(=O)NCCc1ccccc1 IP_simulate: 12.673957213662726 IP_est: 12.334176 molecules Found: 0 inference error: 0.33978115012512866
timestmap: 1688748582304 smiles: CCOc1ccc(C(=O)Nc2ccccc2OC)cc1OCC IP_simulate: 11.693211802315101 IP_est: 11.632849 molecules Found: 0 inference error: 0.06036306269107783
timestmap: 1688748586391 smiles: CC(C)(C)c1ccc(C(=O)NCc2cccnc2)cc1 IP_simulate: 12.311566267213404 IP_est: 11.810268 molecules Found: 0 inference error: 0.5012978651137949
timestmap: 1688748587937 smiles: CC(=O)Oc1ccccc1C(=O)n1cnc2ccccc21 IP_simulate: 13.075805652325341 IP_est: 12.3969145 molecules Found: 0 inference error: 0.678891170208642
timestmap: 1688748590927 smiles: CC(=O)Oc1ccccc1C(=O)N1CC(C)OC(C)C1 IP_simulate: 12.779404521443372 IP_est: 12.426232 molecules Found: 0 inference error: 0.3531721834917114
timestmap: 1688748595595 smiles: COc1ccc(CC(=O)Nc2ccccc2C(F)(F)F)cc1OC IP_simulate: 12.099443715117527 IP_est: 11.990144 molecules Found: 0 inference error: 0.10929993917758551
timestmap: 1688748597967 smiles: COc1ccc(CC(=O)N2CCc3ccccc32)cc1OC IP_simulate: 11.585729100984086 IP_est: 11.642064 molecules Found: 0 inference error: 0.05633499355937133
timestmap: 1688748598999 smiles: C=CCN(CC=C)C(=O)c1ccccc1OC(C)=O IP_simulate: 12.043748093410466 IP_est: 12.199223 molecules Found: 0 inference error: 0.1554744712867997
timestmap: 1688748600909 smiles: CCc1cccc(C)c1NC(=O)Cc1ccc(OC)c(OC)c1 IP_simulate: 11.82441767587398 IP_est: 11.628174 molecules Found: 0 inference error: 0.1962438477489794
timestmap: 1688748602211 smiles: COc1ccc(CC(=O)N2CCCCCC2)cc1OC IP_simulate: 11.722595253915939 IP_est: 11.737183 molecules Found: 0 inference error: 0.01458736327156096
timestmap: 1688748603661 smiles: CCOc1ccc(C(=O)N2CC(C)OC(C)C2)cc1OCC IP_simulate: 11.993178101263423 IP_est: 11.924782 molecules Found: 0 inference error: 0.06839630194701662
timestmap: 1688748610752 smiles: COc1ccccc1CC(=O)Nc1ccc(C)cc1 IP_simulate: 12.073774028685408 IP_est: 11.889471 molecules Found: 0 inference error: 0.18430297460825962
timestmap: 1688748611424 smiles: O=C(Nc1ccccc1F)c1ccc2c(c1)OCO2 IP_simulate: 12.499750302250183 IP_est: 12.5857525 molecules Found: 0 inference error: 0.08600218493243439
timestmap: 1688748614748 smiles: COc1cccc(NC(=O)c2ccc3c(c2)OCO3)c1 IP_simulate: 12.127571725193645 IP_est: 11.752972 molecules Found: 0 inference error: 0.37460007602372336
timestmap: 1688748616496 smiles: O=C(CC(c1ccccc1)c1ccccc1)Nc1ccncc1 IP_simulate: 12.139894801631534 IP_est: 11.903452 molecules Found: 0 inference error: 0.2364428820758704
timestmap: 1688748616947 smiles: O=C(CC(c1ccccc1)c1ccccc1)Nc1cccnc1 IP_simulate: 12.257411635988799 IP_est: 11.90816 molecules Found: 0 inference error: 0.3492514263330371
timestmap: 1688748617458 smiles: O=C(Nc1ccc(F)cc1)c1ccc2c(c1)OCO2 IP_simulate: 12.477861105090971 IP_est: 12.392763 molecules Found: 0 inference error: 0.08509796727358854
timestmap: 1688748618069 smiles: CC(=O)Oc1ccccc1C(=O)N1CC(C)CC(C)C1 IP_simulate: 12.635636706895683 IP_est: 12.247511 molecules Found: 0 inference error: 0.3881257968615035
timestmap: 1688748625216 smiles: COc1ccccc1CC(=O)N1CC(C)OC(C)C1 IP_simulate: 12.131991071192406 IP_est: 12.15508 molecules Found: 0 inference error: 0.02308877042136359
timestmap: 1688748627374 smiles: CCc1cccc(C)c1NC(=O)c1ccc2c(c1)OCO2 IP_simulate: 12.19909413845878 IP_est: 11.693032 molecules Found: 0 inference error: 0.5060618737493066
timestmap: 1688748628615 smiles: CCOc1ccccc1NC(=O)c1ccc2c(c1)OCO2 IP_simulate: 11.995628241347314 IP_est: 11.94636 molecules Found: 0 inference error: 0.049268606947899585
timestmap: 1688748629486 smiles: CCOc1ccc(NC(=O)c2ccc3c(c2)OCO3)cc1 IP_simulate: 11.878463071157249 IP_est: 11.718418 molecules Found: 0 inference error: 0.16004494981935835
timestmap: 1688748630894 smiles: CCc1cccc(C)c1NC(=O)Cc1ccccc1OC IP_simulate: 12.104183253709664 IP_est: 11.610575 molecules Found: 0 inference error: 0.4936085314196248
timestmap: 1688748634350 smiles: CCOC(=O)C1CCN(C(=O)c2ccccc2OC(C)=O)CC1 IP_simulate: 12.64200387431919 IP_est: 12.448737 molecules Found: 0 inference error: 0.19326672984897542
timestmap: 1688748639345 smiles: COC(=O)c1ccccc1NC(=O)c1ccc2c(c1)OCO2 IP_simulate: 12.477640120897487 IP_est: 11.983566 molecules Found: 0 inference error: 0.49407383671779925
timestmap: 1688748640173 smiles: COc1ccc(NC(=O)c2ccc3c(c2)OCO3)cc1 IP_simulate: 11.931181975595598 IP_est: 11.92178 molecules Found: 0 inference error: 0.009402343027238302
timestmap: 1688748642675 smiles: COc1ccccc1NC(=O)c1ccc2c(c1)OCO2 IP_simulate: 12.049230352566825 IP_est: 11.75184 molecules Found: 0 inference error: 0.2973907148104775
timestmap: 1688748642973 smiles: COc1ccccc1NC(=O)Cc1ccc(OC)c(OC)c1 IP_simulate: 11.667953185274008 IP_est: 11.5876465 molecules Found: 0 inference error: 0.08030670089900838
timestmap: 1688748644683 smiles: CC1CC(C)CN(C(=O)c2ccc3c(c2)OCO3)C1 IP_simulate: 12.319102469769463 IP_est: 12.202775 molecules Found: 0 inference error: 0.11632746824358442
timestmap: 1688748645484 smiles: O=C(CC(c1ccccc1)c1ccccc1)NCc1ccccn1 IP_simulate: 12.207491261405963 IP_est: 11.920691 molecules Found: 0 inference error: 0.2868007249069393
timestmap: 1688748646167 smiles: COc1ccccc1CC(=O)NCc1ccc(C)cc1 IP_simulate: 12.003030793789637 IP_est: 11.832981 molecules Found: 0 inference error: 0.17004968417049682
timestmap: 1688748646533 smiles: O=C(c1ccc2c(c1)OCO2)N1CCc2ccccc2C1 IP_simulate: 12.296251464287591 IP_est: 12.010902 molecules Found: 0 inference error: 0.28534905950243505
timestmap: 1688748651680 smiles: CC(NC(=O)c1ccc2c(c1)OCO2)c1ccccc1 IP_simulate: 12.267930228843413 IP_est: 12.186357 molecules Found: 0 inference error: 0.08157368434878443
timestmap: 1688748656599 smiles: O=C(NCc1ccccn1)c1ccc2c(c1)OCO2 IP_simulate: 12.205971200589449 IP_est: 12.25083 molecules Found: 0 inference error: 0.04485849606582448
timestmap: 1688748659966 smiles: O=C(c1ccc2c(c1)OCO2)N1CCc2ccccc21 IP_simulate: 12.138298658097096 IP_est: 12.108506 molecules Found: 0 inference error: 0.029792455399341833
timestmap: 1688748660782 smiles: O=C(c1ccc2c(c1)OCO2)N(Cc1ccccc1)c1ccccn1 IP_simulate: 11.947401147057706 IP_est: 11.974763 molecules Found: 0 inference error: 0.027361769507235678
timestmap: 1688748663135 smiles: O=C(c1ccc2c(c1)OCO2)N1CCC(Cc2ccccc2)CC1 IP_simulate: 12.121258261602796 IP_est: 11.820407 molecules Found: 0 inference error: 0.3008513478454713
timestmap: 1688748663901 smiles: CN(Cc1ccccc1)C(=O)c1ccc2c(c1)OCO2 IP_simulate: 12.341902218438213 IP_est: 11.967935 molecules Found: 0 inference error: 0.3739676099787399
timestmap: 1688748665007 smiles: O=C(NCCc1ccccc1)c1ccc2c(c1)OCO2 IP_simulate: 12.26732675452612 IP_est: 12.099012 molecules Found: 0 inference error: 0.16831437964819074
timestmap: 1688748666729 smiles: COc1ccc(NC(=O)Cc2ccc(OC)c(OC)c2)c(OC)c1 IP_simulate: 11.451755888373617 IP_est: 11.395686 molecules Found: 0 inference error: 0.05606973877644883
timestmap: 1688748670455 smiles: O=C(CC(c1ccccc1)c1ccccc1)NCC1CCCO1 IP_simulate: 12.151236721965851 IP_est: 12.066933 molecules Found: 0 inference error: 0.08430404374319522
timestmap: 1688748674994 smiles: CCOC(=O)C1CCN(C(=O)c2ccc3c(c2)OCO3)CC1 IP_simulate: 12.238141467806825 IP_est: 12.407721 molecules Found: 0 inference error: 0.16957909798907345
timestmap: 1688748675184 smiles: COc1cc(C(=O)Nc2cccc(F)c2)cc(OC)c1OC IP_simulate: 12.034503227964498 IP_est: 11.8216915 molecules Found: 0 inference error: 0.21281171490297446
timestmap: 1688748677641 smiles: COc1ccc(CNC(=O)N2CCOCC2)cc1 IP_simulate: 12.163003882162371 IP_est: 11.7166195 molecules Found: 0 inference error: 0.44638439058522295
timestmap: 1688748677894 smiles: CCN(CC)C(=O)C1c2ccccc2Oc2ccccc21 IP_simulate: 11.92792341110306 IP_est: 11.85529 molecules Found: 0 inference error: 0.07263299820022873
timestmap: 1688748682541 smiles: CCN(Cc1ccccc1)C(=O)c1cc(OC)c(OC)c(OC)c1 IP_simulate: 11.809471686704123 IP_est: 11.520837 molecules Found: 0 inference error: 0.288634856564963
timestmap: 1688748682808 smiles: COc1cc(C(=O)NCc2cccnc2)cc(OC)c1OC IP_simulate: 11.728227620363937 IP_est: 11.37158 molecules Found: 0 inference error: 0.35664749646256944
timestmap: 1688748682886 smiles: COc1cc(C(=O)N(C)Cc2ccccc2)cc(OC)c1OC IP_simulate: 11.829241656119581 IP_est: 11.541729 molecules Found: 0 inference error: 0.2875126827309096
timestmap: 1688748689330 smiles: COc1ccc(C(=O)Nc2ccc(C)cn2)c(OC)c1 IP_simulate: 11.756224098095737 IP_est: 11.627386 molecules Found: 0 inference error: 0.12883800495608888
timestmap: 1688748690179 smiles: CCOC(=O)N1CCN(C(=O)N2CCOCC2)CC1 IP_simulate: 12.382471910451203 IP_est: 12.358237 molecules Found: 0 inference error: 0.024234643910675757
timestmap: 1688748694289 smiles: O=C(N1CCOCC1)N1CCC(Cc2ccccc2)CC1 IP_simulate: 12.12569526790536 IP_est: 11.950981 molecules Found: 0 inference error: 0.1747141277686417
timestmap: 1688748694409 smiles: COc1ccccc1CNC(=O)N1CCOCC1 IP_simulate: 12.156296743311243 IP_est: 12.04684 molecules Found: 0 inference error: 0.10945702926095002
timestmap: 1688748695963 smiles: Cc1ccc(NC(=O)c2ccc3c(c2)OCO3)nc1 IP_simulate: 12.242895818137596 IP_est: 12.251722 molecules Found: 0 inference error: 0.008826517677833934
timestmap: 1688748697139 smiles: CCC(C)c1ccc(NC(=O)N2CCOCC2)cc1 IP_simulate: 12.037672204828477 IP_est: 11.944565 molecules Found: 0 inference error: 0.09310738549253905
timestmap: 1688748697388 smiles: COc1ccc(C(=O)Nc2ccc(C)cn2)cc1OC IP_simulate: 11.780153373313942 IP_est: 11.569176 molecules Found: 0 inference error: 0.2109776530990981
timestmap: 1688748697521 smiles: COc1cc(OC)cc(C(=O)Nc2ccc(C)cn2)c1 IP_simulate: 12.094765533577647 IP_est: 12.046967 molecules Found: 0 inference error: 0.04779898084327172
timestmap: 1688748698886 smiles: CCOc1cc(C(=O)N(C)C)cc(OCC)c1OCC IP_simulate: 11.847590570249215 IP_est: 11.787811 molecules Found: 0 inference error: 0.05977929095234025
timestmap: 1688748699989 smiles: CC(=O)Oc1ccc(C(=O)Nc2ccc(C#N)cc2)cc1 IP_simulate: 12.91997611404281 IP_est: 12.545216 molecules Found: 0 inference error: 0.37476050735335775
timestmap: 1688748702411 smiles: CC(=O)Nc1ccc(C(=O)Nc2ccc(C)cn2)cc1 IP_simulate: 12.262585406546954 IP_est: 12.095663 molecules Found: 0 inference error: 0.166922335868243
timestmap: 1688748705486 smiles: COc1ccc(C)cc1NC(=O)c1ccccc1OC(C)=O IP_simulate: 12.16523964305577 IP_est: 11.903132 molecules Found: 0 inference error: 0.26210720439610213
timestmap: 1688748709764 smiles: NC(=O)c1ccccc1NC(=O)Cc1ccccc1 IP_simulate: 12.379533541153936 IP_est: 12.04235 molecules Found: 0 inference error: 0.3371837257852839
timestmap: 1688748711681 smiles: COc1ccc(C)cc1NC(=O)c1ccc(OC(C)=O)cc1 IP_simulate: 12.073590599673503 IP_est: 11.866542 molecules Found: 0 inference error: 0.20704873718571015
timestmap: 1688748713613 smiles: Cc1ccc(C(=O)Nc2ccc(C(N)=O)cc2)cc1C IP_simulate: 12.401609708859274 IP_est: 11.539808 molecules Found: 0 inference error: 0.8618014355438444
timestmap: 1688748713626 smiles: COc1cc(C(=O)Nc2ccccc2C#N)cc(OC)c1OC IP_simulate: 12.040978627245115 IP_est: 11.492353 molecules Found: 0 inference error: 0.5486251879140607
timestmap: 1688748714347 smiles: Cc1cc2ncn(C(=O)N3CCOCC3)c2cc1C IP_simulate: 12.451306274278933 IP_est: 11.808957 molecules Found: 0 inference error: 0.6423491743643819
timestmap: 1688748721212 smiles: CC(=O)Nc1ccc(C(=O)Nc2ccc(C(N)=O)cc2)cc1 IP_simulate: 12.337003949667224 IP_est: 11.870843 molecules Found: 0 inference error: 0.466161016012439
timestmap: 1688748723744 smiles: CC(=O)Nc1ccc(NC(=O)N2CCOCC2)cc1 IP_simulate: 11.90778063721593 IP_est: 11.910151 molecules Found: 0 inference error: 0.0023698907381710654
timestmap: 1688748724615 smiles: CCOC(=O)C1CCN(C(=O)N2CCOCC2)CC1 IP_simulate: 12.169930185984123 IP_est: 12.508478 molecules Found: 0 inference error: 0.33854797868872843
timestmap: 1688748725930 smiles: CCCC(C)NC(=O)c1ccc(OC)c(OC)c1 IP_simulate: 12.184029862547215 IP_est: 12.108173 molecules Found: 0 inference error: 0.07585649218588664
timestmap: 1688748726085 smiles: COc1ccccc1CC(=O)Nc1ccc(C(N)=O)cc1 IP_simulate: 12.164239132463251 IP_est: 11.665991 molecules Found: 0 inference error: 0.49824830299547784
timestmap: 1688748727075 smiles: CC(=O)Oc1ccccc1C(=O)Nc1ccc(C(N)=O)cc1 IP_simulate: 12.674646410379149 IP_est: 11.900517 molecules Found: 0 inference error: 0.7741289466950665
timestmap: 1688748733349 smiles: CCCC(C)C(=O)Nc1ccc(OC)cc1OC IP_simulate: 11.902676254723184 IP_est: 12.192983 molecules Found: 0 inference error: 0.2903064189218352
timestmap: 1688748733402 smiles: CC(=O)Nc1ccc(NC(=O)c2ccc(N(C)C)cc2)cc1 IP_simulate: 11.40537419414185 IP_est: 11.281785 molecules Found: 0 inference error: 0.12358918285034548
timestmap: 1688748740397 smiles: CC(=O)Nc1ccc(C(=O)Nc2c(C)cc(C)cc2C)cc1 IP_simulate: 11.962741452448071 IP_est: 11.90557 molecules Found: 0 inference error: 0.057171422235668956
timestmap: 1688748744776 smiles: COc1ccccc1CC(=O)Nc1c(C)cc(C)cc1C IP_simulate: 11.997870666923243 IP_est: 11.815235 molecules Found: 0 inference error: 0.18263552898378954
timestmap: 1688748745303 smiles: CC(Oc1ccccc1)C(=O)Nc1ccccc1F IP_simulate: 12.292813625794262 IP_est: 12.5066595 molecules Found: 0 inference error: 0.21384588195720333
timestmap: 1688748746193 smiles: CCC(C)(C)C(=O)N1CCN(c2ccccc2)CC1 IP_simulate: 11.81291979795935 IP_est: 12.011634 molecules Found: 0 inference error: 0.19871407502649063
timestmap: 1688748747238 smiles: CCC(C(=O)NCc1ccccn1)c1ccccc1 IP_simulate: 12.280169780248348 IP_est: 12.2337475 molecules Found: 0 inference error: 0.0464222979485438
timestmap: 1688748750647 smiles: CC(C)CC(=O)N1CCN(c2ccc(F)cc2)CC1 IP_simulate: 11.898951230726876 IP_est: 12.23575 molecules Found: 0 inference error: 0.3367989676373817
timestmap: 1688748753995 smiles: CCC(C)C(=O)N1CCN(c2ccc(F)cc2)CC1 IP_simulate: 12.014799410034165 IP_est: 12.269019 molecules Found: 0 inference error: 0.254219716857925
timestmap: 1688748755330 smiles: Cc1cc(C)c(NC(=O)c2ccc(N(C)C)cc2)c(C)c1 IP_simulate: 11.421467828102253 IP_est: 11.558521 molecules Found: 0 inference error: 0.13705344264969987
timestmap: 1688748756895 smiles: CC(Oc1ccccc1)C(=O)Nc1ccc(F)cc1 IP_simulate: 12.543033146424404 IP_est: 12.434458 molecules Found: 0 inference error: 0.10857536749374042
timestmap: 1688748761129 smiles: CC(C)CC(=O)N(Cc1ccccc1)c1ccccn1 IP_simulate: 12.495393922150777 IP_est: 12.071667 molecules Found: 0 inference error: 0.42372720462148017
timestmap: 1688748761314 smiles: CC(Oc1ccccc1)C(=O)N(C)c1ccccc1 IP_simulate: 12.14485499462683 IP_est: 12.102517 molecules Found: 0 inference error: 0.042337866636106725
timestmap: 1688748764304 smiles: NC(=O)c1ccccc1NC(=O)CC(c1ccccc1)c1ccccc1 IP_simulate: 12.269725902805403 IP_est: 11.54039 molecules Found: 0 inference error: 0.7293358881569656
timestmap: 1688748766249 smiles: CC(=O)c1ccc(NC(=O)C(C)Oc2ccccc2)cc1 IP_simulate: 12.373174181639484 IP_est: 12.237673 molecules Found: 0 inference error: 0.13550137585335165
timestmap: 1688748768365 smiles: COc1ccccc1CNC(=O)C(C)Oc1ccccc1 IP_simulate: 11.947646512467916 IP_est: 12.019691 molecules Found: 0 inference error: 0.07204495481724038
timestmap: 1688748768550 smiles: CCN(Cc1ccccc1)C(=O)C(C)Oc1ccccc1 IP_simulate: 12.204886061649997 IP_est: 12.029514 molecules Found: 0 inference error: 0.1753717489058566
timestmap: 1688748770322 smiles: CC(Oc1ccccc1)C(=O)Nc1ccc(F)c(F)c1 IP_simulate: 12.726639451957096 IP_est: 12.589202 molecules Found: 0 inference error: 0.13743752477203763
timestmap: 1688748770430 smiles: CC(C)N(Cc1ccccc1)C(=O)COc1ccccc1 IP_simulate: 11.916498558073691 IP_est: 11.953073 molecules Found: 0 inference error: 0.036573989838906584
timestmap: 1688748773153 smiles: CCC(C(=O)NCc1cccnc1)c1ccccc1 IP_simulate: 12.263105601382566 IP_est: 12.182524 molecules Found: 0 inference error: 0.08058187396557415
timestmap: 1688748777072 smiles: Cc1cccc(C)c1NC(=O)C(C)Oc1ccccc1 IP_simulate: 12.052507914307132 IP_est: 12.006495 molecules Found: 0 inference error: 0.046012438538088674
timestmap: 1688748780600 smiles: CCOC(=O)C1CCN(C(=O)COc2ccccc2)CC1 IP_simulate: 12.172382698152427 IP_est: 12.451854 molecules Found: 0 inference error: 0.27947105398380323
timestmap: 1688748781199 smiles: COc1ccc(OC)c(NC(=O)CC(C)(C)C)c1 IP_simulate: 11.958938640861158 IP_est: 11.961911 molecules Found: 0 inference error: 0.0029725606158930162
timestmap: 1688748782714 smiles: CN(Cc1ccccc1)C(=O)CCc1ccccc1 IP_simulate: 12.402140952788626 IP_est: 12.014308 molecules Found: 0 inference error: 0.38783297701958297
timestmap: 1688748783798 smiles: CCC(C(=O)N1CC(C)OC(C)C1)c1ccccc1 IP_simulate: 12.4984700470691 IP_est: 12.156454 molecules Found: 0 inference error: 0.342015960765389
timestmap: 1688748784246 smiles: CCOC(=O)C1CCN(C(=O)CCc2ccccc2)CC1 IP_simulate: 12.31196355865068 IP_est: 12.295011 molecules Found: 0 inference error: 0.016952991939254147
timestmap: 1688748788205 smiles: CCCC(C)C(=O)Nc1cc(OC)ccc1OC IP_simulate: 11.970962929062743 IP_est: 12.262583 molecules Found: 0 inference error: 0.2916198498679208
timestmap: 1688748788352 smiles: CCC(C(=O)Nc1cccc(C)n1)c1ccccc1 IP_simulate: 12.404792368528643 IP_est: 12.134827 molecules Found: 0 inference error: 0.26996570837239275
timestmap: 1688748790330 smiles: Cc1ccc(CNC(=O)C(C)Oc2ccccc2)cc1 IP_simulate: 12.002159961062437 IP_est: 12.068051 molecules Found: 0 inference error: 0.06589137713336335
