timestmap: 1687982333173 smiles: Cc1nc(NCc2ccccc2F)ncc1C(=O)NC1CCCC1 IP_simulate: 12.20134287665857 molecules Found: 0
timestmap: 1687982350175 smiles: COc1cc(OC)cc(C(=O)N(CCO)CCO)c1 IP_simulate: 12.262583922719209 molecules Found: 0
timestmap: 1687982371930 smiles: COCC(=O)N1Cc2ccc(C(O)c3ccco3)cc2C1 IP_simulate: 12.147205567841114 molecules Found: 0
timestmap: 1687982401805 smiles: Cc1nc(N2CC(c3ccccn3)C2)cc(-n2cccn2)n1 IP_simulate: 11.851639248388318 molecules Found: 0
timestmap: 1687982456755 smiles: CC(C)C(=O)N1CCN(c2cc(Oc3ccccc3)ncn2)CC1C IP_simulate: 12.007422115456585 molecules Found: 0
timestmap: 1687982510123 smiles: CCN(C(=O)CC(NC(C)=O)c1ccc(C)cc1)c1cccc(F)c1 IP_simulate: 12.311754498945092 molecules Found: 0
timestmap: 1687982548261 smiles: O=C(NCCN1CCOCC1)Nc1cccc(OC(F)F)c1 IP_simulate: 11.955786405094056 molecules Found: 0
timestmap: 1687982585744 smiles: N#Cc1ccc(CN2CCN(C(=O)c3cc(F)cc(F)c3)CC2)cc1 IP_simulate: 12.442228709593032 molecules Found: 0
timestmap: 1687982627686 smiles: COc1cc(CNC(=O)CCc2ccc3c(c2)OCO3)ccn1 IP_simulate: 11.879235991756884 molecules Found: 0
timestmap: 1687982652120 smiles: COCCNC(=O)c1cccc(-n2c(C)nc3cccnc32)c1 IP_simulate: 12.019187505394402 molecules Found: 0
timestmap: 1687982689132 smiles: CCn1c2ccccc2c2cc(CNc3ncn[nH]3)ccc21 IP_simulate: 11.699438015202341 molecules Found: 0
timestmap: 1687982740585 smiles: Cc1ccc(CNC(=O)NCC(=O)NCC(C)C)cc1 IP_simulate: 12.229009232850158 molecules Found: 0
timestmap: 1687982782601 smiles: CCCNC(=O)CNC(=O)N1CCCC1C1CCCC1 IP_simulate: 12.30706195791072 molecules Found: 0
timestmap: 1687982820744 smiles: CC(C)c1cc(C(=O)NCCNC(=O)c2ccc(F)cc2F)on1 IP_simulate: 12.899291154124315 molecules Found: 0
timestmap: 1687982856167 smiles: Cn1nc(COc2ccccc2)c2c1CCN(Cc1ccco1)C2 IP_simulate: 11.664879190764495 molecules Found: 0
timestmap: 1687982880157 smiles: CC1Cc2ccccc2N1C(=O)c1cccc(OCC(F)F)n1 IP_simulate: 12.250502134818744 molecules Found: 0
timestmap: 1687982921523 smiles: Cc1occc1C(=O)N1CCc2[nH]nc(COc3ccccc3)c2C1 IP_simulate: 12.086097399446352 molecules Found: 0
timestmap: 1687982955996 smiles: O=C(c1cccnc1)N1CCCCC1c1nncn1Cc1ccccc1 IP_simulate: 12.127768522391511 molecules Found: 0
timestmap: 1687982976897 smiles: Cc1ccccc1C1CC(=O)c2cnc3nc(-c4ccco4)nn3c2C1 IP_simulate: 12.444036190718457 molecules Found: 0
timestmap: 1687983026339 smiles: Cc1cccc(CNCC(=O)Nc2c(C)cccc2C)c1C IP_simulate: 11.899857445392804 molecules Found: 0
timestmap: 1687983059947 smiles: COc1cc(N)c(NC(=O)CC2CCCCC2)cc1OC IP_simulate: 11.33533694991197 molecules Found: 0
timestmap: 1687983091544 smiles: O=C(Cc1ccc(N2CCCC2=O)cc1)Nc1cn[nH]c1 IP_simulate: 12.069589872389733 molecules Found: 0
timestmap: 1687983147722 smiles: Cc1nc2ncccc2c(=O)n1-c1cccc(NC(=O)C2CCCC2)c1 IP_simulate: 12.084263026683947 molecules Found: 0
timestmap: 1687983160687 smiles: COc1ccc(NC(=O)c2ccccn2)c2cccnc12 IP_simulate: 11.836163186557744 molecules Found: 0
timestmap: 1687983192758 smiles: CCOC(=O)N1CCC(NC(=O)c2cnc3[nH]nc(C)c3c2)CC1 IP_simulate: 12.272248064469526 molecules Found: 0
timestmap: 1687983213981 smiles: COc1cccc2cc(C(=O)NC(C)C(N)=O)oc12 IP_simulate: 12.281093386931916 molecules Found: 0
timestmap: 1687983258177 smiles: CCC(OC)C(=O)NCCNC(=O)c1cccc(C)c1 IP_simulate: 12.314242318250411 molecules Found: 0
timestmap: 1687983279692 smiles: CCCn1cc(C(=O)NC(C)(C)C)c2ccccc21 IP_simulate: 12.11323229546334 molecules Found: 0
timestmap: 1687983311567 smiles: CC(=O)c1ccc(C(=O)NCc2cn(-c3ccccc3)nn2)cc1 IP_simulate: 12.46211205994645 molecules Found: 0
timestmap: 1687983324815 smiles: CN1C(=O)C(C)(C)c2cc(-c3nccnc3C#N)ccc21 IP_simulate: 12.310836998745696 molecules Found: 0
timestmap: 1687983358723 smiles: CC(C)CCN(C)C(=O)NCC(C)Cn1cccn1 IP_simulate: 12.015861242449875 molecules Found: 0
timestmap: 1687983413167 smiles: CC(C(=O)NCC(C)(C)c1ccc2c(c1)OCO2)n1ccnc1 IP_simulate: 12.103495096979778 molecules Found: 0
timestmap: 1687983453876 smiles: CCOc1ccc(C(=O)N(C)C(C)c2ccccc2F)cc1OC IP_simulate: 11.878742022618558 molecules Found: 0
timestmap: 1687983500204 smiles: CCN(Cc1cnn(C)c1)C(=O)Nc1ncccc1C IP_simulate: 11.880502891232265 molecules Found: 0
timestmap: 1687983534164 smiles: Cc1ccc(OCc2nc(N)nc(N(C)C)n2)c2c1C(C)CC2=O IP_simulate: 11.683414546326349 molecules Found: 0
timestmap: 1687983561980 smiles: Cc1ccc(C(=O)NCC(=O)NC(C)(C)C)cc1C IP_simulate: 12.38233270396659 molecules Found: 0
timestmap: 1687983625391 smiles: Cc1cc(CN(C)C(=O)Nc2ccccc2N2CCCCCC2)no1 IP_simulate: 11.124661348185402 molecules Found: 0
timestmap: 1687983680275 smiles: O=C(NCc1ccccc1)c1ccccc1OCC1CCCO1 IP_simulate: 12.131481970330016 molecules Found: 0
timestmap: 1687983702481 smiles: CCn1nc(-c2ccc3c(c2)CCCC3)cc(C(C)=O)c1=O IP_simulate: 12.33149937441572 molecules Found: 0
timestmap: 1687983742430 smiles: Cc1cc(C)c(NC(=O)c2nccn2C2CC2)c(C)c1 IP_simulate: 11.931200851099144 molecules Found: 0
timestmap: 1687983758664 smiles: CCC(=O)N1CCc2ccc(N3CCOCC3)cc21 IP_simulate: 11.479709704833066 molecules Found: 0
timestmap: 1687983808222 smiles: COc1ccc(C(C)=O)c(OCC(=O)Nc2ccccc2)c1 IP_simulate: 12.16097579721473 molecules Found: 0
timestmap: 1687983838772 smiles: CC1(C)COc2cnc(C(=O)NCc3ccc(F)cc3F)cc21 IP_simulate: 12.442294341300277 molecules Found: 0
timestmap: 1687983852544 smiles: N#Cc1ccc(CNc2cccc(F)c2F)c(F)c1 IP_simulate: 12.83299208643277 molecules Found: 0
timestmap: 1687983885051 smiles: Cc1ncccc1CN(C)C(c1ccccc1)C(F)(F)F IP_simulate: 12.080177483637618 molecules Found: 0
timestmap: 1687983932956 smiles: CC(O)CNc1ccc(NC(=O)C(C)(C)C)cn1 IP_simulate: 11.635933691819671 molecules Found: 0
timestmap: 1687983970282 smiles: COc1cc(C(=O)N2CCOC(c3ccccc3)C2)cc(OC)c1C IP_simulate: 12.091899028926765 molecules Found: 0
timestmap: 1687984006367 smiles: CC(C)NCC(=O)OCc1ccc2c(c1)CCCO2 IP_simulate: 11.839392556963942 molecules Found: 0
timestmap: 1687984066338 smiles: COc1ccc(CN2CCN(C(=O)Cc3ccc(C)nc3)CC2)cc1 IP_simulate: 11.361375870491361 molecules Found: 0
timestmap: 1687984123946 smiles: Cn1ncc(NC(=O)C2CCCCC2)c(N2CCOCC2)c1=O IP_simulate: 11.811107368065043 molecules Found: 0
timestmap: 1687984214849 smiles: Cc1c(O)ccc2c(CN3CCCCC3C3OCCO3)cc(=O)oc12 IP_simulate: 11.552343922843745 molecules Found: 0
timestmap: 1687984251069 smiles: Cc1cc(C(=O)N(C)Cc2ccc(F)cc2)c(C)o1 IP_simulate: 12.514458091247915 molecules Found: 0
timestmap: 1687984287167 smiles: CCOC(=O)CNC(=O)c1ccc(OC(C)=O)cc1 IP_simulate: 12.946042150096451 molecules Found: 0
timestmap: 1687984343736 smiles: Cc1ccc(-n2cc(C(=O)NCc3cnn(C)c3)nn2)cc1 IP_simulate: 12.201886399967044 molecules Found: 0
timestmap: 1687984379906 smiles: CC(C)CCNC(=O)Nc1ccc(CCN2CCOCC2)cc1 IP_simulate: 11.41317471457966 molecules Found: 0
timestmap: 1687984400890 smiles: CCOc1ccccc1NC(=O)Oc1ccc2c(c1)ncn2C IP_simulate: 11.85838523670592 molecules Found: 0
timestmap: 1687984430040 smiles: Cc1ccc(-c2nc(C#N)c(N3CCCC(O)C3)o2)cc1 IP_simulate: 11.872074589800556 molecules Found: 0
timestmap: 1687984444154 smiles: OCC(O)Cn1ccnc1-c1cc(F)cc(F)c1 IP_simulate: 13.06201085222889 molecules Found: 0
timestmap: 1687984486116 smiles: Cc1cc2nc(C)n(CC(=O)NCC(C)C)c2cc1C IP_simulate: 12.215440653722622 molecules Found: 0
timestmap: 1687984514754 smiles: CN(Cc1ccccn1)C(=O)Cc1ccc(-c2ccccc2)cc1 IP_simulate: 11.928318725745386 molecules Found: 0
timestmap: 1687984560945 smiles: Cc1ccc(C2Nc3ccccc3C(=O)N2C2CC2)cc1 IP_simulate: 12.005508208231156 molecules Found: 0
timestmap: 1687984609540 smiles: CC(C)(C)OCc1cccc(CNC(=O)NCc2ccncc2)c1 IP_simulate: 11.841921306683089 molecules Found: 0
timestmap: 1687984640535 smiles: COc1ncccc1C(=O)Nc1cc(C(C)C)c(O)cc1C IP_simulate: 11.81705698217286 molecules Found: 0
timestmap: 1687984681510 smiles: CNC(=O)COc1cccc(CNc2ccc(C#N)cn2)c1 IP_simulate: 11.86987956857996 molecules Found: 0
timestmap: 1687984710518 smiles: COCCc1cc(NC(=O)c2cnc3ccc(C)cn23)n(C)n1 IP_simulate: 12.037712735471414 molecules Found: 0
timestmap: 1687984773804 smiles: Cc1ccn(Cc2nc(Cc3ccc(F)cc3)no2)c(=O)c1C#N IP_simulate: 12.814636505021037 molecules Found: 0
timestmap: 1687984796553 smiles: CCN(CC)C(=O)CCC(=O)Nc1cccc(-c2ncon2)c1 IP_simulate: 12.36510313556193 molecules Found: 0
timestmap: 1687984838317 smiles: CC1CN(C(=O)NCc2ncn(C)n2)CC(c2ccc(F)cc2)O1 IP_simulate: 12.285080583679411 molecules Found: 0
timestmap: 1687984876554 smiles: CCN(CC)c1ccc(C(=O)NCc2cccc(C#N)c2)cc1 IP_simulate: 11.887102147696403 molecules Found: 0
timestmap: 1687984909632 smiles: COc1cccc(-c2nnc(NC(=O)c3c(C)cnn3C)o2)c1 IP_simulate: 12.393238326303603 molecules Found: 0
timestmap: 1687984937681 smiles: CC1(C(N)=O)CN(Cc2ccc(F)c(F)c2)CCO1 IP_simulate: 12.320062901082672 molecules Found: 0
timestmap: 1687984956278 smiles: N#Cc1ccc(C(=O)c2ccnc3ccccc23)cc1 IP_simulate: 12.613635688112227 molecules Found: 0
timestmap: 1687984995388 smiles: CC(C)N1CCCC2(CCN(C(=O)CCCn3cccn3)C2)C1=O IP_simulate: 12.092413423212415 molecules Found: 0
timestmap: 1687985037847 smiles: O=C(NCC(=O)N1CCCCC1)c1cccc2ccoc12 IP_simulate: 12.373081709200251 molecules Found: 0
timestmap: 1687985074824 smiles: O=C(Nc1ccc2c(c1)CCC2)C1Cc2ccccc2CN1 IP_simulate: 11.884709656133111 molecules Found: 0
timestmap: 1687985104632 smiles: Cc1ccc2[nH]c(C(=O)NCc3ccncc3)cc2c1 IP_simulate: 11.969328696419602 molecules Found: 0
timestmap: 1687985145675 smiles: Cc1cc(NC(=O)CNc2ccc3oc(=O)n(C)c3c2)n(C)n1 IP_simulate: 11.876044382880002 molecules Found: 0
timestmap: 1687985196193 smiles: COC(=O)N1CCC(NC(=O)NCCCC2CCCC2)CC1 IP_simulate: 12.303840747635432 molecules Found: 0
timestmap: 1687985212492 smiles: COc1ccc2nnc(C(=O)N3CCOCC3)nc2c1 IP_simulate: 11.940700764309705 molecules Found: 0
timestmap: 1687985259734 smiles: CCN1CCN(C2CCN(c3ncccc3C#N)CC2)C1=O IP_simulate: 11.723861684974931 molecules Found: 0
timestmap: 1687985295572 smiles: COC(=O)C1(NC(=O)C(C)NC(N)=O)CCCCCC1 IP_simulate: 12.323856438594007 molecules Found: 0
timestmap: 1687985311588 smiles: CC(C)c1cccc2cc3c(N)nn(CCO)c3nc12 IP_simulate: 11.740991045127098 molecules Found: 0
timestmap: 1687985353537 smiles: COCC(C)N(C)C(=O)NCc1ccc(Cn2cncn2)cc1 IP_simulate: 12.032680460669372 molecules Found: 0
timestmap: 1687985438926 smiles: Cc1ccc(C(C)NC(=O)Cn2cnc3c2c(=O)n(C)c(=O)n3C)o1 IP_simulate: 12.09521397124758 molecules Found: 0
timestmap: 1687985473419 smiles: Cc1noc(C2CCCN(C(=O)c3cc4ccccc4c(=O)[nH]3)C2)n1 IP_simulate: 12.49074324839743 molecules Found: 0
timestmap: 1687985489757 smiles: CCOc1cc(Cc2n[nH]c(=O)c3ccccc23)ccc1O IP_simulate: 12.034189158623835 molecules Found: 0
timestmap: 1687985511210 smiles: CCOc1ccccc1-c1c(C#N)c(N)nc2c1CN(C)CC2 IP_simulate: 11.710790189455775 molecules Found: 0
timestmap: 1687985541490 smiles: Cc1cc(C)c2c(CNC(=O)c3cccnc3)cc(=O)oc2c1 IP_simulate: 12.443879254067415 molecules Found: 0
timestmap: 1687985563949 smiles: O=C(NCc1ccc(-n2cccn2)nc1)c1ccc(=O)[nH]n1 IP_simulate: 12.454500670419257 molecules Found: 0
timestmap: 1687985616357 smiles: CC(C)N(C(=O)c1ccccc1OC(F)F)C1CCC1 IP_simulate: 12.8132796217361 molecules Found: 0
timestmap: 1687985635118 smiles: COc1ccc(F)cc1NC(=O)N1CCC(CO)C1 IP_simulate: 12.153249860665387 molecules Found: 0
timestmap: 1687985657592 smiles: COc1ccc(C(C)COC(=O)c2cnn(C)c2)cc1 IP_simulate: 12.205467265762646 molecules Found: 0
timestmap: 1687985671783 smiles: Cc1cc(-c2ccc(OC(C)C)cc2)n2ncc(C#N)c2n1 IP_simulate: 12.340136294184157 molecules Found: 0
timestmap: 1687985801293 smiles: CC(=O)NC(C(=O)OC(C)c1ccc(C)cc1)C1CCCC1 IP_simulate: 12.040291717837508 molecules Found: 0
timestmap: 1687985842118 smiles: Cc1nnc(-c2cccc(C#N)c2)n1C(C)c1nnc(CC(C)C)o1 IP_simulate: 12.643869910570265 molecules Found: 0
timestmap: 1687985878835 smiles: CC(C)C(=O)NCCc1nc(-c2ccncc2)n[nH]1 IP_simulate: 12.096891873542736 molecules Found: 0
timestmap: 1687985928115 smiles: O=C(Nc1nc[nH]n1)C1CCCN(C(=O)Cc2ccc(F)cc2)C1 IP_simulate: 12.337236316132051 molecules Found: 0
timestmap: 1687985949896 smiles: O=C(Nc1cccc(-c2ncc[nH]2)c1)c1ccc(-n2ccnn2)cc1 IP_simulate: 12.035296048889506 molecules Found: 0
timestmap: 1687985970195 smiles: CC1CCCC(N2C(=O)c3ccccc3C2O)C1C IP_simulate: 12.705585995379643 molecules Found: 0
timestmap: 1687986003678 smiles: Cc1ccc(Cn2ncc3c(-n4ccnc4)ncnc32)cc1 IP_simulate: 12.424262017489166 molecules Found: 0
timestmap: 1687986031334 smiles: CC(C)c1nc2cccnc2n1Cc1cccnc1 IP_simulate: 12.099090850505975 molecules Found: 0
timestmap: 1687986071611 smiles: O=C(NCCCn1cccn1)NCc1ccc2c(c1)CCC2 IP_simulate: 12.040623246987098 molecules Found: 0
timestmap: 1687986090255 smiles: CC(=O)Nc1cc(NC(=O)c2cccnc2)ccc1C IP_simulate: 12.107651899145706 molecules Found: 0
timestmap: 1687986132790 smiles: CN(CCCCc1ccccc1)C(=O)C1CNC(=O)N1 IP_simulate: 12.331825413467538 molecules Found: 0
timestmap: 1687986151218 smiles: COc1cc(CNc2cccc(C)c2C)ccc1O IP_simulate: 11.526961544970309 molecules Found: 0
timestmap: 1687986197381 smiles: COC(=O)C1=C(C)N(C2CCCC2)C(=O)NC1c1ccccn1 IP_simulate: 12.134862327718016 molecules Found: 0
timestmap: 1687986286886 smiles: CC(C)=CC1C(C(=O)Nc2ccc(OCC(N)=O)cc2)C1(C)C IP_simulate: 11.483591634060891 molecules Found: 0
timestmap: 1687986334128 smiles: CC(C)C(NC(=O)C1CCCN(C(N)=O)C1)c1nc2ccccc2[nH]1 IP_simulate: 12.095675707565483 molecules Found: 0
timestmap: 1687986367512 smiles: FC(F)(F)c1cccc2c1C(C1CCOCC1)NCC2 IP_simulate: 12.31293336299524 molecules Found: 0
timestmap: 1687986416124 smiles: CCCCC1C=CCN1C(=O)c1ccc(C(C)C)[nH]c1=O IP_simulate: 12.030630494481539 molecules Found: 0
timestmap: 1687986427566 smiles: Nc1c(-c2ccc3c(c2)OCCO3)nc2ccc(F)cn12 IP_simulate: 11.565470859730793 molecules Found: 0
timestmap: 1687986463595 smiles: CCN(CC1CCCO1)C(=O)c1c(C)nn2cccnc12 IP_simulate: 12.145147899875743 molecules Found: 0
timestmap: 1687986517619 smiles: CCOC(=O)CCC(C)NC(=O)c1cc(C)c(C)o1 IP_simulate: 12.46421887071828 molecules Found: 0
timestmap: 1687986528578 smiles: COc1ccc(F)c(NC(=O)c2cc3ccccc3oc2=O)c1 IP_simulate: 12.41498716294639 molecules Found: 0
timestmap: 1687986577312 smiles: COC(=O)Cn1ncc2c(NC(c3nc(C)no3)C(C)C)ncnc21 IP_simulate: 12.382931451423811 molecules Found: 0
timestmap: 1687986610796 smiles: Cc1ccccc1CC1(CO)CCCN(c2ncnc3[nH]cnc23)C1 IP_simulate: 11.684665941180484 molecules Found: 0
timestmap: 1687986665606 smiles: C#CCn1c(CCCCCNC(C)=O)nc2ccccc21 IP_simulate: 12.099416503768705 molecules Found: 0
timestmap: 1687986740739 smiles: CC(C)NC(=O)CCNC(=O)NCc1ccnc(-n2cccn2)c1 IP_simulate: 12.143930312050744 molecules Found: 0
timestmap: 1687986806131 smiles: Cc1cc(OCC(N)=O)ccc1NC(=O)C1CC1c1ccccc1C IP_simulate: 11.544093035344316 molecules Found: 0
timestmap: 1687986855482 smiles: Cc1cc(C(C)NC(=O)c2ccc(C(F)(F)F)nc2C)c(C)o1 IP_simulate: 12.36873557512245 molecules Found: 0
timestmap: 1687986894792 smiles: O=C(Nc1cc[nH]n1)c1cccn1Cc1ccccc1 IP_simulate: 12.130630436872002 molecules Found: 0
timestmap: 1687986922847 smiles: COc1cccc(C(=O)NCC(=O)Nc2cccc(F)c2)c1 IP_simulate: 12.400113730389258 molecules Found: 0
timestmap: 1687986937993 smiles: Cc1noc(-c2ccc(C(=O)C(C#N)c3ccccn3)cc2)n1 IP_simulate: 12.746536579999379 molecules Found: 0
timestmap: 1687986960460 smiles: CN(Cc1ccccc1F)C(=O)COc1ccc(C#N)c(F)c1 IP_simulate: 12.827350296274645 molecules Found: 0
timestmap: 1687987003870 smiles: CCn1nc(CC(C)C)cc1C(=O)N1CCOCC1CO IP_simulate: 12.465512445892628 molecules Found: 0
timestmap: 1687987019125 smiles: O=C(Nc1cnc2ccccc2c1)c1ccnc2ncccc12 IP_simulate: 11.854690870083319 molecules Found: 0
timestmap: 1687987087341 smiles: CN(C)c1ccc(C(=O)N2CCC(CCn3cccn3)CC2)cn1 IP_simulate: 11.527695418061406 molecules Found: 0
timestmap: 1687987123308 smiles: CCc1noc(C)c1C(=O)N1CC=C(c2ccccc2)CC1 IP_simulate: 12.404327342726237 molecules Found: 0
timestmap: 1687987140550 smiles: CCOc1cccc(C(=O)Nc2cccc(C)n2)c1 IP_simulate: 12.25844474330687 molecules Found: 0
timestmap: 1687987167842 smiles: Cc1nc2ccccc2n1CCCOC(=O)c1ccc(C(N)=O)cc1 IP_simulate: 12.252548034856511 molecules Found: 0
timestmap: 1687987206550 smiles: CCCNC(=O)C1(NC(=O)c2ccc(C)nc2)CCCCC1 IP_simulate: 12.11468247919445 molecules Found: 0
timestmap: 1687987234687 smiles: CC(NC(=O)CN1C(=O)CCc2ccccc21)c1ccccc1 IP_simulate: 12.236233396835484 molecules Found: 0
timestmap: 1687987288476 smiles: O=C(CNC(=O)NC1CCN(c2cccc(F)c2)CC1)NCC1CC1 IP_simulate: 11.754492226886516 molecules Found: 0
timestmap: 1687987322922 smiles: COc1ccc(F)c(C(=O)Nc2c(C)cc(C)cc2C)c1 IP_simulate: 12.110140147326282 molecules Found: 0
timestmap: 1687987384509 smiles: c1ccc(COC2COC3(CCN(c4ncccn4)C3)C2)nc1 IP_simulate: 11.64533028828757 molecules Found: 0
timestmap: 1687987411367 smiles: COc1ccc(Cc2c(C#N)nnn2CCO)cc1 IP_simulate: 12.452353695207956 molecules Found: 0
timestmap: 1687987440360 smiles: COc1cccc(-n2c(CCCO)nc3ccccc32)n1 IP_simulate: 12.29093350658813 molecules Found: 0
timestmap: 1687987471954 smiles: COc1cc(C(=O)N(C)Cc2ccccc2)cc(OC)c1OC IP_simulate: 11.829241656126156 molecules Found: 0
timestmap: 1687987501029 smiles: CC(=O)Nc1ccc(NCC2CC=CCC2)cc1C IP_simulate: 11.368793805105382 molecules Found: 0
timestmap: 1687987571050 smiles: CC(C)CC(NC(=O)c1ccc(CNC(N)=O)cc1)c1ccccc1 IP_simulate: 12.253781306206605 molecules Found: 0
timestmap: 1687987603743 smiles: Cc1ccc(F)cc1C(=O)Nc1ccc(CN2CCOC2=O)cc1 IP_simulate: 12.534604827482857 molecules Found: 0
timestmap: 1687987652889 smiles: O=C(Cn1cc(NC(=O)Nc2cccc3ccccc23)cn1)NC1CC1 IP_simulate: 11.726370749008197 molecules Found: 0
timestmap: 1687987680141 smiles: CC(C)Oc1ccc(C(=O)Nc2ccn(C)n2)cc1 IP_simulate: 12.020958573168414 molecules Found: 0
timestmap: 1687987705867 smiles: CCOc1cccc(C(=O)Nc2cccc(NC(C)=O)c2)c1 IP_simulate: 12.201254923520343 molecules Found: 0
timestmap: 1687987752779 smiles: CC(=O)c1c(C)cc(C)c(CN(C)CCC#N)c1C IP_simulate: 12.066568848669059 molecules Found: 0
timestmap: 1687987775344 smiles: CC1(C)COCCN1C(=O)CCn1nnc2ccccc2c1=O IP_simulate: 12.275575910406973 molecules Found: 0
timestmap: 1687987811200 smiles: CC(C)(C)n1nc2c(c1-n1cccc1)CN(C(=O)c1ccccc1)C2 IP_simulate: 12.21205877411327 molecules Found: 0
timestmap: 1687987844390 smiles: CCCCN(C)C(=O)c1cc(C(C)(C)C)nn1C IP_simulate: 12.526368452191742 molecules Found: 0
timestmap: 1687987894618 smiles: CC(C)OCCCNC(=O)CN1C(=O)CCCc2ccccc21 IP_simulate: 12.118670424448426 molecules Found: 0
timestmap: 1687987916727 smiles: CCC1Oc2ccc(N)cc2N(CCCc2ccccc2)C1=O IP_simulate: 11.615339610536989 molecules Found: 0
timestmap: 1687987945358 smiles: N#Cc1ccc(NC(=O)NC2CCCCC2O)c(F)c1 IP_simulate: 12.571884800375097 molecules Found: 0
timestmap: 1687987998114 smiles: O=C(NCc1ccc(=O)[nH]c1)c1ccccc1OC1CCC1 IP_simulate: 12.423583482153195 molecules Found: 0
timestmap: 1687988034290 smiles: Cc1ccncc1NC(=O)NCC(CO)Cc1ccccn1 IP_simulate: 11.7085803350919 molecules Found: 0
timestmap: 1687988074335 smiles: CCNC(=O)N1CCc2ccc(NC(=O)c3cccc(CC#N)c3)cc21 IP_simulate: 11.859673111471507 molecules Found: 0
timestmap: 1687988128556 smiles: CCC(=O)Nc1ccc(O)c(C(=O)NCCN(C)c2ccccc2)c1 IP_simulate: 11.229719781260625 molecules Found: 0
timestmap: 1687988160203 smiles: CC1(NC(=O)Cc2cccc3cccnc23)Cc2ccccc2C1 IP_simulate: 12.092234162098881 molecules Found: 0
timestmap: 1687988174719 smiles: COCC(=O)Nc1cccc(-c2cccc(OC)c2F)c1 IP_simulate: 12.20337447861069 molecules Found: 0
timestmap: 1687988199798 smiles: COCC(=O)N1CCCn2c(CN3CCCC3=O)nnc2C1 IP_simulate: 12.426052574131285 molecules Found: 0
timestmap: 1687988222841 smiles: CCN(CC)C(=O)C(O)(c1ccccc1)c1ccccc1 IP_simulate: 12.230944738572557 molecules Found: 0
timestmap: 1687988257948 smiles: O=C(CCc1ccc(F)cc1)N1c2ccccc2C(=O)C12CC2 IP_simulate: 12.605385837708384 molecules Found: 0
timestmap: 1687988284145 smiles: N#CCCN(Cc1ccccn1)C(=O)Cc1n[nH]c2ccccc12 IP_simulate: 11.987056359420958 molecules Found: 0
timestmap: 1687988312289 smiles: CN(Cc1nc(-c2ccccn2)no1)C(=O)c1ccc2[nH]nnc2c1 IP_simulate: 12.260874548049765 molecules Found: 0
timestmap: 1687988342218 smiles: Cn1cccc1C(=O)OCC(C#N)Cc1ccc(F)cc1 IP_simulate: 12.86640675074875 molecules Found: 0
timestmap: 1687988351076 smiles: COc1ccc(-c2nc(-c3ccc(C)nn3)no2)c(O)c1 IP_simulate: 12.019815201104594 molecules Found: 0
timestmap: 1687988363105 smiles: COc1cccc2c(C)c(C(=O)Nc3ccc4nc[nH]c(=O)c4c3)oc12 IP_simulate: 12.006803585604606 molecules Found: 0
timestmap: 1687988401956 smiles: CCC(=O)c1ccc2c(c1)N(CC(=O)NC(C)CC)C(=O)C(C)O2 IP_simulate: 12.263542275078295 molecules Found: 0
timestmap: 1687988443311 smiles: CCc1ncc(C(=O)N2CCN(CC)CC2)c(N)n1 IP_simulate: 11.567368546707797 molecules Found: 0
timestmap: 1687988458379 smiles: O=C1c2ccc(CO)cc2-c2n[nH]c3cccc1c23 IP_simulate: 12.673756763338956 molecules Found: 0
timestmap: 1687988477118 smiles: CC(=O)c1cc(-c2ccccn2)nn1Cc1ccccc1 IP_simulate: 12.322036633422474 molecules Found: 0
timestmap: 1687988518618 smiles: Cc1ccc(C(=O)NCC(=O)NC2CCCCC2CO)cc1C IP_simulate: 12.314750831825156 molecules Found: 0
timestmap: 1687988538872 smiles: Cc1nc2cc(-c3[nH]nc4c3CNCC4)ccc2n1C1CC1 IP_simulate: 11.642180297147013 molecules Found: 0
timestmap: 1687988565628 smiles: CCN(CC)c1cc(-c2ccccc2F)nc(C)n1 IP_simulate: 11.980742298998976 molecules Found: 0
timestmap: 1687988586724 smiles: NC(C(=O)NCC(O)CO)c1ccc(O)c(F)c1 IP_simulate: 12.483194806215288 molecules Found: 0
timestmap: 1687988610883 smiles: COc1ccc(C)cc1C(C)C(C#N)N1CCOCC1 IP_simulate: 11.714290442457518 molecules Found: 0
timestmap: 1687988646070 smiles: CNC(=O)NCC(=O)N(C)CCOCc1ccccc1 IP_simulate: 12.200809540257133 molecules Found: 0
timestmap: 1687988666677 smiles: COc1cccc(C2NCCc3ccc(OC)c(C)c32)n1 IP_simulate: 11.531123403947113 molecules Found: 0
timestmap: 1687988694947 smiles: OCc1nnn(-c2cccc(F)c2)c1CCOc1ccccc1 IP_simulate: 12.49050052204109 molecules Found: 0
timestmap: 1687988745830 smiles: Cc1ccc(CN2CC(C(=O)NC(C)c3ccccc3)CC2=O)cc1 IP_simulate: 12.285138321946208 molecules Found: 0
timestmap: 1687988781642 smiles: COc1ccc(-n2ccc(C(=O)Nc3cccnc3N(C)C)n2)cc1 IP_simulate: 11.52039651494538 molecules Found: 0
timestmap: 1687988792031 smiles: Oc1n[nH]c(C(F)(F)F)c1Cc1ccccc1F IP_simulate: 13.187485882975576 molecules Found: 0
timestmap: 1687988818249 smiles: N#CCCN(C(=O)Cc1ccccc1)C1CCCC1 IP_simulate: 12.654420139215016 molecules Found: 0
timestmap: 1687988851096 smiles: Cn1ccc(C(=O)N2CCN(c3cc(C#N)ccn3)CC2)cc1=O IP_simulate: 12.233809801674834 molecules Found: 0
timestmap: 1687988871062 smiles: CCCC(=O)N1Cc2ccc(C(O)CCC)cc2C1 IP_simulate: 12.352167629732847 molecules Found: 0
timestmap: 1687988922127 smiles: COc1cc(OC)cc(N2CCC(NC(=O)Cc3ccc[nH]3)C2)c1 IP_simulate: 11.22789961961841 molecules Found: 0
timestmap: 1687988940359 smiles: N#Cc1cccc(NC(=O)c2ccc(-c3ccncc3)[nH]c2=O)c1 IP_simulate: 12.461223945811467 molecules Found: 0
timestmap: 1687988978739 smiles: CN(C(=O)CCn1cncn1)C1CCN(c2ccc(F)cc2)CC1 IP_simulate: 11.531142319540121 molecules Found: 0
timestmap: 1687989015006 smiles: CCc1nc2n(n1)CCCC2NC(=O)c1cccc(C)c1 IP_simulate: 12.481596976127944 molecules Found: 0
timestmap: 1687989088334 smiles: CC(C)(C)CC(=O)NCC1CN(Cc2ccccc2)CCO1 IP_simulate: 11.681385310117973 molecules Found: 0
timestmap: 1687989121042 smiles: CC1CN(CC(=O)NCc2ccc(F)cc2)CC(C)O1 IP_simulate: 11.673055425103904 molecules Found: 0
timestmap: 1687989143520 smiles: COc1ccc(OCCn2c(=O)oc(=O)c3cc(C)ccc32)cc1 IP_simulate: 12.036974693027771 molecules Found: 0
timestmap: 1687989184093 smiles: NC(=O)c1cc(NC2CCC(C(N)=O)CC2)ccn1 IP_simulate: 12.218512385512609 molecules Found: 0
timestmap: 1687989195177 smiles: COc1ccc(NC(=O)c2cccc3cccnc23)cc1 IP_simulate: 11.797784775473286 molecules Found: 0
timestmap: 1687989233545 smiles: Cc1cccc(-n2c(-c3ccco3)nn(CC(=O)NC(C)C)c2=O)n1 IP_simulate: 12.169125379985266 molecules Found: 0
timestmap: 1687989308359 smiles: Cc1nn(C)c2[nH]c(=O)c(CCC(=O)NCc3ccccc3)c(C)c12 IP_simulate: 12.0064263628024 molecules Found: 0
timestmap: 1687989375451 smiles: COc1ccc(CCC(=O)NCc2ccc(C)cc2)cc1OC IP_simulate: 11.629378618083965 molecules Found: 0
timestmap: 1687989403972 smiles: COC(=O)CCC(=O)NCc1cccc(-c2n[nH]c(C)n2)c1 IP_simulate: 12.391691997697832 molecules Found: 0
timestmap: 1687989456995 smiles: C=CCNC(=O)NCc1cccnc1OCc1ccccc1 IP_simulate: 12.150090872499906 molecules Found: 0
timestmap: 1687989482276 smiles: O=C(Cn1c(-c2ccccc2)nc2ccccc21)N1CCNCC1 IP_simulate: 11.854908179790144 molecules Found: 0
timestmap: 1687989513158 smiles: Cc1cc(CN2CC(=O)N3CCC(O)CC3C2=O)c(C(F)(F)F)o1 IP_simulate: 12.990665359359422 molecules Found: 0
timestmap: 1687989538052 smiles: CC(=O)c1c[nH]c(C(=O)Nc2ccc3c(c2)nc(C(C)(C)C)n3C)c1 IP_simulate: 11.868236039772526 molecules Found: 0
timestmap: 1687989583349 smiles: O=C(c1cc[nH]n1)N1CCC2(CC(n3cnnc3)CO2)C1 IP_simulate: 12.326878828869969 molecules Found: 0
timestmap: 1687989626291 smiles: Cc1ccc(OCC(=O)OCc2nc(C)no2)cc1 IP_simulate: 12.515162002202912 molecules Found: 0
timestmap: 1687989638476 smiles: COc1ccc(OC)c(NC(=O)c2ncn(-c3ccc(C)cc3)n2)c1 IP_simulate: 11.679873344250323 molecules Found: 0
timestmap: 1687989687427 smiles: O=C(Cc1cccnc1)N1CCCC(Cc2nc3ccccc3[nH]2)C1 IP_simulate: 11.75602695377056 molecules Found: 0
timestmap: 1687989732522 smiles: CN(Cc1ccco1)C(=O)c1cc(Cn2cnc3ccccc32)on1 IP_simulate: 12.266250557320683 molecules Found: 0
timestmap: 1687989770082 smiles: OCCn1ncc2c(N3CCN(c4ccccc4)CC3)ncnc21 IP_simulate: 11.498567252394393 molecules Found: 0
timestmap: 1687989794459 smiles: NC(=O)C1CCN(C(=O)c2cc3cc(F)ccc3[nH]2)CC1 IP_simulate: 12.517034121567738 molecules Found: 0
timestmap: 1687989824759 smiles: CCOC(=O)CCCNC(=O)c1cc(F)ccc1F IP_simulate: 13.002889933068113 molecules Found: 0
timestmap: 1687989872807 smiles: CCc1nc2n(n1)CCCC2NC(=O)CCCOc1cccc(F)c1 IP_simulate: 12.226318898737922 molecules Found: 0
timestmap: 1687989901777 smiles: Cc1ccc(C(=O)C2CCCN2C(=O)C(C)C)cc1C IP_simulate: 12.206029518656658 molecules Found: 0
timestmap: 1687989967789 smiles: CC(C)c1noc(C2CCCN(C(=O)c3cnn(C)c3)C2)n1 IP_simulate: 12.62566197616364 molecules Found: 0
timestmap: 1687989985906 smiles: CCn1cc(Nc2nc(N)nc3c2nc(C)n3C)cn1 IP_simulate: 11.332223997483116 molecules Found: 0
timestmap: 1687990027383 smiles: CC(C)c1cccc(C(C)C)c1NC(=O)Cc1cccc(N)c1 IP_simulate: 11.910425382703242 molecules Found: 0
timestmap: 1687990095174 smiles: COC(=O)CCn1cc(C2CC(=O)Nc3[nH]nc(C(C)(C)C)c32)cn1 IP_simulate: 12.360697580621114 molecules Found: 0
timestmap: 1687990125697 smiles: COc1cc2ccccc2cc1C(=O)NCCNC(C)=O IP_simulate: 12.182634683313967 molecules Found: 0
timestmap: 1687990152037 smiles: CCN(CC)c1ncnc2c1ncn2Cc1ccc(C(=O)OC)cc1 IP_simulate: 11.967080090157362 molecules Found: 0
timestmap: 1687990191252 smiles: O=C(Nc1ccc2c(N3CCOCC3)ncnc2c1)C1CCCCC1 IP_simulate: 11.770806927482088 molecules Found: 0
timestmap: 1687990256644 smiles: CC(=O)NC(C)C(=O)NC1CCN(c2ccccc2)CC1 IP_simulate: 11.411352635344455 molecules Found: 0
timestmap: 1687990293115 smiles: O=C(Nc1ccc(F)c(F)c1F)N(CCO)Cc1ccccc1 IP_simulate: 12.671037604611433 molecules Found: 0
timestmap: 1687990320630 smiles: N#Cc1cccc(-c2cn3c(n2)N(C(=O)Cn2ccnc2)CCC3)c1 IP_simulate: 12.136523388596258 molecules Found: 0
timestmap: 1687990369344 smiles: Cc1ccc(OC2CCN(C(=O)c3cccc4[nH]ccc34)CC2)nc1 IP_simulate: 11.74036677629139 molecules Found: 0
timestmap: 1687990396163 smiles: CCOc1cccc(NCc2ccccc2C#N)c1 IP_simulate: 11.882872910927052 molecules Found: 0
timestmap: 1687990423386 smiles: C=CCC1CC=CC(c2ccccc2)N1Cc1cnc2nccn2c1 IP_simulate: 11.813771314380844 molecules Found: 0
timestmap: 1687990441666 smiles: C=CCCOC(=O)c1c(F)ccc(OCC)c1F IP_simulate: 12.862161342105617 molecules Found: 0
timestmap: 1687990454538 smiles: N#Cc1cccc(Cn2c(=O)[nH]c3ccc(F)c(F)c32)c1 IP_simulate: 13.069381078285186 molecules Found: 0
timestmap: 1687990481763 smiles: CCC1CCN(C(=O)Nc2cnn(CC(N)=O)c2)CC1 IP_simulate: 12.056597674527675 molecules Found: 0
timestmap: 1687990514838 smiles: CN(C)C(=O)c1cccc(OC(=O)c2cnn(-c3ccccc3)n2)c1 IP_simulate: 12.503525606958528 molecules Found: 0
timestmap: 1687990549936 smiles: CC1=C(C(=O)N(C)C)C(c2ccc(C(F)(F)F)cc2)NC(=O)N1 IP_simulate: 12.718908654158081 molecules Found: 0
timestmap: 1687990572941 smiles: CC(=O)NCCNC(=O)c1cnc2ccc(C)cn12 IP_simulate: 12.480815555010025 molecules Found: 0
timestmap: 1687990610863 smiles: Cc1noc(C)c1CCCNC(=O)c1ccnc(OC2CCC2)c1 IP_simulate: 12.291674770825729 molecules Found: 0
timestmap: 1687990677864 smiles: CC(C)c1nnc(CCC(=O)N2c3ccccc3CCC2C(C)C)o1 IP_simulate: 12.14576129474101 molecules Found: 0
timestmap: 1687990736550 smiles: CCC(C)C(NC(N)=O)C(=O)NCc1cn(-c2ccccc2)nn1 IP_simulate: 12.151623809293106 molecules Found: 0
timestmap: 1687990777151 smiles: Cc1ccc(CNC(=O)NCCNC(=O)C2CC2)cn1 IP_simulate: 12.027628899358369 molecules Found: 0
timestmap: 1687990831375 smiles: Cc1cc(CN2CCOC(C(N)=O)C2)ccc1Oc1cccnc1 IP_simulate: 11.472898614538897 molecules Found: 0
timestmap: 1687990869012 smiles: Cc1ccccc1N1CCN(C(=O)c2ccc(F)cc2)C(C)C1=O IP_simulate: 12.632955338578718 molecules Found: 0
timestmap: 1687990895434 smiles: CCn1ncnc1C(C)NC(=O)c1cc2ccccc2oc1=O IP_simulate: 12.71005615821497 molecules Found: 0
timestmap: 1687990923329 smiles: c1cnn(CCNc2cc(-c3ccncc3)nc3ccnn23)c1 IP_simulate: 12.000487480072035 molecules Found: 0
timestmap: 1687990964315 smiles: CC1CCCN(C(=O)NCc2cnn(-c3ccccc3)c2)CC1 IP_simulate: 12.020409974379334 molecules Found: 0
timestmap: 1687991008300 smiles: Cc1cc2n(n1)C(c1cn(-c3ccccc3)nc1C)Nc1ccccc1-2 IP_simulate: 11.647975551771436 molecules Found: 0
timestmap: 1687991043182 smiles: CCOC(=O)N1CCc2cc(NC(C)c3nnc(CC)o3)ccc21 IP_simulate: 11.425977352838558 molecules Found: 0
timestmap: 1687991066631 smiles: COCc1cc(C(=O)Nc2cnn(-c3ccccc3F)c2)ccc1F IP_simulate: 12.307947407112907 molecules Found: 0
timestmap: 1687991103874 smiles: CCN1CC2(CCC1=O)CCN(C(=O)Cc1ccc(C)cc1)CC2 IP_simulate: 12.049290402621716 molecules Found: 0
timestmap: 1687991149469 smiles: Cc1ccc(C(C)NC(C)C(=O)NC2CCCC2)cc1 IP_simulate: 11.730600036100368 molecules Found: 0
timestmap: 1687991190483 smiles: Cc1ccc(C2(Cc3ccc4c(c3)OCO4)NC(N)=NC2=O)cc1 IP_simulate: 11.717494371500392 molecules Found: 0
timestmap: 1687991233239 smiles: Nc1ccc2c(c1)N(CC(=O)Nc1ccccn1)CCCO2 IP_simulate: 11.095220739776146 molecules Found: 0
timestmap: 1687991251579 smiles: COc1ccc(OC)c(NC(=O)N(C)CC2CC2)c1 IP_simulate: 11.711981471240414 molecules Found: 0
timestmap: 1687991284488 smiles: CCOCC(=O)Nc1cc(-c2ccccc2C)nn1C IP_simulate: 12.060824864260875 molecules Found: 0
timestmap: 1687991348617 smiles: COc1ccc(-n2nc(C(=O)NC(C)c3cnn(C)c3)cc2C)cc1 IP_simulate: 11.780574068027141 molecules Found: 0
timestmap: 1687991377465 smiles: COc1cccc2c1C(c1ccc(=O)[nH]c1)NCC2 IP_simulate: 11.940242928253468 molecules Found: 0
timestmap: 1687991428482 smiles: CC(C)(C)NC(=O)c1ccccc1NC(=O)CC1CCCC1 IP_simulate: 12.308864262135147 molecules Found: 0
timestmap: 1687991498083 smiles: Cc1ccccc1N(CC(=O)N1CCCCC1)Cc1nc(C)c(C)o1 IP_simulate: 11.30581146703896 molecules Found: 0
timestmap: 1687991518543 smiles: Cc1cccc(NC(=O)COc2ccc3c(c2)CCC3)n1 IP_simulate: 11.828475963654883 molecules Found: 0
timestmap: 1687991538714 smiles: COc1ccc2c(c1)C1(CC1)CNC2c1ccco1 IP_simulate: 11.903831770735922 molecules Found: 0
timestmap: 1687991579858 smiles: O=C(NCCNC(=O)C1CC(=O)N(c2ccccc2)C1)c1ccco1 IP_simulate: 12.154261394459573 molecules Found: 0
timestmap: 1687991614950 smiles: CC(C)CC(=O)N1CCC(Oc2cnc3ccccc3n2)CC1 IP_simulate: 11.924084939749319 molecules Found: 0
timestmap: 1687991665385 smiles: CN(c1ccccc1)c1ccc(CNC(=O)c2nccnc2N)cn1 IP_simulate: 11.329972069066853 molecules Found: 0
timestmap: 1687991741476 smiles: Cc1cc(C)c2c(c1)C(CC(N)=O)CC1(CCCC1)O2 IP_simulate: 11.745905947276821 molecules Found: 0
timestmap: 1687991781701 smiles: NC(=O)CC1CCN(C(=O)NC2CCOc3ccccc32)CC1 IP_simulate: 11.9533401111501 molecules Found: 0
timestmap: 1687991809347 smiles: COc1ccc(-n2c(N)c(C#N)c3nc4ccccc4nc32)cc1OC IP_simulate: 11.606835626202525 molecules Found: 0
timestmap: 1687991848095 smiles: CC(C)CC1(NC(=O)c2ccccc2)COCOC1=O IP_simulate: 12.42000096099664 molecules Found: 0
timestmap: 1687991887579 smiles: CC(C)COC(=O)N1CCN(Cc2ccccn2)CC1 IP_simulate: 11.617569759006226 molecules Found: 0
timestmap: 1687991910223 smiles: CN(CCNC(=O)OC(C)(C)C)C(=O)OC(C)(C)C IP_simulate: 12.595236266913181 molecules Found: 0
timestmap: 1687991947110 smiles: CC(OCc1ccccc1)C(=O)Nc1ccc2ccn(C)c2c1 IP_simulate: 11.694607922708073 molecules Found: 0
timestmap: 1687991987758 smiles: COCCN(CCOC)C(=O)c1ccc(C)c(C)c1 IP_simulate: 12.17479190303827 molecules Found: 0
timestmap: 1687992010389 smiles: O=C(Nc1ccc(CN2CCOCC2)cc1)c1cnccn1 IP_simulate: 11.630164117924437 molecules Found: 0
timestmap: 1687992036951 smiles: Nc1ccc2c(c1)CCCN2C(=O)COc1cccc(F)c1 IP_simulate: 11.730940558589657 molecules Found: 0
timestmap: 1687992073875 smiles: Cc1cccc(NC(=O)Cn2cnc3c(cnn3C(C)(C)C)c2=O)c1 IP_simulate: 12.326764246598643 molecules Found: 0
timestmap: 1687992098159 smiles: COC(=O)c1cnn(-c2ccc(OCC(C)C)cc2)c1N IP_simulate: 12.079710652177104 molecules Found: 0
timestmap: 1687992135378 smiles: O=C(CCC(=O)c1ccc(F)c(F)c1)NCC1(c2ccccc2)CC1 IP_simulate: 12.661125930691224 molecules Found: 0
timestmap: 1687992168701 smiles: CCOC(=O)c1nnc(-c2ccccc2)nc1N1CC(C)OC(C)C1 IP_simulate: 11.737341311718364 molecules Found: 0
timestmap: 1687992207691 smiles: CN(C(=O)CC1OC(=O)c2ccccc21)c1cccc2ncccc12 IP_simulate: 12.351394695313045 molecules Found: 0
timestmap: 1687992236901 smiles: CN(CCOC(=O)Nc1ccccc1)c1ccc(C#N)cn1 IP_simulate: 12.080988617967394 molecules Found: 0
timestmap: 1687992254554 smiles: CCOC(=O)C1CCC(=O)c2c(F)cc(F)cc21 IP_simulate: 13.457144902254269 molecules Found: 0
timestmap: 1687992282545 smiles: Nc1c(C2CC2)n[nH]c1C(=O)NCCc1ccco1 IP_simulate: 11.716788410375452 molecules Found: 0
timestmap: 1687992290489 smiles: O=C(Nc1nnc(-c2ccncc2)o1)c1cccc(F)c1 IP_simulate: 12.7854320559759 molecules Found: 0
timestmap: 1687992317042 smiles: CC(C)n1ncc2cc(C(=O)NC3CCOc4ccccc43)cnc21 IP_simulate: 12.152575405692915 molecules Found: 0
timestmap: 1687992342635 smiles: O=C(Cn1nc2ccccn2c1=O)N1CCCCCC1 IP_simulate: 12.051862909910001 molecules Found: 0
timestmap: 1687992394544 smiles: N#Cc1cccnc1N1CCN(C(=O)NC2CCc3ccccc32)CC1 IP_simulate: 11.982667956921752 molecules Found: 0
timestmap: 1687992430250 smiles: COCCNC(=O)CCCn1nc(C)n2c(cc3oc(C)cc32)c1=O IP_simulate: 12.067496399677266 molecules Found: 0
timestmap: 1687992467542 smiles: CC(C)(C)OC(=O)N1CCCC(CNc2nc3ncccc3[nH]2)C1 IP_simulate: 11.794007288629798 molecules Found: 0
timestmap: 1687992481211 smiles: O=C(Nc1nc2ccccc2[nH]1)c1ccccc1C(F)(F)F IP_simulate: 12.657352940225145 molecules Found: 0
timestmap: 1687992516340 smiles: Cc1cccc(NC(=O)C23CC4CC(CC(O)(C4)C2)C3)c1 IP_simulate: 12.239482153923541 molecules Found: 0
timestmap: 1687992570037 smiles: CN(Cc1ccc2c(c1)OCCO2)C(=O)NCCc1cnn(C)c1 IP_simulate: 11.844404923065529 molecules Found: 0
timestmap: 1687992616028 smiles: c1cnc(OC2COC3(CCN(c4cnccn4)C3)C2)nc1 IP_simulate: 11.537214563662477 molecules Found: 0
timestmap: 1687992698214 smiles: CCN(Cc1ccccc1)C(=O)CNC(=O)c1cc(C)n(CC)c1C IP_simulate: 11.653103614197294 molecules Found: 0
timestmap: 1687992741635 smiles: CC(C(=O)NCC(C)(C)c1ccncc1)=C1CCCC1 IP_simulate: 11.956279251809189 molecules Found: 0
timestmap: 1687992763116 smiles: CCOC(=O)c1ccc(COC(=O)c2ccco2)cc1 IP_simulate: 12.983890514394865 molecules Found: 0
timestmap: 1687992829537 smiles: CC(=O)NCc1nc2ccccc2n1CC(=O)N1CCOCC1 IP_simulate: 12.062867125307097 molecules Found: 0
timestmap: 1687992866778 smiles: Cc1cc(CNC(=O)N2CCC3(CC2)OCCO3)no1 IP_simulate: 12.32135102423924 molecules Found: 0
timestmap: 1687992905209 smiles: Cc1ccncc1NC(=O)NCCC(=O)OCc1ccccc1 IP_simulate: 12.05808312574949 molecules Found: 0
timestmap: 1687992982531 smiles: O=C(CCC(=O)c1ccc2c(c1)CCC2)NCCN1CCOCC1 IP_simulate: 11.440673222678429 molecules Found: 0
timestmap: 1687992997201 smiles: COc1cccc(C(=O)Nc2cc(C(C)(C)C)nn2C)c1 IP_simulate: 12.127508283099296 molecules Found: 0
timestmap: 1687993035089 smiles: COCC(NC(=O)Cc1nc(-c2ccccc2)oc1C)C(N)=O IP_simulate: 12.267737948290522 molecules Found: 0
timestmap: 1687993070155 smiles: COc1ccc(CNC(=O)Nc2ccc(F)c(C#N)c2)cc1C IP_simulate: 12.251137406709587 molecules Found: 0
timestmap: 1687993094245 smiles: CCOC(=O)c1cccc2nc(N)n(C(C)(C)C)c12 IP_simulate: 12.209517406936598 molecules Found: 0
timestmap: 1687993113319 smiles: CCc1cc(N)cc2c(=O)cc(C(=O)NCCO)oc12 IP_simulate: 12.304892941581263 molecules Found: 0
timestmap: 1687993151163 smiles: Cc1occc1COC(=O)c1cc(-c2ccco2)nc2onc(C)c12 IP_simulate: 12.451148474572467 molecules Found: 0
timestmap: 1687993195234 smiles: COc1ccc(C2CCCCCN2C(=O)c2cc(C)on2)cc1 IP_simulate: 11.890917255639012 molecules Found: 0
timestmap: 1687993232792 smiles: COc1cc(C(=O)OCC#N)ccc1OCc1c(C)noc1C IP_simulate: 12.555225232512184 molecules Found: 0
timestmap: 1687993266548 smiles: O=C(NCC(=O)N1CCN(c2ncccn2)CC1)c1cnccn1 IP_simulate: 11.649299317613652 molecules Found: 0
timestmap: 1687993297837 smiles: CC1(C)CC(NCCCN2CCOCC2)c2ccccc2O1 IP_simulate: 11.488235320575711 molecules Found: 0
timestmap: 1687993333303 smiles: Cn1cc(C(=O)OCC(=O)N(Cc2ccccc2F)C2CC2)cn1 IP_simulate: 12.518205293759898 molecules Found: 0
timestmap: 1687993375462 smiles: CCOc1ccc(CC(=O)N2CCN(C(=O)c3ccco3)CC2)cc1 IP_simulate: 11.9162239093787 molecules Found: 0
timestmap: 1687993393593 smiles: CC(C)(C)OC(=O)C(N)C(C(F)(F)F)C(F)(F)F IP_simulate: 13.55937741979401 molecules Found: 0
timestmap: 1687993423805 smiles: CCCC(=O)N1CCCc2cc(C(=O)CC)ccc21 IP_simulate: 12.452373630198396 molecules Found: 0
timestmap: 1687993447110 smiles: COc1ccc(C(C#N)CCC(=O)NC(C)(C)C)cc1F IP_simulate: 12.459938693796413 molecules Found: 0
timestmap: 1687993468406 smiles: O=C(NCC(O)c1ccc2c(c1)CCO2)c1ccco1 IP_simulate: 12.149257075772308 molecules Found: 0
timestmap: 1687993515383 smiles: COc1ccc(OCC(=O)N2CCN(Cc3ccccc3)CC2)cc1 IP_simulate: 11.409894826869918 molecules Found: 0
timestmap: 1687993591909 smiles: COCCC1(CNC(=O)NC2(c3noc(C)n3)CCCC2)CCC1 IP_simulate: 12.186977852436968 molecules Found: 0
timestmap: 1687993639386 smiles: NC(=O)C1(NC(=O)C2CC(=O)N(Cc3cccnc3)C2)CCCCC1 IP_simulate: 12.077311258981307 molecules Found: 0
timestmap: 1687993657759 smiles: COC(C)(Cc1ccc(OC(F)F)c(F)c1)OC IP_simulate: 13.085638153235418 molecules Found: 0
timestmap: 1687993696366 smiles: CCOC(=O)C1CCCN(c2cccn3nc(N)nc23)C1 IP_simulate: 11.46560171070677 molecules Found: 0
timestmap: 1687993777036 smiles: Cc1cccc(CNC(=O)NCC(=O)Nc2c(C)cccc2C)c1 IP_simulate: 11.843781272847272 molecules Found: 0
timestmap: 1687993847198 smiles: Cc1cc(Oc2ncccn2)ccc1NC(=O)NCC(C)CC(C)O IP_simulate: 11.452822369546064 molecules Found: 0
timestmap: 1687993869102 smiles: CC(CC#N)N1CCN(CC(=O)N2CCCC2)CC1 IP_simulate: 11.266540633733024 molecules Found: 0
timestmap: 1687993903731 smiles: CC(C)N1CC(C(=O)NCc2ccncc2)CC1=O IP_simulate: 12.288515184134996 molecules Found: 0
timestmap: 1687993933110 smiles: CNC(=O)c1ccc(CNC(=O)c2cc(C(C)C)n(C)n2)cc1 IP_simulate: 12.267952110246982 molecules Found: 0
timestmap: 1687993960250 smiles: O=C(CCc1ccc(F)c(F)c1)N1CCOc2ccccc21 IP_simulate: 12.470593258991935 molecules Found: 0
timestmap: 1687993985458 smiles: COCCCN(C)C(=O)c1cnn(-c2ccccc2)c1 IP_simulate: 12.363979437222875 molecules Found: 0
timestmap: 1687994023216 smiles: N#CCn1c(CN2CCCC2Cn2cccn2)nc2ccccc2c1=O IP_simulate: 12.298603917169546 molecules Found: 0
timestmap: 1687994066617 smiles: COc1ccc(C(=O)N2CCCC2c2n[nH]c(-c3ccccc3)n2)cn1 IP_simulate: 12.029354229209522 molecules Found: 0
timestmap: 1687994106630 smiles: O=C(CCCc1cn[nH]c1)NCCc1ccc2c(c1)OCO2 IP_simulate: 11.92012146850312 molecules Found: 0
timestmap: 1687994167305 smiles: O=C(NCc1ccccc1)N1CCC(Cn2cccn2)CC1 IP_simulate: 12.008770146366233 molecules Found: 0
timestmap: 1687994195762 smiles: CCc1cc(C(=O)NCc2cccc(OC)c2OC)[nH]n1 IP_simulate: 12.13473966295237 molecules Found: 0
timestmap: 1687994263782 smiles: CN(CC1CCCO1)C(=O)NCc1ccc2c(c1)CCC2 IP_simulate: 11.812216172913072 molecules Found: 0
timestmap: 1687994278374 smiles: Cc1cc2c(cc1CCOC(=O)CN)OCCO2 IP_simulate: 11.972803955809319 molecules Found: 0
timestmap: 1687994321299 smiles: CC(C)(C)CC(NC(=O)N1CCNC(=O)C1)c1ccc(F)cc1 IP_simulate: 12.380452952445552 molecules Found: 0
timestmap: 1687994346443 smiles: CNc1ccccc1C(=O)Nc1ccc(C(C)=O)cc1 IP_simulate: 11.928157746544983 molecules Found: 0
timestmap: 1687994379594 smiles: O=C(C1CC1)N(Cc1ccccc1C(F)(F)F)C1CC1 IP_simulate: 12.971002788590537 molecules Found: 0
timestmap: 1687994426311 smiles: Cc1cc(-c2cc(=O)n(Cc3ccccc3F)nc2C2CC2)on1 IP_simulate: 12.459828813536582 molecules Found: 0
timestmap: 1687994447655 smiles: COCc1ccc(C(=O)N2CCC(CO)CC2)cc1 IP_simulate: 12.316877306116426 molecules Found: 0
timestmap: 1687994478392 smiles: CCc1onc(C)c1NC(=O)N1CC(C)CC(C)C1 IP_simulate: 12.339033815872968 molecules Found: 0
timestmap: 1687994508053 smiles: CCN(Cc1cc(=O)[nH]c2ccccc12)C(=O)Nc1cccc(C)c1 IP_simulate: 12.051376215774875 molecules Found: 0
timestmap: 1687994534969 smiles: Cc1cc(CNCC(=O)NC(C)(C)C)ccc1F IP_simulate: 11.894451879724963 molecules Found: 0
timestmap: 1687994579395 smiles: CC(C)C(=O)N1CCCC1C(=O)Nc1ccc(-n2ccnc2)cc1 IP_simulate: 12.124913592054622 molecules Found: 0
timestmap: 1687994603091 smiles: COc1ccccc1NC(=O)N1CCCC(O)C1 IP_simulate: 11.78974872378261 molecules Found: 0
timestmap: 1687994657962 smiles: O=C(NCc1cccnc1)N1CCN(CC=Cc2ccccc2)CC1 IP_simulate: 11.56854319509746 molecules Found: 0
timestmap: 1687994688290 smiles: CC(=O)c1ccc(NC(=O)CCOc2ccccc2)cc1C IP_simulate: 12.290015266299493 molecules Found: 0
timestmap: 1687994730357 smiles: COCCN1CC(C(=O)Oc2ccc(C)cc2C)CC1=O IP_simulate: 12.197118983391684 molecules Found: 0
timestmap: 1687994751671 smiles: CCc1ccc2[nH]cc(C(=O)NCCO)c(=O)c2c1 IP_simulate: 12.398558866028592 molecules Found: 0
timestmap: 1687994824768 smiles: Cc1nc2ncccn2c1C(=O)NCc1cnn(Cc2ccccc2)c1 IP_simulate: 12.247606560812974 molecules Found: 0
timestmap: 1687994895611 smiles: CCOc1cc(CN(C)Cc2nc3ccccc3n2C)ccc1OC IP_simulate: 11.250367239221754 molecules Found: 0
timestmap: 1687994946958 smiles: CCN1CC(C(=O)N2CCC(c3c[nH]c4ccccc34)CC2)CC1=O IP_simulate: 11.821893973235252 molecules Found: 0
timestmap: 1687994968267 smiles: NC(=O)c1ccc(NC(=O)Cn2nnc3ccccc3c2=O)cc1 IP_simulate: 12.514041661376877 molecules Found: 0
timestmap: 1687995010668 smiles: CCCCNC(=O)CN(C)C(=O)c1c[nH]c2ccccc12 IP_simulate: 12.035753427416036 molecules Found: 0
timestmap: 1687995057686 smiles: CN1CC(C(=O)Nc2ccc3oc(C4CC4)nc3c2)CC1=O IP_simulate: 12.338897507278668 molecules Found: 0
timestmap: 1687995081880 smiles: COc1ccc(OCC(=O)C(C#N)c2nc3ccccc3[nH]2)cc1 IP_simulate: 11.921620043925364 molecules Found: 0
timestmap: 1687995124081 smiles: COCCOC1CCN(C(=O)C2CC=CC2)C1Cc1ccncc1 IP_simulate: 11.929938878890546 molecules Found: 0
timestmap: 1687995145159 smiles: COc1ccc(C(=O)COc2ccccc2N)cc1OC IP_simulate: 11.545137729235641 molecules Found: 0
timestmap: 1687995245431 smiles: Cc1c(C(C)NC(=O)CCOC(C)C)oc2ccccc12 IP_simulate: 11.853632322493764 molecules Found: 0
timestmap: 1687995258656 smiles: Nc1ccccc1-c1nc2cccnc2n1-c1ccncc1 IP_simulate: 11.840381469992495 molecules Found: 0
timestmap: 1687995306481 smiles: CCn1nc(C(=O)NCc2ccccc2)cc1-c1ccco1 IP_simulate: 12.232943207356733 molecules Found: 0
timestmap: 1687995337017 smiles: CC(C)(C)NC(=O)C1CC(=O)N(Cc2ccc(F)cc2)C1 IP_simulate: 12.633771000666759 molecules Found: 0
timestmap: 1687995356559 smiles: COc1ccc(C(=O)N2CC(C)CC(C)C2)cc1OC IP_simulate: 12.008835584819115 molecules Found: 0
timestmap: 1687995392362 smiles: COc1cccc(CCC(=O)Nc2cc(C(=O)N(C)C)ccc2C)c1 IP_simulate: 11.890556238532273 molecules Found: 0
timestmap: 1687995427385 smiles: O=C(c1cccc2nccnc12)N1CCN(c2ncccn2)CC1 IP_simulate: 11.642288774927204 molecules Found: 0
timestmap: 1687995456891 smiles: COC(=O)c1cccc(NC(=O)c2cc(=O)[nH]c3ccccc23)c1 IP_simulate: 12.61291688029169 molecules Found: 0
timestmap: 1687995488311 smiles: CC(=O)Nc1ccc(NC(C)c2ccc(O)cc2)cc1 IP_simulate: 11.438704793127306 molecules Found: 0
timestmap: 1687995552168 smiles: O=C(Cn1nnc2ccccc21)NC1CC1c1cccc(F)c1 IP_simulate: 12.599122719899665 molecules Found: 0
timestmap: 1687995569988 smiles: Cc1ccnc2nc(C(=O)NC3(C)Cc4ccccc4C3)nn12 IP_simulate: 12.309237308953143 molecules Found: 0
timestmap: 1687995635344 smiles: COc1cccc(N2CCN(CC(=O)NCC3CCC3)CC2)c1 IP_simulate: 11.055276917047475 molecules Found: 0
timestmap: 1687995671303 smiles: COc1ccccc1Oc1ccc(NC(=O)C2CCCO2)cc1F IP_simulate: 11.875999804899234 molecules Found: 0
timestmap: 1687995687587 smiles: CCC(C)n1c(=O)n(C)c(=O)c2[nH]c(NC)nc21 IP_simulate: 12.188452440165323 molecules Found: 0
timestmap: 1687995737832 smiles: CC(=O)N(C)Cc1cccc(NC(=O)c2c(C)cc(C)cc2C)c1 IP_simulate: 12.155072405074522 molecules Found: 0
timestmap: 1687995801232 smiles: Cc1nc(N2CCOCC2)[nH]c(=O)c1CCC(=O)Nc1cnn(C)c1 IP_simulate: 11.648969958012994 molecules Found: 0
timestmap: 1687995840100 smiles: COCc1ccccc1C(=O)NCC(C)(O)c1ccc(F)cc1 IP_simulate: 12.366095618194077 molecules Found: 0
timestmap: 1687995890853 smiles: CCC(CO)NC(=O)C12CC3CC(CC(C3)C1)C2 IP_simulate: 12.365244126290335 molecules Found: 0
timestmap: 1687995925304 smiles: CCc1noc(CC)c1CNC(=O)N(C)Cc1ccc(C#N)cc1 IP_simulate: 12.580132688997502 molecules Found: 0
timestmap: 1687995959050 smiles: CCOC(=O)C1(N)CC1c1cccc2ccccc12 IP_simulate: 11.984684592995478 molecules Found: 0
timestmap: 1687995980348 smiles: CNC(=O)c1nc(Cc2c[nH]c3ccccc23)no1 IP_simulate: 12.307118447883852 molecules Found: 0
timestmap: 1687995992661 smiles: Cc1cccc(C)c1Cn1c(-c2cccnc2)noc1=O IP_simulate: 12.707663031292562 molecules Found: 0
timestmap: 1687996014308 smiles: Cc1nc2ccccc2n1CCNC(=O)c1cccc(C#N)c1 IP_simulate: 12.416266579685121 molecules Found: 0
timestmap: 1687996058423 smiles: C#CCN1CCN(CC(=O)N2CCCC(C(N)=O)C2)CC1 IP_simulate: 11.012720271218292 molecules Found: 0
timestmap: 1687996090642 smiles: O=C(NCc1nnc2n1CCC2)NCC1COc2ccccc2O1 IP_simulate: 11.932399150578377 molecules Found: 0
timestmap: 1687996114927 smiles: CCn1cc(NC(=O)NC(C)Cc2cnccn2)nn1 IP_simulate: 11.690389765448893 molecules Found: 0
timestmap: 1687996168934 smiles: CCC(NC(=O)Cn1c(=O)[nH]c2ccccc2c1=O)c1noc(C)n1 IP_simulate: 12.685254046130689 molecules Found: 0
timestmap: 1687996195964 smiles: CC(C)(C)OC(=O)N1CCC(Nc2cccc(F)c2N)CC1 IP_simulate: 11.706210769691134 molecules Found: 0
timestmap: 1687996213892 smiles: CC(C)Oc1ccc(C(=O)N2C3CCC2COC3)cc1 IP_simulate: 12.237242754753602 molecules Found: 0
timestmap: 1687996241544 smiles: CCc1noc2ncnc(Nc3cc(OC)c(OC)c(OC)c3)c12 IP_simulate: 11.723781688879539 molecules Found: 0
timestmap: 1687996253999 smiles: O=C(NCC(F)(F)F)c1ccc(OCC(F)F)nc1 IP_simulate: 13.643829602362926 molecules Found: 0
timestmap: 1687996285005 smiles: N#Cc1ccc(NC(=O)NCCc2nc3ccc(F)cc3[nH]2)cc1 IP_simulate: 12.41725587871526 molecules Found: 0
timestmap: 1687996303248 smiles: COC(=O)c1ccc(C(=O)Nc2cccc3ccc(C)nc23)cc1 IP_simulate: 12.282061684355373 molecules Found: 0
timestmap: 1687996347712 smiles: Cc1cc(C(=O)N2CCC(CN3CCCCC3=O)CC2)[nH]n1 IP_simulate: 12.350005282518435 molecules Found: 0
timestmap: 1687996382695 smiles: CC(C)CNC(=O)C1(NC(=O)c2cncc3cnccc23)CCCC1 IP_simulate: 12.095081625295952 molecules Found: 0
timestmap: 1687996408668 smiles: CCOc1ccc(-c2ncnc(C)c2N)cc1NC(C)=O IP_simulate: 11.58304535449088 molecules Found: 0
timestmap: 1687996429904 smiles: COc1ccc2[nH]cc(CCNC(=O)C(C)C)c2c1 IP_simulate: 11.733498463436577 molecules Found: 0
timestmap: 1687996483504 smiles: CC(C)COc1cccc(CNC(=O)N2CCC3(CC2)OCCO3)c1 IP_simulate: 11.99378639462414 molecules Found: 0
timestmap: 1687996512338 smiles: COc1ccnc2c(NC3CCN(C(C)=O)CC3)cccc12 IP_simulate: 11.546546313129088 molecules Found: 0
timestmap: 1687996563456 smiles: COC(=O)c1cccc2[nH]c(=NC(=O)C3CCC(F)(F)CC3)[nH]c12 IP_simulate: 12.553426905295643 molecules Found: 0
timestmap: 1687996608117 smiles: O=C(NCCN1CCOC1=O)C1CC(=O)N(Cc2ccccn2)C1 IP_simulate: 12.338387560392153 molecules Found: 0
timestmap: 1687996641457 smiles: CC(C)(C)OC(=O)NCC1CCCN(c2cnccn2)C1 IP_simulate: 11.84870174803645 molecules Found: 0
timestmap: 1687996671541 smiles: CCN(CC)C(=O)c1c(C)nc(N)nc1-c1ccccc1OC(C)C IP_simulate: 11.74503694389737 molecules Found: 0
timestmap: 1687996695835 smiles: O=C1CN(C(=O)CCc2cccnc2)c2ccccc2N1 IP_simulate: 12.141972149305419 molecules Found: 0
timestmap: 1687996715221 smiles: COc1cccc(-c2nc(NC3CC3)c(C#N)cc2C)c1 IP_simulate: 11.9162262219514 molecules Found: 0
timestmap: 1687996784902 smiles: CCCNC(=O)CCC(=O)NC1(c2ccccc2)CCCC1 IP_simulate: 12.275546480979708 molecules Found: 0
timestmap: 1687996817723 smiles: CCN(C)c1ccc(C(=O)N2CCCC2c2ccccn2)cc1 IP_simulate: 11.392294879838364 molecules Found: 0
timestmap: 1687996853799 smiles: CC1=CCN(C(=O)c2nn(CC(C)C)c(=O)c3ccccc23)CC1 IP_simulate: 12.240385078430762 molecules Found: 0
timestmap: 1687996889015 smiles: O=C(c1cccnc1)N1CC2OCCN(c3cnccn3)C2C1 IP_simulate: 12.05451700280128 molecules Found: 0
timestmap: 1687996903164 smiles: CCOC(=O)c1nc(N)nc2c1NC(C)C(C)N2 IP_simulate: 11.42239364833991 molecules Found: 0
timestmap: 1687996950973 smiles: COc1ccc(NC(=O)C2CCN(C(=O)c3ccco3)CC2)cc1F IP_simulate: 12.157076828269807 molecules Found: 0
timestmap: 1687997031768 smiles: COc1ccc(OCc2noc(CN3CC(C)OCC3C)n2)cc1 IP_simulate: 11.48787082089155 molecules Found: 0
timestmap: 1687997056647 smiles: O=C(Nc1ccc2c(c1)OCCCO2)c1cc(=O)c2ccccc2o1 IP_simulate: 12.038049261898708 molecules Found: 0
timestmap: 1687997090239 smiles: COc1cc(C)c(C(O)Cn2cc(N)cn2)c(OC)c1 IP_simulate: 11.372625962259274 molecules Found: 0
timestmap: 1687997104338 smiles: O=C(Nc1ccc(F)cc1)Nc1cc(F)c2[nH]c(=O)ccc2c1 IP_simulate: 12.39355766078857 molecules Found: 0
timestmap: 1687997178886 smiles: O=C(CCNC(=O)c1ccncc1)NC1(c2ccccc2)CCCC1 IP_simulate: 11.974856779531759 molecules Found: 0
timestmap: 1687997216476 smiles: Cc1ccc(C2(Cc3ccc(C(C)C)cc3)NC(N)=NC2=O)o1 IP_simulate: 11.752397997551572 molecules Found: 0
timestmap: 1687997273665 smiles: CC(=O)N(C)CC(=O)Nc1cc(C(C)(C)C)nn1Cc1ccccc1 IP_simulate: 12.03678502049554 molecules Found: 0
timestmap: 1687997297901 smiles: COC(=O)C1CC(Oc2cc(C(F)(F)F)ccc2F)CN1 IP_simulate: 12.598639207548883 molecules Found: 0
timestmap: 1687997338898 smiles: CC(C)(C)CC(=O)Nc1ccc(CC(=O)NC2(C#N)CC2)cc1 IP_simulate: 12.34592253729547 molecules Found: 0
timestmap: 1687997374443 smiles: CCCC(=O)Nc1ccc(C(=O)N2CCC(C)CC2)cc1 IP_simulate: 12.257400450728584 molecules Found: 0
timestmap: 1687997389892 smiles: CCn1cc(C)c(-c2cccc(O)c2)c(C#N)c1=O IP_simulate: 12.628672175570411 molecules Found: 0
timestmap: 1687997430353 smiles: COc1ccc(F)cc1NCc1ccc(-n2cncn2)c(C)c1 IP_simulate: 11.774043172133934 molecules Found: 0
timestmap: 1687997449288 smiles: Cc1nc2ccc(NC(=O)c3ccc(-n4ccnn4)cc3)cc2o1 IP_simulate: 12.256609657069646 molecules Found: 0
timestmap: 1687997461458 smiles: COc1cc(C=Cc2cc(O)cc(O)c2)ccc1O IP_simulate: 11.767042977324126 molecules Found: 0
timestmap: 1687997479834 smiles: COc1ccc2cc(C(=O)Oc3ccccc3)c(=O)oc2c1 IP_simulate: 12.620515243036532 molecules Found: 0
timestmap: 1687997513847 smiles: O=C(Cn1nnc2ccccc21)NC1CCCCCC1 IP_simulate: 12.64003502287172 molecules Found: 0
timestmap: 1687997555455 smiles: CCc1noc(CC)c1CNC(=O)NCc1ncc(C)c(OC)c1C IP_simulate: 12.103324252896828 molecules Found: 0
timestmap: 1687997599947 smiles: Cc1c(-c2ccccc2)n[nH]c1C(=O)N1CCCC1c1ccco1 IP_simulate: 12.107848533218514 molecules Found: 0
timestmap: 1687997650366 smiles: CCOc1ccc(OCC)c(NC(=O)N(C)Cc2cnn(C)c2)c1 IP_simulate: 11.506821138386858 molecules Found: 0
timestmap: 1687997692694 smiles: CCn1cc(NC(C)c2ccc(F)cc2)ccc1=O IP_simulate: 11.756667559754176 molecules Found: 0
timestmap: 1687997743630 smiles: O=C(c1cc2cc(F)ccc2o1)N1CCc2cc(F)ccc2C1 IP_simulate: 12.726837793367388 molecules Found: 0
timestmap: 1687997770346 smiles: CC1(C)OCC(CCCOCc2ccccc2)O1 IP_simulate: 12.500700030928554 molecules Found: 0
timestmap: 1687997783807 smiles: CCCCCn1c(C)nc2c(OC)cccc2c1=O IP_simulate: 12.198980811834158 molecules Found: 0
timestmap: 1687997838935 smiles: CC(C)C(NC(N)=O)C(=O)Nc1ccc(N2CCCC2)nc1 IP_simulate: 11.250496529769368 molecules Found: 0
timestmap: 1687997903416 smiles: Cc1noc(C)c1CC(=O)OC(c1ccccc1)c1cccnc1 IP_simulate: 12.482290304523728 molecules Found: 0
timestmap: 1687997945504 smiles: CCCNC(=O)CN1C(=O)C(CC)Nc2cc(F)ccc21 IP_simulate: 11.999038936615081 molecules Found: 0
timestmap: 1687997985108 smiles: Cc1cc(C(F)F)n2nc(C(=O)Nc3ccc4c(c3)CCC4)nc2n1 IP_simulate: 12.24492448155657 molecules Found: 0
timestmap: 1687998019398 smiles: Cc1cc(C)c2oc3c(c(=O)c2c1)C(c1ccccc1)NC3=O IP_simulate: 12.589669370021461 molecules Found: 0
timestmap: 1687998059682 smiles: CC(Oc1ccc(C#N)cc1)C(=O)Oc1ccc(-n2cnnn2)cc1 IP_simulate: 12.745279892715601 molecules Found: 0
timestmap: 1687998071978 smiles: O=C(Nc1ccc2[nH]c(=O)c(=O)[nH]c2c1)c1cccc(F)c1 IP_simulate: 12.748665151836587 molecules Found: 0
timestmap: 1687998100620 smiles: Nc1cccc(CN(C(=O)c2cc[nH]n2)C2CC2)c1 IP_simulate: 11.938645385562081 molecules Found: 0
timestmap: 1687998128302 smiles: COc1cc(C(C)=O)ccc1OCC(O)CN1CCc2ccccc21 IP_simulate: 11.398349617430672 molecules Found: 0
timestmap: 1687998162316 smiles: NC(=O)C1CCN(C(=O)c2ccco2)c2ccccc21 IP_simulate: 12.307380827063207 molecules Found: 0
timestmap: 1687998195638 smiles: COCCOCC1NCCc2ccc3c(c21)OCCO3 IP_simulate: 11.913824480491153 molecules Found: 0
timestmap: 1687998234856 smiles: Cc1cc(C(=O)NCc2ccc(C(=O)NCC3CC3)cc2)no1 IP_simulate: 12.542178441089998 molecules Found: 0
timestmap: 1687998290255 smiles: Cc1ccccc1C(C)NC(=O)Cc1ccc(N2CCCC2=O)cc1 IP_simulate: 12.027990898182972 molecules Found: 0
timestmap: 1687998308289 smiles: CCOC(=O)c1cc(-c2ccc(OCC)cc2)[nH]c1N IP_simulate: 11.274216668292144 molecules Found: 0
timestmap: 1687998332224 smiles: CCC(=O)Nc1ccc(NC(=O)NCCO)cc1 IP_simulate: 12.041638222185712 molecules Found: 0
timestmap: 1687998371274 smiles: CNC(=O)Cn1ccc2ccc(NC(=O)N3CCCC3(C)C)cc21 IP_simulate: 11.474944401404358 molecules Found: 0
timestmap: 1687998413570 smiles: CC(=O)N1CCc2cccc(CC(=O)c3ccccc3)c21 IP_simulate: 12.321410813144075 molecules Found: 0
timestmap: 1687998450176 smiles: O=C(CCCn1nnc(-c2ccccc2)n1)N1CCC(O)C1 IP_simulate: 12.355771205749482 molecules Found: 0
timestmap: 1687998499334 smiles: Cc1cc(NC(=O)N2CCN(C(=O)c3ccco3)CC2)n(C)n1 IP_simulate: 12.128009773588309 molecules Found: 0
timestmap: 1687998515106 smiles: O=C(Nc1ccc(-c2cc3ccccc3o2)cc1)c1ccnnc1 IP_simulate: 11.788217733856909 molecules Found: 0
timestmap: 1687998540516 smiles: CC(C)Cc1c(C#N)nnn1-c1ccc(Cc2ccncc2)cc1 IP_simulate: 12.453679132918255 molecules Found: 0
timestmap: 1687998571074 smiles: CC(C)c1ccc(NC(=O)C2C(=O)COC2=O)cc1 IP_simulate: 12.76276994920273 molecules Found: 0
timestmap: 1687998599741 smiles: CCN(Cc1ccccc1)C(=O)C1CN(C(C)=O)C1 IP_simulate: 12.611557295183253 molecules Found: 0
timestmap: 1687998646189 smiles: CCN(Cc1ccoc1)C(=O)NC(C)C(=O)N1CCCCC1 IP_simulate: 12.078342656107683 molecules Found: 0
timestmap: 1687998688293 smiles: CC(c1nc2ccccc2n1C(F)F)N1CCN(CCO)CC1 IP_simulate: 11.456463227486354 molecules Found: 0
timestmap: 1687998749892 smiles: COC(=O)CC1C(=O)NCCN1Cc1ccc2cccc(O)c2n1 IP_simulate: 11.479341719002273 molecules Found: 0
timestmap: 1687998796636 smiles: CN(C)C(=O)c1nn(C)c2c1CN(Cc1cccnc1)C2 IP_simulate: 11.531558227019984 molecules Found: 0
timestmap: 1687998855009 smiles: Cc1cc(C)n(Cc2cccc(NC(=O)c3c(C)noc3C)c2)n1 IP_simulate: 12.19843350052314 molecules Found: 0
timestmap: 1687998880590 smiles: Cc1ccc(C(O)C2NCCc3cc(F)ccc32)cc1 IP_simulate: 11.901606263433914 molecules Found: 0
timestmap: 1687998909818 smiles: CC(C)(CNC(=O)OC(C)(C)C)NC(=O)c1ccc(C#N)cc1 IP_simulate: 12.71216307970435 molecules Found: 0
timestmap: 1687998948800 smiles: Cc1cc2c(N)cccc2c(C(=O)NC2CCCCC2)n1 IP_simulate: 11.693699181482701 molecules Found: 0
timestmap: 1687998973323 smiles: CCOC(=O)c1cnn(Cc2nnc(-c3ccccc3)o2)c1C(F)F IP_simulate: 13.087789248229537 molecules Found: 0
timestmap: 1687999001563 smiles: Cc1cc(C)n(CC(=O)NC(C)Cn2cncn2)n1 IP_simulate: 12.461170196478681 molecules Found: 0
timestmap: 1687999045486 smiles: Cn1ccc(NC(=O)CNC(=O)NCc2ccccc2)n1 IP_simulate: 12.016869688723501 molecules Found: 0
timestmap: 1687999065018 smiles: COc1ccc(-c2n[nH]c(NC(=O)CCc3ccccc3O)n2)cc1 IP_simulate: 11.733918717829255 molecules Found: 0
timestmap: 1687999102738 smiles: Cc1cc(C)c2c(n1)oc1c(NCCN3CCOCC3)ncnc12 IP_simulate: 11.546192018974127 molecules Found: 0
timestmap: 1687999131505 smiles: CCCNc1ncnc2onc(-c3ccc(C)cc3)c12 IP_simulate: 12.571646796623417 molecules Found: 0
timestmap: 1687999153303 smiles: Cc1cc(C(=O)NCC2(O)CCOc3ccccc32)no1 IP_simulate: 12.512488752550365 molecules Found: 0
timestmap: 1687999166348 smiles: COc1cccc(OCc2nc3c(C)ccnc3o2)c1 IP_simulate: 12.166676765487761 molecules Found: 0
timestmap: 1687999186178 smiles: COc1ccc(-c2cc(CO)nn2CCCO)cc1C IP_simulate: 12.059632370567869 molecules Found: 0
timestmap: 1687999229493 smiles: COc1cccc(CN(CC(C)C)C(=O)c2oc(C)nc2C)c1 IP_simulate: 12.26292744839391 molecules Found: 0
timestmap: 1687999240095 smiles: COc1ccc(NC(=O)c2nnc3ccc(OC)cc3n2)cc1 IP_simulate: 11.583101614946935 molecules Found: 0
timestmap: 1687999269401 smiles: CCc1ccc(NCCc2n[nH]c(-c3ccc(N)cc3)n2)cc1 IP_simulate: 11.059988076068937 molecules Found: 0
timestmap: 1687999318941 smiles: CC(NC(=O)Cc1cccc(OCC#N)c1)C(=O)Nc1ccccc1 IP_simulate: 12.095082707240278 molecules Found: 0
timestmap: 1687999389739 smiles: CCCN(CCc1ccccn1)C(=O)NCc1cccnc1 IP_simulate: 11.736029036172472 molecules Found: 0
timestmap: 1687999447706 smiles: CC(C)Oc1ccc(NC(=O)NC2c3ccccc3CC2O)c(F)c1 IP_simulate: 11.823776784937753 molecules Found: 0
timestmap: 1687999465484 smiles: Cc1cn2cc(C(=O)N3CCC(F)(F)CC3)ccc2n1 IP_simulate: 12.709182692148122 molecules Found: 0
timestmap: 1687999490878 smiles: O=C1CCC2(CCCO2)CCN1CCCn1cccc1 IP_simulate: 12.079697449180001 molecules Found: 0
timestmap: 1687999517275 smiles: CCOC(=O)c1c(NC(C)=O)ccn1Cc1ccccc1 IP_simulate: 12.294393831222957 molecules Found: 0
timestmap: 1687999534963 smiles: CC(=O)c1ccc(OC(C)C)c(NC(=O)c2ccncc2)c1 IP_simulate: 12.25697851459874 molecules Found: 0
timestmap: 1687999560885 smiles: COc1cccc(OCCc2ncc(C(N)=O)c(N)n2)c1 IP_simulate: 11.895243930122254 molecules Found: 0
timestmap: 1687999614961 smiles: Cc1ccc(CNC(=O)NC2CCCCNC2=O)cc1 IP_simulate: 12.11954769272101 molecules Found: 0
timestmap: 1687999646213 smiles: O=C(Nc1ccc(N2CCCC2)nc1)c1cccnc1OCC(F)F IP_simulate: 11.535052735218597 molecules Found: 0
timestmap: 1687999700366 smiles: Cc1cccnc1NC(=O)CC1CN(Cc2ccccc2)CCO1 IP_simulate: 11.46792407488494 molecules Found: 0
timestmap: 1687999741237 smiles: CC(=O)NC(C)(C)c1noc(-c2cccc(N3CCCC3=O)c2)n1 IP_simulate: 12.339952133276345 molecules Found: 0
timestmap: 1687999779724 smiles: CCC(C)NC(=O)CNc1cccc(C(=O)N2CCC(C)CC2)c1 IP_simulate: 11.864610347561664 molecules Found: 0
timestmap: 1687999810739 smiles: O=C(c1cccc2ccnn12)N1CCCC1CCc1ccccc1 IP_simulate: 12.149303197390676 molecules Found: 0
timestmap: 1687999826020 smiles: Cc1cc(-c2nnc(NC(=O)c3ccccc3C)o2)n(C)n1 IP_simulate: 12.508959988388806 molecules Found: 0
timestmap: 1687999867531 smiles: NC(=O)c1ccc(NC(=O)CCNC(=O)Cc2ccccc2)cc1 IP_simulate: 12.172694450205778 molecules Found: 0
timestmap: 1687999894448 smiles: CCN1CC(C(=O)NC(C)COc2ccc(F)cc2F)CC1=O IP_simulate: 12.565209290530282 molecules Found: 0
timestmap: 1687999923379 smiles: Cc1cccc(-n2nnc(-c3nc(-c4ccncc4)no3)c2N)c1C IP_simulate: 12.221828705450575 molecules Found: 0
timestmap: 1687999956902 smiles: C#Cc1cccc(N(C)C(=O)CCOC(C)CC(C)C)c1 IP_simulate: 12.364299842714052 molecules Found: 0
timestmap: 1687999995375 smiles: Cc1cc(F)ccc1CCNC(=O)N1CCN(c2ncccn2)CC1 IP_simulate: 11.902650551435638 molecules Found: 0
timestmap: 1688000022694 smiles: COc1cc(CNC(=O)N2CCNC(=O)C2)ccn1 IP_simulate: 12.264325071097973 molecules Found: 0
timestmap: 1688000061583 smiles: O=C(NCCCc1ccccc1)c1ccc2c(=O)n3c(nc2c1)CCC3 IP_simulate: 12.267161168065632 molecules Found: 0
timestmap: 1688000080109 smiles: COc1ccc(-c2noc(C(=O)N3CCOCC3)c2N)cc1 IP_simulate: 11.945787010277941 molecules Found: 0
timestmap: 1688000119575 smiles: Cc1cc(C(=O)NCC(C)c2nc(-c3ccccc3)no2)[nH]n1 IP_simulate: 12.635458366551143 molecules Found: 0
timestmap: 1688000152446 smiles: O=C(Nc1cccc(N2CCNC2=O)c1)C1CCOCC1 IP_simulate: 12.027685514730011 molecules Found: 0
timestmap: 1688000172706 smiles: CCCc1ncncc1C(=O)N1CCOC(C(F)(F)F)C1 IP_simulate: 12.87245411916301 molecules Found: 0
timestmap: 1688000199765 smiles: Cc1cccc(C)c1NC(=O)C1COc2ccc(F)cc2C1 IP_simulate: 12.382397306758827 molecules Found: 0
timestmap: 1688000241131 smiles: COCC(=O)NC(C(=O)Nc1cc(C)ccc1C)C(C)C IP_simulate: 12.072712442446072 molecules Found: 0
timestmap: 1688000276142 smiles: CC(C)(C)c1nc(Cn2cccc(C(F)(F)F)c2=O)no1 IP_simulate: 13.374386230564879 molecules Found: 0
timestmap: 1688000321223 smiles: O=C1OC(C(=O)NC2CCCCC2)Cc2ccccc21 IP_simulate: 12.797753197525974 molecules Found: 0
timestmap: 1688000359875 smiles: COCCN(CC(=O)N(C)C)C(=O)C1CC2CCC1O2 IP_simulate: 12.277287849856418 molecules Found: 0
timestmap: 1688000394087 smiles: CC1CN(C(=O)c2cccc(OCc3nnnn3C)c2)CC(C)O1 IP_simulate: 12.430645258213126 molecules Found: 0
timestmap: 1688000432558 smiles: CCc1ncc2c(n1)CN(C(=O)C(CC)N1CCOCC1)C2 IP_simulate: 11.71117606849279 molecules Found: 0
timestmap: 1688000466867 smiles: Cc1cc(CNC(=O)c2c[nH]nc2-c2ccc(F)cc2)on1 IP_simulate: 12.570465927331533 molecules Found: 0
timestmap: 1688000504135 smiles: O=C(NCc1cccnc1)N(CCc1cccc(F)c1)C1CC1 IP_simulate: 12.076904563785925 molecules Found: 0
timestmap: 1688000538119 smiles: COc1ccc(C(=O)NCC(C)(C)C)c(OC)c1OC IP_simulate: 12.061031591500905 molecules Found: 0
timestmap: 1688000573278 smiles: Cc1c(NC(=O)NC(C)C)cccc1OCC(F)(F)F IP_simulate: 12.483045623525586 molecules Found: 0
timestmap: 1688000610768 smiles: CCOCCC(=O)N1CCN(C(C)c2ccccc2F)CC1 IP_simulate: 11.759718653533067 molecules Found: 0
timestmap: 1688000639007 smiles: C#Cc1cccc(NC(=O)COc2cccc(C)c2C)c1 IP_simulate: 12.198139845946015 molecules Found: 0
timestmap: 1688000754203 smiles: O=C(Cn1cc(NC(=O)NC2CCCCCC2)cn1)NC1CCCC1 IP_simulate: 12.012414561164386 molecules Found: 0
timestmap: 1688000856875 smiles: CC1CCN(C(=O)C2CCN(C(=O)N3CCCC3)CC2)C(C)C1 IP_simulate: 11.64449521564067 molecules Found: 0
timestmap: 1688000871888 smiles: Cc1nn(C)c2c(Nc3cccc4ncccc34)ncnc12 IP_simulate: 11.927137975209906 molecules Found: 0
timestmap: 1688000925918 smiles: Cc1nn(Cc2ccccc2)c(C)c1CNC(=O)CCc1cccnc1 IP_simulate: 11.8945317020503 molecules Found: 0
timestmap: 1688000969551 smiles: CC(=O)c1ccccc1NC(=O)CNc1ccccc1C(C)O IP_simulate: 11.602905509695107 molecules Found: 0
timestmap: 1688001014430 smiles: CCc1nc(CNc2cccc(C(=O)N3CCCC3)c2)no1 IP_simulate: 12.035962737194549 molecules Found: 0
timestmap: 1688001036721 smiles: O=C(c1ccc2ccccc2c1)N1CCC(CO)C1 IP_simulate: 12.425811565398373 molecules Found: 0
timestmap: 1688001054762 smiles: COc1ccc(C)cc1-c1cn2cccc(N)c2n1 IP_simulate: 11.435347902601372 molecules Found: 0
timestmap: 1688001101153 smiles: CC(=O)c1ccc(NC(=O)CCN2CCOC3CCCCC32)cc1 IP_simulate: 12.104201961879534 molecules Found: 0
timestmap: 1688001122983 smiles: N#CC(C(=O)c1cccc(OCc2ccccc2)c1)c1ccccn1 IP_simulate: 12.29588891437019 molecules Found: 0
timestmap: 1688001150228 smiles: O=C(CCOC1CCOCC1)N1CCOCC1C1CC1 IP_simulate: 12.23742495959826 molecules Found: 0
timestmap: 1688001174931 smiles: CN(CCCNC(=O)Cc1ccccc1F)c1ccccc1 IP_simulate: 11.638313955485408 molecules Found: 0
timestmap: 1688001198740 smiles: CCCC(=O)N1CCCC1C(=O)OC1CCCCC1 IP_simulate: 12.544095577673948 molecules Found: 0
timestmap: 1688001220313 smiles: COCc1c(C(=O)Nc2cc(C(C)C)n[nH]2)oc2ccccc12 IP_simulate: 12.300433521968886 molecules Found: 0
timestmap: 1688001268799 smiles: CC(=O)c1cccc(OC(=O)CNC(=O)Cc2cccc(F)c2)c1 IP_simulate: 12.695565413068678 molecules Found: 0
timestmap: 1688001302553 smiles: CCOC(=O)c1ccc(N2CCC(C(=O)N(C)C)CC2)nc1 IP_simulate: 11.799367603918363 molecules Found: 0
timestmap: 1688001322297 smiles: O=C(NCc1cc2ccccc2[nH]1)c1c(F)c(F)cc(F)c1F IP_simulate: 12.396353050272284 molecules Found: 0
timestmap: 1688001353483 smiles: Cn1cccc(NC(=O)c2ccc(OCC3CCCO3)cc2)c1=O IP_simulate: 11.862211328264795 molecules Found: 0
timestmap: 1688001432826 smiles: CC(C)(C)OC(=O)N1CCCC(C(=O)NCc2ccc(F)cc2)C1 IP_simulate: 12.38017571324341 molecules Found: 0
timestmap: 1688001540181 smiles: CC(CCCO)NC(=O)NC(C)c1cccc(N2CCCC2=O)c1 IP_simulate: 12.003318620766573 molecules Found: 0
timestmap: 1688001573465 smiles: CCN(Cc1nc2ccccc2c(=O)[nH]1)C(=O)c1cccc(C)c1O IP_simulate: 12.410872953213978 molecules Found: 0
timestmap: 1688001599910 smiles: Cc1c(C(=O)N2CCC(C)(O)C(C)C2)ccn1C IP_simulate: 11.996681698098005 molecules Found: 0
timestmap: 1688001613228 smiles: O=C(Nc1ccc(F)c(F)c1F)c1ccc2cc[nH]c2c1 IP_simulate: 12.59580464278535 molecules Found: 0
timestmap: 1688001630546 smiles: O=C(Cc1ccc(F)c(F)c1)Nc1cc(F)ccc1O IP_simulate: 12.848794350219997 molecules Found: 0
timestmap: 1688001640333 smiles: N#Cc1ccc(-c2noc(C=Cc3ccccc3)n2)nc1 IP_simulate: 12.667833458343425 molecules Found: 0
timestmap: 1688001677493 smiles: COc1ccccc1OC(=O)C1CCCN(C(=O)C(C)(C)C)C1 IP_simulate: 12.184285773964682 molecules Found: 0
timestmap: 1688001708878 smiles: CCN(CC)C(=O)c1c(C)nc(N)nc1-c1ccc(OC(C)C)cc1 IP_simulate: 11.760346373393265 molecules Found: 0
timestmap: 1688001763177 smiles: Cc1ccc(C(=O)N2CCC3(CC2)OCCc2cnc(C)nc23)cn1 IP_simulate: 11.786176255035214 molecules Found: 0
timestmap: 1688001796091 smiles: CCCCCC(=O)Nc1ccc(C(=O)NC(C)C)cc1 IP_simulate: 12.353718628516056 molecules Found: 0
timestmap: 1688001825247 smiles: COc1cccc(C(C#N)NC(=O)c2ccc3c(c2)OCO3)c1 IP_simulate: 12.336002624635608 molecules Found: 0
timestmap: 1688001875804 smiles: CC1CC(c2ccc(F)cc2)CN1C(=O)CNC(=O)C(C)(C)C IP_simulate: 12.450455017904634 molecules Found: 0
timestmap: 1688001921104 smiles: Cc1ccc2c(CC(=O)Nc3cnn(C)c3)coc2c1 IP_simulate: 12.051916909444675 molecules Found: 0
timestmap: 1688001946619 smiles: CC1CCc2ccccc2N1CC(=O)N(C)CCC#N IP_simulate: 11.323437623254094 molecules Found: 0
timestmap: 1688002012919 smiles: O=C(c1ccno1)N1CCCn2cnc(COCCO)c2C1 IP_simulate: 12.345389503271019 molecules Found: 0
timestmap: 1688002039329 smiles: Cc1nn(-c2ccccc2)c2nc3c(cc12)CN(C1CCC1)C(=O)O3 IP_simulate: 12.252739117347298 molecules Found: 0
timestmap: 1688002105169 smiles: CC(C)(C)CC(=O)NCC(=O)NCCc1ccccc1 IP_simulate: 12.465570716800391 molecules Found: 0
timestmap: 1688002134222 smiles: CCOc1ccc(NC(=O)COc2ccccc2NC(C)=O)cc1 IP_simulate: 11.932134186924927 molecules Found: 0
timestmap: 1688002178409 smiles: Cc1cccc(C(=O)Nc2ccc(NC(=O)C3CCCO3)cc2)c1 IP_simulate: 12.013610990435717 molecules Found: 0
timestmap: 1688002240470 smiles: CCC(Nc1nc(C)nc2c1cnn2C)c1cc(C)ccn1 IP_simulate: 11.617832682890336 molecules Found: 0
timestmap: 1688002260675 smiles: CCn1nc(CO)cc1-c1ccc(CC(C)C)cc1 IP_simulate: 12.283864085319221 molecules Found: 0
timestmap: 1688002283509 smiles: CC(c1ccco1)N(C(=O)COc1ccc(C#N)cc1)C1CC1 IP_simulate: 12.298221455809427 molecules Found: 0
timestmap: 1688002307649 smiles: CC(c1ccco1)N(C)C(=O)Nc1ccc(F)c(C(N)=O)c1 IP_simulate: 12.410120989869764 molecules Found: 0
timestmap: 1688002322504 smiles: CC1Cc2nc(N)nn2CC1c1ccc2ccccc2n1 IP_simulate: 11.731620886426564 molecules Found: 0
timestmap: 1688002344523 smiles: CCNc1nccc(-c2cnn(-c3ccccc3F)c2)n1 IP_simulate: 12.001045867985649 molecules Found: 0
timestmap: 1688002353696 smiles: COc1ccc(F)cc1NC(=O)c1cccc2c1OCO2 IP_simulate: 12.280528161010029 molecules Found: 0
timestmap: 1688002394748 smiles: Cc1occc1COC(=O)C1CC1c1ccccc1 IP_simulate: 12.32000810562937 molecules Found: 0
timestmap: 1688002406453 smiles: COC(=O)c1cccc(NC(=O)COc2ccc(OC)cc2)c1 IP_simulate: 11.987229441339093 molecules Found: 0
timestmap: 1688002422517 smiles: Cc1cc(Nc2ncnc(-n3nnc4ccccc43)c2N)no1 IP_simulate: 12.04746756010898 molecules Found: 0
timestmap: 1688002451455 smiles: CN(Cc1cc(-c2ccncc2)no1)C(=O)C(N)c1ccccc1 IP_simulate: 12.04715503679377 molecules Found: 0
timestmap: 1688002469348 smiles: N#CC1(NC(=O)c2ncoc2-c2ccco2)CCOCC1 IP_simulate: 12.690678039002247 molecules Found: 0
timestmap: 1688002486948 smiles: COc1ccc(-c2n[nH]c(N)c2-c2nc3ccccc3[nH]2)cc1 IP_simulate: 11.533606871579762 molecules Found: 0
timestmap: 1688002513345 smiles: CC(C)(C(=O)N1CCc2ccccc21)c1ccc(N)cc1 IP_simulate: 11.516923718135885 molecules Found: 0
timestmap: 1688002539951 smiles: COc1ccc(CNC(=O)c2cc(-c3ccccc3O)n[nH]2)cc1 IP_simulate: 11.890160554613592 molecules Found: 0
timestmap: 1688002572448 smiles: CCN(c1ccc(F)cc1C(C)=O)C(C)COC IP_simulate: 12.062202496099287 molecules Found: 0
timestmap: 1688002612152 smiles: Cc1cc(C(=O)NCC(C)(C)c2ccncc2)c(C)o1 IP_simulate: 12.013446980432775 molecules Found: 0
timestmap: 1688002660809 smiles: COc1c(C)cnc(CNC(=O)NCCc2ccccn2)c1C IP_simulate: 11.834496215307384 molecules Found: 0
timestmap: 1688002674536 smiles: Cc1noc(-c2ccc3c(c2)CCC(=O)N3C)c1N IP_simulate: 11.876418924267997 molecules Found: 0
timestmap: 1688002711654 smiles: COC(=O)c1ccccc1Nc1ncnc(NCc2ccccc2)c1N IP_simulate: 11.555879830667045 molecules Found: 0
timestmap: 1688002764333 smiles: Cn1c(COC(=O)c2cncc3ccccc23)nnc1-c1ccccc1 IP_simulate: 11.962012629062292 molecules Found: 0
timestmap: 1688002823166 smiles: O=C(NCCCOc1cccc2cccnc12)c1ccc2cc[nH]c2n1 IP_simulate: 11.653192311460336 molecules Found: 0
timestmap: 1688002839939 smiles: NC(=O)c1oc2ccccc2c1NC(=O)COc1ccc(F)cc1 IP_simulate: 12.262512982058754 molecules Found: 0
timestmap: 1688002877600 smiles: CC(Nc1cc(C(F)(F)F)nc(-c2cccnc2)n1)C(N)=O IP_simulate: 12.272208595893332 molecules Found: 0
timestmap: 1688002903501 smiles: CC1CN(C(=O)c2cccnc2)CC12CCNC2=O IP_simulate: 12.493110544358073 molecules Found: 0
timestmap: 1688002962060 smiles: COc1cccc(C2CCN2C(=O)CN2CCCCC2=O)c1 IP_simulate: 11.989747058278422 molecules Found: 0
timestmap: 1688002994361 smiles: CCOc1ccc2ccccc2c1CNc1ccon1 IP_simulate: 11.901534172741444 molecules Found: 0
timestmap: 1688003019306 smiles: CC1(NC(=O)Cc2noc3ccccc23)Cc2ccccc2C1 IP_simulate: 12.367329587985951 molecules Found: 0
timestmap: 1688003058097 smiles: Cc1noc(C)c1N(C)C(=O)CCOC(C)CC(C)C IP_simulate: 12.36611072029096 molecules Found: 0
timestmap: 1688003103916 smiles: Cc1cc(OCC(=O)NCC(=O)Nc2ccc(F)c(F)c2F)no1 IP_simulate: 12.918948051541825 molecules Found: 0
timestmap: 1688003128592 smiles: CC(C)(C)C1CCC(NC(=O)c2ccncc2)CC1 IP_simulate: 12.369651094704588 molecules Found: 0
timestmap: 1688003148952 smiles: Cc1nn(C)c(-c2ccc3c(c2)C(C)(C)C(=O)N3C)c1N IP_simulate: 11.46408649383059 molecules Found: 0
timestmap: 1688003200381 smiles: CN(C)C(=O)C1CCN(C(=O)c2ccccc2-c2ccccc2)CC1 IP_simulate: 11.967404821917725 molecules Found: 0
timestmap: 1688003237466 smiles: CCN(C(=O)COCC(F)(F)F)c1ccccc1C IP_simulate: 12.730124693689364 molecules Found: 0
timestmap: 1688003278453 smiles: CC(NCc1ccc(-n2cncn2)c(F)c1)C(=O)N1CCCCC1 IP_simulate: 12.139940008573516 molecules Found: 0
timestmap: 1688003303837 smiles: Cc1cccc(NC(=O)c2nccc3c(N)c(C)ccc23)c1 IP_simulate: 11.589954992654942 molecules Found: 0
timestmap: 1688003341953 smiles: CNC(=O)NCC(c1ccc(OC)c(OC)c1)N1CCOCC1 IP_simulate: 11.405594316063748 molecules Found: 0
timestmap: 1688003391928 smiles: COC(=O)C1CCCN1Cc1ccc(OC)c(C)c1C IP_simulate: 11.632525374813223 molecules Found: 0
timestmap: 1688003433197 smiles: CCOC(=O)N1CCN(Cc2cc(=O)n3cccc(C)c3n2)CC1 IP_simulate: 11.674031576623133 molecules Found: 0
timestmap: 1688003450780 smiles: O=C(Cc1cccc(F)c1)Nc1cccc(F)c1F IP_simulate: 13.17536658809783 molecules Found: 0
timestmap: 1688003488824 smiles: COc1cc(C)c(Cc2c(O)n[nH]c2N)cc1C(C)C IP_simulate: 11.68871756971021 molecules Found: 0
timestmap: 1688003510009 smiles: CC(C)c1ccccc1NC(=O)c1cc(N)c[nH]c1=O IP_simulate: 11.817389213378876 molecules Found: 0
timestmap: 1688003535019 smiles: C#CCOc1ccc(CCNC(=O)c2cnn(CC)c2)cc1 IP_simulate: 12.000918158213244 molecules Found: 0
timestmap: 1688003607191 smiles: Cc1cccc(C(C)(C)CNC(=O)C2CCN(C(=O)N(C)C)CC2)c1 IP_simulate: 12.023998804379595 molecules Found: 0
timestmap: 1688003636828 smiles: CCc1cc(N2CCN(CCOC)CC2)n2ncnc2n1 IP_simulate: 11.884016647325621 molecules Found: 0
timestmap: 1688003658544 smiles: CCN(CC)C(=O)c1cnn2c(-c3ccc(F)cc3)ccnc12 IP_simulate: 12.335099844674586 molecules Found: 0
timestmap: 1688003680368 smiles: COc1ccc2[nH]c3c(c2c1)CCN1C(=O)CNC(=O)C31C IP_simulate: 11.842439356091932 molecules Found: 0
timestmap: 1688003709677 smiles: Cc1nc(C(=O)NCc2ccccc2)nn1-c1ccc(F)cc1 IP_simulate: 12.572440758357708 molecules Found: 0
timestmap: 1688003744147 smiles: CC(C)NC(=O)NCC(=O)Nc1cccc2cccnc12 IP_simulate: 12.122597284528716 molecules Found: 0
timestmap: 1688003788995 smiles: COc1ccccc1CNC(=O)N1CCN(C(=O)OC(C)(C)C)CC1 IP_simulate: 12.062439646217413 molecules Found: 0
timestmap: 1688003839965 smiles: CC(C)(C)c1nc(CNC(=O)N2CCc3ccccc3C2CO)no1 IP_simulate: 12.185706229369108 molecules Found: 0
timestmap: 1688003864019 smiles: O=C(CCC=Cc1ccccc1)NCC(F)(F)F IP_simulate: 12.619160731186941 molecules Found: 0
timestmap: 1688003900793 smiles: CCC(CC)N(C)C(=O)Nc1ccc(F)c(C(N)=O)c1 IP_simulate: 12.424540438465538 molecules Found: 0
timestmap: 1688003923982 smiles: CNC(=O)c1ccc(CN(C)c2ccc(F)c(F)c2)cc1 IP_simulate: 12.133914170217231 molecules Found: 0
timestmap: 1688003970079 smiles: O=C(c1cccc(-c2ccoc2)c1)N(CCO)CCO IP_simulate: 12.273947529552697 molecules Found: 0
timestmap: 1688004029682 smiles: Cc1ccc(N2CCCC3(CN(Cc4ccco4)CCO3)C2)nn1 IP_simulate: 11.15848722392314 molecules Found: 0
timestmap: 1688004078902 smiles: COCCNC(=O)c1cc(C)nc2c1cnn2C1CCCC1 IP_simulate: 12.270093332201567 molecules Found: 0
timestmap: 1688004130549 smiles: CC(=O)NC(CC(=O)NC(C)C(C)C)c1ccccc1 IP_simulate: 12.463303370685997 molecules Found: 0
timestmap: 1688004186646 smiles: Cc1noc(C)c1C(C)NC(=O)c1[nH]c(C)c(C(=O)OC(C)C)c1C IP_simulate: 12.356903641253622 molecules Found: 0
timestmap: 1688004214548 smiles: CCC(CC)C(=O)Nc1ccc(F)c(NC(=O)OC)c1 IP_simulate: 12.5894521965018 molecules Found: 0
timestmap: 1688004247673 smiles: Cc1cccc(C(=O)NCCNC(=O)c2ccccc2)c1 IP_simulate: 12.407246791529884 molecules Found: 0
timestmap: 1688004261906 smiles: O=c1c2cccnc2ncn1Cc1ccc(OC(F)F)cc1 IP_simulate: 12.623929582512966 molecules Found: 0
timestmap: 1688004299123 smiles: N#CC(c1ccccc1)N1CCN(CC2(O)CCCCC2)CC1 IP_simulate: 11.40655634976273 molecules Found: 0
timestmap: 1688004335842 smiles: O=C(NCc1ccco1)Nc1ccc(NC(=O)c2ccccc2)cc1 IP_simulate: 11.830423778563592 molecules Found: 0
timestmap: 1688004358543 smiles: COc1ccccc1Nc1nc2c(c(=O)[nH]1)C(C(N)=O)CC(=O)N2 IP_simulate: 12.01124185473291 molecules Found: 0
timestmap: 1688004371957 smiles: COc1ccccc1NC(=O)c1cccc2ccoc12 IP_simulate: 12.131433442595577 molecules Found: 0
timestmap: 1688004400350 smiles: Cc1c(C(=O)OC2CCCCCC2)cnn1-c1ccncc1 IP_simulate: 12.513404634184193 molecules Found: 0
timestmap: 1688004448361 smiles: Cc1ccc(CN(C)C(=O)c2cc(C3CC3)nc3onc(C)c23)c(C)c1 IP_simulate: 12.237990815306953 molecules Found: 0
timestmap: 1688004466544 smiles: Cc1ccc(-c2nnn(-c3ccc(O)cc3C)c2N)cc1C IP_simulate: 11.671069329398444 molecules Found: 0
timestmap: 1688004481787 smiles: CC(=O)Nc1cccc(-c2coc3ccccc3c2=O)c1 IP_simulate: 12.315809138758633 molecules Found: 0
timestmap: 1688004512617 smiles: Cc1noc(NC(=O)Nc2ccccc2C(F)(F)F)c1C IP_simulate: 12.80883439447441 molecules Found: 0
timestmap: 1688004533473 smiles: COc1c2ccc(C(=O)Nc3ccccc3O)cc2nn1C IP_simulate: 11.702894807744928 molecules Found: 0
timestmap: 1688004566460 smiles: CC(=O)Nc1ccc(F)c(NC(=O)N2CCC(C#N)CC2)c1 IP_simulate: 12.440750414597128 molecules Found: 0
timestmap: 1688004612450 smiles: O=C(NC1CC1)c1ccccc1NC(=O)C1CC=CC1 IP_simulate: 12.171169107600361 molecules Found: 0
timestmap: 1688004645697 smiles: O=C(Nc1ccc(C(=O)Nc2ccccc2)cc1)NC1CC1 IP_simulate: 12.001604451320294 molecules Found: 0
timestmap: 1688004690941 smiles: CC1CCCN(C(=O)Nc2ccc(C(=O)N3CCCC3)cc2)C1CO IP_simulate: 11.987678073531372 molecules Found: 0
timestmap: 1688004721040 smiles: CCc1ccc(CCNC(=O)CNC(=O)c2ccoc2C)cc1 IP_simulate: 12.162646874593827 molecules Found: 0
timestmap: 1688004750099 smiles: CC(C)(CNC(=O)c1ccc2[nH]cnc2c1)c1ccccc1 IP_simulate: 12.253523377779631 molecules Found: 0
timestmap: 1688004788745 smiles: CC(=O)Nc1cccc(NC(=O)NC(C)c2nnc3ccccn23)c1 IP_simulate: 11.957732648957045 molecules Found: 0
timestmap: 1688004838829 smiles: CC(=O)Nc1cc(NC(=O)NC(C)c2ccc(C)c(F)c2)ccc1F IP_simulate: 12.158552755639915 molecules Found: 0
timestmap: 1688004891533 smiles: CC(C)(O)CCc1ccc(C(=O)N2CCCC(O)CC2)cc1 IP_simulate: 12.350186161663313 molecules Found: 0
timestmap: 1688004929235 smiles: Cn1ccnc1-c1cn(CCc2cnn(-c3ccccc3)c2)nn1 IP_simulate: 11.942642351180467 molecules Found: 0
timestmap: 1688004998449 smiles: CC1CN(CCCNC(=O)c2cn(C)nc2C(C)(C)C)CC(C)O1 IP_simulate: 11.711531272625185 molecules Found: 0
timestmap: 1688005077681 smiles: O=C(Oc1ccccc1F)C1CCN(C(=O)c2ccc(F)cc2)CC1 IP_simulate: 12.784955977361275 molecules Found: 0
timestmap: 1688005102985 smiles: Cc1ccc(C)c(OC(=O)c2cc(C(N)=O)cn2C)c1 IP_simulate: 12.441249558501113 molecules Found: 0
timestmap: 1688005118058 smiles: O=C1NCCc2c1cnn2Cc1cc(F)ccc1F IP_simulate: 13.004734412095166 molecules Found: 0
timestmap: 1688005164365 smiles: COC(CNC(=O)N(C)CCN1CCOCC1)c1ccccc1 IP_simulate: 11.538708621488661 molecules Found: 0
timestmap: 1688005179943 smiles: CCOc1ccc(NC(=O)c2cnc3ccc(C)cn23)cc1F IP_simulate: 11.994782354814769 molecules Found: 0
timestmap: 1688005204550 smiles: CCN(CCO)C(=O)c1ccc(C(F)(F)F)nc1C IP_simulate: 13.107388586690902 molecules Found: 0
timestmap: 1688005272994 smiles: CCC(C)C(=O)Nc1cccc(CNC(=O)NC2CCCC2)c1 IP_simulate: 12.159874871457793 molecules Found: 0
timestmap: 1688005295169 smiles: COc1cc(C)c(CC(OC)(OC)OC)cc1C IP_simulate: 11.93935598664988 molecules Found: 0
timestmap: 1688005379588 smiles: CCCC(=O)NC1CCCN(C(=O)c2ccccc2OC(C)C)C1 IP_simulate: 12.117197808845848 molecules Found: 0
timestmap: 1688005426422 smiles: CCC1CCCCC1OC(=O)C1CC(=O)N(CCOC)C1 IP_simulate: 12.562658205246375 molecules Found: 0
timestmap: 1688005460187 smiles: O=C(Nc1cccc2c1OCCO2)c1ccnc(OC2CCC2)c1 IP_simulate: 12.139103543209723 molecules Found: 0
timestmap: 1688005528478 smiles: CC=CCOC(=O)CC(NC(C)=O)c1ccccc1 IP_simulate: 12.535553606679397 molecules Found: 0
timestmap: 1688005573394 smiles: Cc1cccc(C(=O)NCC(=O)N2CCNCC2)c1 IP_simulate: 12.097989167042263 molecules Found: 0
timestmap: 1688005620135 smiles: CN(C)c1ccccc1NC(=O)CCc1nc(-c2ccccc2)no1 IP_simulate: 11.712368807152194 molecules Found: 0
timestmap: 1688005632016 smiles: COc1ccccc1Nc1ccc(N)c2nonc12 IP_simulate: 11.238937819046129 molecules Found: 0
timestmap: 1688005650119 smiles: COc1cc(NC(=O)c2ccccc2C)cc(OC)c1 IP_simulate: 12.190850246287967 molecules Found: 0
timestmap: 1688005678008 smiles: COc1ccc(OC)c(CCNC(=O)c2cnc3[nH]nc(C)c3c2)c1 IP_simulate: 11.695937739306583 molecules Found: 0
timestmap: 1688005699094 smiles: Cn1nccc1NC(=O)Cn1cc(-c2nc(N)nc3[nH]cnc23)cn1 IP_simulate: 11.764471836173499 molecules Found: 0
timestmap: 1688005720996 smiles: COc1ccc(CC(=O)N2CCn3cccc3C2C)cc1OC IP_simulate: 11.470276132233812 molecules Found: 0
timestmap: 1688005741593 smiles: CC(C)OC(=O)c1cn(-c2ccc(F)cc2)c(=O)c2ccccc12 IP_simulate: 12.584026587785667 molecules Found: 0
timestmap: 1688005867369 smiles: CC1CN(C(=O)C(C)N(C)c2ccc3ccccc3c2)CC(C)O1 IP_simulate: 11.446470517092685 molecules Found: 0
timestmap: 1688005898893 smiles: CCOC(=O)c1nc(COc2cccc(NC(C)=O)c2)no1 IP_simulate: 12.606644240044057 molecules Found: 0
timestmap: 1688005936747 smiles: CCCC(NC(=O)c1ccc(C)nc1)c1ccccc1 IP_simulate: 12.195761458092777 molecules Found: 0
timestmap: 1688005990802 smiles: CCOCC(=O)N1CC(C(=O)N2CCCCC2)Oc2ccccc21 IP_simulate: 12.114079795540384 molecules Found: 0
timestmap: 1688006063603 smiles: CCOC(=O)C1(NC(=O)c2ccc(COC)cc2)CCCCC1 IP_simulate: 12.326051390717447 molecules Found: 0
timestmap: 1688006092068 smiles: CC(C)c1nnc2n1CCN(C(=O)C1(C#N)CCCCC1)C2 IP_simulate: 12.717618101904424 molecules Found: 0
timestmap: 1688006115395 smiles: OC1C2CC3CC1CC(CNc1ncccn1)(C3)C2 IP_simulate: 12.014515788417075 molecules Found: 0
timestmap: 1688006145971 smiles: Cc1ccc(-c2ccc(C(=O)N3CCCC3)c(N)n2)cc1 IP_simulate: 11.833801526617133 molecules Found: 0
timestmap: 1688006187563 smiles: CC(Oc1ccc(F)c(F)c1)C(=O)N1C(C)COCC1C IP_simulate: 12.795481369331714 molecules Found: 0
timestmap: 1688006208696 smiles: CCc1cc(NCCOC)n2c(nc3ccccc32)c1C#N IP_simulate: 11.841558305740808 molecules Found: 0
timestmap: 1688006237522 smiles: CCCC(=O)Nc1cccc(CNC(=O)NCC(F)(F)F)c1 IP_simulate: 12.614285485449185 molecules Found: 0
timestmap: 1688006260750 smiles: COc1ccccc1CCNC(=O)C1CC=CCC1 IP_simulate: 12.08913352802531 molecules Found: 0
timestmap: 1688006292789 smiles: CC(=O)NC(C(=O)Nc1ccccn1)C1CCCC1 IP_simulate: 12.479635330578594 molecules Found: 0
timestmap: 1688006315087 smiles: CCNC(=O)c1ccc(NC(=O)c2cccc(C)n2)c(C)c1 IP_simulate: 12.162764079434709 molecules Found: 0
timestmap: 1688006357827 smiles: CC(C)c1noc(CCC(=O)Nc2cc(C(F)(F)F)c[nH]c2=O)n1 IP_simulate: 12.828867090418113 molecules Found: 0
timestmap: 1688006395090 smiles: CN(C)C(=O)N1CCC(C(=O)OC2CCCc3ccccc32)CC1 IP_simulate: 11.942778940735503 molecules Found: 0
timestmap: 1688006438563 smiles: Cc1nc2cc(C(=O)NCC3CCCO3)ccc2n1-c1ccccc1 IP_simulate: 12.058255430079788 molecules Found: 0
timestmap: 1688006458985 smiles: CCOc1ccc(-c2cnnc(N)n2)cc1NC(C)=O IP_simulate: 11.487184718167834 molecules Found: 0
timestmap: 1688006490422 smiles: Cn1nc(C(=O)NCc2cccnc2-n2cccn2)ccc1=O IP_simulate: 12.438442058570947 molecules Found: 0
timestmap: 1688006554903 smiles: CCNC(=O)CNC(=O)NCC(c1ccc(C)cc1)N1CCOCC1 IP_simulate: 11.827346859809198 molecules Found: 0
timestmap: 1688006612194 smiles: O=C(C1CCCO1)N1CCCC2(COCCN(c3ncccn3)C2)C1 IP_simulate: 11.654865796513894 molecules Found: 0
timestmap: 1688006654776 smiles: O=C(CCOc1ccc[nH]c1=O)N1CCc2ccccc2C1 IP_simulate: 11.97494362815667 molecules Found: 0
timestmap: 1688006674281 smiles: Oc1ccc(Nc2cnn(Cc3ccccc3)c2)cc1 IP_simulate: 11.38426938236259 molecules Found: 0
timestmap: 1688006716058 smiles: Cn1cnc(CNC(=O)NC2c3ccccc3CCC2(C)C)n1 IP_simulate: 12.095295297376467 molecules Found: 0
timestmap: 1688006770946 smiles: Cc1nnc(CN(C)C(C)c2ccccc2F)n1C IP_simulate: 11.423908396174603 molecules Found: 0
timestmap: 1688006798233 smiles: COCCOc1ccccc1C(=O)Nc1c[nH]nc1C IP_simulate: 12.223781615083292 molecules Found: 0
timestmap: 1688006824819 smiles: CCN(Cc1ccc(C(=O)OC)c(F)c1)CC(F)(F)F IP_simulate: 12.788852562314613 molecules Found: 0
timestmap: 1688006873973 smiles: Fc1ccc2nc(C3CCCCN3Cc3ccncc3)[nH]c2c1 IP_simulate: 11.89877291075199 molecules Found: 0
timestmap: 1688006900571 smiles: FC(F)(F)c1ccnc(NCc2ccc(-n3cncn3)cc2)c1 IP_simulate: 12.56315730617633 molecules Found: 0
timestmap: 1688006949617 smiles: O=C(C1CC12CCC2)N1CCc2c(nc(-c3ccccc3)[nH]c2=O)C1 IP_simulate: 12.232824515124111 molecules Found: 0
timestmap: 1688007002172 smiles: CCNC(=O)C1CCCN(C(=O)C2Cc3cc(F)ccc3O2)C1 IP_simulate: 12.10994474153595 molecules Found: 0
timestmap: 1688007057083 smiles: COCC1CCCN1C(=O)c1cc(C2CC2)nc2ccccc12 IP_simulate: 11.973190924146019 molecules Found: 0
timestmap: 1688007102673 smiles: COc1ccccc1-n1nc(CC(C)C)nc1CCn1cnnn1 IP_simulate: 12.340391524155763 molecules Found: 0
timestmap: 1688007168721 smiles: Cc1ccccc1CNC(=O)Cc1c(C)nn(C)c1C IP_simulate: 12.13731661145573 molecules Found: 0
