1687982333.173,12.20134287665857
1687982350.175,12.262583922719209
1687982371.93,12.147205567841114
1687982401.805,11.851639248388318
1687982456.755,12.007422115456585
1687982510.123,12.311754498945092
1687982548.261,11.955786405094056
1687982585.744,12.442228709593032
1687982627.686,11.879235991756884
1687982652.12,12.019187505394402
1687982689.132,11.699438015202341
1687982740.585,12.229009232850158
1687982782.601,12.30706195791072
1687982820.744,12.899291154124315
1687982856.167,11.664879190764495
1687982880.157,12.250502134818744
1687982921.523,12.086097399446352
1687982955.996,12.127768522391511
1687982976.897,12.444036190718457
1687983026.339,11.899857445392804
1687983059.947,11.33533694991197
1687983091.544,12.069589872389733
1687983147.722,12.084263026683947
1687983160.687,11.836163186557744
1687983192.758,12.272248064469526
1687983213.981,12.281093386931916
1687983258.177,12.314242318250411
1687983279.692,12.11323229546334
1687983311.567,12.46211205994645
1687983324.815,12.310836998745696
1687983358.723,12.015861242449875
1687983413.167,12.103495096979778
1687983453.876,11.878742022618558
1687983500.204,11.880502891232265
1687983534.164,11.683414546326349
1687983561.98,12.38233270396659
1687983625.391,11.124661348185402
1687983680.275,12.131481970330016
1687983702.481,12.33149937441572
1687983742.43,11.931200851099144
1687983758.664,11.479709704833066
1687983808.222,12.16097579721473
1687983838.772,12.442294341300277
1687983852.544,12.83299208643277
1687983885.051,12.080177483637618
1687983932.956,11.635933691819671
1687983970.282,12.091899028926765
1687984006.367,11.839392556963942
1687984066.338,11.361375870491361
1687984123.946,11.811107368065043
1687984214.849,11.552343922843745
1687984251.069,12.514458091247915
1687984287.167,12.946042150096451
1687984343.736,12.201886399967044
1687984379.906,11.41317471457966
1687984400.89,11.85838523670592
1687984430.04,11.872074589800556
1687984444.154,13.06201085222889
1687984486.116,12.215440653722622
1687984514.754,11.928318725745386
1687984560.945,12.005508208231156
1687984609.54,11.841921306683089
1687984640.535,11.81705698217286
1687984681.51,11.86987956857996
1687984710.518,12.037712735471414
1687984773.804,12.814636505021037
1687984796.553,12.36510313556193
1687984838.317,12.285080583679411
1687984876.554,11.887102147696403
1687984909.632,12.393238326303603
1687984937.681,12.320062901082672
1687984956.278,12.613635688112227
1687984995.388,12.092413423212415
1687985037.847,12.373081709200251
1687985074.824,11.884709656133111
1687985104.632,11.969328696419602
1687985145.675,11.876044382880002
1687985196.193,12.303840747635432
1687985212.492,11.940700764309705
1687985259.734,11.723861684974931
1687985295.572,12.323856438594007
1687985311.588,11.740991045127098
1687985353.537,12.032680460669372
1687985438.926,12.09521397124758
1687985473.419,12.49074324839743
1687985489.757,12.034189158623835
1687985511.21,11.710790189455775
1687985541.49,12.443879254067415
1687985563.949,12.454500670419257
1687985616.357,12.8132796217361
1687985635.118,12.153249860665387
1687985657.592,12.205467265762646
1687985671.783,12.340136294184157
1687985801.293,12.040291717837508
1687985842.118,12.643869910570265
1687985878.835,12.096891873542736
1687985928.115,12.337236316132051
1687985949.896,12.035296048889506
1687985970.195,12.705585995379643
1687986003.678,12.424262017489166
1687986031.334,12.099090850505975
1687986071.611,12.040623246987098
1687986090.255,12.107651899145706
1687986132.79,12.331825413467538
1687986151.218,11.526961544970309
1687986197.381,12.134862327718016
1687986286.886,11.483591634060891
1687986334.128,12.095675707565483
1687986367.512,12.31293336299524
1687986416.124,12.030630494481539
1687986427.566,11.565470859730793
1687986463.595,12.145147899875743
1687986517.619,12.46421887071828
1687986528.578,12.41498716294639
1687986577.312,12.382931451423811
1687986610.796,11.684665941180484
1687986665.606,12.099416503768705
1687986740.739,12.143930312050744
1687986806.131,11.544093035344316
1687986855.482,12.36873557512245
1687986894.792,12.130630436872002
1687986922.847,12.400113730389258
1687986937.993,12.746536579999379
1687986960.46,12.827350296274645
1687987003.87,12.465512445892628
1687987019.125,11.854690870083319
1687987087.341,11.527695418061406
1687987123.308,12.404327342726237
1687987140.55,12.25844474330687
1687987167.842,12.252548034856511
1687987206.55,12.11468247919445
1687987234.687,12.236233396835484
1687987288.476,11.754492226886516
1687987322.922,12.110140147326282
1687987384.509,11.64533028828757
1687987411.367,12.452353695207956
1687987440.36,12.29093350658813
1687987471.954,11.829241656126156
1687987501.029,11.368793805105382
1687987571.05,12.253781306206605
1687987603.743,12.534604827482857
1687987652.889,11.726370749008197
1687987680.141,12.020958573168414
1687987705.867,12.201254923520343
1687987752.779,12.066568848669059
1687987775.344,12.275575910406973
1687987811.2,12.21205877411327
1687987844.39,12.526368452191742
1687987894.618,12.118670424448426
1687987916.727,11.615339610536989
1687987945.358,12.571884800375097
1687987998.114,12.423583482153195
1687988034.29,11.7085803350919
1687988074.335,11.859673111471507
1687988128.556,11.229719781260625
1687988160.203,12.092234162098881
1687988174.719,12.20337447861069
1687988199.798,12.426052574131285
1687988222.841,12.230944738572557
1687988257.948,12.605385837708384
1687988284.145,11.987056359420958
1687988312.289,12.260874548049765
1687988342.218,12.86640675074875
1687988351.076,12.019815201104594
1687988363.105,12.006803585604606
1687988401.956,12.263542275078295
1687988443.311,11.567368546707797
1687988458.379,12.673756763338956
1687988477.118,12.322036633422474
1687988518.618,12.314750831825156
1687988538.872,11.642180297147013
1687988565.628,11.980742298998976
1687988586.724,12.483194806215288
1687988610.883,11.714290442457518
1687988646.07,12.200809540257133
1687988666.677,11.531123403947113
1687988694.947,12.49050052204109
1687988745.83,12.285138321946208
1687988781.642,11.52039651494538
1687988792.031,13.187485882975576
1687988818.249,12.654420139215016
1687988851.096,12.233809801674834
1687988871.062,12.352167629732847
1687988922.127,11.22789961961841
1687988940.359,12.461223945811467
1687988978.739,11.531142319540121
1687989015.006,12.481596976127944
1687989088.334,11.681385310117973
1687989121.042,11.673055425103904
1687989143.52,12.036974693027771
1687989184.093,12.218512385512609
1687989195.177,11.797784775473286
1687989233.545,12.169125379985266
1687989308.359,12.0064263628024
1687989375.451,11.629378618083965
1687989403.972,12.391691997697832
1687989456.995,12.150090872499906
1687989482.276,11.854908179790144
1687989513.158,12.990665359359422
1687989538.052,11.868236039772526
1687989583.349,12.326878828869969
1687989626.291,12.515162002202912
1687989638.476,11.679873344250323
1687989687.427,11.75602695377056
1687989732.522,12.266250557320683
1687989770.082,11.498567252394393
1687989794.459,12.517034121567738
1687989824.759,13.002889933068113
1687989872.807,12.226318898737922
1687989901.777,12.206029518656658
1687989967.789,12.62566197616364
1687989985.906,11.332223997483116
1687990027.383,11.910425382703242
1687990095.174,12.360697580621114
1687990125.697,12.182634683313967
1687990152.037,11.967080090157362
1687990191.252,11.770806927482088
1687990256.644,11.411352635344455
1687990293.115,12.671037604611433
1687990320.63,12.136523388596258
1687990369.344,11.74036677629139
1687990396.163,11.882872910927052
1687990423.386,11.813771314380844
1687990441.666,12.862161342105617
1687990454.538,13.069381078285186
1687990481.763,12.056597674527675
1687990514.838,12.503525606958528
1687990549.936,12.718908654158081
1687990572.941,12.480815555010025
1687990610.863,12.291674770825729
1687990677.864,12.14576129474101
1687990736.55,12.151623809293106
1687990777.151,12.027628899358369
1687990831.375,11.472898614538897
1687990869.012,12.632955338578718
1687990895.434,12.71005615821497
1687990923.329,12.000487480072035
1687990964.315,12.020409974379334
1687991008.3,11.647975551771436
1687991043.182,11.425977352838558
1687991066.631,12.307947407112907
1687991103.874,12.049290402621716
1687991149.469,11.730600036100368
1687991190.483,11.717494371500392
1687991233.239,11.095220739776146
1687991251.579,11.711981471240414
1687991284.488,12.060824864260875
1687991348.617,11.780574068027141
1687991377.465,11.940242928253468
1687991428.482,12.308864262135147
1687991498.083,11.30581146703896
1687991518.543,11.828475963654883
1687991538.714,11.903831770735922
1687991579.858,12.154261394459573
1687991614.95,11.924084939749319
1687991665.385,11.329972069066853
1687991741.476,11.745905947276821
1687991781.701,11.9533401111501
1687991809.347,11.606835626202525
1687991848.095,12.42000096099664
1687991887.579,11.617569759006226
1687991910.223,12.595236266913181
1687991947.11,11.694607922708073
1687991987.758,12.17479190303827
1687992010.389,11.630164117924437
1687992036.951,11.730940558589657
1687992073.875,12.326764246598643
1687992098.159,12.079710652177104
1687992135.378,12.661125930691224
1687992168.701,11.737341311718364
1687992207.691,12.351394695313045
1687992236.901,12.080988617967394
1687992254.554,13.457144902254269
1687992282.545,11.716788410375452
1687992290.489,12.7854320559759
1687992317.042,12.152575405692915
1687992342.635,12.051862909910001
1687992394.544,11.982667956921752
1687992430.25,12.067496399677266
1687992467.542,11.794007288629798
1687992481.211,12.657352940225145
1687992516.34,12.239482153923541
1687992570.037,11.844404923065529
1687992616.028,11.537214563662477
1687992698.214,11.653103614197294
1687992741.635,11.956279251809189
1687992763.116,12.983890514394865
1687992829.537,12.062867125307097
1687992866.778,12.32135102423924
1687992905.209,12.05808312574949
1687992982.531,11.440673222678429
1687992997.201,12.127508283099296
1687993035.089,12.267737948290522
1687993070.155,12.251137406709587
1687993094.245,12.209517406936598
1687993113.319,12.304892941581263
1687993151.163,12.451148474572467
1687993195.234,11.890917255639012
1687993232.792,12.555225232512184
1687993266.548,11.649299317613652
1687993297.837,11.488235320575711
1687993333.303,12.518205293759898
1687993375.462,11.9162239093787
1687993393.593,13.55937741979401
1687993423.805,12.452373630198396
1687993447.11,12.459938693796413
1687993468.406,12.149257075772308
1687993515.383,11.409894826869918
1687993591.909,12.186977852436968
1687993639.386,12.077311258981307
1687993657.759,13.085638153235418
1687993696.366,11.46560171070677
1687993777.036,11.843781272847272
1687993847.198,11.452822369546064
1687993869.102,11.266540633733024
1687993903.731,12.288515184134996
1687993933.11,12.267952110246982
1687993960.25,12.470593258991935
1687993985.458,12.363979437222875
1687994023.216,12.298603917169546
1687994066.617,12.029354229209522
1687994106.63,11.92012146850312
1687994167.305,12.008770146366233
1687994195.762,12.13473966295237
1687994263.782,11.812216172913072
1687994278.374,11.972803955809319
1687994321.299,12.380452952445552
1687994346.443,11.928157746544983
1687994379.594,12.971002788590537
1687994426.311,12.459828813536582
1687994447.655,12.316877306116426
1687994478.392,12.339033815872968
1687994508.053,12.051376215774875
1687994534.969,11.894451879724963
1687994579.395,12.124913592054622
1687994603.091,11.78974872378261
1687994657.962,11.56854319509746
1687994688.29,12.290015266299493
1687994730.357,12.197118983391684
1687994751.671,12.398558866028592
1687994824.768,12.247606560812974
1687994895.611,11.250367239221754
1687994946.958,11.821893973235252
1687994968.267,12.514041661376877
1687995010.668,12.035753427416036
1687995057.686,12.338897507278668
1687995081.88,11.921620043925364
1687995124.081,11.929938878890546
1687995145.159,11.545137729235641
1687995245.431,11.853632322493764
1687995258.656,11.840381469992495
1687995306.481,12.232943207356733
1687995337.017,12.633771000666759
1687995356.559,12.008835584819115
1687995392.362,11.890556238532273
1687995427.385,11.642288774927204
1687995456.891,12.61291688029169
1687995488.311,11.438704793127306
1687995552.168,12.599122719899665
1687995569.988,12.309237308953143
1687995635.344,11.055276917047475
1687995671.303,11.875999804899234
1687995687.587,12.188452440165323
1687995737.832,12.155072405074522
1687995801.232,11.648969958012994
1687995840.1,12.366095618194077
1687995890.853,12.365244126290335
1687995925.304,12.580132688997502
1687995959.05,11.984684592995478
1687995980.348,12.307118447883852
1687995992.661,12.707663031292562
1687996014.308,12.416266579685121
1687996058.423,11.012720271218292
1687996090.642,11.932399150578377
1687996114.927,11.690389765448893
1687996168.934,12.685254046130689
1687996195.964,11.706210769691134
1687996213.892,12.237242754753602
1687996241.544,11.723781688879539
1687996253.999,13.643829602362926
1687996285.005,12.41725587871526
1687996303.248,12.282061684355373
1687996347.712,12.350005282518435
1687996382.695,12.095081625295952
1687996408.668,11.58304535449088
1687996429.904,11.733498463436577
1687996483.504,11.99378639462414
1687996512.338,11.546546313129088
1687996563.456,12.553426905295643
1687996608.117,12.338387560392153
1687996641.457,11.84870174803645
1687996671.541,11.74503694389737
1687996695.835,12.141972149305419
1687996715.221,11.9162262219514
1687996784.902,12.275546480979708
1687996817.723,11.392294879838364
1687996853.799,12.240385078430762
1687996889.015,12.05451700280128
1687996903.164,11.42239364833991
1687996950.973,12.157076828269807
1687997031.768,11.48787082089155
1687997056.647,12.038049261898708
1687997090.239,11.372625962259274
1687997104.338,12.39355766078857
1687997178.886,11.974856779531759
1687997216.476,11.752397997551572
1687997273.665,12.03678502049554
1687997297.901,12.598639207548883
1687997338.898,12.34592253729547
1687997374.443,12.257400450728584
1687997389.892,12.628672175570411
1687997430.353,11.774043172133934
1687997449.288,12.256609657069646
1687997461.458,11.767042977324126
1687997479.834,12.620515243036532
1687997513.847,12.64003502287172
1687997555.455,12.103324252896828
1687997599.947,12.107848533218514
1687997650.366,11.506821138386858
1687997692.694,11.756667559754176
1687997743.63,12.726837793367388
1687997770.346,12.500700030928554
1687997783.807,12.198980811834158
1687997838.935,11.250496529769368
1687997903.416,12.482290304523728
1687997945.504,11.999038936615081
1687997985.108,12.24492448155657
1687998019.398,12.589669370021461
1687998059.682,12.745279892715601
1687998071.978,12.748665151836587
1687998100.62,11.938645385562081
1687998128.302,11.398349617430672
1687998162.316,12.307380827063207
1687998195.638,11.913824480491153
1687998234.856,12.542178441089998
1687998290.255,12.027990898182972
1687998308.289,11.274216668292144
1687998332.224,12.041638222185712
1687998371.274,11.474944401404358
1687998413.57,12.321410813144075
1687998450.176,12.355771205749482
1687998499.334,12.128009773588309
1687998515.106,11.788217733856909
1687998540.516,12.453679132918255
1687998571.074,12.76276994920273
1687998599.741,12.611557295183253
1687998646.189,12.078342656107683
1687998688.293,11.456463227486354
1687998749.892,11.479341719002273
1687998796.636,11.531558227019984
1687998855.009,12.19843350052314
1687998880.59,11.901606263433914
1687998909.818,12.71216307970435
1687998948.8,11.693699181482701
1687998973.323,13.087789248229537
1687999001.563,12.461170196478681
1687999045.486,12.016869688723501
1687999065.018,11.733918717829255
1687999102.738,11.546192018974127
1687999131.505,12.571646796623417
1687999153.303,12.512488752550365
1687999166.348,12.166676765487761
1687999186.178,12.059632370567869
1687999229.493,12.26292744839391
1687999240.095,11.583101614946935
1687999269.401,11.059988076068937
1687999318.941,12.095082707240278
1687999389.739,11.736029036172472
1687999447.706,11.823776784937753
1687999465.484,12.709182692148122
1687999490.878,12.079697449180001
1687999517.275,12.294393831222957
1687999534.963,12.25697851459874
1687999560.885,11.895243930122254
1687999614.961,12.11954769272101
1687999646.213,11.535052735218597
1687999700.366,11.46792407488494
1687999741.237,12.339952133276345
1687999779.724,11.864610347561664
1687999810.739,12.149303197390676
1687999826.02,12.508959988388806
1687999867.531,12.172694450205778
1687999894.448,12.565209290530282
1687999923.379,12.221828705450575
1687999956.902,12.364299842714052
1687999995.375,11.902650551435638
1688000022.694,12.264325071097973
1688000061.583,12.267161168065632
1688000080.109,11.945787010277941
1688000119.575,12.635458366551143
1688000152.446,12.027685514730011
1688000172.706,12.87245411916301
1688000199.765,12.382397306758827
1688000241.131,12.072712442446072
1688000276.142,13.374386230564879
1688000321.223,12.797753197525974
1688000359.875,12.277287849856418
1688000394.087,12.430645258213126
1688000432.558,11.71117606849279
1688000466.867,12.570465927331533
1688000504.135,12.076904563785925
1688000538.119,12.061031591500905
1688000573.278,12.483045623525586
1688000610.768,11.759718653533067
1688000639.007,12.198139845946015
1688000754.203,12.012414561164386
1688000856.875,11.64449521564067
1688000871.888,11.927137975209906
1688000925.918,11.8945317020503
1688000969.551,11.602905509695107
1688001014.43,12.035962737194549
1688001036.721,12.425811565398373
1688001054.762,11.435347902601372
1688001101.153,12.104201961879534
1688001122.983,12.29588891437019
1688001150.228,12.23742495959826
1688001174.931,11.638313955485408
1688001198.74,12.544095577673948
1688001220.313,12.300433521968886
1688001268.799,12.695565413068678
1688001302.553,11.799367603918363
1688001322.297,12.396353050272284
1688001353.483,11.862211328264795
1688001432.826,12.38017571324341
1688001540.181,12.003318620766573
1688001573.465,12.410872953213978
1688001599.91,11.996681698098005
1688001613.228,12.59580464278535
1688001630.546,12.848794350219997
1688001640.333,12.667833458343425
1688001677.493,12.184285773964682
1688001708.878,11.760346373393265
1688001763.177,11.786176255035214
1688001796.091,12.353718628516056
1688001825.247,12.336002624635608
1688001875.804,12.450455017904634
1688001921.104,12.051916909444675
1688001946.619,11.323437623254094
1688002012.919,12.345389503271019
1688002039.329,12.252739117347298
1688002105.169,12.465570716800391
1688002134.222,11.932134186924927
1688002178.409,12.013610990435717
1688002240.47,11.617832682890336
1688002260.675,12.283864085319221
1688002283.509,12.298221455809427
1688002307.649,12.410120989869764
1688002322.504,11.731620886426564
1688002344.523,12.001045867985649
1688002353.696,12.280528161010029
1688002394.748,12.32000810562937
1688002406.453,11.987229441339093
1688002422.517,12.04746756010898
1688002451.455,12.04715503679377
1688002469.348,12.690678039002247
1688002486.948,11.533606871579762
1688002513.345,11.516923718135885
1688002539.951,11.890160554613592
1688002572.448,12.062202496099287
1688002612.152,12.013446980432775
1688002660.809,11.834496215307384
1688002674.536,11.876418924267997
1688002711.654,11.555879830667045
1688002764.333,11.962012629062292
1688002823.166,11.653192311460336
1688002839.939,12.262512982058754
1688002877.6,12.272208595893332
1688002903.501,12.493110544358073
1688002962.06,11.989747058278422
1688002994.361,11.901534172741444
1688003019.306,12.367329587985951
1688003058.097,12.36611072029096
1688003103.916,12.918948051541825
1688003128.592,12.369651094704588
1688003148.952,11.46408649383059
1688003200.381,11.967404821917725
1688003237.466,12.730124693689364
1688003278.453,12.139940008573516
1688003303.837,11.589954992654942
1688003341.953,11.405594316063748
1688003391.928,11.632525374813223
1688003433.197,11.674031576623133
1688003450.78,13.17536658809783
1688003488.824,11.68871756971021
1688003510.009,11.817389213378876
1688003535.019,12.000918158213244
1688003607.191,12.023998804379595
1688003636.828,11.884016647325621
1688003658.544,12.335099844674586
1688003680.368,11.842439356091932
1688003709.677,12.572440758357708
1688003744.147,12.122597284528716
1688003788.995,12.062439646217413
1688003839.965,12.185706229369108
1688003864.019,12.619160731186941
1688003900.793,12.424540438465538
1688003923.982,12.133914170217231
1688003970.079,12.273947529552697
1688004029.682,11.15848722392314
1688004078.902,12.270093332201567
1688004130.549,12.463303370685997
1688004186.646,12.356903641253622
1688004214.548,12.5894521965018
1688004247.673,12.407246791529884
1688004261.906,12.623929582512966
1688004299.123,11.40655634976273
1688004335.842,11.830423778563592
1688004358.543,12.01124185473291
1688004371.957,12.131433442595577
1688004400.35,12.513404634184193
1688004448.361,12.237990815306953
1688004466.544,11.671069329398444
1688004481.787,12.315809138758633
1688004512.617,12.80883439447441
1688004533.473,11.702894807744928
1688004566.46,12.440750414597128
1688004612.45,12.171169107600361
1688004645.697,12.001604451320294
1688004690.941,11.987678073531372
1688004721.04,12.162646874593827
1688004750.099,12.253523377779631
1688004788.745,11.957732648957045
1688004838.829,12.158552755639915
1688004891.533,12.350186161663313
1688004929.235,11.942642351180467
1688004998.449,11.711531272625185
1688005077.681,12.784955977361275
1688005102.985,12.441249558501113
1688005118.058,13.004734412095166
1688005164.365,11.538708621488661
1688005179.943,11.994782354814769
1688005204.55,13.107388586690902
1688005272.994,12.159874871457793
1688005295.169,11.93935598664988
1688005379.588,12.117197808845848
1688005426.422,12.562658205246375
1688005460.187,12.139103543209723
1688005528.478,12.535553606679397
1688005573.394,12.097989167042263
1688005620.135,11.712368807152194
1688005632.016,11.238937819046129
1688005650.119,12.190850246287967
1688005678.008,11.695937739306583
1688005699.094,11.764471836173499
1688005720.996,11.470276132233812
1688005741.593,12.584026587785667
1688005867.369,11.446470517092685
1688005898.893,12.606644240044057
1688005936.747,12.195761458092777
1688005990.802,12.114079795540384
1688006063.603,12.326051390717447
1688006092.068,12.717618101904424
1688006115.395,12.014515788417075
1688006145.971,11.833801526617133
1688006187.563,12.795481369331714
1688006208.696,11.841558305740808
1688006237.522,12.614285485449185
1688006260.75,12.08913352802531
1688006292.789,12.479635330578594
1688006315.087,12.162764079434709
1688006357.827,12.828867090418113
1688006395.09,11.942778940735503
1688006438.563,12.058255430079788
1688006458.985,11.487184718167834
1688006490.422,12.438442058570947
1688006554.903,11.827346859809198
1688006612.194,11.654865796513894
1688006654.776,11.97494362815667
1688006674.281,11.38426938236259
1688006716.058,12.095295297376467
1688006770.946,11.423908396174603
1688006798.233,12.223781615083292
1688006824.819,12.788852562314613
1688006873.973,11.89877291075199
1688006900.571,12.56315730617633
1688006949.617,12.232824515124111
1688007002.172,12.10994474153595
1688007057.083,11.973190924146019
1688007102.673,12.340391524155763
1688007168.721,12.13731661145573
