1687839840.689,12.762121345180008
1687839873.276,12.313858070247816
1687839892.008,12.689299024854316
1687839910.63,12.547588140056492
1687839921.475,12.300951397824612
1687839939.979,12.550743937152067
1687839971.679,12.479122459102266
1687839983.276,12.143703471657146
1687840001.205,11.72525803477187
1687840033.497,12.5917644053075
1687840052.274,11.65714354423513
1687840083.421,12.42672900099732
1687840117.446,11.9851081428129
1687840147.565,11.961921502290906
1687840167.291,12.726050907732095
1687840199.426,11.485437769409838
1687840236.713,12.12553047333315
1687840265.352,12.467205915484698
1687840284.192,13.380098686221052
1687840292.899,12.032832490702475
1687840309.071,11.654497415591818
1687840336.152,12.942429829962887
1687840375.934,11.512706430361163
1687840397.962,11.43215532177788
1687840438.171,11.160825924947597
1687840477.998,12.030675543728075
1687840493.33,12.457143023414993
1687840534.904,11.750171185003932
1687840551.943,12.463777855447898
1687840581.184,12.637587616847751
1687840603.309,12.290870947983246
1687840626.602,11.798618565423052
1687840651.074,11.610284717495995
1687840678.896,12.485592758647664
1687840696.791,12.557201595532897
1687840722.831,11.735475797145973
1687840745.723,12.081423646676479
1687840762.081,12.98136824639969
1687840781.407,13.051867915341896
1687840794.341,12.466805597133314
1687840813.575,12.220641909446302
1687840838.686,11.37830926047832
1687840849.232,12.437264124363255
1687840884.639,12.355769338460178
1687840909.166,11.393891715152371
1687840920.634,11.460705147666536
1687840932.978,12.292539236715493
1687840968.451,12.462261205217025
1687840980.435,12.234154016739312
1687840994.728,11.566377160528656
1687841016.135,11.965574373215485
1687841050.963,11.244654642418448
1687841069.546,12.891081937222312
1687841082.419,13.55170644041603
1687841101.627,12.342185076557739
1687841125.246,12.328098099455147
1687841141.256,12.179852010402099
1687841173.485,12.49791371292171
1687841197.781,11.975773240871455
1687841214.686,12.229316553773494
1687841249.259,12.630022151358194
1687841266.412,12.214245537972044
1687841277.018,12.904741658883198
1687841302.569,11.854610349855648
1687841325.062,12.290856067450823
1687841346.626,12.320975529159057
1687841367.586,13.409580841128143
1687841401.802,11.651482492307379
1687841424.979,12.747824775935424
1687841460.571,11.625388252188612
1687841517.92,12.418887500887053
1687841545.436,12.734147374918365
1687841561.008,11.872376227892637
1687841577.06,13.053153815426215
1687841591.378,11.698031587435954
1687841625.175,12.3778780361487
1687841652.85,12.172251097568262
1687841666.571,12.443983875938931
1687841682.652,11.59132202226885
1687841715.015,12.118254758948883
1687841754.164,11.608579273740151
1687841760.788,12.36506890371457
1687841773.748,12.837351060624972
1687841787.925,12.302263303843185
1687841809.263,13.277016234050107
1687841846.431,11.920851808330095
1687841864.892,12.532142497981052
1687841883.226,11.716393015532736
1687841901.021,13.468865891493742
1687841909.892,12.050054018922113
1687841922.463,12.699779657245442
1687842023.474,11.720779466046508
1687842049.3,12.903796983457706
1687842092.195,11.835610233735014
1687842117.286,11.853997594569906
1687842144.482,11.989096555988484
1687842180.3,11.597594673480506
1687842210.474,12.661496137667744
1687842243.77,12.467914751600526
1687842258.063,12.468563925305736
1687842282.618,12.489504475828928
1687842300.241,11.465887351393883
1687842314.284,12.013418423948583
1687842351.334,11.221034249481768
1687842385.901,12.078818994615405
1687842408.305,12.177631580205603
1687842422.001,12.370664093482194
1687842449.99,12.900748626955668
1687842471.167,12.167656439563856
1687842500.405,13.025616714101902
1687842507.764,12.423208105436533
1687842523.844,12.6440323684043
1687842543.624,12.230387041629346
1687842558.81,12.71199470849859
1687842576.683,11.665325738791326
1687842604.695,12.070421773313758
1687842630.543,11.826867224486362
1687842669.307,12.05867019824031
1687842683.037,11.595342314878273
1687842712.705,12.292667559002107
1687842722.601,11.695959885121031
1687842749.042,12.879431524939058
1687842772.296,11.662271887170837
1687842792.981,12.043930762897928
1687842809.839,12.023878118628149
1687842838.66,11.50106054789495
1687842863.896,12.483402439552059
1687842909.552,11.087253582235686
1687842943.473,11.709100716536875
1687842974.145,12.407723980588216
1687843003.665,11.585399164472413
1687843027.261,12.722464349400301
1687843075.081,11.17928271660383
1687843099.769,11.844351402080445
1687843113.655,11.595374512008688
1687843124.067,11.804042822939248
1687843145.679,11.931242273922177
1687843169.005,12.469696368559863
1687843186.145,12.41831714847767
1687843198.93,12.122091010537993
1687843261.483,12.226042896421108
1687843290.201,12.507577063217425
1687843310.161,11.786041591026745
1687843333.816,12.220191754870264
1687843344.73,13.018877394056341
1687843373.673,12.102904637720568
1687843388.625,12.494822948411263
1687843411.14,11.839518717725978
1687843434.128,11.806385509845708
1687843451.363,11.764841088246888
1687843468.872,12.299965554716096
1687843488.014,12.083613680584168
1687843517.146,11.129876922967243
1687843548.731,12.242639249214681
1687843573.458,12.148709434014352
1687843593.643,11.507572422040617
1687843609.195,11.84555384601029
1687843642.484,11.760331901556896
1687843665.17,12.167298613783402
1687843694.238,12.099776433685957
1687843721.347,11.844548064103527
1687843741.018,11.736916298656114
1687843758.313,12.450187378604943
1687843766.067,12.536886921210103
1687843792.067,11.665235236072999
1687843846.567,12.187837722265973
1687843870.064,12.084022706727707
1687843888.778,12.069242132406439
1687843926.46,12.48958420786959
1687843952.892,12.044901485617054
1687843971.888,12.070925622366321
1687844009.486,12.082304810054515
1687844038.345,12.806615426545559
1687844064.332,12.020341274582087
1687844086.135,12.721680282438498
1687844119.035,11.409479128404646
1687844145.729,11.6792086131693
1687844173.038,11.691685282978563
1687844197.206,12.690405374760548
1687844224.219,12.422753930460557
1687844253.401,12.063483619752647
1687844272.795,12.169312297239124
1687844290.627,12.68853527129309
1687844311.057,12.380936233940899
1687844330.609,11.183666472803177
1687844359.173,12.390046389171
1687844391.524,12.44118442806307
1687844416.793,11.676626146220181
1687844442.041,12.616863180642708
1687844454.617,11.728935046506127
1687844498.479,11.97848097378806
1687844525.495,11.740035401145644
1687844535.163,12.123760951395111
1687844573.766,12.67796444796761
1687844580.293,12.067146563340028
1687844600.557,12.19180359452307
1687844628.511,11.518382693709306
1687844650.627,12.248595562290166
1687844689.812,11.574452335850346
1687844707.558,12.294327694329072
1687844730.499,11.812486363653065
1687844773.725,11.482420992188164
1687844789.057,11.776740590060161
1687844803.236,12.352884417680382
1687844841.246,11.569155651137297
1687844878.433,11.637939097971797
1687844927.209,12.486946958912045
1687844948.758,11.825517549590261
1687844975.114,12.421163608282312
1687845023.137,11.84734718293113
1687845041.79,12.101904732274136
1687845105.438,11.854698732002161
1687845158.51,11.692200836093582
1687845212.93,11.86830074924481
1687845238.746,12.357906117618482
1687845250.551,12.431526098497267
1687845291.832,11.960202107779931
1687845330.866,11.571421366324
1687845349.108,12.570775350405404
1687845387.349,12.359330196251522
1687845421.48,12.213990682299404
1687845453.079,12.82063132073944
1687845526.946,12.07552110047513
1687845546.324,11.936565518127663
1687845570.834,12.18549581352836
1687845592.258,12.206218284382368
1687845637.551,11.905617028128407
1687845645.279,13.499129475707642
1687845682.068,11.56555966400799
1687845699.763,12.094498606318131
1687845733.84,12.051026441458433
1687845764.485,12.27873385635313
1687845825.292,11.988928590364319
1687845856.145,11.58517663163283
1687845887.907,11.975347637235606
1687845908.52,12.800295190576856
1687845955.6,12.378487664938689
1687845987.594,11.76684193940993
1687846032.649,12.119223152453607
1687846063.618,12.519474439864341
1687846091.88,12.124288151845482
1687846104.884,12.32328353087812
1687846162.742,11.804714055407596
1687846174.883,12.332909503913504
1687846202.155,12.094348074062673
1687846247.061,12.24943045208891
1687846279.839,11.70925795198892
1687846327.306,11.874862484514752
1687846348.585,12.16648250587832
1687846379.941,12.1001528023492
1687846479.533,11.673671517931503
1687846515.721,12.021129442966911
1687846532.989,12.222793535155061
1687846555.719,11.718702640589015
1687846594.017,11.836760146211432
1687846611.269,12.491300710298633
1687846634.684,12.333687233349313
1687846653.244,12.50801069216632
1687846678.905,12.065369416815757
1687846708.192,12.004934619547754
1687846750.237,12.336304408197124
1687846777.224,12.398645903120364
1687846815.259,12.139786449345365
1687846845.757,12.570236426090787
1687846867.194,12.353382859464137
1687846893.336,12.257635075475008
1687846925.63,12.354039857906876
1687846956.818,12.60885274509933
1687846991.407,11.482977557553516
1687847023.786,12.038205612612451
1687847047.965,11.991610896695612
1687847073.881,12.137679638606212
1687847104.409,11.578181268784064
1687847148.434,11.74981207333223
1687847185.288,12.038849503075745
1687847218.587,11.608593109148766
1687847246.851,12.120032471301238
1687847269.282,12.526111729887957
1687847284.233,12.559944475441151
1687847300.093,11.625826593348137
1687847354.817,12.17133430237154
1687847419.985,11.557688362801803
1687847480.578,11.866488329663136
1687847515.658,12.162720088555966
1687847556.095,11.953265276830633
1687847576.494,11.645988739226313
1687847608.185,11.40917587593222
1687847639.751,11.630523911559404
1687847661.559,12.485323766856276
1687847683.787,12.402221451479207
1687847730.731,12.213032099144437
1687847749.126,11.871960212785124
1687847777.011,12.001116446518624
1687847811.34,12.249301229239382
1687847845.872,11.756840748021542
1687847885.232,11.871103130406917
1687847903.612,11.974300621777584
1687847933.714,12.061181766982893
1687847957.24,11.851271079121974
1687847983.913,12.682068455539147
1687848011.607,12.285996077344342
1687848051.766,11.690077717722719
1687848073.445,12.668879412560495
1687848105.03,12.309465625866109
1687848122.511,12.268311574503645
1687848144.217,11.237200035698741
1687848190.631,11.690080420718878
1687848202.432,12.360015590845347
1687848223.11,11.302620730396336
1687848243.058,11.946546531286204
1687848261.138,12.692700852004746
1687848271.737,12.928023736012877
1687848295.476,11.952984560033855
1687848311.029,12.825880884658238
1687848362.504,12.66442588978274
1687848387.191,12.55223438460074
1687848419.825,12.45649664063815
1687848444.737,12.487869008008886
1687848472.196,11.60744219550807
1687848494.903,12.246225942482672
1687848523.66,11.985348059980462
1687848541.561,12.179987182878907
1687848561.456,12.148397993244972
1687848583.513,11.553734725280812
1687848610.667,11.615844994511193
1687848632.703,12.052475238394337
1687848648.726,11.859694025897717
1687848676.414,11.967120067341108
1687848697.602,11.980860050612282
1687848734.567,11.936124099365589
1687848755.068,11.850373906841309
1687848793.129,11.8532630827098
1687848842.336,11.917602446333767
1687848851.86,11.794110941796962
1687848880.559,11.730736632453345
1687848900.354,11.907520799974769
1687848919.283,11.966318843783409
1687848942.223,12.361925336236393
1687848958.877,12.280005082354462
1687848990.629,12.252071031865972
1687849013.901,12.090501793831585
1687849039.412,11.837755760227378
1687849063.991,11.683970095519713
1687849097.978,12.444389973188716
1687849112.147,12.102141167816324
1687849148.185,12.07242787571238
1687849166.576,12.229506522624911
1687849194.747,12.214306117742346
1687849223.538,12.17333616021084
1687849244.311,12.372168411880423
1687849259.953,11.975107512584964
1687849278.452,12.056313773716086
1687849321.201,12.160620354993732
1687849340.922,12.23615454077076
1687849359.993,12.208811418256206
1687849380.429,12.45612215222765
1687849400.511,12.202259705919632
1687849444.786,12.129281185874374
1687849481.504,11.419011921983435
1687849513.2,11.610687297591074
1687849554.066,11.62330489478622
1687849581.877,12.612710022997515
1687849621.305,12.686915027177642
1687849640.035,12.417911598685723
1687849658.893,12.533318131410304
1687849697.328,11.85477106290929
1687849719.504,11.786402280886659
1687849747.935,11.95495461703259
1687849781.941,11.94447045318979
1687849826.416,11.898693109501838
1687849873.385,12.039900943761237
1687849917.648,12.151016834328816
1687849950.351,11.962162400908158
1687849989.899,12.076704125803396
1687850025.442,11.930218019651665
1687850059.846,11.766275646959397
1687850094.837,11.894168165767132
1687850130.345,11.819728410059243
1687850153.761,11.902515749990783
1687850187.318,11.947346590675407
1687850210.129,12.131389704861679
1687850246.192,11.936812644919556
1687850292.135,11.743791251239703
1687850324.876,11.970678755531512
1687850363.772,12.033665214601939
1687850390.552,11.979463032038455
1687850444.121,12.043748093405826
1687850512.461,12.635636706897424
1687850545.303,12.495907343532553
1687850628.019,12.642003874317258
1687850657.617,11.899147334597037
1687850683.858,12.238250015711433
1687850720.458,13.075805652320122
1687850757.384,12.779404521443759
1687850789.931,12.311566267213017
1687850822.822,11.5378897562298
1687850868.263,11.99317810126497
1687850917.772,11.749640588679036
1687850943.055,11.546943178548409
1687850993.844,11.108933397348121
1687851025.225,11.722595253920385
1687851043.709,11.445802898574538
1687851065.831,11.585729100983894
1687851158.03,11.179171604941649
1687851274.211,11.167633326610114
1687851338.533,11.07240373334788
1687851369.204,12.049024291960034
1687851407.618,11.61204658318756
1687851424.902,12.07377402868328
1687851467.44,11.909509313773274
1687851491.831,12.131991071193951
1687851502.138,12.165525467910449
1687851535.839,11.770455654695613
1687851549.859,11.92397996885877
1687851562.575,12.477861105093487
1687851581.566,11.628687436000682
1687851597.611,11.878463071158409
1687851621.22,12.205803756159828
1687851642.938,12.200405752424208
1687851667.388,12.319102469768305
1687851687.195,12.021873876558669
1687851724.848,11.947401147058095
1687851744.477,12.296251464288558
1687851756.395,11.931181975597724
1687851773.72,11.722942936537363
1687851801.104,12.138298658094968
1687851828.773,12.12125826160202
1687851865.045,12.238141467805278
1687851886.928,12.341902218433184
1687851903.483,12.181808674171208
1687851952.985,11.84759057024941
1687851986.991,11.809471686706829
1687852013.341,11.61599143998282
1687852046.061,11.829241656126928
1687852073.367,11.82348456615905
1687852101.677,11.927923411106347
1687852125.753,11.78002150261299
1687852165.57,11.75618520466432
1687852197.98,12.037672204828091
1687852224.882,12.382471910452752
1687852252.282,12.125695267904586
1687852306.629,12.169930185984123
1687852348.414,12.07359059968317
1687852391.333,11.727162629731907
1687852419.705,11.666796063000021
1687852432.704,11.79208835088309
1687852446.655,11.957807704412895
1687852479.872,11.957545204100107
1687852492.864,12.051426607632346
1687852526.128,11.859381871494588
1687852543.1,12.491411498626974
1687852591.563,10.905044625803038
1687852622.405,11.626528957724318
1687852643.451,12.161185428681106
1687852677.011,11.978042700228402
1687852692.038,12.135326257418924
1687852709.901,11.82004648310787
1687852736.656,12.674646410380308
1687852763.131,12.164239132462091
1687852778.095,11.92458053216125
1687852792.176,12.451306274278352
1687852841.043,11.421467828103221
1687852888.685,11.72474254529075
1687852914.218,11.568044579904827
1687852946.566,11.812919797957415
1687853004.686,12.212424539421699
1687853019.443,11.454008460207756
1687853069.608,11.916498558067312
1687853087.532,12.100472198287484
1687853114.635,11.898951230729002
1687853141.538,12.014799410033778
1687853184.021,11.70620371018956
1687853221.89,12.204886061647679
1687853253.353,12.144854994626638
1687853272.008,12.214067961353798
1687853293.496,12.543033146422857
1687853317.9,12.49539392214981
1687853340.713,12.373174181637745
1687853375.719,12.31196355865416
1687853406.728,12.172382698152814
1687853452.629,12.372596310222027
1687853496.813,11.946269656266068
1687853569.946,11.735757805070268
1687853596.055,12.402140952784373
1687853633.983,12.21610079410676
1687853657.876,12.49847004706794
1687853678.354,12.3068998213475
1687853720.637,12.259356768608203
1687853744.614,12.031812555901471
1687853765.452,11.719190479345098
1687853785.513,11.692084092948873
1687853829.765,11.968615372701484
1687853865.653,12.365116298412724
1687853901.217,11.738830142959939
1687853936.228,12.036910411497258
1687853983.151,12.156289554816425
1687854002.035,12.42031883314397
1687854048.207,12.674934843818484
1687854081.318,12.58285622524046
1687854127.147,12.458984563898461
1687854159.731,12.84731423166713
1687854194.205,12.888423408023915
1687854234.878,11.801075324262818
1687854253.516,11.857710004380921
1687854281.935,12.04962214594946
1687854299.468,11.91468991257753
1687854379.377,11.831892060612
1687854414.802,12.323122452475422
1687854437.488,12.137476782116485
1687854470.13,12.369156383425786
1687854538.95,12.084275774117508
1687854564.714,11.27008111904383
1687854580.584,12.227397479869015
1687854594.881,12.932795648471835
1687854607.353,13.090282052982921
1687854651.454,12.24763461251211
1687854695.256,12.177466786816687
1687854743.847,12.250927413188041
1687854756.968,12.045684469788435
1687854793.399,11.759971161232826
1687854838.385,12.406733982480961
1687854873.302,12.328607755407042
1687854896.995,12.107646687898852
1687854922.405,11.547812645110108
1687854964.357,12.196636607588786
1687854983.192,11.821679378538489
1687855013.481,11.710884802458866
1687855035.924,11.888892100880172
1687855066.254,12.464627127609434
1687855080.884,12.098519870813453
1687855115.817,12.370495415121415
1687855151.351,11.77406964072782
1687855204.117,11.675099682533022
1687855236.675,11.41665437177442
1687855259.911,12.577456818193998
1687855304.686,12.675399163932216
1687855352.554,12.518749117768253
1687855386.095,12.1035078435278
1687855461.988,12.413114206638246
1687855532.426,12.550483839412625
1687855566.425,12.045073472752517
1687855595.057,12.195135540398237
1687855617.623,12.147395504802786
1687855639.011,12.1348447960167
1687855677.558,11.841350996903381
1687855702.615,12.252666672297254
1687855759.25,11.947941550531086
1687855787.951,12.354592137342124
1687855850.184,12.068676585158252
1687855926.253,12.4353786688741
1687855961.372,12.55130063584573
1687856022.058,12.59409796269406
1687856052.469,12.068444300986423
1687856099.126,12.49553823484179
1687856138.458,12.044627358038102
1687856183.205,12.035397593553094
1687856212.522,12.35832049322929
1687856235.843,11.929962032254414
1687856254.729,12.050550471904748
1687856291.71,11.5724747497432
1687856344.17,11.840403225980738
1687856350.73,13.387113221789878
1687856373.521,11.866666328917285
1687856390.485,12.064716799590693
1687856424.412,12.283575706017087
1687856448.842,12.43396526172803
1687856509.514,11.884900261594025
1687856546.053,12.171557273132777
1687856585.034,13.023791700701302
1687856613.095,11.906504342540632
1687856626.628,12.550390110588282
1687856643.322,12.309347596466266
1687856664.269,13.80686155137552
1687856692.782,11.709669229657688
1687856712.595,11.638897424268272
1687856747.285,11.73284377131152
1687856757.722,12.853655152476911
1687856794.685,12.301454877192471
1687856850.075,12.446156143138673
1687856912.767,12.426630319797182
1687856941.978,11.855200937670938
1687856957.076,12.792880274042654
1687856985.947,11.687932470836495
1687857003.268,12.635640276479938
1687857036.514,13.027432421114328
1687857077.192,12.683185948782993
1687857098.493,12.433692406108024
1687857110.596,13.533635360147978
1687857117.575,13.070765628005494
1687857139.473,12.62158739042251
1687857172.545,12.087084443778801
1687857192.166,12.672942441608832
1687857226.324,13.263639261761993
1687857258.458,13.41858196002258
1687857293.692,11.55984686920748
1687857351.158,12.387188430055735
1687857364.983,12.760317930003177
1687857398.09,11.604312371518299
1687857417.661,12.315856736009478
1687857452.158,11.874393362837655
1687857479.638,11.431574039954205
1687857503.009,12.025463479111007
1687857522.072,12.229661818857169
1687857549.018,12.530267836056804
1687857608.23,11.909807929332331
1687857659.98,11.78620044279127
1687857678.47,12.351659875195306
1687857699.585,12.327423550817496
1687857721.975,11.843907837965657
1687857734.078,12.033643134564853
1687857779.725,12.1265284494022
1687857835.995,11.786422718034737
1687857857.154,12.157535359238821
1687857883.847,12.772905835611338
1687857909.432,12.315866497061352
1687857936.792,12.075975023572115
1687857944.744,12.452264674666564
1687857992.292,11.662445440489885
1687858044.034,11.851862729073035
1687858083.599,12.075191690460585
1687858114.417,11.427485999840075
1687858140.458,12.032543795512547
1687858181.772,12.419363115263746
1687858227.547,11.979026083716086
1687858248.603,11.933561966871542
1687858261.795,12.537761261417241
1687858276.372,11.416493094706304
1687858294.732,12.54688320523868
1687858311.258,12.597712563734671
1687858322.476,12.907528357288772
1687858343.173,11.44872553500359
1687858373.763,12.454749916635441
1687858410.494,13.01931565223841
1687858434.446,12.23919086513772
1687858458.974,12.013346374307297
1687858488.552,12.17396526764215
1687858519.728,11.96877990809579
1687858553.093,12.660311515576081
1687858569.133,12.73766187698069
1687858585.686,12.472336769315138
1687858594.713,12.41624604401572
1687858619.644,12.056823489033711
1687858643.821,12.333086948457307
1687858683.538,12.140432316896723
1687858700.009,12.354928710911848
1687858722.598,12.722959290623674
1687858744.202,12.909452139807984
1687858771.962,12.54924968972793
1687858808.158,11.561811295760032
1687858848.883,12.083196720960206
1687858895.147,12.729642795667303
1687858927.192,12.185076164972028
1687858977.927,12.128127835857208
1687859032.445,12.188390198178512
1687859072.908,12.091436492324998
1687859106.776,12.244907960469828
1687859124.415,12.213870909036997
1687859156.473,12.053986002213035
1687859179.509,12.0654182275759
1687859198.573,12.059014007986919
1687859249.742,12.034189185657244
1687859257.584,13.435760314217111
1687859297.041,11.808614477570874
1687859319.851,13.243496204799861
1687859377.766,11.945844872433577
1687859410.587,11.671548356801614
1687859419.449,12.243757446622645
1687859444.118,11.958954893751649
1687859499.349,11.207070468421914
1687859531.347,12.801378807338846
1687859562.981,12.02801898881361
1687859607.784,12.003849518198932
1687859637.585,11.890986807663198
1687859683.439,11.796381778200098
1687859708.672,11.944944514165364
1687859745.843,11.957303851830563
1687859768.157,11.617601379728717
1687859784.024,12.293892958908433
1687859795.499,12.243397855187123
1687859814.426,12.229146024274977
1687859833.204,12.262952353648174
1687859863.158,12.307241090722812
1687859894.579,12.236038851830857
1687859936.359,12.140661274646556
1687859959.952,11.822912268098332
1687859978.061,11.949204925699796
1687860017.059,12.266585288923379
1687860073.044,12.073644128797204
1687860103.713,12.221307402892831
1687860129.881,12.245772777646598
1687860151.667,13.09163743107142
1687860212.965,11.710341671430388
1687860249.351,12.382207115813179
1687860278.628,11.609990072564516
1687860298.907,11.902652103373883
1687860326.571,12.355997393823433
1687860354.814,12.74324497075331
1687860402.694,12.1080858955672
1687860419.525,12.913109496930563
1687860467.184,11.402397922364578
1687860497.941,12.224748681794848
1687860516.334,11.89616648990089
1687860534.955,13.154483595353678
1687860566.741,11.931859548698984
1687860587.66,12.36582966154668
1687860601.247,11.523027720265532
1687860625.552,12.482173807804228
1687860663.765,12.157470247462001
1687860684.844,11.860544931131567
1687860730.813,11.75560017530865
1687860742.01,12.310251907353765
1687860754.194,12.430941815035355
1687860767.862,12.47982921594823
1687860796.622,11.622569224476484
1687860813.831,11.685657372098929
1687860828.961,11.622806494166753
1687860845.061,11.731894842403861
1687860859.592,12.629434491770182
1687860906.653,11.231153520033658
1687860953.036,11.81343854854566
1687860984.584,12.182015988473049
1687861000.906,12.142208966853058
1687861030.052,11.594321704779695
1687861054.129,12.702966149300899
1687861067.567,13.146568246369565
1687861096.041,12.097298739183739
1687861110.986,12.536685637735351
1687861147.118,12.342486682257753
1687861168.339,12.318966540694541
1687861189.944,12.70157609432178
1687861224.121,11.800847818733855
1687861263.756,11.755461790356511
1687861315.918,12.192676260980651
1687861350.093,11.517336507383906
1687861388.72,12.082240506967384
1687861445.446,11.663301016317252
1687861474.418,11.728452700647503
1687861532.556,11.40529945627681
1687861567.321,11.842742913059478
1687861613.276,12.033251752642773
1687861634.339,12.508243029554814
1687861655.707,12.02492963046745
1687861694.798,12.076227335616696
1687861746.452,11.6447077350751
1687861773.533,11.653600623407096
1687861821.153,11.576989529480937
1687861862.218,12.24493045696417
1687861881.39,12.490927850363393
1687861907.279,12.193838315921258
1687861951.134,12.15671493104676
1687861960.078,12.337511084072815
1687861980.071,12.445940065531024
1687861999.614,12.40446345288907
1687862022.217,12.288451871655315
1687862076.694,11.444186078698042
1687862104.34,11.713234245328664
1687862192.541,11.87463099744968
1687862222.291,11.820334457331116
1687862250.646,12.025599270137402
1687862266.526,12.107694195022212
1687862292.651,12.236819360316469
1687862305.984,12.102120972345395
1687862318.122,12.042410684651818
1687862343.72,12.584465346246997
1687862359.342,12.208001543930246
1687862403.167,12.75520181281538
1687862431.405,12.165436124723923
1687862492.368,12.919349143321732
1687862557.296,11.818616918556872
1687862575.032,11.846965296765479
1687862602.286,12.223827873127995
1687862623.689,12.3209206170553
1687862672.27,11.834149462041175
1687862694.451,12.045999953843644
1687862719.953,11.829620203058537
1687862742.024,11.580104083796146
1687862764.097,11.896466295321753
1687862803.676,12.603846539700903
1687862814.883,12.362840150224985
1687862845.168,12.057935778559889
1687862881.426,12.36160399630377
1687862906.962,12.447701480147632
1687862944.025,12.110757311860015
1687862990.071,11.818056250603377
1687863014.144,12.303135303665016
1687863034.016,12.169313893102673
1687863053.39,12.40678455311544
1687863074.27,12.578859243841356
1687863083.415,12.453644653069121
1687863111.011,12.558432301828438
1687863155.983,11.826608479851338
1687863196.633,11.614563851107471
1687863230.242,12.216496040589288
1687863256.757,12.397914203249499
1687863277.963,12.346751239701224
1687863287.748,12.624169680403979
1687863355.856,11.506959081783357
1687863389.505,12.327124433112592
1687863409.061,12.088261480692717
1687863428.819,11.706836174196921
1687863447.347,12.516117263485182
1687863475.968,12.517902086127899
1687863494.017,12.253225457658873
1687863504.938,12.347011313017264
1687863536.996,11.535275252441226
1687863552.888,12.451363646088012
1687863584.037,12.182479817209673
1687863607.911,12.08187771376591
1687863649.671,12.01759043283518
1687863674.852,11.734360211438862
1687863712.547,11.848900420306288
1687863736.456,11.79423725420573
1687863761.508,12.265116604159186
1687863780.854,12.040664670067088
1687863810.204,11.751156794220671
1687863833.901,12.525849065389401
1687863856.815,12.259600422795979
1687863873.419,12.391447803408928
1687863897.195,11.905409235049213
1687863914.915,12.372005851637603
1687863962.273,12.108124692647054
1687863987.554,12.213123663004144
1687864014.907,12.233713849879363
1687864037.065,12.03296196329063
1687864075.568,11.7328532851093
1687864133.166,11.382511419876426
1687864181.16,11.874515133963234
1687864198.212,11.844276503470661
1687864210.354,12.091644446199599
1687864235.024,11.59037398223058
1687864250.007,11.877908211966192
1687864258.131,12.543578847468181
1687864280.699,12.478999255174582
1687864298.382,12.694527109113752
1687864318.95,12.063622035073847
1687864354.444,11.697260714403983
1687864371.381,13.134075690850265
1687864402.441,12.833270557210309
1687864426.11,12.46298008096612
1687864449.314,12.160130987629225
1687864534.297,11.24829511438674
1687864556.703,11.764473986586145
1687864568.463,11.509290468685565
1687864586.024,11.25073519403287
1687864612.176,11.892879102434211
1687864631.525,12.018091094698725
1687864647.722,12.248878252829691
1687864680.137,12.727944160020309
1687864721.668,12.317249297642421
1687864745.501,12.875421132875125
1687864778.665,12.515758313490933
1687864796.223,12.652652556092866
1687864814.509,12.891349941246927
1687864830.652,12.79293882878393
1687864853.176,12.383060531836577
1687864900.951,11.744655632390606
1687864930.202,12.118710348874318
1687864955.779,12.11464336266996
1687864998.011,11.5391453333336
1687865026.397,12.303251916873327
1687865058.086,12.048221916300529
1687865075.261,12.312373834745657
1687865109.356,11.89516867619627
1687865129.88,11.880376000562721
1687865139.442,11.787771063449739
1687865151.624,11.841763649735508
1687865175.177,12.286453782984289
1687865203.613,12.061226337041594
1687865245.367,11.687293383748825
1687865279.85,12.453844843588737
1687865342.819,11.92608304824688
1687865368.208,11.435882162823814
1687865380.947,11.8300528655206
1687865412.444,12.36076068309433
1687865471.298,11.688656054040427
1687865497.729,11.847161068190829
1687865519.484,12.406796720675109
1687865553.419,11.905645061273821
1687865583.001,11.793474763954196
1687865613.329,11.760562592729247
1687865621.496,12.60819089295254
1687865629.128,12.583888936120383
1687865639.508,12.352461547364316
1687865649.188,12.30027994079336
1687865667.026,12.171090390357758
1687865683.164,11.98565112296843
1687865697.565,11.987116815817306
1687865721.245,12.377936275133463
1687865743.717,12.440246813211074
1687865758.975,12.360557701839506
1687865793.596,11.39897544432372
1687865808.821,11.72214846412727
1687865845.581,11.660982215019175
1687865882.198,11.566415932936463
1687865906.492,11.535782522834443
1687865923.646,11.758669563043
1687865931.916,11.758074550121076
1687865946.026,11.872830267492933
1687865963.533,12.04408955211285
1687866008.732,11.434623613306798
1687866027.537,11.852237118102972
1687866039.888,12.306849042402412
1687866047.503,12.704843962523261
1687866054.736,12.457463147808351
1687866064.679,12.260228831701598
1687866072.469,12.392563835640347
1687866085.073,11.857519194345663
1687866095.419,12.407958410479152
1687866104.551,12.432305920031029
1687866116.851,12.411700632716505
1687866126.46,12.41810447916603
1687866135.286,12.425664083362479
1687866145.428,12.231212467661562
1687866154.297,12.331568230756634
1687866162.981,12.386520482373518
1687866172.725,12.136658435383765
1687866209.832,11.283781880710618
1687866241.603,11.349173055690283
1687866282.61,11.839959351978145
1687866310.14,11.673285684509276
1687866336.476,11.99173271329754
1687866368.797,11.9909367154074
1687866395.124,12.062256681563317
1687866413.832,12.728554385224378
1687866443.309,12.806917006274224
1687866470.575,12.934285444733499
1687866498.918,12.820872432089953
1687866518.207,12.757902446427682
1687866536.57,11.989910701818625
1687866564.799,11.898114069107496
1687866575.761,13.151216479470731
1687866587.785,12.85526671284077
1687866597.391,12.338795035643274
1687866628.813,11.822181854734339
1687866654.355,11.871197893630214
1687866680.795,11.84414285374188
1687866701.046,12.029674846465674
1687866751.436,11.90140447382492
1687866765.912,12.602729779976702
1687866784.154,12.371845942586106
1687866799.101,12.924996244134725
1687866810.059,11.763364573422663
1687866832.972,12.177887759533556
1687866846.921,12.038348410745098
1687866883.418,12.478923174018334
1687866928.489,11.896059133607313
1687866984.786,11.700292093975957
1687867037.779,12.107177967150418
1687867061.856,13.100611031992182
1687867081.368,13.100773759312299
1687867089.374,12.658299159456451
1687867105.754,12.981501644478014
1687867117.101,12.77310024736847
1687867135.043,13.261359495967833
1687867157.942,12.324131441889614
1687867182.443,11.910391582220699
1687867201.553,11.836459819587134
1687867224.567,12.636427429405648
1687867255.239,12.019731610708043
1687867277.618,11.980463681118788
1687867301.939,11.987637222587649
1687867346.768,11.798388588010901
1687867391.888,11.715256896543302
1687867428.773,11.827314664602218
1687867468.354,11.933666068924769
1687867490.811,11.71387105089753
1687867512.796,11.98530027956727
1687867518.893,12.598292649864762
1687867530.726,12.371769412477477
1687867554.779,12.282026641115316
1687867581.858,12.193546628043006
1687867614.995,12.451701388247145
1687867627.861,11.854979893676497
1687867635.242,12.215674395811753
1687867660.642,11.875715212259738
1687867679.816,11.696471018440704
1687867711.689,12.053297604856846
1687867735.613,12.575648967447094
1687867764.167,12.135279571000895
1687867774.751,11.866283250864115
1687867785.153,11.859845894526954
1687867814.311,11.810232152187842
1687867839.27,11.63353652601379
1687867884.115,12.116546140583665
1687867923.813,12.819371521679338
1687867942.463,12.59220965333618
1687867972.771,12.773109211069777
1687868043.95,12.172306254286521
1687868074.135,11.753666134370325
1687868093.484,11.904791166380258
1687868135.388,11.654197101608453
1687868166.008,11.873353620839334
1687868203.112,11.70100031724811
1687868211.173,12.226880214733614
1687868227.668,12.380958804570094
1687868238.096,12.126510749677337
1687868252.535,12.70326182787167
1687868259.181,12.712181872087172
1687868274.008,12.981349722551094
1687868286.414,12.378396433558597
1687868307.472,11.880239679416235
1687868330.366,12.09996956259128
1687868342.736,12.370722563528304
1687868360.828,12.17481076453101
1687868375.427,12.101418181421097
1687868381.483,12.330048056558029
1687868441.345,12.616580001103681
1687868484.668,11.719367619052516
1687868518.388,11.691569128391022
1687868535.588,12.058140177347504
1687868578.298,11.29486867868068
1687868596.132,12.626019341505069
1687868619.807,12.337529617114745
1687868634.851,12.35968798194251
1687868643.047,12.287034561553265
1687868664.976,12.072107693911716
1687868689.355,12.438469158265638
1687868706.11,12.16294876492414
1687868724.278,10.950041164218872
1687868747.981,11.984241587717287
1687868778.069,12.61972463334137
1687868798.816,11.999068419837705
1687868806.248,12.185208080465447
1687868841.831,11.902788841001216
1687868865.935,12.397132440160297
1687868887.175,12.134644063382618
1687868948.662,11.957229774966322
1687868978.626,11.809905773478544
1687869006.598,12.65552387417272
1687869029.509,12.3236303188239
1687869054.473,12.163493672918195
1687869080.09,11.713863508356042
1687869104.076,12.644396686057203
1687869134.59,12.064473824498434
1687869171.483,12.088125439950126
1687869206.055,12.762167454147194
1687869254.071,11.714723548207232
1687869269.592,12.18044435737015
1687869293.439,12.630126689782417
1687869314.924,12.310154247868727
1687869358.077,12.493356748456186
1687869376.701,12.063662903832313
1687869392.806,11.653708101255994
1687869420.631,12.363825261060759
1687869450.459,12.505297296122992
1687869458.488,12.120030211450812
1687869494.706,12.422915639322722
1687869507.009,11.899704646131863
1687869533.7,11.606684547377656
1687869553.577,11.574525799486725
1687869605.003,11.845697807309687
1687869618.064,12.093464655873843
1687869652.517,11.684966144087053
1687869674.492,11.842421383698664
1687869704.834,12.564665778030573
1687869735.629,12.902233126979496
1687869756.554,11.197191058009825
1687869771.046,12.629897583924908
1687869793.327,12.170964980316812
1687869816.187,11.84777988102423
1687869844.663,12.039655298603552
1687869865.763,12.011363517107872
1687869889.756,11.767147980320004
1687869927.712,11.63491336268763
1687869952.317,11.736942418842913
1687869977.606,11.762546441098186
1687870000.23,11.771968883691786
1687870034.581,11.783851027333075
1687870063.391,11.819203131955327
1687870078.199,11.966133598946552
1687870096.254,12.517563477535543
1687870117.595,12.61797516514051
1687870142.503,12.549130261604436
1687870154.654,11.962211787062685
1687870176.602,12.17864823547434
1687870217.195,12.049600163394063
1687870244.905,12.289443427256488
1687870282.238,12.1059455903965
1687870351.283,12.22128181558656
1687870398.565,11.698072239865649
1687870451.165,11.761356824642968
1687870493.033,11.755675916929228
1687870533.482,11.987487074204036
1687870563.884,11.897049457180849
1687870579.8,12.719403345167771
1687870611.067,11.786697499229154
1687870640.75,11.697256092862597
1687870681.782,11.971983380425275
1687870720.145,11.864301915433604
1687870744.448,11.603733276666384
1687870769.77,11.60833315762625
1687870828.608,12.255974093428636
1687870857.027,11.948594251962144
1687870933.622,11.680275924880783
1687870946.777,12.713583222411618
1687870968.552,12.166845480792993
1687870989.087,12.077848898523772
1687871013.288,12.075218069609699
1687871044.073,12.495230036258063
1687871060.593,11.698078764122627
1687871077.587,12.221278322245814
1687871100.528,11.84874064315812
1687871132.929,12.135682003903026
1687871170.911,12.119677297831982
1687871195.641,12.193819251296365
1687871225.221,12.094352232193465
1687871250.942,12.024834768329946
1687871286.28,11.982319567546112
1687871307.982,12.123578354557779
1687871341.123,11.495659070768285
1687871374.164,11.856619865632831
1687871405.955,11.958480981097983
1687871437.318,11.832663219630806
1687871457.035,11.696795411192072
1687871475.299,12.084069579871306
1687871528.13,12.177258114461864
1687871563.122,11.419657922527836
1687871586.18,11.891610048189074
1687871621.201,11.734990270972066
1687871667.972,11.790737769024048
1687871720.178,11.507618579263344
1687871764.733,11.943601389614177
1687871813.45,11.690289064833989
1687871856.748,11.83407412916016
1687871892.682,11.604846715720704
1687871927.999,12.217847878129644
1687871948.672,11.825143444259648
1687871992.181,12.723785648043393
1687872015.721,12.294759951760579
1687872046.832,12.407355087409522
1687872085.549,11.988633708515156
1687872176.523,11.807608897637529
1687872210.01,12.050373347665596
1687872252.119,12.103685910629881
1687872344.913,11.657019861303292
1687872387.344,11.977473493667157
1687872426.658,11.882213678096536
1687872462.574,11.91755404523275
1687872491.41,11.985433386499063
1687872533.206,11.834716720802401
1687872568.218,11.897376163761301
1687872597.444,11.84084162063806
1687872637.921,11.677701363996421
1687872669.679,11.864426362165593
1687872701.817,11.807310333781995
1687872731.433,11.55802776718982
1687872769.548,11.500568730110874
1687872807.618,11.57354728040899
1687872826.996,12.357089463509807
1687872857.675,11.368581027519344
1687872923.882,11.907547079437443
1687872960.905,12.234234766437462
1687872999.213,11.789565632541107
1687873037.691,11.676847908945621
1687873091.164,11.769718583345718
1687873139.472,11.703390580120448
1687873180.945,11.792163962320945
1687873217.072,11.889596074250974
1687873263.449,11.706933382968755
1687873288.972,11.924358960188435
1687873319.715,11.764352721871292
1687873346.667,12.147506880610957
1687873364.277,12.680365537193866
1687873390.28,12.575553390294559
1687873409.196,11.894048878231798
1687873428.467,11.353623738362828
1687873457.864,11.708604801889516
1687873473.056,12.268935864964417
1687873491.507,12.74833382124472
1687873508.942,12.59559869239263
1687873527.641,12.14025832844933
1687873559.721,12.466563512441182
1687873585.928,12.528529371783858
1687873613.576,11.776233602082822
1687873660.277,11.688591456617093
1687873701.3,12.416164006690435
1687873714.797,12.87395633170151
1687873738.95,12.411239075246954
1687873756.397,12.67117409586344
1687873795.606,12.506038800511643
1687873814.5,12.483358357369502
1687873848.013,12.676197661646915
1687873913.078,11.67130931183525
1687873948.555,12.419537396701442
1687873958.58,13.054656690146489
1687873996.065,11.874431583991218
1687874037.354,11.773196619545102
1687874085.028,12.306815423087244
1687874118.078,11.740295238102588
1687874146.086,12.167043266762466
1687874162.906,12.312665071047212
1687874193.393,12.556308981500399
1687874226.499,12.532997045495303
1687874250.129,12.575886497519244
1687874262.751,12.543507640845418
1687874302.401,11.616820242564183
1687874322.685,11.989506435213372
1687874339.193,11.9777677706154
1687874356.347,11.882721796397286
1687874398.738,12.018122768543146
1687874456.998,11.718420773180377
1687874498.498,11.856026591860024
1687874542.603,11.596492431164727
1687874562.377,11.8594619998773
1687874611.413,12.040301770889936
1687874649.052,12.509776760451295
1687874696.091,11.874844480392026
1687874706.363,12.384816495310886
1687874727.698,11.858333422462422
1687874733.117,12.193435497655793
1687874791.132,11.333932070218985
1687874827.675,12.441737761884673
1687874918.932,11.690805804388544
1687874943.28,12.358562515588952
1687874967.341,11.68331977218505
1687874984.135,11.814878514691513
1687875015.912,12.250890651018484
1687875034.708,11.795904397454104
1687875080.598,11.87932133460667
1687875098.74,12.40147277093505
1687875135.347,11.677651150234407
1687875164.517,11.645972723326013
1687875193.524,11.8527991129494
1687875212.828,12.10388158605556
1687875228.925,12.413078786549725
1687875297.808,12.57474519648303
1687875316.231,12.78014173105409
1687875339.711,12.557385017275092
1687875362.092,12.195939589876513
1687875378.102,12.956779375836017
1687875386.025,12.925587931814464
1687875409.335,11.532880071491961
1687875442.714,11.624876497551378
1687875468.785,11.612534450740005
1687875506.503,11.61408319477661
1687875542.276,11.98947889502279
1687875571.835,11.633790993621052
1687875590.733,12.07784613337689
1687875601.556,13.043877989119931
1687875649.405,11.958742036260077
1687875668.837,12.566009662904156
1687875689.255,12.701669658471568
1687875722.328,12.41131652433243
1687875748.257,12.514607064210923
1687875775.226,12.567566866212774
1687875796.898,12.933129478612933
1687875831.479,11.996994083567705
1687875853.112,12.93121587496944
1687875877.698,12.8989101047444
1687875909.818,12.74016262986721
1687875927.604,12.818493199223216
1687875952.943,13.140301929924242
1687875978.653,12.550253284137993
1687876032.925,11.903616301633598
1687876074.005,11.906910661391228
1687876124.949,11.621641122781126
1687876161.893,12.066152268028901
1687876195.686,12.593313744081275
1687876237.334,12.069883979838023
1687876279.739,11.697647251655454
1687876295.137,12.241972552201029
1687876324.589,12.195497615403704
1687876342.868,12.978031106376834
1687876364.394,12.735580409509874
1687876384.878,11.860786464217751
1687876419.604,12.016502110762778
1687876439.333,12.219400962368901
1687876460.2,12.756038256299469
1687876499.259,12.399502928721972
1687876546.238,12.210441012140661
1687876570.795,11.94738021262147
1687876591.33,12.339545853859182
1687876603.108,13.0856474788929
1687876633.407,12.113878514990025
1687876659.438,11.775950500365418
1687876722.618,11.967352613291952
1687876740.37,12.700831618642109
1687876770.887,11.685379738341856
1687876788.498,12.878417682713891
1687876835.22,12.40951464035509
1687876885.71,12.724129766326302
1687876900.424,12.862140831784977
1687876934.874,12.4359841406029
1687876957.312,12.176859857036012
1687877005.044,11.940269454176157
1687877025.201,12.097941596892698
1687877063.704,11.641663698381894
1687877090.224,12.221822879771686
