1687918593.775,12.7621213451773
1687918626.131,12.313858070251685
1687918644.771,12.68929902485857
1687918663.365,12.547588140056105
1687918673.962,12.300951397823837
1687918692.214,12.550743937154579
1687918715.024,12.38416502165786
1687918726.598,12.143703471659274
1687918744.114,11.364116387906064
1687918776.471,12.591764405306728
1687918816.499,11.237105263595911
1687918847.925,12.426729000998094
1687918881.715,11.985108142812514
1687918911.52,11.961921502293226
1687918931.07,12.726050907731322
1687918962.674,11.485437769414865
1687918985.08,12.290350333909831
1687919013.414,12.467205915488952
1687919031.984,13.380098685558833
1687919040.887,12.219418384620258
1687919066.829,12.256818341542784
1687919093.645,12.942429829962693
1687919138.348,12.586337675519296
1687919160.082,11.432155321779042
1687919205.017,11.072148613420781
1687919240.856,12.497304172259204
1687919255.628,12.45714302341596
1687919296.085,11.750171184999681
1687919312.651,12.463777855449058
1687919340.933,12.637587616842918
1687919376.771,12.178457382769574
1687919399.269,11.798618565424793
1687919423.018,11.61028471749677
1687919450.026,12.485592758651917
1687919467.416,12.557201595532703
1687919492.694,11.73547579714404
1687919514.883,12.081423646676866
1687919530.891,12.981368246398143
1687919546.234,13.199224917947152
1687919560.701,12.673816116584895
1687919579.374,12.220641909445916
1687919604.002,11.378309260476387
1687919614.246,12.437264124365187
1687919648.642,12.355769338459016
1687919673.484,11.88564375240116
1687919684.505,11.460705147666731
1687919700.812,12.421011047085225
1687919735.417,12.462261205220505
1687919747.0,12.234154016740279
1687919762.384,11.991159326332335
1687919786.824,12.410149156471098
1687919837.417,11.505367647248994
1687919855.518,12.89108193722502
1687919872.686,13.440975145081993
1687919891.468,12.342185076553484
1687919914.441,12.328098099458048
1687919930.047,12.179852010403645
1687919962.325,12.497913712919582
1687919986.761,11.975773240872421
1687919999.664,12.454937204890125
1687920033.84,12.630022151360128
1687920050.798,12.214245537968178
1687920061.178,12.90474165888436
1687920086.447,11.854610349851779
1687920108.467,12.290856067451985
1687920129.531,12.320975529157124
1687920147.846,13.805086589575525
1687920168.594,11.897751544241299
1687920191.414,12.747824775936778
1687920226.222,11.625388252190932
1687920282.766,12.418887500882022
1687920297.84,12.617136285313403
1687920327.751,11.303653972081579
1687920343.603,13.053153815427377
1687920361.647,11.804611972464802
1687920394.918,12.377878036146766
1687920422.052,12.17225109757097
1687920435.628,12.443983875935837
1687920451.424,11.591322022270782
1687920490.768,12.37271971326911
1687920510.817,11.478039876341214
1687920517.298,12.365068903714958
1687920541.765,12.99820906461983
1687920566.479,12.509559501246525
1687920587.364,13.277016234052425
1687920608.951,12.21476066893453
1687920627.15,12.532142497981438
1687920640.742,12.071170894986833
1687920658.135,13.468865891495675
1687920666.899,12.050054018922502
1687920679.27,12.699779657247376
1687920762.949,11.93738578800015
1687920788.21,12.903796983456935
1687920834.174,12.017734611467409
1687920865.286,12.071507921449184
1687920891.897,11.989096555985968
1687920924.412,11.990815015445293
1687920952.637,12.619531828608055
1687920984.555,13.123450218129666
1687921012.614,12.313799526430156
1687921036.955,12.489504475830282
1687921052.946,11.605254741018992
1687921066.861,12.01341842395226
1687921104.167,11.221034249480027
1687921153.739,12.306011236992767
1687921176.6,12.177631580207148
1687921190.252,12.370664093482771
1687921218.512,12.900748626972684
1687921247.252,12.102560690098091
1687921276.534,13.025616714096103
1687921283.81,12.423208105435954
1687921299.766,12.6440323684043
1687921325.438,12.24614769540703
1687921351.228,12.960572560254272
1687921368.93,11.665325738788232
1687921396.702,12.070421773310278
1687921445.808,11.837001267767075
1687921490.663,12.279259372366218
1687921504.405,11.48586005252817
1687921535.975,12.612612551657218
1687921545.761,11.695959885117356
1687921572.097,12.879431524941959
1687921591.504,11.590165720358932
1687921611.982,12.04393076289677
1687921628.49,12.023878118628536
1687921656.894,11.5010605478992
1687921681.596,12.483402439551092
1687921696.842,11.873937945229839
1687921746.893,12.10733748661469
1687921777.285,12.407723980590923
1687921810.506,12.421211597208933
1687921834.003,12.722464349400108
1687921881.321,11.179282716603057
1687921900.571,12.151041390205192
1687921914.388,11.595374512005398
1687921935.553,11.596336733111693
1687921956.947,11.931242273924495
1687921989.892,12.252907484134077
1687922006.734,12.418317148480762
1687922019.445,12.122091010539345
1687922081.015,12.226042896424977
1687922109.311,12.507577063219358
1687922128.953,11.78604159102578
1687922151.23,12.604933262266488
1687922161.939,13.018877394059434
1687922190.591,12.102904637720568
1687922205.223,12.49482294841165
1687922227.297,11.839518717724044
1687922237.164,11.974918782068215
1687922271.11,12.034717914386961
1687922288.34,12.299965554713388
1687922309.885,12.358289331977339
1687922336.952,11.343213837123564
1687922368.053,12.242639249215067
1687922392.533,12.148709434019956
1687922409.485,11.655412308532542
1687922424.847,11.845553846010482
1687922460.265,11.946460612999108
1687922482.676,12.167298613781854
1687922511.496,12.099776433686925
1687922538.89,11.844548064104881
1687922554.243,11.953092942295042
1687922572.088,12.673960031410656
1687922579.861,12.536886921207781
1687922614.008,11.854324307308895
1687922668.843,12.187837722262106
1687922691.767,12.172290122600229
1687922705.661,12.524370948391118
1687922743.793,12.48958420787114
1687922770.498,12.044901485620146
1687922789.771,12.070925622363808
1687922827.659,12.082304810056256
1687922856.693,12.806615426543432
1687922882.896,12.020341274581122
1687922940.148,12.85955572514394
1687922983.569,11.362985863081345
1687923000.392,11.941103547183497
1687923027.643,11.498741115256893
1687923041.52,12.906455767924687
1687923060.027,12.54425422991304
1687923086.932,12.365837412317571
1687923106.477,12.16931229724009
1687923124.365,12.688535271295413
1687923146.587,12.564378610407113
1687923166.07,11.183666472802015
1687923194.873,12.390046389171385
1687923227.139,12.441184428057268
1687923247.002,11.451356376451288
1687923270.867,12.961419999907003
1687923283.409,11.728935046502649
1687923327.39,11.978480973791152
1687923364.802,11.673660719182338
1687923371.209,12.485284064081458
1687923409.981,12.677964447967225
1687923422.202,12.081454605459463
1687923450.697,12.410328661338346
1687923479.428,11.777304009881169
1687923506.271,12.376274281440228
1687923545.713,11.574452335852861
1687923565.466,12.5407773431633
1687923588.392,11.812486363656546
1687923633.669,11.653961456551219
1687923649.053,11.77674059005842
1687923663.299,12.352884417679611
1687923689.747,12.347523523499948
1687923730.868,12.457296992370132
1687923780.001,12.486946958918619
1687923809.055,11.687833862814133
1687923832.884,12.860391215697247
1687923880.139,11.847347182927072
1687923898.418,12.101904732271041
1687923955.245,12.158266705003653
1687923995.178,11.954566141562298
1687924044.257,12.352393285375422
1687924069.61,12.35790611762351
1687924088.641,12.5827182183106
1687924129.591,11.960202107782251
1687924189.692,12.196666001896999
1687924207.901,12.570775350406562
1687924232.122,12.419461961077339
1687924286.916,12.466642973370861
1687924318.214,12.820631320747172
1687924370.101,12.24731437735441
1687924389.181,11.936565518128049
1687924402.634,12.336941147517827
1687924423.818,12.206218284381595
1687924470.877,12.149931734791473
1687924478.457,13.49912947570919
1687924497.887,12.116078738540049
1687924514.405,12.34794547152614
1687924548.001,12.051026441459591
1687924566.174,12.648383775331727
1687924607.641,12.232862460539282
1687924637.928,11.585176631634376
1687924669.268,11.975347637232122
1687924689.815,12.800295190577241
1687924736.304,12.378487664936756
1687924768.214,11.766841939407223
1687924812.919,12.119223152453607
1687924843.431,12.519474439862988
1687924871.325,12.124288151846063
1687924884.138,12.323283530876381
1687924941.545,11.804714055412237
1687924956.19,12.654868945857165
1687925043.876,12.408977814315334
1687925080.431,12.536338133717111
1687925146.907,11.797659448163856
1687925198.22,12.26427062332921
1687925240.672,12.438301245413635
1687925283.62,12.44936272441618
1687925338.923,12.067107740514272
1687925374.738,12.021129442971553
1687925391.94,12.222793535160088
1687925418.587,11.87797680842735
1687925438.303,11.926836505476828
1687925455.225,12.491300710294574
1687925478.396,12.333687233345639
1687925496.692,12.508010692164579
1687925521.964,12.065369416815757
1687925550.765,12.004934619546594
1687925591.85,12.336304408200801
1687925618.193,12.39864590311901
1687925655.511,12.139786449346136
1687925685.298,12.570236426092913
1687925706.311,12.353382859466649
1687925732.436,12.257635075469983
1687925763.067,12.716092466519454
1687925792.966,12.608852745097591
1687925825.935,11.92741870717739
1687925857.794,12.038205612614966
1687925881.463,11.99161089669136
1687925906.82,12.13767963860602
1687925936.714,11.57818126878561
1687925977.154,11.81253395006711
1687926013.255,12.03884950307033
1687926046.191,11.608593109150313
1687926073.919,12.12003247130317
1687926095.889,12.526111729885635
1687926110.946,13.018158450382941
1687926123.301,11.893164138162208
1687926177.218,12.171334302373861
1687926215.845,11.93869036862677
1687926259.06,12.150150425227196
1687926293.772,12.162720088555579
1687926333.631,11.953265276824832
1687926358.347,11.934010084449891
1687926381.37,11.74281528805045
1687926412.642,11.630523911561145
1687926434.249,12.485323766860338
1687926456.301,12.402221451477658
1687926502.981,12.213032099146565
1687926521.138,11.871960212784739
1687926549.021,12.001116446522104
1687926583.037,12.249301229239382
1687926622.081,11.85449658172508
1687926661.017,11.871103130406917
1687926678.731,12.42940185113748
1687926698.899,12.203570428023609
1687926720.69,12.164312112646142
1687926747.101,12.682068455539342
1687926774.435,12.285996077342793
1687926817.158,11.98475189483009
1687926838.196,12.668879412563394
1687926868.811,12.309465625867654
1687926885.68,12.26831157450268
1687926904.343,11.976853253497808
1687926930.249,11.54574554722271
1687926956.708,12.47604471334537
1687926974.365,11.970521855125199
1687926993.956,11.946546531287364
1687927011.433,12.692700852007262
1687927021.691,12.92802373601075
1687927051.963,12.47028930170632
1687927067.025,12.825880884657657
1687927117.196,12.664425889784868
1687927130.797,13.004416816998871
1687927153.466,12.923523345843842
1687927177.629,12.487869008008886
1687927209.863,11.900630984220873
1687927231.822,12.246225942483251
1687927272.494,12.244317351240218
1687927289.694,12.179987182879294
1687927308.927,12.148397993241103
1687927328.695,11.920342348013653
1687927353.251,11.954402670354991
1687927374.543,12.052475238391825
1687927395.644,12.092579447863114
1687927422.57,11.967120067344782
1687927443.132,11.980860050610543
1687927466.239,12.149136269148451
1687927486.077,11.850373906842663
1687927522.989,11.853263082711347
1687927570.712,11.917602446332996
1687927587.265,11.802568458943174
1687927617.361,11.992139112358386
1687927643.428,12.04396029287532
1687927668.579,12.20976113094098
1687927690.645,12.361925336236974
1687927701.805,12.57826882094694
1687927722.303,12.557939952505482
1687927744.761,12.090501793832939
1687927769.38,11.83775576023047
1687927793.099,11.683970095519522
1687927826.031,12.444389973191427
1687927839.695,12.102141167815168
1687927874.482,12.072427875716635
1687927892.2,12.229506522626073
1687927919.739,12.214306117745632
1687927947.847,12.173336160209292
1687927968.039,12.372168411882164
1687927983.205,11.975107512584964
1687928001.171,12.056313773712409
1687928042.568,12.160620354996052
1687928061.662,12.2361545407696
1687928084.361,12.533722454308977
1687928104.346,12.456122152223976
1687928131.761,12.263895105745773
1687928161.25,12.241814446841284
1687928196.73,11.4190119219844
1687928231.054,11.843602626843074
1687928270.613,11.623304894792794
1687928297.431,12.612710022993646
1687928335.52,12.686915027173969
1687928353.922,12.417911598683984
1687928372.676,12.533318131412043
1687928400.686,12.14091827475505
1687928427.151,11.996977405467263
1687928453.172,12.17107734857446
1687928478.982,12.265997800022479
1687928508.227,12.430361837808627
1687928545.533,12.20882057680275
1687928583.29,12.423094952152347
1687928613.455,12.256395492488672
1687928640.751,12.394467468999471
1687928670.043,12.222601396322577
1687928691.05,12.022559352788303
1687928712.729,12.178256415363009
1687928740.779,12.078457681529773
1687928764.916,12.102760236786834
1687928808.759,12.106570055799988
1687928846.869,12.330730840449066
1687928872.636,12.234784042683627
1687928902.448,12.00348231757255
1687928932.716,12.191851650973376
1687928963.159,12.356641671516453
1687928978.204,12.271881782986464
1687929031.277,12.043748093408341
1687929099.193,12.635636706899355
1687929128.804,12.755093377885668
1687929211.309,12.642003874316483
1687929231.652,12.592478518038034
1687929263.281,12.6739572136635
1687929299.484,13.075805652324762
1687929335.996,12.779404521442212
1687929368.08,12.311566267210889
1687929396.666,11.693211802318967
1687929441.165,11.993178101263037
1687929473.327,12.099443715121394
1687929505.856,11.82441767587282
1687929592.348,11.451755888375938
1687929623.306,11.722595253919032
1687929690.311,11.667953185273621
1687929712.313,11.585729100983313
1687929774.622,12.207491261407508
1687929854.513,12.1512367219732
1687929883.888,12.139894801632114
1687929910.528,12.257411635987834
1687929948.669,12.104183253708698
1687929965.712,12.073774028686374
1687930010.925,12.003030793787705
1687930034.981,12.131991071194339
1687930046.017,12.499750302251536
1687930069.654,12.199094138456843
1687930081.453,12.127571725194418
1687930093.778,12.477861105090584
1687930109.62,11.995628241345766
1687930125.353,11.878463071154544
1687930146.419,12.477640120897101
1687930177.493,12.267930228835292
1687930200.997,12.31910246976869
1687930235.207,12.205971200034732
1687930271.328,11.947401147059251
1687930290.181,12.296251464286431
1687930301.704,11.931181975599465
1687930314.291,12.04923035256644
1687930340.601,12.138298658089555
1687930367.189,12.121258261603566
1687930402.211,12.238141467804892
1687930423.244,12.341902218438017
1687930444.741,12.267326754529604
1687930492.409,11.84759057024767
1687930525.154,11.8094716867076
1687930557.011,11.728227620363548
1687930588.561,11.829241656121129
1687930613.236,12.034503227966821
1687930640.398,11.92792341110422
1687930662.92,12.163003882164304
1687930695.077,12.15629674331182
1687930726.454,12.037672204826737
1687930752.452,12.382471910453138
1687930778.896,12.125695267903232
1687930831.646,12.16993018598567
1687930872.403,12.073590599675823
1687930905.803,12.16523964305287
1687930922.126,11.756224098095545
1687930941.312,11.780153373314326
1687930960.777,12.094765533573392
1687930982.128,12.262585406547341
1687930998.177,12.242895818136628
1687931025.337,12.04097862724434
1687931040.853,12.919976114050156
1687931084.791,11.405374194143786
1687931114.699,11.907780637214579
1687931131.576,12.379533541152389
1687931191.912,12.269725902801925
1687931207.526,12.401609708859274
1687931229.738,12.33700394966819
1687931255.837,12.674646410380308
1687931281.648,12.164239132463251
1687931306.755,12.18402986254567
1687931320.315,12.451306274278352
1687931367.81,11.421467828103992
1687931400.669,11.962741452447489
1687931434.567,11.99787066692189
1687931466.116,11.81291979795355
1687931497.26,12.280169780250667
1687931514.022,11.902676254721639
1687931562.356,11.916498558077173
1687931589.616,12.292813625793878
1687931615.546,11.898951230729002
1687931641.303,12.014799410033005
1687931678.058,11.947646512469849
1687931714.49,12.204886061645164
1687931744.676,12.14485499462644
1687931785.504,12.263105601381213
1687931806.461,12.543033146423051
1687931830.436,12.495393922150972
1687931852.821,12.373174181634843
1687931887.198,12.311963558655322
1687931917.41,12.17238269814972
1687931938.257,12.726639451960768
1687931976.668,12.00215996106089
1687932000.074,12.052507914305778
1687932025.481,12.402140952786306
1687932062.666,12.21610079410154
1687932086.119,12.498470047070647
1687932110.114,12.404792368523228
1687932140.012,12.292441572328293
1687932170.042,12.27874783090308
1687932182.716,11.958938640860772
1687932200.595,11.97096292906545
1687932243.988,11.968615372702642
1687932278.942,12.36511629841137
1687932309.172,12.005885910254067
1687932342.454,12.202618695967379
1687932387.419,12.156289554820098
1687932402.861,12.72092928611399
1687932447.216,12.674934843821578
1687932479.097,12.582856225245873
1687932523.148,12.458984563898078
1687932554.455,12.847314231668097
1687932587.723,12.888423408024687
1687932627.003,11.801075324265526
1687932635.913,12.51860801897987
1687932656.966,12.302902127975893
1687932674.197,12.076383818674413
1687932694.457,11.801519120636364
1687932728.551,12.323122452476001
1687932750.363,12.137476782119965
1687932781.665,12.369156383426944
1687932812.911,12.351140731547684
1687932830.967,12.089340784881177
1687932842.248,12.489136110482239
1687932855.922,12.932795648468547
1687932867.879,13.090282052982145
1687932880.099,12.552366535241353
1687932921.915,12.1774667868163
1687932968.437,12.250927413188041
1687932977.624,12.578713449592314
1687933010.091,12.004341996321587
1687933052.553,12.406733982479802
1687933085.368,12.328607755408976
1687933107.635,12.107646687898658
1687933135.196,11.819385790595746
1687933174.587,12.196636607591108
1687933194.241,12.107716425712796
1687933222.858,11.710884802458095
1687933244.713,11.888892100884622
1687933274.154,12.464627127606919
1687933287.691,12.594409380106358
1687933321.774,12.370495415121802
1687933356.632,11.774069640731685
1687933408.332,11.675099682536501
1687933440.706,11.859507517664934
1687933463.532,12.577456818193998
1687933507.672,12.675399163929121
1687933554.812,12.518749117770575
1687933587.766,12.103507843525092
1687933662.387,12.413114206635537
1687933731.795,12.550483839423064
1687933782.293,12.307288539302364
1687933799.68,12.825099491006442
1687933821.196,12.376794735142449
1687933851.135,12.452960084025941
1687933889.27,11.841350996904929
1687933913.733,12.252666672295513
1687933970.538,11.947941550531862
1687933999.35,12.35459213734019
1687934034.98,12.036392137369091
1687934110.466,12.4353786688741
1687934145.038,12.551300635849982
1687934204.788,12.59409796269696
1687934234.659,12.068444300987387
1687934280.739,12.495538234840241
1687934319.841,12.044627358032303
1687934364.654,12.035397593553094
1687934393.971,12.358320493229098
1687934420.216,12.126972497011081
1687934439.24,12.050550471902428
1687934459.314,11.929267154715046
1687934495.555,11.895005483163935
1687934501.968,13.387113221788525
1687934524.857,11.86666632892096
1687934541.677,12.064716799587988
1687934575.484,12.28357570601496
1687934615.458,12.145729117304114
1687934691.751,11.55572413080427
1687934727.44,12.531997328383097
1687934766.488,13.023791700704397
1687934839.226,12.197302119519629
1687934857.47,12.868275226620685
1687934871.734,12.305526988947166
1687934892.227,13.806861551377839
1687934932.842,11.711426272029925
1687934952.662,11.638897424274461
1687934982.218,12.070734073672405
1687934992.696,12.853655152474978
1687935016.315,12.361217536504821
1687935071.868,12.446156143143698
1687935119.781,12.431017681788198
1687935149.064,11.855200937673645
1687935164.173,12.792880274036468
1687935192.027,11.842070932042503
1687935204.229,12.89627298608346
1687935237.431,13.027432421112396
1687935278.226,12.6831859487799
1687935299.595,12.433692406110346
1687935311.752,13.53363536014527
1687935318.663,13.07076562800627
1687935344.449,12.636934877468374
1687935377.714,12.087084443775709
1687935393.966,12.767708772348445
1687935428.211,13.263639261762187
1687935460.455,13.418581960029154
1687935507.131,11.26220388456301
1687935564.838,12.387188430055541
1687935578.605,12.760317930002211
1687935603.892,11.868724343455249
1687935623.36,12.315856736009088
1687935641.539,12.212708957170873
1687935678.565,11.765136489954557
1687935709.854,12.201598344023497
1687935727.243,12.936553160640871
1687935751.565,12.237189601623566
1687935810.463,11.909807929406192
1687935861.373,11.78620044278895
1687935879.463,12.351659875197434
1687935900.509,12.327423550818656
1687935923.115,11.84390783795715
1687935936.203,12.335734187613733
1687935981.9,12.126528449400846
1687936013.541,12.48977651259685
1687936034.694,12.157535359239015
1687936061.386,12.772905835596836
1687936086.279,12.690515353624454
1687936113.67,12.075975023572502
1687936121.638,12.45226467466637
1687936169.338,11.662445440493752
1687936221.019,11.851862729067621
1687936259.374,12.075191690460198
1687936310.477,11.581668803460676
1687936335.571,12.032543795512547
1687936375.603,12.41936311527032
1687936419.941,11.979026083712023
1687936440.243,11.933561966871542
1687936453.284,12.533224553934161
1687936473.394,11.421653402412733
1687936488.807,12.654580774691047
1687936504.687,12.597712563733511
1687936515.535,12.907528357292444
1687936535.408,11.448725535005135
1687936574.648,12.729541114043933
1687936609.991,13.01931565224421
1687936633.249,12.23919086513656
1687936656.889,12.013346374308457
1687936704.297,12.342284833793858
1687936734.47,11.96877990809386
1687936766.658,12.660311515576469
1687936782.068,12.737661876980495
1687936798.06,12.472336769313397
1687936806.831,12.416246044010501
1687936834.476,12.503461150997483
1687936875.116,12.46186621675927
1687936913.433,12.140432316895367
1687936929.233,12.354928710910881
1687936950.994,12.722959290622706
1687936971.873,12.909452139808756
1687936998.659,12.549249689724254
1687937033.669,11.561811295764288
1687937073.193,12.083196720962913
1687937117.64,12.729642795664788
1687937148.515,12.185076164970866
1687937197.639,12.128127835859914
1687937250.228,12.188390198181992
1687937280.874,12.639826599296706
1687937306.91,12.160171715129383
1687937320.716,12.13985511743113
1687937351.659,12.053986002213227
1687937373.954,12.0654182275759
1687937398.901,12.049292029595236
1687937449.693,12.034189185653764
1687937457.288,13.435760314217887
1687937506.551,11.8028300667261
1687937529.313,13.243496204799088
1687937562.085,12.090926500416701
1687937622.396,11.952037625609831
1687937631.005,12.243757446625933
1687937655.259,11.958954893750104
1687937709.734,11.207070468422495
1687937760.228,12.506301316402908
1687937794.102,12.193188138506342
1687937821.2,12.23467413284321
1687937848.539,11.899996833300014
1687937893.714,11.796381778202806
1687937918.493,11.944944514164398
1687937955.183,11.957303851829788
1687937972.352,11.756002062645045
1687937983.529,12.47113089513514
1687938001.788,12.20153812432268
1687938051.719,12.570084103148197
1687938070.411,12.26295235364972
1687938100.127,12.307241090719332
1687938130.717,12.236038851831244
1687938171.397,12.140661274647327
1687938228.809,11.910188491290276
1687938246.409,11.94920492569883
1687938284.821,12.266585288924151
1687938311.813,12.161263002824215
1687938342.162,12.221307402896892
1687938367.997,12.245772777645826
1687938389.526,13.091637431077029
1687938445.757,11.929587924170907
1687938481.537,12.382207115814143
1687938501.703,11.82001456022359
1687938521.41,11.902652103373883
1687938531.295,12.297290634909308
1687938558.806,12.743244970750794
1687938603.768,12.158882814942404
1687938613.129,12.912204958559817
1687938659.301,11.402397922363805
1687938689.063,12.224748681796202
1687938714.801,11.972934726657227
1687938732.817,13.15448359535387
1687938799.975,12.124584432255498
1687938820.196,12.365829661544744
1687938833.301,11.523027720264565
1687938856.91,12.482173807803068
1687938894.006,12.15747024745775
1687938916.44,12.125666489648863
1687938944.073,12.788771630208368
1687938954.328,12.623886971437951
1687938965.087,12.683939948201076
1687938976.129,12.80218441966738
1687938987.585,11.963977961698053
1687938998.957,11.818804557802741
1687939006.072,11.819016583817536
1687939018.848,12.071737129459489
1687939025.842,12.898518757606686
1687939074.863,11.674414968090202
1687939110.376,12.267272824223367
1687939140.939,12.182015988474017
1687939156.739,12.14220896685499
1687939190.426,12.192095448672163
1687939213.869,12.70296614929645
1687939227.0,13.146568246369565
1687939254.939,12.097298739189927
1687939269.53,12.536685637734964
1687939304.888,12.342486682256979
1687939326.385,12.576608924579809
1687939347.608,12.701576094323906
1687939368.773,12.390902656915792
1687939395.438,11.903233914236829
1687939432.925,12.259572920968255
1687939482.334,11.568936807015598
1687939514.474,12.209592214468207
1687939554.717,11.804946327144988
1687939580.637,11.716139747361709
1687939623.413,11.452656792405362
1687939665.538,11.956925268877928
1687939715.461,12.206391610941298
1687939736.329,12.508243029554233
1687939764.582,12.198763147114109
1687939815.671,12.111705265341952
1687939844.524,11.559043455419328
1687939881.729,11.903496317261471
1687939931.863,11.651699942058668
1687939943.712,12.08155822918603
1687939974.235,12.68908043652711
1687940004.892,12.51141350361852
1687940049.131,12.156714931045986
1687940057.107,12.247217247106244
1687940077.44,12.445940065528319
1687940093.409,12.841025201642697
1687940114.938,12.63282232581249
1687940170.412,11.444186078695335
1687940207.061,12.069307729672321
1687940253.215,12.186158054930788
1687940289.299,11.859308497719448
1687940325.279,12.137454372991314
1687940341.232,12.107694195022791
1687940367.905,12.236819360316469
1687940381.981,12.43168191160253
1687940394.246,12.042410684652397
1687940420.305,12.584465346246414
1687940436.221,12.208001543929084
1687940480.714,12.755201812814606
1687940528.94,12.41168838937291
1687940591.217,12.91934914332985
1687940634.706,12.026668484783539
1687940653.196,12.172355509518766
1687940674.081,12.585562508860784
1687940699.811,12.750339532278085
1687940770.278,12.143293419380296
1687940798.474,12.430403643263173
1687940824.231,11.82962020305409
1687940844.004,11.727928105886589
1687940869.778,11.956406224012067
1687940909.835,12.603846539697809
1687940935.583,12.708953999144047
1687940966.266,12.057935778562596
1687941002.99,12.361603996302609
1687941028.872,12.44770148015092
1687941066.575,12.110757311858466
1687941113.018,11.818056250597964
1687941137.545,12.303135303660182
1687941157.617,12.522132135636234
1687941177.256,12.40678455311718
1687941198.422,12.578859243845802
1687941218.536,12.830960132941126
1687941246.732,12.558432301823217
1687941289.97,12.190350677177895
1687941329.955,11.803468404718934
1687941363.501,12.216496040593155
1687941389.699,12.397914203249115
1687941410.744,12.346751239703739
1687941420.631,12.624169680402042
1687941464.438,11.97507174143372
1687941498.075,12.327124433107567
1687941517.724,12.088261480692523
1687941539.824,12.50990908726219
1687941558.653,12.516117263484407
1687941587.577,12.517902086128284
1687941612.736,12.36809010732961
1687941623.658,12.347011313019005
1687941645.154,11.880895506364313
1687941661.229,12.51312886215901
1687941669.554,12.475744051743783
1687941693.06,12.081877713763784
1687941734.66,12.017590432833828
1687941759.252,11.943932637539687
1687941797.18,11.848900420303194
1687941821.134,11.794237254206505
1687941830.451,12.476405522793861
1687941841.776,12.225266245855774
1687941859.334,12.07663586009873
1687941883.039,12.525849065390753
1687941905.983,12.259600422794044
1687941922.521,12.391447803406995
1687941943.143,12.409101190919298
1687941960.848,12.372005851639921
1687941996.973,12.187601455718903
1687942033.639,12.420102713007964
1687942059.858,12.233713849880525
1687942081.048,12.032961963291015
1687942129.062,11.980923154516665
1687942162.343,11.902758546055264
1687942204.892,11.96499582899697
1687942218.65,12.0647773269852
1687942230.643,12.091644446198245
1687942241.816,11.863882519418286
1687942250.558,12.190184609710743
1687942258.644,12.543578847466248
1687942280.726,12.478999255171102
1687942298.251,12.694527109113752
1687942318.758,12.063622035073072
1687942350.189,11.858095608500497
1687942367.063,13.134075690852583
1687942397.521,12.833270557207603
1687942420.459,12.462980080963996
1687942442.851,12.16013098763232
1687942525.524,11.248295114884034
1687942547.211,11.764473986585374
1687942558.702,11.50929046868711
1687942571.945,11.488251600118714
1687942601.028,12.047318894827479
1687942619.746,12.018091094706461
1687942635.385,12.248878252828534
1687942666.913,12.72794416002147
1687942707.367,12.317249297640489
1687942730.396,12.875421132872805
1687942749.654,12.938781273942851
1687942766.744,12.652652556094411
1687942784.542,12.891349941248087
1687942800.242,12.792938828784896
1687942832.71,12.74580684662011
1687942884.807,12.069299682683749
1687942913.448,12.118710348876254
1687942942.854,12.568587047054034
1687942984.145,11.53914533333476
1687943011.782,12.303251916871588
1687943042.773,12.048221916300145
1687943059.445,12.312373834746044
1687943092.766,11.895168676200909
1687943109.202,12.025892712157983
1687943118.603,11.787771063448583
1687943130.595,11.841763649734734
1687943154.105,12.286453782982742
1687943182.5,12.06122633703792
1687943224.417,11.687293383750372
1687943258.627,12.453844843585836
1687943292.683,12.234875448293943
1687943317.913,11.43588216282072
1687943330.619,11.830052865520017
1687943363.557,12.724293376163919
1687943422.453,11.688656054036946
1687943447.948,12.397892521783582
1687943469.792,12.406796720672402
1687943503.679,11.905645061279234
1687943533.189,11.793474763954968
1687943561.177,12.304355294506713
1687943569.213,12.608190892950992
1687943576.763,12.583888936123477
1687943587.036,12.352461547363154
1687943596.685,12.300279940793938
1687943612.581,12.484069102743641
1687943637.23,12.320301499740697
1687943651.675,11.987116815823105
1687943675.263,12.377936275130175
1687943697.755,12.44024681320682
1687943712.904,12.360557701839697
1687943724.831,11.490520795842817
1687943766.922,11.749236335950409
1687943803.301,11.660982215023235
1687943828.697,11.98783621559833
1687943848.242,11.735303045696435
1687943859.818,11.964815599778856
1687943868.27,11.758074550122817
1687943887.571,11.836952191897295
1687943904.538,11.846724902120634
1687943934.629,11.546270187964808
1687943951.774,12.219575161280614
1687943963.996,12.306849042404734
1687943971.536,12.704843962523647
1687943978.766,12.457463147809896
1687943988.68,12.260228831704499
1687943996.371,12.392563835637832
1687944008.883,11.857519194345663
1687944019.072,12.407958410480893
1687944028.045,12.432305920029481
1687944040.292,12.411700632715537
1687944049.823,12.41810447916603
1687944058.688,12.425664083363062
1687944068.821,12.23121246766021
1687944077.697,12.331568230755087
1687944086.335,12.386520482373518
1687944096.001,12.136658435380479
1687944137.094,11.747743539092658
1687944175.194,11.895122263912613
1687944219.223,12.16699732499187
1687944246.434,11.934429173708686
1687944272.68,11.9917327132929
1687944303.887,12.149298748526153
1687944327.183,12.106057770562384
1687944347.982,12.907222818123344
1687944377.991,12.806917006272485
1687944405.643,12.934285444740267
1687944431.76,12.987329715733129
1687944451.049,12.757902446427874
1687944473.682,12.124947025230455
1687944508.763,11.97971595934067
1687944519.348,12.568914665946414
1687944535.262,12.643497232455726
1687944546.408,12.551081530247409
1687944577.822,11.82218185473376
1687944600.248,12.099645863180765
1687944625.11,11.909655514100235
1687944645.681,12.0296748464678
1687944681.652,12.038798277487633
1687944698.68,12.92830239703009
1687944716.364,12.789617252505018
1687944731.694,12.924996244136658
1687944746.169,12.100740453212167
1687944763.747,12.293469278960298
1687944786.764,12.274080177662636
1687944826.476,12.771312871460237
1687944853.756,11.949983784383035
1687944882.923,11.877989380208799
1687944946.614,12.606210174865893
1687944971.09,13.100611031984643
1687944990.948,13.100773759311913
1687944999.003,12.65829915945703
1687945015.568,12.981501644479753
1687945027.048,12.77310024737292
1687945045.178,13.261359495970538
1687945066.369,12.751579999304349
1687945090.343,12.17446882453252
1687945116.565,12.096751250714235
1687945139.914,12.636427429408549
1687945184.612,12.388408656245511
1687945220.481,12.304126590531075
1687945244.348,12.189185839083079
1687945286.408,11.859664355094925
1687945334.371,12.003861806385654
1687945370.908,11.958990931550618
1687945409.403,12.016788627671579
1687945431.953,11.7138710508956
1687945459.364,12.405831936641672
1687945465.477,12.598292649866115
1687945496.997,12.416553375052345
1687945520.882,12.645531175360436
1687945548.097,12.193546628044745
1687945571.021,12.787189753636842
1687945579.419,12.181970114393193
1687945586.842,12.215674395812332
1687945596.422,12.098850130623775
1687945613.658,12.089276201704534
1687945645.716,12.053297604856265
1687945670.022,12.575648967448835
1687945702.233,12.537569756141089
1687945712.861,11.866283250861601
1687945722.152,11.795454215717816
1687945750.785,11.8778958029349
1687945773.758,11.822521230830247
1687945819.05,12.116546140583665
1687945858.938,12.819371521681662
1687945877.689,12.592209653339467
1687945908.411,12.773109211071905
1687945921.319,12.690700041226993
1687945959.293,12.076217768078662
1687945982.863,12.051529202510991
1687946021.153,12.09048796513332
1687946061.024,12.197106545516853
1687946099.161,11.701000317250429
1687946107.294,12.226880214734386
1687946118.088,12.567907155647868
1687946128.687,12.126510749677337
1687946143.252,12.70326182787244
1687946149.914,12.712181872088333
1687946164.696,12.98134972255535
1687946177.128,12.37839643355705
1687946198.117,11.880239679417397
1687946221.235,12.09996956259186
1687946248.93,12.499204251538883
1687946268.275,12.454958477767107
1687946287.255,12.358905623269077
1687946293.526,12.330048056554743
1687946354.624,12.61658000110175
1687946395.244,11.78492609534638
1687946426.044,12.003159141528654
1687946445.277,12.297761822069745
1687946488.855,11.294868678681453
1687946507.026,12.626019341503715
1687946531.274,12.33752961711165
1687946546.542,12.359687981939995
1687946554.923,12.287034561555004
1687946580.559,12.323784380260348
1687946605.91,12.438469158266411
1687946624.358,12.490233602502173
1687946642.978,10.950041164218487
1687946667.576,11.984241587716706
1687946697.715,12.833300491951823
1687946775.077,12.028168802013246
1687946782.811,12.185208080465062
1687946818.35,11.90278884100624
1687946854.064,11.95039446932101
1687946878.474,12.739707398092659
1687946922.251,11.848844663062586
1687946950.662,11.864606194167331
1687946978.702,12.655523874173882
1687947017.596,12.697765274317783
1687947043.154,12.163493672920128
1687947071.445,11.953197174239037
1687947095.842,12.644396686057009
1687947133.349,12.363982771257003
1687947169.566,12.507257361547172
1687947204.578,12.762167454148356
1687947252.915,11.714723548199496
1687947268.529,12.180444357368412
1687947292.552,12.630126689785897
1687947325.331,12.505399601108202
1687947368.871,12.493356748457732
1687947387.496,12.063662903833087
1687947403.715,11.6537081012587
1687947431.752,12.36382526105728
1687947462.139,12.50529729612512
1687947470.375,12.120030211449846
1687947507.468,12.422915639323692
1687947519.813,11.89970464613322
1687947547.979,11.84959641051132
1687947567.715,11.830134537257656
1687947594.594,12.133683028189372
1687947613.785,12.272577924742327
1687947650.698,11.87461807400245
1687947672.848,11.842421383700211
1687947703.228,12.56466577803483
1687947734.207,12.902233126978336
1687947752.706,11.438263550749165
1687947767.26,12.629897583926455
1687947789.747,12.170964980311979
1687947812.864,11.84777988102539
1687947841.694,12.039655298605293
1687947868.583,12.24548159157931
1687947892.361,11.98705538819786
1687947916.625,11.743329142133078
1687947939.96,11.938448466867094
1687947966.753,11.934344742229996
1687947986.62,12.04729945904263
1687948021.202,11.783851027335007
1687948050.243,11.819203131953394
1687948062.112,12.443237618172267
1687948080.412,12.517563477534576
1687948101.829,12.617975165142251
1687948126.936,12.549130261603274
1687948139.149,11.96221178706017
1687948160.791,12.178648235479365
1687948201.924,12.049600163391549
1687948229.798,12.289443427256488
1687948266.401,12.166201433172924
1687948337.034,12.22128181558424
1687948375.514,12.054330445337127
1687948429.223,11.761356824646452
1687948469.975,11.842492896593228
1687948495.903,12.06301922296385
1687948549.11,12.185931128152548
1687948565.27,12.719403345167
1687948614.505,11.776595900152552
1687948645.826,11.917998055043348
1687948694.772,12.192051777985734
1687948725.268,12.198689184179717
1687948755.629,11.874071024393496
1687948792.566,11.903499853277719
1687948852.185,12.255974093432503
1687948897.44,12.36640991572487
1687948946.149,11.74177174099624
1687948959.433,12.713583222412005
1687948973.224,12.679949181138076
1687948989.286,12.35701912910661
1687949013.454,12.075218069608733
1687949043.927,12.495230036256322
1687949066.872,11.937206718261054
1687949083.709,12.221278322242911
1687949108.858,12.191756503608513
1687949147.247,12.292085518924868
1687949182.605,12.271868956597684
1687949207.724,12.19381925129714
1687949243.804,12.312687006916097
1687949269.828,12.024834768331104
1687949312.034,12.12401115487695
1687949334.31,12.123578354557392
1687949366.823,11.722848139162336
1687949393.632,12.001926589772664
1687949429.862,12.19430267085223
1687949463.383,12.003626483735735
1687949482.887,11.696795411195941
1687949501.268,12.084069579872077
1687949554.091,12.177258114456452
1687949590.506,11.571217452701397
1687949614.65,12.142181419213724
1687949681.835,11.871305358789067
1687949711.345,11.85572655745302
1687949744.341,11.777796095333462
1687949803.899,12.300334143809955
1687949850.153,12.011341906700629
1687949881.557,12.181348726940863
1687949930.867,11.872765355539887
1687949966.236,12.217847878126165
1687949986.964,11.825143444259265
1687950030.458,12.723785648046873
1687950067.087,11.884079870717072
1687950098.817,12.407355087412615
1687950132.72,12.321596579280078
1687950169.945,12.158502109664283
1687950199.9,12.430937372189575
1687950243.124,12.103685910634132
1687950273.554,12.047488542562165
1687950317.136,11.977473493668317
1687950357.893,12.203965664546363
1687950398.804,12.1633080866056
1687950428.109,11.985433386496355
1687950469.272,12.1672708608292
1687950511.457,12.04709708783315
1687950559.08,11.965788997127207
1687950615.703,11.822201836332024
1687950648.373,11.864426362160563
1687950680.904,11.868344532811008
1687950712.908,11.735635875464247
1687950748.109,11.74875156393707
1687950796.298,11.74713477301954
1687950816.021,12.35708946351039
1687950839.584,11.926068625952015
1687950886.414,12.639074944567291
1687950924.244,12.234234766443649
1687950972.42,12.117667678282904
1687951011.099,11.997975215702633
1687951046.053,11.965631393911375
1687951078.476,11.827040316917433
1687951113.957,11.86434230980933
1687951150.968,11.889596074247882
1687951198.779,11.706933382971462
1687951224.657,11.924358960186888
1687951259.45,11.973448244364851
1687951286.976,12.147506880613664
1687951297.794,12.894392310653835
1687951323.858,12.575553390301518
1687951342.855,11.894048878232185
1687951362.265,11.353623738359733
1687951391.594,11.708604801892417
1687951406.926,12.2689358649621
1687951430.463,12.855311878989884
1687951447.755,12.595598692396692
1687951467.678,12.074206975662145
1687951492.132,12.400300261292543
1687951517.977,12.528529371788885
1687951545.469,11.776233602084757
1687951578.239,12.143879088175314
1687951618.562,12.416164006691984
1687951631.925,12.873956331699578
1687951651.754,12.59136368466183
1687951669.159,12.671174095865373
1687951708.63,12.506038800507774
1687951727.565,12.48335835736873
1687951761.533,12.676197661644597
1687951796.789,11.767297442903546
1687951832.447,12.419537396703374
1687951842.496,13.054656690146297
1687951880.512,11.874431583990832
1687951921.974,11.773196619540075
1687951969.701,12.306815423084926
1687952009.108,11.941879968919887
1687952037.169,12.167043266762466
1687952054.07,12.312665071047022
1687952084.762,12.556308981501944
1687952118.068,12.532997045497234
1687952141.965,12.575886497522337
1687952180.429,12.30674135874677
1687952205.783,11.945308967174224
1687952226.203,11.989506435209117
1687952242.732,11.97776777061888
1687952259.889,11.882721796399606
1687952290.084,12.095531966550766
1687952348.695,11.718420773181926
1687952374.954,12.114577455509316
1687952404.943,12.008701258994432
1687952428.544,12.2613906443272
1687952474.626,12.479442151382354
1687952512.743,12.509776760451876
1687952560.238,11.874844480385839
1687952570.602,12.384816495312627
1687952592.006,11.858333422463582
1687952597.42,12.1934354976585
1687952656.084,11.33393207022556
1687952693.159,12.441737761886609
1687952727.19,12.165704694545493
1687952759.229,12.48135300847793
1687952796.773,11.943264427726172
1687952813.74,11.814878514693062
1687952854.554,12.37320777193381
1687952873.595,11.795904397451203
1687952895.486,12.212173725694399
1687952913.803,12.401472770936016
1687952937.162,11.972933890990781
1687952971.704,11.757468172021367
1687952991.823,12.138644768321873
1687953024.998,12.418492727113057
1687953041.125,12.413078786551662
1687953111.05,12.574745196484193
1687953129.836,12.780141731059507
1687953153.551,12.55738501727335
1687953175.896,12.195939589874966
1687953191.997,12.956779375839302
1687953200.027,12.92558793181698
1687953224.02,11.532880071491961
1687953274.795,11.9002323267633
1687953307.023,11.80560349902909
1687953342.392,11.799329582136714
1687953378.147,11.989478895015441
1687953426.045,11.904490915606392
1687953441.399,12.315450407166242
1687953452.394,13.043877989114517
1687953514.718,11.832589529492042
1687953532.619,12.675159170804784
1687953550.433,12.828369085050406
1687953581.647,12.506057113782035
1687953619.453,12.668658638172202
1687953645.153,13.017154511778084
1687953662.184,13.564097566491222
1687953694.138,12.059659052024942
1687953716.531,12.931215874970022
1687953741.036,12.8989101047415
1687953772.911,12.740162629865665
1687953790.486,12.818493199223411
1687953815.547,13.140301929923467
1687953840.92,12.550253284137218
1687953876.544,12.33150129969779
1687953908.899,12.277892760795412
1687953959.09,11.621641122781899
1687953995.435,12.066152268029287
1687954014.338,12.959933977800457
1687954052.076,12.258589726118737
1687954085.279,11.894953488518528
1687954117.929,12.435002311209875
1687954152.098,12.282136632955808
1687954170.343,12.978031106377996
1687954191.752,12.735580409512385
1687954212.378,11.860786464217751
1687954246.861,12.016502110765678
1687954266.55,12.21940096236639
1687954287.36,12.756038256299082
1687954326.276,12.39950292872236
1687954346.325,12.167543735081624
1687954376.081,12.266982442210814
1687954384.694,12.267949061384725
1687954396.547,13.085647478892707
1687954445.348,12.052152696321697
1687954471.274,11.775950500363487
1687954516.501,12.177079831415773
1687954533.768,12.700831618643074
1687954563.825,11.685379738345338
1687954581.175,12.878417682712923
1687954627.982,12.409514640346968
1687954678.725,12.724129766327072
1687954693.463,12.862140831787684
1687954728.13,12.435984140601931
1687954745.325,12.359745197963143
1687954793.374,11.940269454175771
1687954813.568,12.09794159689115
1687954852.368,11.641663698384988
1687954895.331,12.442260131521142
1687954920.88,12.782755981785987
1687954940.826,12.741001492848442
1687954954.519,12.817687710246018
1687955017.345,12.337154487262193
1687955042.428,12.203122169124496
1687955083.441,12.22785527462562
1687955105.09,12.645231462435962
1687955130.242,11.914114817107983
1687955138.641,11.894407407717553
1687955187.643,12.28765894875984
1687955199.636,13.048047694085204
1687955245.243,12.101007871476401
1687955284.823,12.38976089328743
1687955335.717,12.877779979727505
1687955416.298,11.61914331375121
1687955463.788,12.317176428905816
1687955492.8,12.58168061451168
1687955522.842,12.256210220690521
1687955540.385,12.910143214240609
1687955570.161,12.106187244663102
1687955626.733,11.781994489561546
1687955636.368,13.276746987145199
1687955669.414,13.016158273227836
1687955683.853,12.796939932883099
1687955705.738,13.085317806480234
1687955737.943,12.361887126148357
1687955757.989,12.235748493100752
1687955787.77,12.31551342617167
1687955809.133,12.389842592011687
1687955834.209,12.420670667120481
1687955866.051,12.37693978469649
1687955888.049,12.765855360514086
1687955920.763,12.287617015216728
1687955968.334,12.364304256916213
1687955990.85,12.555482983626378
1687956025.461,12.434514383539378
1687956053.901,11.99398565254415
1687956085.478,12.507883185257507
1687956118.904,12.695181189701975
1687956143.416,12.301421248674496
1687956183.568,12.65426389065929
1687956211.057,12.463064737054701
1687956237.905,12.218699008085718
1687956265.802,12.350833212202161
1687956280.883,12.181060868751679
1687956313.84,12.086983405562288
1687956330.141,12.5501200784517
1687956350.463,11.827073162692706
1687956372.878,12.302502354813603
1687956391.709,11.903109341124702
1687956417.928,12.919548077928978
1687956438.027,12.01717600931744
1687956450.453,12.570666749601216
1687956484.026,12.443500452839762
1687956503.125,12.18711835781069
1687956555.273,12.308832516263568
1687956600.178,12.30768292807091
1687956676.713,12.134827554184655
1687956749.729,11.585447941006578
1687956818.038,12.304017530863078
1687956839.374,12.309851232922842
1687956858.341,12.154400133521609
1687956887.932,11.795814249457818
1687956910.196,12.73099047431759
1687956927.982,12.220762841792716
1687956976.746,12.079603274512133
1687957026.03,11.283369415613532
1687957055.387,12.516803548497112
1687957067.273,12.46967641014061
1687957091.263,12.017083490118026
1687957098.289,12.828542039777886
1687957112.6,12.745895106191588
1687957156.347,12.045382480045076
1687957167.706,12.057635030708811
1687957185.122,12.190922300896766
1687957203.478,12.14363913252695
1687957258.481,11.993450151149654
1687957285.64,12.147684365792559
1687957295.915,12.217311671275207
1687957304.024,12.401029818809915
1687957324.462,13.128155506188468
1687957354.191,12.667691390469605
1687957387.614,12.545565133897847
1687957417.843,12.646512698344191
1687957438.677,12.9316417893854
1687957458.585,12.297416008602278
1687957479.644,12.485774753512535
1687957506.863,12.771324840904954
1687957539.824,12.343284663078757
1687957588.992,11.820308818498427
1687957624.287,11.73928440399689
1687957662.127,12.482862108393347
1687957717.4,12.576542527423724
1687957741.628,12.299700599308766
1687957798.3,12.429662123186032
1687957831.687,12.662316700503078
1687957847.006,12.274196497634122
1687957875.955,11.957229505181324
1687957900.454,11.728190946512889
1687957910.008,11.150379289791054
1687957922.914,12.003935695092196
1687957942.935,12.53450477407353
1687957982.305,12.12061372165628
1687958029.236,12.306414075757429
1687958039.632,12.544070837547254
1687958061.761,12.528350650184834
1687958098.822,12.551935469952973
1687958121.003,12.168637663362034
1687958137.395,12.44790537041064
1687958164.634,11.985162219307055
1687958203.085,12.215534772010445
1687958225.834,11.960548159967283
1687958243.066,11.593571516991933
1687958253.158,12.481462995977942
1687958287.353,12.120049356697981
1687958330.294,12.396232048622409
1687958355.499,12.88863684542843
1687958378.183,12.216683050403917
1687958428.288,11.878592302189288
1687958450.549,12.198228356118259
1687958463.592,12.213304627561891
1687958478.05,12.709461470731874
1687958501.795,12.094929092446854
1687958532.447,12.319674036746148
1687958565.944,12.94685598957436
1687958619.573,12.425019677544931
1687958642.69,11.934176842057404
1687958675.203,11.354367349718705
1687958702.467,12.372674553386613
1687958719.351,12.165034536065372
1687958739.978,12.49699833712552
1687958754.794,12.558452916876305
1687958768.688,12.410170729227776
1687958793.61,12.5580703495436
1687958812.808,12.237459569188314
1687958830.335,12.197966248755412
1687958856.603,12.064058525565464
1687958902.719,12.528682275124696
1687958954.12,12.379562176486816
1687958968.155,13.241468966734429
1687958996.382,12.058880214337425
1687959019.596,13.054518932899958
1687959060.646,12.459524786781227
1687959084.097,11.873195745865958
1687959103.12,12.132494312470115
1687959130.629,12.35153798855075
1687959172.809,12.235742239513346
1687959232.442,12.118243131133806
1687959254.096,12.655055843141211
1687959271.337,11.503347825162393
1687959286.345,12.916791959936855
1687959309.412,11.197693664674748
1687959326.509,12.373379273199317
1687959366.903,12.458179726841644
1687959390.394,12.151935181645337
1687959444.982,12.472029884415932
1687959489.551,12.508547933338505
1687959551.022,12.429055002443137
1687959587.467,12.730644109971749
1687959617.314,12.231121694532945
1687959641.345,11.858769524672496
1687959663.71,12.305302279842692
1687959712.688,12.619570189068268
1687959732.406,13.225136238202552
1687959763.787,12.539923599652933
1687959779.021,11.894305653251285
1687959803.145,11.960487302499775
1687959830.13,12.375259124756758
1687959859.123,12.190424653902294
1687959885.717,11.859418651824598
1687959911.479,11.97024595515124
1687959941.97,12.2359024301704
1687959966.646,12.313230081486227
1687960002.95,12.544276687523642
1687960017.652,12.538144551400892
1687960085.667,12.40289719420004
1687960101.265,12.10796437316033
1687960113.537,12.11331840137217
1687960151.901,11.899033722629436
1687960170.105,12.176262383093418
1687960187.569,12.156155138446815
1687960239.446,12.43438798840161
1687960255.095,12.697138677061755
1687960268.045,12.91158148541227
1687960292.618,12.056605320027643
1687960353.658,12.844851508828102
1687960372.114,12.665430689993878
1687960397.604,12.578618344241507
1687960437.166,11.74065591379527
1687960453.1,12.029694985737923
1687960479.467,12.367419044164
1687960518.062,11.94313084848666
1687960533.836,13.418327548082683
1687960555.906,12.840514780377893
1687960585.325,12.192755075701077
1687960605.289,12.707762082585369
1687960627.62,12.41391631537972
1687960647.522,11.893140704799318
1687960661.716,12.838723631348955
1687960682.511,12.064654579317503
1687960705.854,12.173496946725708
1687960724.01,12.760994752668728
1687960747.892,12.42074361011897
1687960764.317,12.23287490699995
1687960790.016,12.353716388518269
1687960807.699,13.061914505556178
1687960827.274,13.070846991063563
1687960843.005,11.785022003378378
1687960855.083,13.168155721333951
1687960892.001,12.133468370776344
1687960933.367,12.828338051517916
1687960955.637,12.87766769708226
1687960980.382,12.914949692172904
1687961018.756,12.463786215415144
1687961058.724,12.275931718825827
1687961105.912,12.46638920736624
1687961133.648,12.786920081115758
1687961154.153,12.63624069709391
1687961172.526,11.144747124453174
1687961199.436,12.703089693532043
1687961214.748,12.175546946221496
1687961241.067,12.733245808542044
1687961251.133,12.64516919175971
1687961281.889,11.834356505168229
1687961296.355,12.147501943614296
1687961314.586,12.409773223574831
1687961326.597,12.895479439087751
1687961357.507,12.380658321830587
1687961415.352,12.138615837326615
1687961458.604,12.479817210517682
1687961478.102,12.619069910598029
1687961486.594,12.978176165924094
1687961511.049,12.337032010994536
1687961536.893,12.67326662499159
1687961562.325,12.678800482298566
1687961588.106,12.16345633047162
1687961617.012,12.110152998056098
1687961635.087,12.61355776058853
1687961667.08,12.985884157490805
1687961683.314,12.166798174808946
1687961725.307,12.359160097125747
1687961736.884,12.151843079144479
1687961765.707,12.204963107496294
1687961793.415,12.190273090209013
1687961819.678,11.920088327577453
1687961853.727,12.497861824616635
1687961864.253,12.140989568512454
1687961914.616,12.229143351400777
1687961935.181,12.11871019211236
1687961950.291,11.587758498830675
1687961983.472,11.762640342491695
1687962016.616,12.085021075166077
1687962054.04,11.997368802256878
1687962063.386,12.44793554663344
1687962082.388,11.980277637485884
1687962117.807,12.387858455460833
1687962135.2,12.241774299497687
1687962171.004,11.907331755537928
1687962188.449,12.916717307886657
1687962197.824,12.095241959053535
1687962218.246,12.780113168748176
1687962247.269,12.601389949433598
1687962276.599,12.252214535522366
1687962283.24,13.46686281452837
1687962315.395,12.211681035821657
1687962330.843,12.619856099791926
1687962344.959,12.472771633353343
1687962370.649,13.020612091927637
1687962385.812,13.052143135259008
1687962435.058,12.729192902761426
1687962449.495,12.629338534268031
1687962520.001,12.150356657861007
1687962537.42,12.574162556667474
1687962571.731,12.821379924721832
1687962595.306,12.345183943525463
1687962627.946,11.763028307374933
1687962649.452,12.366331362794288
1687962691.532,12.62781813832245
1687962698.274,11.875653097067993
1687962718.419,12.616297249305543
1687962730.445,13.294812193049786
1687962782.687,11.880238660342084
1687962817.001,12.392645304130594
1687962865.539,12.404136359374712
1687962875.841,12.422199838558049
1687962896.258,11.537248339782526
1687962913.194,12.32309105347226
1687962920.475,12.455458839799485
1687962930.517,12.316543961060292
1687962941.362,12.326006320030107
1687962973.198,12.395961754951008
1687962979.734,12.819610277020633
1687963002.178,12.757768418305009
1687963020.443,12.02052759268908
1687963042.161,11.903489750157496
1687963071.435,12.259754696856447
1687963095.942,11.325226859331767
1687963130.039,12.73500585073736
1687963153.466,12.455389849577479
1687963186.897,11.96939779719578
1687963207.448,12.118815688985146
1687963223.437,12.302508952793403
1687963254.026,11.893537938667846
1687963274.19,11.989298259340444
1687963306.019,12.259035792666362
1687963336.027,12.056521494864215
1687963358.035,12.815257605749098
1687963378.235,11.945206580903168
1687963396.824,12.192590334742095
1687963424.522,12.036665051553012
1687963465.937,11.82722491138766
1687963490.74,12.119104781931279
1687963530.536,12.269025571813614
1687963565.52,12.285575312595855
1687963576.918,12.117913412437757
1687963586.788,12.39428331115488
1687963597.568,12.521606450372227
1687963621.194,12.29782135999756
1687963640.277,11.564485222436371
1687963656.932,11.899699969608925
1687963667.839,12.12098507089065
1687963684.456,12.025039162790419
1687963699.822,11.491136761629798
1687963724.592,11.786018136717637
1687963783.531,11.381894334772973
1687963811.526,12.054520547040058
1687963826.758,12.34132123641786
1687963844.679,12.855593905496905
1687963880.543,12.357652366801581
1687963898.12,12.526651271135956
1687963906.706,12.741048063094748
1687963913.225,12.946088444337931
1687963941.127,12.04231377937549
1687963947.762,13.746887071975
1687964001.081,12.167257465972355
1687964022.196,12.43496327730495
1687964064.879,12.249673326431314
1687964094.261,12.209281856867628
1687964128.78,11.882720229241931
1687964154.04,12.540683253129302
1687964179.109,12.087118736954379
1687964192.077,12.825487120276662
1687964208.3,12.701212125874685
1687964224.634,12.469173302262748
1687964282.852,11.640928998121051
1687964306.04,12.281264072871627
1687964322.954,13.088329661258205
1687964345.3,12.03890190732788
1687964367.966,11.953366082729028
1687964390.396,12.533271128261283
1687964397.183,12.77209330219499
1687964421.517,12.483631520939769
1687964435.567,12.593502821366092
1687964447.943,12.533178924622131
1687964463.884,12.532097316434047
1687964483.062,12.122925604862676
1687964528.256,13.051876619675435
1687964563.875,12.647005485860454
1687964582.155,13.048572160728941
1687964596.916,13.26619816323105
1687964601.79,13.548700565631886
1687964624.188,13.148418344903524
1687964647.904,12.402458376375881
1687964707.974,12.734302851277203
1687964724.222,11.849955385212029
1687964753.55,13.017782867327243
1687964765.607,12.104070708502535
1687964812.714,12.812325522664093
1687964835.695,12.750163835700091
1687964879.501,12.580026116430766
1687964901.58,12.746191215005556
1687964960.805,11.916172056793025
1687964993.834,13.176001255625653
1687965035.294,12.635550638254003
1687965050.281,12.733811932814936
1687965080.342,11.509264658250256
1687965109.084,12.591214621644426
1687965127.57,12.312436903912072
1687965144.823,12.930722380780363
1687965168.738,11.749361762183135
1687965189.491,12.387786307473784
1687965219.674,12.3401921468237
1687965248.66,13.12350860526561
1687965282.932,12.933177934551267
1687965355.074,11.789683703717957
1687965369.255,12.000660830183133
1687965392.318,12.734525547693506
1687965416.56,11.799004728361053
1687965448.242,12.292298675961645
1687965499.995,12.672074520004527
1687965531.017,12.297602915125484
1687965545.634,12.220855417918
1687965568.375,11.666840796773105
1687965622.362,12.604000684253627
1687965645.489,12.385687269977263
1687965690.93,12.088021473258463
1687965734.447,12.62355701809838
1687965759.997,12.439560573407892
1687965775.198,12.133790488961342
1687965798.299,12.907662900002746
1687965825.44,12.27566286518873
1687965860.697,11.87323164965642
1687965892.088,12.61529918715986
1687965914.177,12.473186940619826
1687965932.294,12.107102652198416
1687965965.092,11.707728633601063
1687965985.923,12.469829325382626
1687965995.89,14.009438773563934
1687966017.791,12.256527176733389
1687966032.904,13.205911105856456
1687966039.647,12.846115481013557
1687966063.144,12.28914805391769
1687966068.354,13.00721999122617
1687966073.164,13.532202859379375
1687966113.81,11.845722007979106
1687966147.368,11.410535291331888
1687966158.086,11.756817033776025
1687966169.509,12.441216506925473
1687966180.435,12.364867136244564
1687966190.747,12.53512040732135
1687966200.169,12.364570177903573
1687966209.049,12.45748578777465
1687966216.975,12.514152810888772
1687966224.891,12.471817262606933
1687966232.993,12.50584589279665
1687966242.951,12.15633176517198
1687966254.21,12.168555835973033
1687966266.617,12.246886343274603
1687966278.882,12.352353811230982
1687966289.562,12.093175761267336
1687966301.844,12.42845365075025
1687966312.264,12.338464214760855
1687966321.098,12.33748630317085
1687966330.624,12.47801382746339
1687966347.87,12.589849110646881
1687966372.817,12.44348862006113
1687966391.145,11.94327858912137
1687966404.882,11.884292832254896
1687966413.841,12.234028046549318
1687966422.213,12.202803252003786
1687966433.031,12.270581378323367
1687966453.278,12.122400307041856
1687966483.004,11.9911040215383
1687966498.662,11.804512177280168
1687966516.074,11.817132826276277
1687966539.956,11.962438284752787
1687966552.64,11.83816051582072
1687966572.133,11.768397027987213
1687966588.881,11.735339746042609
1687966600.573,11.934604363330902
1687966638.352,12.296504253188612
1687966655.674,11.820357819864446
1687966667.695,11.777295029999685
1687966681.783,11.709732646874654
1687966693.254,12.345615413471236
1687966705.647,12.291448088767945
1687966724.173,12.424724961476084
1687966756.86,11.839378845186625
1687966779.463,11.56783664568565
1687966821.379,11.85209312860659
1687966834.322,12.518543319059969
1687966848.104,12.063850250678561
1687966880.421,11.725943360629905
1687966892.151,12.002837210927884
1687966906.843,12.660412395990422
1687966920.127,12.36270630747676
1687966934.373,12.463600575278187
1687966952.363,12.452180689036622
1687966962.932,12.044109954342767
1687966980.246,12.359146807051236
1687967006.454,11.724793217475161
1687967061.229,11.947502617140968
1687967086.521,12.481823845777303
1687967110.706,11.575407683646798
1687967127.512,11.517559897217051
1687967139.643,11.70998328624721
1687967147.405,13.169971643490697
1687967158.008,12.306963479942121
1687967180.792,12.54222867506602
1687967218.207,12.302041682986067
1687967226.825,13.421835216624165
1687967244.926,12.375785192670454
1687967316.336,11.685736880171039
1687967329.368,12.151866661028233
1687967366.819,11.91479197602731
