2023-07-03 09:08:17.470 parsl:692 22539 MainThread [INFO]  Python version: 3.9.16 (main, May 15 2023, 23:46:34) 
[GCC 11.2.0]
2023-07-03 09:08:17.470 parsl:693 22539 MainThread [INFO]  Debug logging: False
2023-07-03 09:08:17.470 parsl:694 22539 MainThread [INFO]  Log dir: /mnt/media/MDStream/WLGenerator/runinfo/000/HighThroughputExecutor
2023-07-03 09:08:17.470 parsl:695 22539 MainThread [INFO]  Manager ID: eaead8dada5c
2023-07-03 09:08:17.470 parsl:696 22539 MainThread [INFO]  Block ID: 0
2023-07-03 09:08:17.470 parsl:697 22539 MainThread [INFO]  cores_per_worker: 1.0
2023-07-03 09:08:17.470 parsl:698 22539 MainThread [INFO]  mem_per_worker: None
2023-07-03 09:08:17.470 parsl:699 22539 MainThread [INFO]  task_port: 54775
2023-07-03 09:08:17.470 parsl:700 22539 MainThread [INFO]  result_port: 54383
2023-07-03 09:08:17.470 parsl:701 22539 MainThread [INFO]  addresses: 172.17.0.1,128.110.96.14,127.0.0.1,node-1.jliu1721-159771.lsucloud-pg0.apt.emulab.net,192.168.1.2
2023-07-03 09:08:17.470 parsl:702 22539 MainThread [INFO]  max_workers: inf
2023-07-03 09:08:17.470 parsl:703 22539 MainThread [INFO]  poll_period: 10
2023-07-03 09:08:17.470 parsl:704 22539 MainThread [INFO]  address_probe_timeout: 30
2023-07-03 09:08:17.470 parsl:705 22539 MainThread [INFO]  Prefetch capacity: 0
2023-07-03 09:08:17.470 parsl:706 22539 MainThread [INFO]  Heartbeat threshold: 120
2023-07-03 09:08:17.471 parsl:707 22539 MainThread [INFO]  Heartbeat period: 30
2023-07-03 09:08:17.471 parsl:708 22539 MainThread [INFO]  CPU affinity: none
2023-07-03 09:08:17.471 parsl:709 22539 MainThread [INFO]  Accelerators: 
2023-07-03 09:08:17.471 parsl:710 22539 MainThread [INFO]  Start method: fork
2023-07-03 09:08:17.471 parsl:133 22539 MainThread [INFO]  Manager started
2023-07-03 09:08:17.473 parsl.executors.high_throughput.probe:47 22539 MainThread [INFO]  Connected to interchange on 172.17.0.1
2023-07-03 09:08:17.474 parsl:140 22539 MainThread [INFO]  Connection to Interchange successful on 172.17.0.1
2023-07-03 09:08:17.474 parsl:143 22539 MainThread [INFO]  Task url : tcp://172.17.0.1:54775
2023-07-03 09:08:17.474 parsl:144 22539 MainThread [INFO]  Result url : tcp://172.17.0.1:54383
2023-07-03 09:08:17.474 parsl:162 22539 MainThread [INFO]  Manager connected to interchange
2023-07-03 09:08:17.475 parsl:218 22539 MainThread [INFO]  Manager will spawn 16 workers
2023-07-03 09:08:17.507 parsl:258 22539 Task-Puller [INFO]  starting
2023-07-03 09:08:17.509 parsl:456 22539 MainThread [INFO]  Loop start
2023-07-03 09:08:47.509 parsl:354 22539 Result-Pusher [INFO]  Sending heartbeat via results connection: last_result_beat=1688393297.5091257 heartbeat_period=30 seconds
2023-07-03 09:09:17.517 parsl:354 22539 Result-Pusher [INFO]  Sending heartbeat via results connection: last_result_beat=1688393327.510015 heartbeat_period=30 seconds
2023-07-03 09:09:47.518 parsl:354 22539 Result-Pusher [INFO]  Sending heartbeat via results connection: last_result_beat=1688393357.5178401 heartbeat_period=30 seconds
2023-07-03 09:10:17.528 parsl:354 22539 Result-Pusher [INFO]  Sending heartbeat via results connection: last_result_beat=1688393387.5190923 heartbeat_period=30 seconds
2023-07-03 09:10:47.533 parsl:354 22539 Result-Pusher [INFO]  Sending heartbeat via results connection: last_result_beat=1688393417.5289457 heartbeat_period=30 seconds
2023-07-03 09:11:17.537 parsl:354 22539 Result-Pusher [INFO]  Sending heartbeat via results connection: last_result_beat=1688393447.5340695 heartbeat_period=30 seconds
2023-07-03 09:11:47.540 parsl:354 22539 Result-Pusher [INFO]  Sending heartbeat via results connection: last_result_beat=1688393477.5378032 heartbeat_period=30 seconds
2023-07-03 09:12:17.549 parsl:354 22539 Result-Pusher [INFO]  Sending heartbeat via results connection: last_result_beat=1688393507.540645 heartbeat_period=30 seconds
2023-07-03 09:12:47.551 parsl:354 22539 Result-Pusher [INFO]  Sending heartbeat via results connection: last_result_beat=1688393537.5496113 heartbeat_period=30 seconds
2023-07-03 09:13:17.561 parsl:354 22539 Result-Pusher [INFO]  Sending heartbeat via results connection: last_result_beat=1688393567.551537 heartbeat_period=30 seconds
2023-07-03 09:13:47.563 parsl:354 22539 Result-Pusher [INFO]  Sending heartbeat via results connection: last_result_beat=1688393597.5617883 heartbeat_period=30 seconds
2023-07-03 09:14:17.568 parsl:354 22539 Result-Pusher [INFO]  Sending heartbeat via results connection: last_result_beat=1688393627.5633607 heartbeat_period=30 seconds
2023-07-03 09:14:47.576 parsl:354 22539 Result-Pusher [INFO]  Sending heartbeat via results connection: last_result_beat=1688393657.5681467 heartbeat_period=30 seconds
2023-07-03 09:15:17.579 parsl:354 22539 Result-Pusher [INFO]  Sending heartbeat via results connection: last_result_beat=1688393687.576735 heartbeat_period=30 seconds
2023-07-03 09:15:47.585 parsl:354 22539 Result-Pusher [INFO]  Sending heartbeat via results connection: last_result_beat=1688393717.579572 heartbeat_period=30 seconds
2023-07-03 09:16:17.593 parsl:354 22539 Result-Pusher [INFO]  Sending heartbeat via results connection: last_result_beat=1688393747.5856829 heartbeat_period=30 seconds
2023-07-03 09:16:47.594 parsl:354 22539 Result-Pusher [INFO]  Sending heartbeat via results connection: last_result_beat=1688393777.5931425 heartbeat_period=30 seconds
2023-07-03 09:17:17.604 parsl:354 22539 Result-Pusher [INFO]  Sending heartbeat via results connection: last_result_beat=1688393807.594631 heartbeat_period=30 seconds
2023-07-03 09:17:47.613 parsl:354 22539 Result-Pusher [INFO]  Sending heartbeat via results connection: last_result_beat=1688393837.6048114 heartbeat_period=30 seconds
2023-07-03 09:18:17.615 parsl:354 22539 Result-Pusher [INFO]  Sending heartbeat via results connection: last_result_beat=1688393867.6136184 heartbeat_period=30 seconds
2023-07-03 09:18:47.620 parsl:354 22539 Result-Pusher [INFO]  Sending heartbeat via results connection: last_result_beat=1688393897.6154194 heartbeat_period=30 seconds
2023-07-03 09:19:17.621 parsl:354 22539 Result-Pusher [INFO]  Sending heartbeat via results connection: last_result_beat=1688393927.620592 heartbeat_period=30 seconds
2023-07-03 09:19:47.623 parsl:354 22539 Result-Pusher [INFO]  Sending heartbeat via results connection: last_result_beat=1688393957.6213863 heartbeat_period=30 seconds
2023-07-03 09:20:17.632 parsl:354 22539 Result-Pusher [INFO]  Sending heartbeat via results connection: last_result_beat=1688393987.623302 heartbeat_period=30 seconds
2023-07-03 09:20:47.639 parsl:354 22539 Result-Pusher [INFO]  Sending heartbeat via results connection: last_result_beat=1688394017.632462 heartbeat_period=30 seconds
2023-07-03 09:21:17.644 parsl:354 22539 Result-Pusher [INFO]  Sending heartbeat via results connection: last_result_beat=1688394047.6396291 heartbeat_period=30 seconds
2023-07-03 09:21:47.653 parsl:354 22539 Result-Pusher [INFO]  Sending heartbeat via results connection: last_result_beat=1688394077.64466 heartbeat_period=30 seconds
2023-07-03 09:22:17.661 parsl:354 22539 Result-Pusher [INFO]  Sending heartbeat via results connection: last_result_beat=1688394107.6534216 heartbeat_period=30 seconds
2023-07-03 09:22:47.661 parsl:354 22539 Result-Pusher [INFO]  Sending heartbeat via results connection: last_result_beat=1688394137.6612306 heartbeat_period=30 seconds
2023-07-03 09:23:17.667 parsl:354 22539 Result-Pusher [INFO]  Sending heartbeat via results connection: last_result_beat=1688394167.6619735 heartbeat_period=30 seconds
2023-07-03 09:23:47.673 parsl:354 22539 Result-Pusher [INFO]  Sending heartbeat via results connection: last_result_beat=1688394197.6672418 heartbeat_period=30 seconds
2023-07-03 09:24:17.680 parsl:354 22539 Result-Pusher [INFO]  Sending heartbeat via results connection: last_result_beat=1688394227.6743646 heartbeat_period=30 seconds
2023-07-03 09:24:47.681 parsl:354 22539 Result-Pusher [INFO]  Sending heartbeat via results connection: last_result_beat=1688394257.6801178 heartbeat_period=30 seconds
2023-07-03 09:25:17.686 parsl:354 22539 Result-Pusher [INFO]  Sending heartbeat via results connection: last_result_beat=1688394287.6812234 heartbeat_period=30 seconds
2023-07-03 09:25:47.696 parsl:354 22539 Result-Pusher [INFO]  Sending heartbeat via results connection: last_result_beat=1688394317.6870914 heartbeat_period=30 seconds
2023-07-03 09:26:17.703 parsl:354 22539 Result-Pusher [INFO]  Sending heartbeat via results connection: last_result_beat=1688394347.6969573 heartbeat_period=30 seconds
2023-07-03 09:26:47.707 parsl:354 22539 Result-Pusher [INFO]  Sending heartbeat via results connection: last_result_beat=1688394377.7032547 heartbeat_period=30 seconds
2023-07-03 09:27:17.710 parsl:354 22539 Result-Pusher [INFO]  Sending heartbeat via results connection: last_result_beat=1688394407.7075222 heartbeat_period=30 seconds
2023-07-03 09:27:47.714 parsl:354 22539 Result-Pusher [INFO]  Sending heartbeat via results connection: last_result_beat=1688394437.710533 heartbeat_period=30 seconds
2023-07-03 09:28:17.723 parsl:354 22539 Result-Pusher [INFO]  Sending heartbeat via results connection: last_result_beat=1688394467.7150059 heartbeat_period=30 seconds
2023-07-03 09:28:47.728 parsl:354 22539 Result-Pusher [INFO]  Sending heartbeat via results connection: last_result_beat=1688394497.7238908 heartbeat_period=30 seconds
2023-07-03 09:29:17.733 parsl:354 22539 Result-Pusher [INFO]  Sending heartbeat via results connection: last_result_beat=1688394527.7290056 heartbeat_period=30 seconds
2023-07-03 09:29:47.740 parsl:354 22539 Result-Pusher [INFO]  Sending heartbeat via results connection: last_result_beat=1688394557.7337027 heartbeat_period=30 seconds
2023-07-03 09:30:17.745 parsl:354 22539 Result-Pusher [INFO]  Sending heartbeat via results connection: last_result_beat=1688394587.7413683 heartbeat_period=30 seconds
2023-07-03 09:30:47.752 parsl:354 22539 Result-Pusher [INFO]  Sending heartbeat via results connection: last_result_beat=1688394617.7455735 heartbeat_period=30 seconds
2023-07-03 09:31:17.762 parsl:354 22539 Result-Pusher [INFO]  Sending heartbeat via results connection: last_result_beat=1688394647.7524974 heartbeat_period=30 seconds
2023-07-03 09:31:47.770 parsl:354 22539 Result-Pusher [INFO]  Sending heartbeat via results connection: last_result_beat=1688394677.7627683 heartbeat_period=30 seconds
2023-07-03 09:32:17.774 parsl:354 22539 Result-Pusher [INFO]  Sending heartbeat via results connection: last_result_beat=1688394707.7710652 heartbeat_period=30 seconds
2023-07-03 09:32:47.775 parsl:354 22539 Result-Pusher [INFO]  Sending heartbeat via results connection: last_result_beat=1688394737.7746253 heartbeat_period=30 seconds
2023-07-03 09:33:17.784 parsl:354 22539 Result-Pusher [INFO]  Sending heartbeat via results connection: last_result_beat=1688394767.7755227 heartbeat_period=30 seconds
2023-07-03 09:33:47.792 parsl:354 22539 Result-Pusher [INFO]  Sending heartbeat via results connection: last_result_beat=1688394797.7848296 heartbeat_period=30 seconds
2023-07-03 09:34:17.802 parsl:354 22539 Result-Pusher [INFO]  Sending heartbeat via results connection: last_result_beat=1688394827.7930114 heartbeat_period=30 seconds
2023-07-03 09:34:47.802 parsl:354 22539 Result-Pusher [INFO]  Sending heartbeat via results connection: last_result_beat=1688394857.8026755 heartbeat_period=30 seconds
2023-07-03 09:35:17.809 parsl:354 22539 Result-Pusher [INFO]  Sending heartbeat via results connection: last_result_beat=1688394887.803089 heartbeat_period=30 seconds
2023-07-03 09:35:47.817 parsl:354 22539 Result-Pusher [INFO]  Sending heartbeat via results connection: last_result_beat=1688394917.8099477 heartbeat_period=30 seconds
2023-07-03 09:36:17.819 parsl:354 22539 Result-Pusher [INFO]  Sending heartbeat via results connection: last_result_beat=1688394947.8180451 heartbeat_period=30 seconds
2023-07-03 09:36:47.823 parsl:354 22539 Result-Pusher [INFO]  Sending heartbeat via results connection: last_result_beat=1688394977.8198795 heartbeat_period=30 seconds
2023-07-03 09:37:17.825 parsl:354 22539 Result-Pusher [INFO]  Sending heartbeat via results connection: last_result_beat=1688395007.8239014 heartbeat_period=30 seconds
2023-07-03 09:37:47.832 parsl:354 22539 Result-Pusher [INFO]  Sending heartbeat via results connection: last_result_beat=1688395037.8257935 heartbeat_period=30 seconds
2023-07-03 09:38:17.836 parsl:354 22539 Result-Pusher [INFO]  Sending heartbeat via results connection: last_result_beat=1688395067.8327248 heartbeat_period=30 seconds
2023-07-03 09:38:47.846 parsl:354 22539 Result-Pusher [INFO]  Sending heartbeat via results connection: last_result_beat=1688395097.8369875 heartbeat_period=30 seconds
2023-07-03 09:39:17.848 parsl:354 22539 Result-Pusher [INFO]  Sending heartbeat via results connection: last_result_beat=1688395127.8465426 heartbeat_period=30 seconds
2023-07-03 09:39:47.858 parsl:354 22539 Result-Pusher [INFO]  Sending heartbeat via results connection: last_result_beat=1688395157.8485587 heartbeat_period=30 seconds
2023-07-03 09:40:17.858 parsl:354 22539 Result-Pusher [INFO]  Sending heartbeat via results connection: last_result_beat=1688395187.858606 heartbeat_period=30 seconds
2023-07-03 09:40:47.862 parsl:354 22539 Result-Pusher [INFO]  Sending heartbeat via results connection: last_result_beat=1688395217.8588889 heartbeat_period=30 seconds
2023-07-03 09:41:17.865 parsl:354 22539 Result-Pusher [INFO]  Sending heartbeat via results connection: last_result_beat=1688395247.8627343 heartbeat_period=30 seconds
2023-07-03 09:41:47.874 parsl:354 22539 Result-Pusher [INFO]  Sending heartbeat via results connection: last_result_beat=1688395277.8651724 heartbeat_period=30 seconds
2023-07-03 09:42:17.881 parsl:354 22539 Result-Pusher [INFO]  Sending heartbeat via results connection: last_result_beat=1688395307.8742495 heartbeat_period=30 seconds
2023-07-03 09:42:47.888 parsl:354 22539 Result-Pusher [INFO]  Sending heartbeat via results connection: last_result_beat=1688395337.8815877 heartbeat_period=30 seconds
2023-07-03 09:43:17.893 parsl:354 22539 Result-Pusher [INFO]  Sending heartbeat via results connection: last_result_beat=1688395367.8889244 heartbeat_period=30 seconds
2023-07-03 09:43:47.895 parsl:354 22539 Result-Pusher [INFO]  Sending heartbeat via results connection: last_result_beat=1688395397.8939803 heartbeat_period=30 seconds
2023-07-03 09:44:17.898 parsl:354 22539 Result-Pusher [INFO]  Sending heartbeat via results connection: last_result_beat=1688395427.895154 heartbeat_period=30 seconds
2023-07-03 09:44:47.908 parsl:354 22539 Result-Pusher [INFO]  Sending heartbeat via results connection: last_result_beat=1688395457.8986468 heartbeat_period=30 seconds
2023-07-03 09:45:17.917 parsl:354 22539 Result-Pusher [INFO]  Sending heartbeat via results connection: last_result_beat=1688395487.9084957 heartbeat_period=30 seconds
2023-07-03 09:45:47.926 parsl:354 22539 Result-Pusher [INFO]  Sending heartbeat via results connection: last_result_beat=1688395517.9177666 heartbeat_period=30 seconds
2023-07-03 09:46:17.930 parsl:354 22539 Result-Pusher [INFO]  Sending heartbeat via results connection: last_result_beat=1688395547.926993 heartbeat_period=30 seconds
2023-07-03 09:46:47.933 parsl:354 22539 Result-Pusher [INFO]  Sending heartbeat via results connection: last_result_beat=1688395577.930202 heartbeat_period=30 seconds
2023-07-03 09:47:17.943 parsl:354 22539 Result-Pusher [INFO]  Sending heartbeat via results connection: last_result_beat=1688395607.9331415 heartbeat_period=30 seconds
2023-07-03 09:47:47.948 parsl:354 22539 Result-Pusher [INFO]  Sending heartbeat via results connection: last_result_beat=1688395637.9432635 heartbeat_period=30 seconds
2023-07-03 09:48:17.950 parsl:354 22539 Result-Pusher [INFO]  Sending heartbeat via results connection: last_result_beat=1688395667.9481335 heartbeat_period=30 seconds
2023-07-03 09:48:47.956 parsl:354 22539 Result-Pusher [INFO]  Sending heartbeat via results connection: last_result_beat=1688395697.950784 heartbeat_period=30 seconds
2023-07-03 09:49:17.961 parsl:354 22539 Result-Pusher [INFO]  Sending heartbeat via results connection: last_result_beat=1688395727.9563062 heartbeat_period=30 seconds
2023-07-03 09:49:47.962 parsl:354 22539 Result-Pusher [INFO]  Sending heartbeat via results connection: last_result_beat=1688395757.9612415 heartbeat_period=30 seconds
2023-07-03 09:50:17.964 parsl:354 22539 Result-Pusher [INFO]  Sending heartbeat via results connection: last_result_beat=1688395787.962569 heartbeat_period=30 seconds
2023-07-03 09:50:47.971 parsl:354 22539 Result-Pusher [INFO]  Sending heartbeat via results connection: last_result_beat=1688395817.9643605 heartbeat_period=30 seconds
2023-07-03 09:51:17.979 parsl:354 22539 Result-Pusher [INFO]  Sending heartbeat via results connection: last_result_beat=1688395847.9720466 heartbeat_period=30 seconds
2023-07-03 09:51:47.984 parsl:354 22539 Result-Pusher [INFO]  Sending heartbeat via results connection: last_result_beat=1688395877.9794748 heartbeat_period=30 seconds
2023-07-03 09:52:17.988 parsl:354 22539 Result-Pusher [INFO]  Sending heartbeat via results connection: last_result_beat=1688395907.984376 heartbeat_period=30 seconds
2023-07-03 09:52:47.998 parsl:354 22539 Result-Pusher [INFO]  Sending heartbeat via results connection: last_result_beat=1688395937.9890487 heartbeat_period=30 seconds
2023-07-03 09:53:18.006 parsl:354 22539 Result-Pusher [INFO]  Sending heartbeat via results connection: last_result_beat=1688395967.9988713 heartbeat_period=30 seconds
2023-07-03 09:53:48.009 parsl:354 22539 Result-Pusher [INFO]  Sending heartbeat via results connection: last_result_beat=1688395998.0066862 heartbeat_period=30 seconds
2023-07-03 09:54:18.014 parsl:354 22539 Result-Pusher [INFO]  Sending heartbeat via results connection: last_result_beat=1688396028.0098987 heartbeat_period=30 seconds
2023-07-03 09:54:48.017 parsl:354 22539 Result-Pusher [INFO]  Sending heartbeat via results connection: last_result_beat=1688396058.0148346 heartbeat_period=30 seconds
2023-07-03 09:55:18.024 parsl:354 22539 Result-Pusher [INFO]  Sending heartbeat via results connection: last_result_beat=1688396088.0180168 heartbeat_period=30 seconds
2023-07-03 09:55:48.033 parsl:354 22539 Result-Pusher [INFO]  Sending heartbeat via results connection: last_result_beat=1688396118.0250368 heartbeat_period=30 seconds
2023-07-03 09:56:18.036 parsl:354 22539 Result-Pusher [INFO]  Sending heartbeat via results connection: last_result_beat=1688396148.0341372 heartbeat_period=30 seconds
2023-07-03 09:56:48.044 parsl:354 22539 Result-Pusher [INFO]  Sending heartbeat via results connection: last_result_beat=1688396178.0370297 heartbeat_period=30 seconds
2023-07-03 09:57:18.047 parsl:354 22539 Result-Pusher [INFO]  Sending heartbeat via results connection: last_result_beat=1688396208.0447714 heartbeat_period=30 seconds
2023-07-03 09:57:48.056 parsl:354 22539 Result-Pusher [INFO]  Sending heartbeat via results connection: last_result_beat=1688396238.0481052 heartbeat_period=30 seconds
2023-07-03 09:58:18.062 parsl:354 22539 Result-Pusher [INFO]  Sending heartbeat via results connection: last_result_beat=1688396268.0566018 heartbeat_period=30 seconds
2023-07-03 09:58:48.067 parsl:354 22539 Result-Pusher [INFO]  Sending heartbeat via results connection: last_result_beat=1688396298.0629811 heartbeat_period=30 seconds
2023-07-03 09:59:18.068 parsl:354 22539 Result-Pusher [INFO]  Sending heartbeat via results connection: last_result_beat=1688396328.0673726 heartbeat_period=30 seconds
2023-07-03 09:59:48.077 parsl:354 22539 Result-Pusher [INFO]  Sending heartbeat via results connection: last_result_beat=1688396358.0689895 heartbeat_period=30 seconds
2023-07-03 10:00:18.082 parsl:354 22539 Result-Pusher [INFO]  Sending heartbeat via results connection: last_result_beat=1688396388.0774634 heartbeat_period=30 seconds
2023-07-03 10:00:48.084 parsl:354 22539 Result-Pusher [INFO]  Sending heartbeat via results connection: last_result_beat=1688396418.0826073 heartbeat_period=30 seconds
2023-07-03 10:01:18.087 parsl:354 22539 Result-Pusher [INFO]  Sending heartbeat via results connection: last_result_beat=1688396448.0841148 heartbeat_period=30 seconds
2023-07-03 10:01:48.093 parsl:354 22539 Result-Pusher [INFO]  Sending heartbeat via results connection: last_result_beat=1688396478.0879462 heartbeat_period=30 seconds
2023-07-03 10:02:18.095 parsl:354 22539 Result-Pusher [INFO]  Sending heartbeat via results connection: last_result_beat=1688396508.0932693 heartbeat_period=30 seconds
2023-07-03 10:02:48.105 parsl:354 22539 Result-Pusher [INFO]  Sending heartbeat via results connection: last_result_beat=1688396538.0961177 heartbeat_period=30 seconds
2023-07-03 10:03:18.110 parsl:354 22539 Result-Pusher [INFO]  Sending heartbeat via results connection: last_result_beat=1688396568.1060457 heartbeat_period=30 seconds
2023-07-03 10:03:48.115 parsl:354 22539 Result-Pusher [INFO]  Sending heartbeat via results connection: last_result_beat=1688396598.1102343 heartbeat_period=30 seconds
2023-07-03 10:04:18.123 parsl:354 22539 Result-Pusher [INFO]  Sending heartbeat via results connection: last_result_beat=1688396628.1160698 heartbeat_period=30 seconds
2023-07-03 10:04:48.128 parsl:354 22539 Result-Pusher [INFO]  Sending heartbeat via results connection: last_result_beat=1688396658.1236014 heartbeat_period=30 seconds
2023-07-03 10:05:18.130 parsl:354 22539 Result-Pusher [INFO]  Sending heartbeat via results connection: last_result_beat=1688396688.1282268 heartbeat_period=30 seconds
2023-07-03 10:05:48.132 parsl:354 22539 Result-Pusher [INFO]  Sending heartbeat via results connection: last_result_beat=1688396718.1309733 heartbeat_period=30 seconds
2023-07-03 10:06:18.138 parsl:354 22539 Result-Pusher [INFO]  Sending heartbeat via results connection: last_result_beat=1688396748.132982 heartbeat_period=30 seconds
2023-07-03 10:06:48.143 parsl:354 22539 Result-Pusher [INFO]  Sending heartbeat via results connection: last_result_beat=1688396778.1388938 heartbeat_period=30 seconds
2023-07-03 10:07:18.145 parsl:354 22539 Result-Pusher [INFO]  Sending heartbeat via results connection: last_result_beat=1688396808.143716 heartbeat_period=30 seconds
2023-07-03 10:07:48.150 parsl:354 22539 Result-Pusher [INFO]  Sending heartbeat via results connection: last_result_beat=1688396838.1455865 heartbeat_period=30 seconds
2023-07-03 10:08:18.156 parsl:354 22539 Result-Pusher [INFO]  Sending heartbeat via results connection: last_result_beat=1688396868.1505046 heartbeat_period=30 seconds
2023-07-03 10:08:48.159 parsl:354 22539 Result-Pusher [INFO]  Sending heartbeat via results connection: last_result_beat=1688396898.1562562 heartbeat_period=30 seconds
2023-07-03 10:09:18.165 parsl:354 22539 Result-Pusher [INFO]  Sending heartbeat via results connection: last_result_beat=1688396928.1593256 heartbeat_period=30 seconds
2023-07-03 10:09:48.168 parsl:354 22539 Result-Pusher [INFO]  Sending heartbeat via results connection: last_result_beat=1688396958.1657302 heartbeat_period=30 seconds
2023-07-03 10:10:18.174 parsl:354 22539 Result-Pusher [INFO]  Sending heartbeat via results connection: last_result_beat=1688396988.168464 heartbeat_period=30 seconds
2023-07-03 10:10:48.178 parsl:354 22539 Result-Pusher [INFO]  Sending heartbeat via results connection: last_result_beat=1688397018.1744752 heartbeat_period=30 seconds
2023-07-03 10:11:18.186 parsl:354 22539 Result-Pusher [INFO]  Sending heartbeat via results connection: last_result_beat=1688397048.1784642 heartbeat_period=30 seconds
2023-07-03 10:11:48.189 parsl:354 22539 Result-Pusher [INFO]  Sending heartbeat via results connection: last_result_beat=1688397078.186633 heartbeat_period=30 seconds
2023-07-03 10:12:18.192 parsl:354 22539 Result-Pusher [INFO]  Sending heartbeat via results connection: last_result_beat=1688397108.190051 heartbeat_period=30 seconds
2023-07-03 10:12:48.194 parsl:354 22539 Result-Pusher [INFO]  Sending heartbeat via results connection: last_result_beat=1688397138.1922693 heartbeat_period=30 seconds
2023-07-03 10:13:18.203 parsl:354 22539 Result-Pusher [INFO]  Sending heartbeat via results connection: last_result_beat=1688397168.194865 heartbeat_period=30 seconds
2023-07-03 10:13:48.208 parsl:354 22539 Result-Pusher [INFO]  Sending heartbeat via results connection: last_result_beat=1688397198.2038007 heartbeat_period=30 seconds
2023-07-03 10:14:18.211 parsl:354 22539 Result-Pusher [INFO]  Sending heartbeat via results connection: last_result_beat=1688397228.2084804 heartbeat_period=30 seconds
2023-07-03 10:14:48.213 parsl:354 22539 Result-Pusher [INFO]  Sending heartbeat via results connection: last_result_beat=1688397258.211363 heartbeat_period=30 seconds
2023-07-03 10:15:18.219 parsl:354 22539 Result-Pusher [INFO]  Sending heartbeat via results connection: last_result_beat=1688397288.2132294 heartbeat_period=30 seconds
2023-07-03 10:15:48.227 parsl:354 22539 Result-Pusher [INFO]  Sending heartbeat via results connection: last_result_beat=1688397318.2196875 heartbeat_period=30 seconds
2023-07-03 10:16:18.235 parsl:354 22539 Result-Pusher [INFO]  Sending heartbeat via results connection: last_result_beat=1688397348.2277496 heartbeat_period=30 seconds
2023-07-03 10:16:48.243 parsl:354 22539 Result-Pusher [INFO]  Sending heartbeat via results connection: last_result_beat=1688397378.2356684 heartbeat_period=30 seconds
2023-07-03 10:17:18.243 parsl:354 22539 Result-Pusher [INFO]  Sending heartbeat via results connection: last_result_beat=1688397408.2431433 heartbeat_period=30 seconds
2023-07-03 10:17:48.246 parsl:354 22539 Result-Pusher [INFO]  Sending heartbeat via results connection: last_result_beat=1688397438.2438984 heartbeat_period=30 seconds
2023-07-03 10:18:18.251 parsl:354 22539 Result-Pusher [INFO]  Sending heartbeat via results connection: last_result_beat=1688397468.2471273 heartbeat_period=30 seconds
2023-07-03 10:18:48.256 parsl:354 22539 Result-Pusher [INFO]  Sending heartbeat via results connection: last_result_beat=1688397498.2512674 heartbeat_period=30 seconds
2023-07-03 10:19:18.266 parsl:354 22539 Result-Pusher [INFO]  Sending heartbeat via results connection: last_result_beat=1688397528.2569351 heartbeat_period=30 seconds
2023-07-03 10:19:48.272 parsl:354 22539 Result-Pusher [INFO]  Sending heartbeat via results connection: last_result_beat=1688397558.266838 heartbeat_period=30 seconds
2023-07-03 10:20:18.281 parsl:354 22539 Result-Pusher [INFO]  Sending heartbeat via results connection: last_result_beat=1688397588.2728105 heartbeat_period=30 seconds
2023-07-03 10:20:48.287 parsl:354 22539 Result-Pusher [INFO]  Sending heartbeat via results connection: last_result_beat=1688397618.2815301 heartbeat_period=30 seconds
2023-07-03 10:21:18.290 parsl:354 22539 Result-Pusher [INFO]  Sending heartbeat via results connection: last_result_beat=1688397648.2874029 heartbeat_period=30 seconds
2023-07-03 10:21:48.292 parsl:354 22539 Result-Pusher [INFO]  Sending heartbeat via results connection: last_result_beat=1688397678.2903864 heartbeat_period=30 seconds
2023-07-03 10:22:18.293 parsl:354 22539 Result-Pusher [INFO]  Sending heartbeat via results connection: last_result_beat=1688397708.2923017 heartbeat_period=30 seconds
2023-07-03 10:22:48.294 parsl:354 22539 Result-Pusher [INFO]  Sending heartbeat via results connection: last_result_beat=1688397738.2939835 heartbeat_period=30 seconds
2023-07-03 10:23:18.298 parsl:354 22539 Result-Pusher [INFO]  Sending heartbeat via results connection: last_result_beat=1688397768.2942107 heartbeat_period=30 seconds
2023-07-03 10:23:48.305 parsl:354 22539 Result-Pusher [INFO]  Sending heartbeat via results connection: last_result_beat=1688397798.299021 heartbeat_period=30 seconds
2023-07-03 10:24:18.306 parsl:354 22539 Result-Pusher [INFO]  Sending heartbeat via results connection: last_result_beat=1688397828.3059604 heartbeat_period=30 seconds
2023-07-03 10:24:48.312 parsl:354 22539 Result-Pusher [INFO]  Sending heartbeat via results connection: last_result_beat=1688397858.3063948 heartbeat_period=30 seconds
2023-07-03 10:25:18.314 parsl:354 22539 Result-Pusher [INFO]  Sending heartbeat via results connection: last_result_beat=1688397888.312488 heartbeat_period=30 seconds
2023-07-03 10:25:48.319 parsl:354 22539 Result-Pusher [INFO]  Sending heartbeat via results connection: last_result_beat=1688397918.315037 heartbeat_period=30 seconds
2023-07-03 10:26:18.322 parsl:354 22539 Result-Pusher [INFO]  Sending heartbeat via results connection: last_result_beat=1688397948.3192062 heartbeat_period=30 seconds
2023-07-03 10:26:48.330 parsl:354 22539 Result-Pusher [INFO]  Sending heartbeat via results connection: last_result_beat=1688397978.3224137 heartbeat_period=30 seconds
2023-07-03 10:27:18.339 parsl:354 22539 Result-Pusher [INFO]  Sending heartbeat via results connection: last_result_beat=1688398008.330342 heartbeat_period=30 seconds
2023-07-03 10:27:48.345 parsl:354 22539 Result-Pusher [INFO]  Sending heartbeat via results connection: last_result_beat=1688398038.3397424 heartbeat_period=30 seconds
2023-07-03 10:28:18.346 parsl:354 22539 Result-Pusher [INFO]  Sending heartbeat via results connection: last_result_beat=1688398068.3453875 heartbeat_period=30 seconds
2023-07-03 10:28:48.353 parsl:354 22539 Result-Pusher [INFO]  Sending heartbeat via results connection: last_result_beat=1688398098.346215 heartbeat_period=30 seconds
2023-07-03 10:29:18.356 parsl:354 22539 Result-Pusher [INFO]  Sending heartbeat via results connection: last_result_beat=1688398128.353902 heartbeat_period=30 seconds
2023-07-03 10:29:48.363 parsl:354 22539 Result-Pusher [INFO]  Sending heartbeat via results connection: last_result_beat=1688398158.3571095 heartbeat_period=30 seconds
2023-07-03 10:30:18.370 parsl:354 22539 Result-Pusher [INFO]  Sending heartbeat via results connection: last_result_beat=1688398188.3640254 heartbeat_period=30 seconds
2023-07-03 10:30:48.375 parsl:354 22539 Result-Pusher [INFO]  Sending heartbeat via results connection: last_result_beat=1688398218.3706238 heartbeat_period=30 seconds
2023-07-03 10:31:18.378 parsl:354 22539 Result-Pusher [INFO]  Sending heartbeat via results connection: last_result_beat=1688398248.3752348 heartbeat_period=30 seconds
2023-07-03 10:31:48.388 parsl:354 22539 Result-Pusher [INFO]  Sending heartbeat via results connection: last_result_beat=1688398278.3786724 heartbeat_period=30 seconds
2023-07-03 10:32:18.391 parsl:354 22539 Result-Pusher [INFO]  Sending heartbeat via results connection: last_result_beat=1688398308.3881044 heartbeat_period=30 seconds
2023-07-03 10:32:48.395 parsl:354 22539 Result-Pusher [INFO]  Sending heartbeat via results connection: last_result_beat=1688398338.3917587 heartbeat_period=30 seconds
2023-07-03 10:33:18.398 parsl:354 22539 Result-Pusher [INFO]  Sending heartbeat via results connection: last_result_beat=1688398368.3954577 heartbeat_period=30 seconds
2023-07-03 10:33:48.398 parsl:354 22539 Result-Pusher [INFO]  Sending heartbeat via results connection: last_result_beat=1688398398.398116 heartbeat_period=30 seconds
2023-07-03 10:34:18.403 parsl:354 22539 Result-Pusher [INFO]  Sending heartbeat via results connection: last_result_beat=1688398428.3984601 heartbeat_period=30 seconds
2023-07-03 10:34:48.408 parsl:354 22539 Result-Pusher [INFO]  Sending heartbeat via results connection: last_result_beat=1688398458.403436 heartbeat_period=30 seconds
2023-07-03 10:35:18.415 parsl:354 22539 Result-Pusher [INFO]  Sending heartbeat via results connection: last_result_beat=1688398488.4082165 heartbeat_period=30 seconds
2023-07-03 10:35:48.422 parsl:354 22539 Result-Pusher [INFO]  Sending heartbeat via results connection: last_result_beat=1688398518.4151623 heartbeat_period=30 seconds
2023-07-03 10:36:18.423 parsl:354 22539 Result-Pusher [INFO]  Sending heartbeat via results connection: last_result_beat=1688398548.4223053 heartbeat_period=30 seconds
2023-07-03 10:36:48.427 parsl:354 22539 Result-Pusher [INFO]  Sending heartbeat via results connection: last_result_beat=1688398578.423147 heartbeat_period=30 seconds
2023-07-03 10:37:18.429 parsl:354 22539 Result-Pusher [INFO]  Sending heartbeat via results connection: last_result_beat=1688398608.4279659 heartbeat_period=30 seconds
2023-07-03 10:37:48.439 parsl:354 22539 Result-Pusher [INFO]  Sending heartbeat via results connection: last_result_beat=1688398638.4295952 heartbeat_period=30 seconds
2023-07-03 10:38:18.444 parsl:354 22539 Result-Pusher [INFO]  Sending heartbeat via results connection: last_result_beat=1688398668.4396734 heartbeat_period=30 seconds
2023-07-03 10:38:48.452 parsl:354 22539 Result-Pusher [INFO]  Sending heartbeat via results connection: last_result_beat=1688398698.4442596 heartbeat_period=30 seconds
2023-07-03 10:39:18.457 parsl:354 22539 Result-Pusher [INFO]  Sending heartbeat via results connection: last_result_beat=1688398728.4522088 heartbeat_period=30 seconds
2023-07-03 10:39:48.463 parsl:354 22539 Result-Pusher [INFO]  Sending heartbeat via results connection: last_result_beat=1688398758.4580767 heartbeat_period=30 seconds
2023-07-03 10:40:18.465 parsl:354 22539 Result-Pusher [INFO]  Sending heartbeat via results connection: last_result_beat=1688398788.4635205 heartbeat_period=30 seconds
2023-07-03 10:40:48.466 parsl:354 22539 Result-Pusher [INFO]  Sending heartbeat via results connection: last_result_beat=1688398818.465736 heartbeat_period=30 seconds
2023-07-03 10:41:18.475 parsl:354 22539 Result-Pusher [INFO]  Sending heartbeat via results connection: last_result_beat=1688398848.4665096 heartbeat_period=30 seconds
2023-07-03 10:41:48.481 parsl:354 22539 Result-Pusher [INFO]  Sending heartbeat via results connection: last_result_beat=1688398878.476067 heartbeat_period=30 seconds
2023-07-03 10:42:18.489 parsl:354 22539 Result-Pusher [INFO]  Sending heartbeat via results connection: last_result_beat=1688398908.4817293 heartbeat_period=30 seconds
2023-07-03 10:42:48.490 parsl:354 22539 Result-Pusher [INFO]  Sending heartbeat via results connection: last_result_beat=1688398938.4898624 heartbeat_period=30 seconds
2023-07-03 10:43:18.499 parsl:354 22539 Result-Pusher [INFO]  Sending heartbeat via results connection: last_result_beat=1688398968.4902186 heartbeat_period=30 seconds
2023-07-03 10:43:48.506 parsl:354 22539 Result-Pusher [INFO]  Sending heartbeat via results connection: last_result_beat=1688398998.4995775 heartbeat_period=30 seconds
2023-07-03 10:44:18.510 parsl:354 22539 Result-Pusher [INFO]  Sending heartbeat via results connection: last_result_beat=1688399028.5064642 heartbeat_period=30 seconds
2023-07-03 10:44:48.515 parsl:354 22539 Result-Pusher [INFO]  Sending heartbeat via results connection: last_result_beat=1688399058.5101638 heartbeat_period=30 seconds
2023-07-03 10:45:18.521 parsl:354 22539 Result-Pusher [INFO]  Sending heartbeat via results connection: last_result_beat=1688399088.5160236 heartbeat_period=30 seconds
2023-07-03 10:45:48.525 parsl:354 22539 Result-Pusher [INFO]  Sending heartbeat via results connection: last_result_beat=1688399118.5212474 heartbeat_period=30 seconds
2023-07-03 10:46:18.528 parsl:354 22539 Result-Pusher [INFO]  Sending heartbeat via results connection: last_result_beat=1688399148.5259585 heartbeat_period=30 seconds
2023-07-03 10:46:48.535 parsl:354 22539 Result-Pusher [INFO]  Sending heartbeat via results connection: last_result_beat=1688399178.5284452 heartbeat_period=30 seconds
2023-07-03 10:47:18.536 parsl:354 22539 Result-Pusher [INFO]  Sending heartbeat via results connection: last_result_beat=1688399208.535895 heartbeat_period=30 seconds
2023-07-03 10:47:48.536 parsl:354 22539 Result-Pusher [INFO]  Sending heartbeat via results connection: last_result_beat=1688399238.5361736 heartbeat_period=30 seconds
2023-07-03 10:48:18.539 parsl:354 22539 Result-Pusher [INFO]  Sending heartbeat via results connection: last_result_beat=1688399268.5363863 heartbeat_period=30 seconds
2023-07-03 10:48:48.541 parsl:354 22539 Result-Pusher [INFO]  Sending heartbeat via results connection: last_result_beat=1688399298.5394187 heartbeat_period=30 seconds
2023-07-03 10:49:18.544 parsl:354 22539 Result-Pusher [INFO]  Sending heartbeat via results connection: last_result_beat=1688399328.5414116 heartbeat_period=30 seconds
2023-07-03 10:49:48.551 parsl:354 22539 Result-Pusher [INFO]  Sending heartbeat via results connection: last_result_beat=1688399358.5450008 heartbeat_period=30 seconds
2023-07-03 10:50:18.557 parsl:354 22539 Result-Pusher [INFO]  Sending heartbeat via results connection: last_result_beat=1688399388.5518987 heartbeat_period=30 seconds
2023-07-03 10:50:48.565 parsl:354 22539 Result-Pusher [INFO]  Sending heartbeat via results connection: last_result_beat=1688399418.5580251 heartbeat_period=30 seconds
2023-07-03 10:51:18.568 parsl:354 22539 Result-Pusher [INFO]  Sending heartbeat via results connection: last_result_beat=1688399448.5655777 heartbeat_period=30 seconds
2023-07-03 10:51:48.576 parsl:354 22539 Result-Pusher [INFO]  Sending heartbeat via results connection: last_result_beat=1688399478.5683966 heartbeat_period=30 seconds
2023-07-03 10:52:18.579 parsl:354 22539 Result-Pusher [INFO]  Sending heartbeat via results connection: last_result_beat=1688399508.576425 heartbeat_period=30 seconds
2023-07-03 10:52:48.581 parsl:354 22539 Result-Pusher [INFO]  Sending heartbeat via results connection: last_result_beat=1688399538.5793405 heartbeat_period=30 seconds
2023-07-03 10:53:18.586 parsl:354 22539 Result-Pusher [INFO]  Sending heartbeat via results connection: last_result_beat=1688399568.581646 heartbeat_period=30 seconds
2023-07-03 10:53:48.590 parsl:354 22539 Result-Pusher [INFO]  Sending heartbeat via results connection: last_result_beat=1688399598.5863972 heartbeat_period=30 seconds
2023-07-03 10:54:18.599 parsl:354 22539 Result-Pusher [INFO]  Sending heartbeat via results connection: last_result_beat=1688399628.5904818 heartbeat_period=30 seconds
2023-07-03 10:54:48.602 parsl:354 22539 Result-Pusher [INFO]  Sending heartbeat via results connection: last_result_beat=1688399658.5992055 heartbeat_period=30 seconds
2023-07-03 10:55:18.606 parsl:354 22539 Result-Pusher [INFO]  Sending heartbeat via results connection: last_result_beat=1688399688.602744 heartbeat_period=30 seconds
2023-07-03 10:55:48.611 parsl:354 22539 Result-Pusher [INFO]  Sending heartbeat via results connection: last_result_beat=1688399718.606935 heartbeat_period=30 seconds
2023-07-03 10:56:18.612 parsl:354 22539 Result-Pusher [INFO]  Sending heartbeat via results connection: last_result_beat=1688399748.6113355 heartbeat_period=30 seconds
2023-07-03 10:56:48.613 parsl:354 22539 Result-Pusher [INFO]  Sending heartbeat via results connection: last_result_beat=1688399778.6123953 heartbeat_period=30 seconds
2023-07-03 10:57:18.623 parsl:354 22539 Result-Pusher [INFO]  Sending heartbeat via results connection: last_result_beat=1688399808.6140258 heartbeat_period=30 seconds
2023-07-03 10:57:48.630 parsl:354 22539 Result-Pusher [INFO]  Sending heartbeat via results connection: last_result_beat=1688399838.623516 heartbeat_period=30 seconds
2023-07-03 10:58:18.634 parsl:354 22539 Result-Pusher [INFO]  Sending heartbeat via results connection: last_result_beat=1688399868.6307416 heartbeat_period=30 seconds
2023-07-03 10:58:48.642 parsl:354 22539 Result-Pusher [INFO]  Sending heartbeat via results connection: last_result_beat=1688399898.6348739 heartbeat_period=30 seconds
2023-07-03 10:59:18.644 parsl:354 22539 Result-Pusher [INFO]  Sending heartbeat via results connection: last_result_beat=1688399928.6430154 heartbeat_period=30 seconds
2023-07-03 10:59:48.651 parsl:354 22539 Result-Pusher [INFO]  Sending heartbeat via results connection: last_result_beat=1688399958.6445673 heartbeat_period=30 seconds
2023-07-03 11:00:18.659 parsl:354 22539 Result-Pusher [INFO]  Sending heartbeat via results connection: last_result_beat=1688399988.651768 heartbeat_period=30 seconds
2023-07-03 11:00:48.661 parsl:354 22539 Result-Pusher [INFO]  Sending heartbeat via results connection: last_result_beat=1688400018.6597414 heartbeat_period=30 seconds
2023-07-03 11:01:18.668 parsl:354 22539 Result-Pusher [INFO]  Sending heartbeat via results connection: last_result_beat=1688400048.661701 heartbeat_period=30 seconds
2023-07-03 11:01:48.676 parsl:354 22539 Result-Pusher [INFO]  Sending heartbeat via results connection: last_result_beat=1688400078.6690843 heartbeat_period=30 seconds
2023-07-03 11:02:18.680 parsl:354 22539 Result-Pusher [INFO]  Sending heartbeat via results connection: last_result_beat=1688400108.6762266 heartbeat_period=30 seconds
2023-07-03 11:02:48.688 parsl:354 22539 Result-Pusher [INFO]  Sending heartbeat via results connection: last_result_beat=1688400138.6806788 heartbeat_period=30 seconds
2023-07-03 11:03:18.696 parsl:354 22539 Result-Pusher [INFO]  Sending heartbeat via results connection: last_result_beat=1688400168.6885035 heartbeat_period=30 seconds
2023-07-03 11:03:48.704 parsl:354 22539 Result-Pusher [INFO]  Sending heartbeat via results connection: last_result_beat=1688400198.69617 heartbeat_period=30 seconds
2023-07-03 11:04:18.707 parsl:354 22539 Result-Pusher [INFO]  Sending heartbeat via results connection: last_result_beat=1688400228.7047007 heartbeat_period=30 seconds
2023-07-03 11:04:48.713 parsl:354 22539 Result-Pusher [INFO]  Sending heartbeat via results connection: last_result_beat=1688400258.7079668 heartbeat_period=30 seconds
2023-07-03 11:05:18.720 parsl:354 22539 Result-Pusher [INFO]  Sending heartbeat via results connection: last_result_beat=1688400288.7138736 heartbeat_period=30 seconds
2023-07-03 11:05:48.725 parsl:354 22539 Result-Pusher [INFO]  Sending heartbeat via results connection: last_result_beat=1688400318.720279 heartbeat_period=30 seconds
2023-07-03 11:06:18.728 parsl:354 22539 Result-Pusher [INFO]  Sending heartbeat via results connection: last_result_beat=1688400348.7254388 heartbeat_period=30 seconds
2023-07-03 11:06:48.731 parsl:354 22539 Result-Pusher [INFO]  Sending heartbeat via results connection: last_result_beat=1688400378.7284188 heartbeat_period=30 seconds
2023-07-03 11:07:18.740 parsl:354 22539 Result-Pusher [INFO]  Sending heartbeat via results connection: last_result_beat=1688400408.7317452 heartbeat_period=30 seconds
2023-07-03 11:07:48.748 parsl:354 22539 Result-Pusher [INFO]  Sending heartbeat via results connection: last_result_beat=1688400438.7401361 heartbeat_period=30 seconds
2023-07-03 11:08:18.754 parsl:354 22539 Result-Pusher [INFO]  Sending heartbeat via results connection: last_result_beat=1688400468.7489312 heartbeat_period=30 seconds
2023-07-03 11:08:48.759 parsl:354 22539 Result-Pusher [INFO]  Sending heartbeat via results connection: last_result_beat=1688400498.7549021 heartbeat_period=30 seconds
2023-07-03 11:09:18.769 parsl:354 22539 Result-Pusher [INFO]  Sending heartbeat via results connection: last_result_beat=1688400528.759367 heartbeat_period=30 seconds
2023-07-03 11:09:48.769 parsl:354 22539 Result-Pusher [INFO]  Sending heartbeat via results connection: last_result_beat=1688400558.769262 heartbeat_period=30 seconds
2023-07-03 11:10:18.776 parsl:354 22539 Result-Pusher [INFO]  Sending heartbeat via results connection: last_result_beat=1688400588.7699974 heartbeat_period=30 seconds
2023-07-03 11:10:48.780 parsl:354 22539 Result-Pusher [INFO]  Sending heartbeat via results connection: last_result_beat=1688400618.7763636 heartbeat_period=30 seconds
2023-07-03 11:11:18.782 parsl:354 22539 Result-Pusher [INFO]  Sending heartbeat via results connection: last_result_beat=1688400648.7806156 heartbeat_period=30 seconds
2023-07-03 11:11:48.785 parsl:354 22539 Result-Pusher [INFO]  Sending heartbeat via results connection: last_result_beat=1688400678.782443 heartbeat_period=30 seconds
2023-07-03 11:12:18.793 parsl:354 22539 Result-Pusher [INFO]  Sending heartbeat via results connection: last_result_beat=1688400708.7852252 heartbeat_period=30 seconds
2023-07-03 11:12:48.795 parsl:354 22539 Result-Pusher [INFO]  Sending heartbeat via results connection: last_result_beat=1688400738.79402 heartbeat_period=30 seconds
2023-07-03 11:13:18.799 parsl:354 22539 Result-Pusher [INFO]  Sending heartbeat via results connection: last_result_beat=1688400768.7963955 heartbeat_period=30 seconds
2023-07-03 11:13:48.807 parsl:354 22539 Result-Pusher [INFO]  Sending heartbeat via results connection: last_result_beat=1688400798.7997358 heartbeat_period=30 seconds
2023-07-03 11:14:18.809 parsl:354 22539 Result-Pusher [INFO]  Sending heartbeat via results connection: last_result_beat=1688400828.8077548 heartbeat_period=30 seconds
2023-07-03 11:14:48.812 parsl:354 22539 Result-Pusher [INFO]  Sending heartbeat via results connection: last_result_beat=1688400858.8094535 heartbeat_period=30 seconds
2023-07-03 11:15:18.816 parsl:354 22539 Result-Pusher [INFO]  Sending heartbeat via results connection: last_result_beat=1688400888.812579 heartbeat_period=30 seconds
2023-07-03 11:15:48.822 parsl:354 22539 Result-Pusher [INFO]  Sending heartbeat via results connection: last_result_beat=1688400918.8162057 heartbeat_period=30 seconds
2023-07-03 11:16:18.825 parsl:354 22539 Result-Pusher [INFO]  Sending heartbeat via results connection: last_result_beat=1688400948.8230193 heartbeat_period=30 seconds
2023-07-03 11:16:48.834 parsl:354 22539 Result-Pusher [INFO]  Sending heartbeat via results connection: last_result_beat=1688400978.8254936 heartbeat_period=30 seconds
2023-07-03 11:17:18.835 parsl:354 22539 Result-Pusher [INFO]  Sending heartbeat via results connection: last_result_beat=1688401008.8349245 heartbeat_period=30 seconds
2023-07-03 11:17:48.842 parsl:354 22539 Result-Pusher [INFO]  Sending heartbeat via results connection: last_result_beat=1688401038.8357904 heartbeat_period=30 seconds
2023-07-03 11:18:18.848 parsl:354 22539 Result-Pusher [INFO]  Sending heartbeat via results connection: last_result_beat=1688401068.8430321 heartbeat_period=30 seconds
2023-07-03 11:18:48.856 parsl:354 22539 Result-Pusher [INFO]  Sending heartbeat via results connection: last_result_beat=1688401098.84881 heartbeat_period=30 seconds
2023-07-03 11:19:18.858 parsl:354 22539 Result-Pusher [INFO]  Sending heartbeat via results connection: last_result_beat=1688401128.8565576 heartbeat_period=30 seconds
2023-07-03 11:19:48.864 parsl:354 22539 Result-Pusher [INFO]  Sending heartbeat via results connection: last_result_beat=1688401158.8588033 heartbeat_period=30 seconds
2023-07-03 11:20:18.870 parsl:354 22539 Result-Pusher [INFO]  Sending heartbeat via results connection: last_result_beat=1688401188.8644495 heartbeat_period=30 seconds
2023-07-03 11:20:48.879 parsl:354 22539 Result-Pusher [INFO]  Sending heartbeat via results connection: last_result_beat=1688401218.870768 heartbeat_period=30 seconds
2023-07-03 11:21:18.882 parsl:354 22539 Result-Pusher [INFO]  Sending heartbeat via results connection: last_result_beat=1688401248.8790936 heartbeat_period=30 seconds
2023-07-03 11:21:48.892 parsl:354 22539 Result-Pusher [INFO]  Sending heartbeat via results connection: last_result_beat=1688401278.8823192 heartbeat_period=30 seconds
2023-07-03 11:22:18.894 parsl:354 22539 Result-Pusher [INFO]  Sending heartbeat via results connection: last_result_beat=1688401308.8922186 heartbeat_period=30 seconds
2023-07-03 11:22:48.897 parsl:354 22539 Result-Pusher [INFO]  Sending heartbeat via results connection: last_result_beat=1688401338.8944616 heartbeat_period=30 seconds
2023-07-03 11:23:18.901 parsl:354 22539 Result-Pusher [INFO]  Sending heartbeat via results connection: last_result_beat=1688401368.8979921 heartbeat_period=30 seconds
2023-07-03 11:23:48.911 parsl:354 22539 Result-Pusher [INFO]  Sending heartbeat via results connection: last_result_beat=1688401398.9018557 heartbeat_period=30 seconds
2023-07-03 11:24:18.913 parsl:354 22539 Result-Pusher [INFO]  Sending heartbeat via results connection: last_result_beat=1688401428.911126 heartbeat_period=30 seconds
2023-07-03 11:24:48.921 parsl:354 22539 Result-Pusher [INFO]  Sending heartbeat via results connection: last_result_beat=1688401458.914077 heartbeat_period=30 seconds
2023-07-03 11:25:18.931 parsl:354 22539 Result-Pusher [INFO]  Sending heartbeat via results connection: last_result_beat=1688401488.9214928 heartbeat_period=30 seconds
2023-07-03 11:25:48.935 parsl:354 22539 Result-Pusher [INFO]  Sending heartbeat via results connection: last_result_beat=1688401518.9316251 heartbeat_period=30 seconds
2023-07-03 11:26:18.941 parsl:354 22539 Result-Pusher [INFO]  Sending heartbeat via results connection: last_result_beat=1688401548.9354692 heartbeat_period=30 seconds
2023-07-03 11:26:48.947 parsl:354 22539 Result-Pusher [INFO]  Sending heartbeat via results connection: last_result_beat=1688401578.9412365 heartbeat_period=30 seconds
2023-07-03 11:27:18.953 parsl:354 22539 Result-Pusher [INFO]  Sending heartbeat via results connection: last_result_beat=1688401608.9473011 heartbeat_period=30 seconds
2023-07-03 11:27:48.961 parsl:354 22539 Result-Pusher [INFO]  Sending heartbeat via results connection: last_result_beat=1688401638.9536252 heartbeat_period=30 seconds
2023-07-03 11:28:18.962 parsl:354 22539 Result-Pusher [INFO]  Sending heartbeat via results connection: last_result_beat=1688401668.9619238 heartbeat_period=30 seconds
2023-07-03 11:28:48.965 parsl:354 22539 Result-Pusher [INFO]  Sending heartbeat via results connection: last_result_beat=1688401698.9623477 heartbeat_period=30 seconds
2023-07-03 11:29:18.974 parsl:354 22539 Result-Pusher [INFO]  Sending heartbeat via results connection: last_result_beat=1688401728.9657404 heartbeat_period=30 seconds
2023-07-03 11:29:48.983 parsl:354 22539 Result-Pusher [INFO]  Sending heartbeat via results connection: last_result_beat=1688401758.9744387 heartbeat_period=30 seconds
2023-07-03 11:30:18.992 parsl:354 22539 Result-Pusher [INFO]  Sending heartbeat via results connection: last_result_beat=1688401788.9837258 heartbeat_period=30 seconds
2023-07-03 11:30:48.994 parsl:354 22539 Result-Pusher [INFO]  Sending heartbeat via results connection: last_result_beat=1688401818.992231 heartbeat_period=30 seconds
2023-07-03 11:31:19.001 parsl:354 22539 Result-Pusher [INFO]  Sending heartbeat via results connection: last_result_beat=1688401848.9952013 heartbeat_period=30 seconds
2023-07-03 11:31:49.005 parsl:354 22539 Result-Pusher [INFO]  Sending heartbeat via results connection: last_result_beat=1688401879.001881 heartbeat_period=30 seconds
2023-07-03 11:32:19.010 parsl:354 22539 Result-Pusher [INFO]  Sending heartbeat via results connection: last_result_beat=1688401909.0056725 heartbeat_period=30 seconds
2023-07-03 11:32:49.019 parsl:354 22539 Result-Pusher [INFO]  Sending heartbeat via results connection: last_result_beat=1688401939.0102801 heartbeat_period=30 seconds
2023-07-03 11:33:19.025 parsl:354 22539 Result-Pusher [INFO]  Sending heartbeat via results connection: last_result_beat=1688401969.0196428 heartbeat_period=30 seconds
2023-07-03 11:33:49.032 parsl:354 22539 Result-Pusher [INFO]  Sending heartbeat via results connection: last_result_beat=1688401999.025646 heartbeat_period=30 seconds
2023-07-03 11:34:19.035 parsl:354 22539 Result-Pusher [INFO]  Sending heartbeat via results connection: last_result_beat=1688402029.0323844 heartbeat_period=30 seconds
2023-07-03 11:34:49.044 parsl:354 22539 Result-Pusher [INFO]  Sending heartbeat via results connection: last_result_beat=1688402059.035481 heartbeat_period=30 seconds
2023-07-03 11:35:19.053 parsl:354 22539 Result-Pusher [INFO]  Sending heartbeat via results connection: last_result_beat=1688402089.0448654 heartbeat_period=30 seconds
2023-07-03 11:35:49.057 parsl:354 22539 Result-Pusher [INFO]  Sending heartbeat via results connection: last_result_beat=1688402119.0540583 heartbeat_period=30 seconds
2023-07-03 11:36:19.062 parsl:354 22539 Result-Pusher [INFO]  Sending heartbeat via results connection: last_result_beat=1688402149.0576513 heartbeat_period=30 seconds
2023-07-03 11:36:49.065 parsl:354 22539 Result-Pusher [INFO]  Sending heartbeat via results connection: last_result_beat=1688402179.062508 heartbeat_period=30 seconds
2023-07-03 11:37:19.065 parsl:354 22539 Result-Pusher [INFO]  Sending heartbeat via results connection: last_result_beat=1688402209.0655313 heartbeat_period=30 seconds
2023-07-03 11:37:49.067 parsl:354 22539 Result-Pusher [INFO]  Sending heartbeat via results connection: last_result_beat=1688402239.065798 heartbeat_period=30 seconds
2023-07-03 11:38:19.072 parsl:354 22539 Result-Pusher [INFO]  Sending heartbeat via results connection: last_result_beat=1688402269.0677829 heartbeat_period=30 seconds
2023-07-03 11:38:49.079 parsl:354 22539 Result-Pusher [INFO]  Sending heartbeat via results connection: last_result_beat=1688402299.0725548 heartbeat_period=30 seconds
2023-07-03 11:39:19.082 parsl:354 22539 Result-Pusher [INFO]  Sending heartbeat via results connection: last_result_beat=1688402329.079928 heartbeat_period=30 seconds
2023-07-03 11:39:49.089 parsl:354 22539 Result-Pusher [INFO]  Sending heartbeat via results connection: last_result_beat=1688402359.0823894 heartbeat_period=30 seconds
2023-07-03 11:40:19.097 parsl:354 22539 Result-Pusher [INFO]  Sending heartbeat via results connection: last_result_beat=1688402389.0895176 heartbeat_period=30 seconds
2023-07-03 11:40:49.107 parsl:354 22539 Result-Pusher [INFO]  Sending heartbeat via results connection: last_result_beat=1688402419.0977619 heartbeat_period=30 seconds
2023-07-03 11:41:19.107 parsl:354 22539 Result-Pusher [INFO]  Sending heartbeat via results connection: last_result_beat=1688402449.1077986 heartbeat_period=30 seconds
2023-07-03 11:41:49.112 parsl:354 22539 Result-Pusher [INFO]  Sending heartbeat via results connection: last_result_beat=1688402479.108051 heartbeat_period=30 seconds
2023-07-03 11:42:19.119 parsl:354 22539 Result-Pusher [INFO]  Sending heartbeat via results connection: last_result_beat=1688402509.1128097 heartbeat_period=30 seconds
2023-07-03 11:42:49.120 parsl:354 22539 Result-Pusher [INFO]  Sending heartbeat via results connection: last_result_beat=1688402539.1196196 heartbeat_period=30 seconds
2023-07-03 11:43:19.126 parsl:354 22539 Result-Pusher [INFO]  Sending heartbeat via results connection: last_result_beat=1688402569.1207426 heartbeat_period=30 seconds
2023-07-03 11:43:49.136 parsl:354 22539 Result-Pusher [INFO]  Sending heartbeat via results connection: last_result_beat=1688402599.1265893 heartbeat_period=30 seconds
2023-07-03 11:44:19.136 parsl:354 22539 Result-Pusher [INFO]  Sending heartbeat via results connection: last_result_beat=1688402629.1364453 heartbeat_period=30 seconds
2023-07-03 11:44:49.145 parsl:354 22539 Result-Pusher [INFO]  Sending heartbeat via results connection: last_result_beat=1688402659.136671 heartbeat_period=30 seconds
2023-07-03 11:45:19.154 parsl:354 22539 Result-Pusher [INFO]  Sending heartbeat via results connection: last_result_beat=1688402689.1456087 heartbeat_period=30 seconds
2023-07-03 11:45:49.164 parsl:354 22539 Result-Pusher [INFO]  Sending heartbeat via results connection: last_result_beat=1688402719.154992 heartbeat_period=30 seconds
2023-07-03 11:46:19.165 parsl:354 22539 Result-Pusher [INFO]  Sending heartbeat via results connection: last_result_beat=1688402749.1642876 heartbeat_period=30 seconds
2023-07-03 11:46:49.168 parsl:354 22539 Result-Pusher [INFO]  Sending heartbeat via results connection: last_result_beat=1688402779.165653 heartbeat_period=30 seconds
2023-07-03 11:47:19.173 parsl:354 22539 Result-Pusher [INFO]  Sending heartbeat via results connection: last_result_beat=1688402809.1687174 heartbeat_period=30 seconds
2023-07-03 11:47:49.184 parsl:354 22539 Result-Pusher [INFO]  Sending heartbeat via results connection: last_result_beat=1688402839.1739988 heartbeat_period=30 seconds
2023-07-03 11:48:19.191 parsl:354 22539 Result-Pusher [INFO]  Sending heartbeat via results connection: last_result_beat=1688402869.1841795 heartbeat_period=30 seconds
2023-07-03 11:48:49.200 parsl:354 22539 Result-Pusher [INFO]  Sending heartbeat via results connection: last_result_beat=1688402899.1916633 heartbeat_period=30 seconds
2023-07-03 11:49:19.203 parsl:354 22539 Result-Pusher [INFO]  Sending heartbeat via results connection: last_result_beat=1688402929.2010822 heartbeat_period=30 seconds
2023-07-03 11:49:49.208 parsl:354 22539 Result-Pusher [INFO]  Sending heartbeat via results connection: last_result_beat=1688402959.2036781 heartbeat_period=30 seconds
2023-07-03 11:50:19.208 parsl:354 22539 Result-Pusher [INFO]  Sending heartbeat via results connection: last_result_beat=1688402989.2082028 heartbeat_period=30 seconds
2023-07-03 11:50:49.213 parsl:354 22539 Result-Pusher [INFO]  Sending heartbeat via results connection: last_result_beat=1688403019.2088108 heartbeat_period=30 seconds
2023-07-03 11:51:19.219 parsl:354 22539 Result-Pusher [INFO]  Sending heartbeat via results connection: last_result_beat=1688403049.213969 heartbeat_period=30 seconds
2023-07-03 11:51:49.226 parsl:354 22539 Result-Pusher [INFO]  Sending heartbeat via results connection: last_result_beat=1688403079.2192976 heartbeat_period=30 seconds
2023-07-03 11:52:19.226 parsl:354 22539 Result-Pusher [INFO]  Sending heartbeat via results connection: last_result_beat=1688403109.2263787 heartbeat_period=30 seconds
2023-07-03 11:52:49.229 parsl:354 22539 Result-Pusher [INFO]  Sending heartbeat via results connection: last_result_beat=1688403139.2268145 heartbeat_period=30 seconds
2023-07-03 11:53:19.229 parsl:354 22539 Result-Pusher [INFO]  Sending heartbeat via results connection: last_result_beat=1688403169.2294545 heartbeat_period=30 seconds
2023-07-03 11:53:49.239 parsl:354 22539 Result-Pusher [INFO]  Sending heartbeat via results connection: last_result_beat=1688403199.2298582 heartbeat_period=30 seconds
2023-07-03 11:54:19.248 parsl:354 22539 Result-Pusher [INFO]  Sending heartbeat via results connection: last_result_beat=1688403229.2399926 heartbeat_period=30 seconds
2023-07-03 11:54:49.252 parsl:354 22539 Result-Pusher [INFO]  Sending heartbeat via results connection: last_result_beat=1688403259.2482862 heartbeat_period=30 seconds
2023-07-03 11:55:19.261 parsl:354 22539 Result-Pusher [INFO]  Sending heartbeat via results connection: last_result_beat=1688403289.252555 heartbeat_period=30 seconds
2023-07-03 11:55:49.271 parsl:354 22539 Result-Pusher [INFO]  Sending heartbeat via results connection: last_result_beat=1688403319.2616959 heartbeat_period=30 seconds
2023-07-03 11:56:19.279 parsl:354 22539 Result-Pusher [INFO]  Sending heartbeat via results connection: last_result_beat=1688403349.2715504 heartbeat_period=30 seconds
2023-07-03 11:56:49.282 parsl:354 22539 Result-Pusher [INFO]  Sending heartbeat via results connection: last_result_beat=1688403379.279421 heartbeat_period=30 seconds
2023-07-03 11:57:19.284 parsl:354 22539 Result-Pusher [INFO]  Sending heartbeat via results connection: last_result_beat=1688403409.2821834 heartbeat_period=30 seconds
2023-07-03 11:57:49.287 parsl:354 22539 Result-Pusher [INFO]  Sending heartbeat via results connection: last_result_beat=1688403439.284566 heartbeat_period=30 seconds
2023-07-03 11:58:19.292 parsl:354 22539 Result-Pusher [INFO]  Sending heartbeat via results connection: last_result_beat=1688403469.2875638 heartbeat_period=30 seconds
2023-07-03 11:58:49.293 parsl:354 22539 Result-Pusher [INFO]  Sending heartbeat via results connection: last_result_beat=1688403499.2926965 heartbeat_period=30 seconds
2023-07-03 11:59:19.300 parsl:354 22539 Result-Pusher [INFO]  Sending heartbeat via results connection: last_result_beat=1688403529.2937317 heartbeat_period=30 seconds
2023-07-03 11:59:49.300 parsl:354 22539 Result-Pusher [INFO]  Sending heartbeat via results connection: last_result_beat=1688403559.3005264 heartbeat_period=30 seconds
2023-07-03 12:00:19.310 parsl:354 22539 Result-Pusher [INFO]  Sending heartbeat via results connection: last_result_beat=1688403589.3007941 heartbeat_period=30 seconds
2023-07-03 12:00:49.318 parsl:354 22539 Result-Pusher [INFO]  Sending heartbeat via results connection: last_result_beat=1688403619.3107538 heartbeat_period=30 seconds
2023-07-03 12:01:19.322 parsl:354 22539 Result-Pusher [INFO]  Sending heartbeat via results connection: last_result_beat=1688403649.3188415 heartbeat_period=30 seconds
2023-07-03 12:01:49.327 parsl:354 22539 Result-Pusher [INFO]  Sending heartbeat via results connection: last_result_beat=1688403679.3227494 heartbeat_period=30 seconds
2023-07-03 12:02:19.330 parsl:354 22539 Result-Pusher [INFO]  Sending heartbeat via results connection: last_result_beat=1688403709.3277056 heartbeat_period=30 seconds
2023-07-03 12:02:49.337 parsl:354 22539 Result-Pusher [INFO]  Sending heartbeat via results connection: last_result_beat=1688403739.330459 heartbeat_period=30 seconds
2023-07-03 12:03:19.345 parsl:354 22539 Result-Pusher [INFO]  Sending heartbeat via results connection: last_result_beat=1688403769.3379536 heartbeat_period=30 seconds
2023-07-03 12:03:49.349 parsl:354 22539 Result-Pusher [INFO]  Sending heartbeat via results connection: last_result_beat=1688403799.346037 heartbeat_period=30 seconds
2023-07-03 12:04:19.351 parsl:354 22539 Result-Pusher [INFO]  Sending heartbeat via results connection: last_result_beat=1688403829.3494596 heartbeat_period=30 seconds
2023-07-03 12:04:49.354 parsl:354 22539 Result-Pusher [INFO]  Sending heartbeat via results connection: last_result_beat=1688403859.351267 heartbeat_period=30 seconds
2023-07-03 12:05:19.361 parsl:354 22539 Result-Pusher [INFO]  Sending heartbeat via results connection: last_result_beat=1688403889.354512 heartbeat_period=30 seconds
2023-07-03 12:05:49.368 parsl:354 22539 Result-Pusher [INFO]  Sending heartbeat via results connection: last_result_beat=1688403919.3615425 heartbeat_period=30 seconds
2023-07-03 12:06:19.371 parsl:354 22539 Result-Pusher [INFO]  Sending heartbeat via results connection: last_result_beat=1688403949.3683136 heartbeat_period=30 seconds
2023-07-03 12:06:49.372 parsl:354 22539 Result-Pusher [INFO]  Sending heartbeat via results connection: last_result_beat=1688403979.3720002 heartbeat_period=30 seconds
2023-07-03 12:07:19.375 parsl:354 22539 Result-Pusher [INFO]  Sending heartbeat via results connection: last_result_beat=1688404009.372695 heartbeat_period=30 seconds
2023-07-03 12:07:49.377 parsl:354 22539 Result-Pusher [INFO]  Sending heartbeat via results connection: last_result_beat=1688404039.375385 heartbeat_period=30 seconds
2023-07-03 12:08:19.382 parsl:354 22539 Result-Pusher [INFO]  Sending heartbeat via results connection: last_result_beat=1688404069.3771646 heartbeat_period=30 seconds
2023-07-03 12:08:49.389 parsl:354 22539 Result-Pusher [INFO]  Sending heartbeat via results connection: last_result_beat=1688404099.3824835 heartbeat_period=30 seconds
2023-07-03 12:09:19.390 parsl:354 22539 Result-Pusher [INFO]  Sending heartbeat via results connection: last_result_beat=1688404129.3891487 heartbeat_period=30 seconds
2023-07-03 12:09:49.395 parsl:354 22539 Result-Pusher [INFO]  Sending heartbeat via results connection: last_result_beat=1688404159.3909733 heartbeat_period=30 seconds
2023-07-03 12:10:19.402 parsl:354 22539 Result-Pusher [INFO]  Sending heartbeat via results connection: last_result_beat=1688404189.3955605 heartbeat_period=30 seconds
2023-07-03 12:10:49.410 parsl:354 22539 Result-Pusher [INFO]  Sending heartbeat via results connection: last_result_beat=1688404219.4029343 heartbeat_period=30 seconds
2023-07-03 12:11:19.416 parsl:354 22539 Result-Pusher [INFO]  Sending heartbeat via results connection: last_result_beat=1688404249.4106562 heartbeat_period=30 seconds
2023-07-03 12:11:49.417 parsl:354 22539 Result-Pusher [INFO]  Sending heartbeat via results connection: last_result_beat=1688404279.4162407 heartbeat_period=30 seconds
2023-07-03 12:12:19.424 parsl:354 22539 Result-Pusher [INFO]  Sending heartbeat via results connection: last_result_beat=1688404309.4173286 heartbeat_period=30 seconds
2023-07-03 12:12:49.429 parsl:354 22539 Result-Pusher [INFO]  Sending heartbeat via results connection: last_result_beat=1688404339.4253285 heartbeat_period=30 seconds
2023-07-03 12:13:19.437 parsl:354 22539 Result-Pusher [INFO]  Sending heartbeat via results connection: last_result_beat=1688404369.4299757 heartbeat_period=30 seconds
2023-07-03 12:13:49.444 parsl:354 22539 Result-Pusher [INFO]  Sending heartbeat via results connection: last_result_beat=1688404399.4373317 heartbeat_period=30 seconds
2023-07-03 12:14:19.452 parsl:354 22539 Result-Pusher [INFO]  Sending heartbeat via results connection: last_result_beat=1688404429.4450324 heartbeat_period=30 seconds
2023-07-03 12:14:49.461 parsl:354 22539 Result-Pusher [INFO]  Sending heartbeat via results connection: last_result_beat=1688404459.4522316 heartbeat_period=30 seconds
2023-07-03 12:15:19.462 parsl:354 22539 Result-Pusher [INFO]  Sending heartbeat via results connection: last_result_beat=1688404489.4615593 heartbeat_period=30 seconds
2023-07-03 12:15:49.470 parsl:354 22539 Result-Pusher [INFO]  Sending heartbeat via results connection: last_result_beat=1688404519.4624572 heartbeat_period=30 seconds
2023-07-03 12:16:19.476 parsl:354 22539 Result-Pusher [INFO]  Sending heartbeat via results connection: last_result_beat=1688404549.4707136 heartbeat_period=30 seconds
2023-07-03 12:16:49.480 parsl:354 22539 Result-Pusher [INFO]  Sending heartbeat via results connection: last_result_beat=1688404579.4764388 heartbeat_period=30 seconds
2023-07-03 12:17:19.489 parsl:354 22539 Result-Pusher [INFO]  Sending heartbeat via results connection: last_result_beat=1688404609.4808364 heartbeat_period=30 seconds
2023-07-03 12:17:49.495 parsl:354 22539 Result-Pusher [INFO]  Sending heartbeat via results connection: last_result_beat=1688404639.4892871 heartbeat_period=30 seconds
2023-07-03 12:18:19.502 parsl:354 22539 Result-Pusher [INFO]  Sending heartbeat via results connection: last_result_beat=1688404669.4962983 heartbeat_period=30 seconds
2023-07-03 12:18:49.504 parsl:354 22539 Result-Pusher [INFO]  Sending heartbeat via results connection: last_result_beat=1688404699.5030763 heartbeat_period=30 seconds
2023-07-03 12:19:19.505 parsl:354 22539 Result-Pusher [INFO]  Sending heartbeat via results connection: last_result_beat=1688404729.5049987 heartbeat_period=30 seconds
2023-07-03 12:19:49.511 parsl:354 22539 Result-Pusher [INFO]  Sending heartbeat via results connection: last_result_beat=1688404759.5054998 heartbeat_period=30 seconds
2023-07-03 12:20:19.511 parsl:354 22539 Result-Pusher [INFO]  Sending heartbeat via results connection: last_result_beat=1688404789.5114768 heartbeat_period=30 seconds
2023-07-03 12:20:49.521 parsl:354 22539 Result-Pusher [INFO]  Sending heartbeat via results connection: last_result_beat=1688404819.5119183 heartbeat_period=30 seconds
2023-07-03 12:21:19.525 parsl:354 22539 Result-Pusher [INFO]  Sending heartbeat via results connection: last_result_beat=1688404849.5218916 heartbeat_period=30 seconds
2023-07-03 12:21:49.533 parsl:354 22539 Result-Pusher [INFO]  Sending heartbeat via results connection: last_result_beat=1688404879.5260122 heartbeat_period=30 seconds
2023-07-03 12:22:19.543 parsl:354 22539 Result-Pusher [INFO]  Sending heartbeat via results connection: last_result_beat=1688404909.5335991 heartbeat_period=30 seconds
2023-07-03 12:22:49.545 parsl:354 22539 Result-Pusher [INFO]  Sending heartbeat via results connection: last_result_beat=1688404939.5439544 heartbeat_period=30 seconds
2023-07-03 12:23:19.549 parsl:354 22539 Result-Pusher [INFO]  Sending heartbeat via results connection: last_result_beat=1688404969.5459526 heartbeat_period=30 seconds
2023-07-03 12:23:49.553 parsl:354 22539 Result-Pusher [INFO]  Sending heartbeat via results connection: last_result_beat=1688404999.5498102 heartbeat_period=30 seconds
2023-07-03 12:24:19.563 parsl:354 22539 Result-Pusher [INFO]  Sending heartbeat via results connection: last_result_beat=1688405029.5538328 heartbeat_period=30 seconds
2023-07-03 12:24:49.572 parsl:354 22539 Result-Pusher [INFO]  Sending heartbeat via results connection: last_result_beat=1688405059.5635266 heartbeat_period=30 seconds
2023-07-03 12:25:19.574 parsl:354 22539 Result-Pusher [INFO]  Sending heartbeat via results connection: last_result_beat=1688405089.572474 heartbeat_period=30 seconds
2023-07-03 12:25:49.583 parsl:354 22539 Result-Pusher [INFO]  Sending heartbeat via results connection: last_result_beat=1688405119.5744908 heartbeat_period=30 seconds
2023-07-03 12:26:19.584 parsl:354 22539 Result-Pusher [INFO]  Sending heartbeat via results connection: last_result_beat=1688405149.5834346 heartbeat_period=30 seconds
2023-07-03 12:26:49.589 parsl:354 22539 Result-Pusher [INFO]  Sending heartbeat via results connection: last_result_beat=1688405179.5844672 heartbeat_period=30 seconds
2023-07-03 12:27:19.590 parsl:354 22539 Result-Pusher [INFO]  Sending heartbeat via results connection: last_result_beat=1688405209.5894754 heartbeat_period=30 seconds
2023-07-03 12:27:49.598 parsl:354 22539 Result-Pusher [INFO]  Sending heartbeat via results connection: last_result_beat=1688405239.5903473 heartbeat_period=30 seconds
2023-07-03 12:28:19.602 parsl:354 22539 Result-Pusher [INFO]  Sending heartbeat via results connection: last_result_beat=1688405269.5988593 heartbeat_period=30 seconds
2023-07-03 12:28:49.605 parsl:354 22539 Result-Pusher [INFO]  Sending heartbeat via results connection: last_result_beat=1688405299.6022987 heartbeat_period=30 seconds
2023-07-03 12:29:19.606 parsl:354 22539 Result-Pusher [INFO]  Sending heartbeat via results connection: last_result_beat=1688405329.6056826 heartbeat_period=30 seconds
2023-07-03 12:29:49.610 parsl:354 22539 Result-Pusher [INFO]  Sending heartbeat via results connection: last_result_beat=1688405359.6065717 heartbeat_period=30 seconds
2023-07-03 12:30:19.613 parsl:354 22539 Result-Pusher [INFO]  Sending heartbeat via results connection: last_result_beat=1688405389.610467 heartbeat_period=30 seconds
2023-07-03 12:30:49.614 parsl:354 22539 Result-Pusher [INFO]  Sending heartbeat via results connection: last_result_beat=1688405419.6139858 heartbeat_period=30 seconds
2023-07-03 12:31:19.622 parsl:354 22539 Result-Pusher [INFO]  Sending heartbeat via results connection: last_result_beat=1688405449.6143022 heartbeat_period=30 seconds
2023-07-03 12:31:49.624 parsl:354 22539 Result-Pusher [INFO]  Sending heartbeat via results connection: last_result_beat=1688405479.622998 heartbeat_period=30 seconds
2023-07-03 12:32:19.632 parsl:354 22539 Result-Pusher [INFO]  Sending heartbeat via results connection: last_result_beat=1688405509.62419 heartbeat_period=30 seconds
2023-07-03 12:32:49.638 parsl:354 22539 Result-Pusher [INFO]  Sending heartbeat via results connection: last_result_beat=1688405539.6328382 heartbeat_period=30 seconds
2023-07-03 12:33:19.640 parsl:354 22539 Result-Pusher [INFO]  Sending heartbeat via results connection: last_result_beat=1688405569.638249 heartbeat_period=30 seconds
2023-07-03 12:33:49.642 parsl:354 22539 Result-Pusher [INFO]  Sending heartbeat via results connection: last_result_beat=1688405599.6408212 heartbeat_period=30 seconds
2023-07-03 12:34:19.644 parsl:354 22539 Result-Pusher [INFO]  Sending heartbeat via results connection: last_result_beat=1688405629.643184 heartbeat_period=30 seconds
2023-07-03 12:34:49.650 parsl:354 22539 Result-Pusher [INFO]  Sending heartbeat via results connection: last_result_beat=1688405659.6446147 heartbeat_period=30 seconds
2023-07-03 12:35:19.661 parsl:354 22539 Result-Pusher [INFO]  Sending heartbeat via results connection: last_result_beat=1688405689.6510623 heartbeat_period=30 seconds
2023-07-03 12:35:49.666 parsl:354 22539 Result-Pusher [INFO]  Sending heartbeat via results connection: last_result_beat=1688405719.6613262 heartbeat_period=30 seconds
2023-07-03 12:36:19.672 parsl:354 22539 Result-Pusher [INFO]  Sending heartbeat via results connection: last_result_beat=1688405749.6668694 heartbeat_period=30 seconds
2023-07-03 12:36:49.672 parsl:354 22539 Result-Pusher [INFO]  Sending heartbeat via results connection: last_result_beat=1688405779.6721416 heartbeat_period=30 seconds
2023-07-03 12:37:19.680 parsl:354 22539 Result-Pusher [INFO]  Sending heartbeat via results connection: last_result_beat=1688405809.6728415 heartbeat_period=30 seconds
2023-07-03 12:37:49.690 parsl:354 22539 Result-Pusher [INFO]  Sending heartbeat via results connection: last_result_beat=1688405839.6808822 heartbeat_period=30 seconds
2023-07-03 12:38:19.696 parsl:354 22539 Result-Pusher [INFO]  Sending heartbeat via results connection: last_result_beat=1688405869.6906295 heartbeat_period=30 seconds
2023-07-03 12:38:49.698 parsl:354 22539 Result-Pusher [INFO]  Sending heartbeat via results connection: last_result_beat=1688405899.6969361 heartbeat_period=30 seconds
2023-07-03 12:39:19.701 parsl:354 22539 Result-Pusher [INFO]  Sending heartbeat via results connection: last_result_beat=1688405929.698264 heartbeat_period=30 seconds
2023-07-03 12:39:49.703 parsl:354 22539 Result-Pusher [INFO]  Sending heartbeat via results connection: last_result_beat=1688405959.701866 heartbeat_period=30 seconds
2023-07-03 12:40:19.705 parsl:354 22539 Result-Pusher [INFO]  Sending heartbeat via results connection: last_result_beat=1688405989.7031624 heartbeat_period=30 seconds
2023-07-03 12:40:49.711 parsl:354 22539 Result-Pusher [INFO]  Sending heartbeat via results connection: last_result_beat=1688406019.7060127 heartbeat_period=30 seconds
2023-07-03 12:41:19.718 parsl:354 22539 Result-Pusher [INFO]  Sending heartbeat via results connection: last_result_beat=1688406049.7120335 heartbeat_period=30 seconds
2023-07-03 12:41:49.726 parsl:354 22539 Result-Pusher [INFO]  Sending heartbeat via results connection: last_result_beat=1688406079.7186697 heartbeat_period=30 seconds
2023-07-03 12:42:19.726 parsl:354 22539 Result-Pusher [INFO]  Sending heartbeat via results connection: last_result_beat=1688406109.7262206 heartbeat_period=30 seconds
2023-07-03 12:42:49.734 parsl:354 22539 Result-Pusher [INFO]  Sending heartbeat via results connection: last_result_beat=1688406139.72668 heartbeat_period=30 seconds
2023-07-03 12:43:19.739 parsl:354 22539 Result-Pusher [INFO]  Sending heartbeat via results connection: last_result_beat=1688406169.7342541 heartbeat_period=30 seconds
2023-07-03 12:43:49.747 parsl:354 22539 Result-Pusher [INFO]  Sending heartbeat via results connection: last_result_beat=1688406199.7397575 heartbeat_period=30 seconds
2023-07-03 12:44:19.753 parsl:354 22539 Result-Pusher [INFO]  Sending heartbeat via results connection: last_result_beat=1688406229.7474263 heartbeat_period=30 seconds
2023-07-03 12:44:49.761 parsl:354 22539 Result-Pusher [INFO]  Sending heartbeat via results connection: last_result_beat=1688406259.753209 heartbeat_period=30 seconds
2023-07-03 12:45:19.768 parsl:354 22539 Result-Pusher [INFO]  Sending heartbeat via results connection: last_result_beat=1688406289.761532 heartbeat_period=30 seconds
2023-07-03 12:45:49.777 parsl:354 22539 Result-Pusher [INFO]  Sending heartbeat via results connection: last_result_beat=1688406319.7691083 heartbeat_period=30 seconds
2023-07-03 12:46:19.784 parsl:354 22539 Result-Pusher [INFO]  Sending heartbeat via results connection: last_result_beat=1688406349.7773774 heartbeat_period=30 seconds
2023-07-03 12:46:49.788 parsl:354 22539 Result-Pusher [INFO]  Sending heartbeat via results connection: last_result_beat=1688406379.784621 heartbeat_period=30 seconds
2023-07-03 12:47:19.795 parsl:354 22539 Result-Pusher [INFO]  Sending heartbeat via results connection: last_result_beat=1688406409.7883544 heartbeat_period=30 seconds
2023-07-03 12:47:49.796 parsl:354 22539 Result-Pusher [INFO]  Sending heartbeat via results connection: last_result_beat=1688406439.7960439 heartbeat_period=30 seconds
2023-07-03 12:48:19.799 parsl:354 22539 Result-Pusher [INFO]  Sending heartbeat via results connection: last_result_beat=1688406469.796346 heartbeat_period=30 seconds
2023-07-03 12:48:49.802 parsl:354 22539 Result-Pusher [INFO]  Sending heartbeat via results connection: last_result_beat=1688406499.79922 heartbeat_period=30 seconds
2023-07-03 12:49:01.193 parsl:318 22539 Task-Puller [CRITICAL]  Missing contact with interchange beyond heartbeat_threshold
2023-07-03 12:49:01.193 parsl:320 22539 Task-Puller [CRITICAL]  Exiting
2023-07-03 12:49:01.193 parsl:461 22539 MainThread [CRITICAL]  Received kill event, terminating worker processes
2023-07-03 12:49:01.197 parsl:370 22539 Result-Pusher [CRITICAL]  Exiting
2023-07-03 12:52:29.245 parsl:414 22539 worker-watchdog [CRITICAL]  Exiting
2023-07-03 12:52:29.246 parsl:468 22539 MainThread [CRITICAL]  Terminating worker <ForkProcess name='HTEX-Worker-0' pid=22549 parent=22539 started>: is_alive()=True
2023-07-03 12:52:29.330 parsl:468 22539 MainThread [CRITICAL]  Terminating worker <ForkProcess name='HTEX-Worker-1' pid=22550 parent=22539 started>: is_alive()=True
2023-07-03 12:52:29.391 parsl:468 22539 MainThread [CRITICAL]  Terminating worker <ForkProcess name='HTEX-Worker-2' pid=22552 parent=22539 started>: is_alive()=True
2023-07-03 12:52:29.473 parsl:468 22539 MainThread [CRITICAL]  Terminating worker <ForkProcess name='HTEX-Worker-3' pid=22554 parent=22539 started>: is_alive()=True
2023-07-03 12:52:29.540 parsl:468 22539 MainThread [CRITICAL]  Terminating worker <ForkProcess name='HTEX-Worker-4' pid=22556 parent=22539 started>: is_alive()=True
2023-07-03 12:52:29.616 parsl:468 22539 MainThread [CRITICAL]  Terminating worker <ForkProcess name='HTEX-Worker-5' pid=22560 parent=22539 started>: is_alive()=True
2023-07-03 12:52:29.680 parsl:468 22539 MainThread [CRITICAL]  Terminating worker <ForkProcess name='HTEX-Worker-6' pid=22563 parent=22539 started>: is_alive()=True
2023-07-03 12:52:29.738 parsl:468 22539 MainThread [CRITICAL]  Terminating worker <ForkProcess name='HTEX-Worker-7' pid=22566 parent=22539 started>: is_alive()=True
2023-07-03 12:52:29.799 parsl:468 22539 MainThread [CRITICAL]  Terminating worker <ForkProcess name='HTEX-Worker-8' pid=22569 parent=22539 started>: is_alive()=True
2023-07-03 12:52:29.863 parsl:468 22539 MainThread [CRITICAL]  Terminating worker <ForkProcess name='HTEX-Worker-9' pid=22572 parent=22539 started>: is_alive()=True
2023-07-03 12:52:29.917 parsl:468 22539 MainThread [CRITICAL]  Terminating worker <ForkProcess name='HTEX-Worker-10' pid=22575 parent=22539 started>: is_alive()=True
2023-07-03 12:52:30.010 parsl:468 22539 MainThread [CRITICAL]  Terminating worker <ForkProcess name='HTEX-Worker-11' pid=22578 parent=22539 started>: is_alive()=True
2023-07-03 12:52:30.093 parsl:468 22539 MainThread [CRITICAL]  Terminating worker <ForkProcess name='HTEX-Worker-12' pid=22581 parent=22539 started>: is_alive()=True
2023-07-03 12:52:30.176 parsl:468 22539 MainThread [CRITICAL]  Terminating worker <ForkProcess name='HTEX-Worker-13' pid=22584 parent=22539 started>: is_alive()=True
2023-07-03 12:52:30.259 parsl:468 22539 MainThread [CRITICAL]  Terminating worker <ForkProcess name='HTEX-Worker-14' pid=22587 parent=22539 started>: is_alive()=True
2023-07-03 12:52:30.350 parsl:468 22539 MainThread [CRITICAL]  Terminating worker <ForkProcess name='HTEX-Worker-15' pid=22590 parent=22539 started>: is_alive()=True
2023-07-03 12:52:30.440 parsl:477 22539 MainThread [INFO]  process_worker_pool ran for 13452.964365005493 seconds
2023-07-03 12:52:30.440 parsl:733 22539 MainThread [INFO]  Process worker pool exiting normally
