2023-07-03 09:08:17.508 worker_log:538 22584 MainThread [INFO]  Worker 13 started
2023-07-03 09:10:01.820 worker_log:584 22584 MainThread [INFO]  Received executor task 14
2023-07-03 09:11:18.237 worker_log:602 22584 MainThread [INFO]  Completed executor task 14
2023-07-03 09:11:18.238 worker_log:613 22584 MainThread [INFO]  All processing finished for executor task 14
2023-07-03 09:11:32.723 worker_log:584 22584 MainThread [INFO]  Received executor task 39
2023-07-03 09:12:06.647 worker_log:602 22584 MainThread [INFO]  Completed executor task 39
2023-07-03 09:12:06.648 worker_log:613 22584 MainThread [INFO]  All processing finished for executor task 39
2023-07-03 09:12:06.659 worker_log:584 22584 MainThread [INFO]  Received executor task 51
2023-07-03 09:13:50.037 worker_log:602 22584 MainThread [INFO]  Completed executor task 51
2023-07-03 09:13:50.037 worker_log:613 22584 MainThread [INFO]  All processing finished for executor task 51
2023-07-03 09:14:00.682 worker_log:584 22584 MainThread [INFO]  Received executor task 83
2023-07-03 09:15:07.010 worker_log:602 22584 MainThread [INFO]  Completed executor task 83
2023-07-03 09:15:07.010 worker_log:613 22584 MainThread [INFO]  All processing finished for executor task 83
2023-07-03 09:16:06.702 worker_log:584 22584 MainThread [INFO]  Received executor task 99
2023-07-03 09:17:07.587 worker_log:602 22584 MainThread [INFO]  Completed executor task 99
2023-07-03 09:17:07.587 worker_log:613 22584 MainThread [INFO]  All processing finished for executor task 99
2023-07-03 09:17:38.658 worker_log:584 22584 MainThread [INFO]  Received executor task 119
2023-07-03 09:18:16.311 worker_log:602 22584 MainThread [INFO]  Completed executor task 119
2023-07-03 09:18:16.311 worker_log:613 22584 MainThread [INFO]  All processing finished for executor task 119
2023-07-03 09:20:07.796 worker_log:584 22584 MainThread [INFO]  Received executor task 143
2023-07-03 09:21:14.469 worker_log:602 22584 MainThread [INFO]  Completed executor task 143
2023-07-03 09:21:14.470 worker_log:613 22584 MainThread [INFO]  All processing finished for executor task 143
2023-07-03 09:24:08.696 worker_log:584 22584 MainThread [INFO]  Received executor task 159
2023-07-03 09:24:16.957 worker_log:602 22584 MainThread [INFO]  Completed executor task 159
2023-07-03 09:24:16.957 worker_log:613 22584 MainThread [INFO]  All processing finished for executor task 159
2023-07-03 09:24:37.763 worker_log:584 22584 MainThread [INFO]  Received executor task 168
2023-07-03 09:25:41.110 worker_log:602 22584 MainThread [INFO]  Completed executor task 168
2023-07-03 09:25:41.111 worker_log:613 22584 MainThread [INFO]  All processing finished for executor task 168
2023-07-03 09:26:06.694 worker_log:584 22584 MainThread [INFO]  Received executor task 182
2023-07-03 09:26:16.970 worker_log:602 22584 MainThread [INFO]  Completed executor task 182
2023-07-03 09:26:16.970 worker_log:613 22584 MainThread [INFO]  All processing finished for executor task 182
2023-07-03 09:26:34.713 worker_log:584 22584 MainThread [INFO]  Received executor task 199
2023-07-03 09:27:20.313 worker_log:602 22584 MainThread [INFO]  Completed executor task 199
2023-07-03 09:27:20.314 worker_log:613 22584 MainThread [INFO]  All processing finished for executor task 199
2023-07-03 09:27:34.705 worker_log:584 22584 MainThread [INFO]  Received executor task 219
2023-07-03 09:27:51.873 worker_log:602 22584 MainThread [INFO]  Completed executor task 219
2023-07-03 09:27:51.873 worker_log:613 22584 MainThread [INFO]  All processing finished for executor task 219
2023-07-03 09:29:00.672 worker_log:584 22584 MainThread [INFO]  Received executor task 230
2023-07-03 09:29:47.617 worker_log:602 22584 MainThread [INFO]  Completed executor task 230
2023-07-03 09:29:47.618 worker_log:613 22584 MainThread [INFO]  All processing finished for executor task 230
2023-07-03 09:29:59.689 worker_log:584 22584 MainThread [INFO]  Received executor task 256
2023-07-03 09:31:03.366 worker_log:602 22584 MainThread [INFO]  Completed executor task 256
2023-07-03 09:31:03.367 worker_log:613 22584 MainThread [INFO]  All processing finished for executor task 256
2023-07-03 09:33:54.697 worker_log:584 22584 MainThread [INFO]  Received executor task 272
2023-07-03 09:34:27.058 worker_log:602 22584 MainThread [INFO]  Completed executor task 272
2023-07-03 09:34:27.058 worker_log:613 22584 MainThread [INFO]  All processing finished for executor task 272
2023-07-03 09:34:54.667 worker_log:584 22584 MainThread [INFO]  Received executor task 288
2023-07-03 09:35:30.721 worker_log:602 22584 MainThread [INFO]  Completed executor task 288
2023-07-03 09:35:30.721 worker_log:613 22584 MainThread [INFO]  All processing finished for executor task 288
2023-07-03 09:36:49.731 worker_log:584 22584 MainThread [INFO]  Received executor task 308
2023-07-03 09:37:17.078 worker_log:602 22584 MainThread [INFO]  Completed executor task 308
2023-07-03 09:37:17.079 worker_log:613 22584 MainThread [INFO]  All processing finished for executor task 308
2023-07-03 09:37:46.671 worker_log:584 22584 MainThread [INFO]  Received executor task 328
2023-07-03 09:38:41.175 worker_log:602 22584 MainThread [INFO]  Completed executor task 328
2023-07-03 09:38:41.176 worker_log:613 22584 MainThread [INFO]  All processing finished for executor task 328
2023-07-03 09:39:48.690 worker_log:584 22584 MainThread [INFO]  Received executor task 353
2023-07-03 09:40:12.345 worker_log:602 22584 MainThread [INFO]  Completed executor task 353
2023-07-03 09:40:12.346 worker_log:613 22584 MainThread [INFO]  All processing finished for executor task 353
2023-07-03 09:42:00.713 worker_log:584 22584 MainThread [INFO]  Received executor task 367
2023-07-03 09:42:18.100 worker_log:602 22584 MainThread [INFO]  Completed executor task 367
2023-07-03 09:42:18.101 worker_log:613 22584 MainThread [INFO]  All processing finished for executor task 367
2023-07-03 09:44:04.685 worker_log:584 22584 MainThread [INFO]  Received executor task 379
2023-07-03 09:44:35.108 worker_log:602 22584 MainThread [INFO]  Completed executor task 379
2023-07-03 09:44:35.109 worker_log:613 22584 MainThread [INFO]  All processing finished for executor task 379
2023-07-03 09:46:09.701 worker_log:584 22584 MainThread [INFO]  Received executor task 400
2023-07-03 09:47:19.974 worker_log:602 22584 MainThread [INFO]  Completed executor task 400
2023-07-03 09:47:19.974 worker_log:613 22584 MainThread [INFO]  All processing finished for executor task 400
2023-07-03 09:48:09.807 worker_log:584 22584 MainThread [INFO]  Received executor task 424
2023-07-03 09:48:38.390 worker_log:602 22584 MainThread [INFO]  Completed executor task 424
2023-07-03 09:48:38.391 worker_log:613 22584 MainThread [INFO]  All processing finished for executor task 424
2023-07-03 09:48:39.697 worker_log:584 22584 MainThread [INFO]  Received executor task 434
2023-07-03 09:49:24.086 worker_log:602 22584 MainThread [INFO]  Completed executor task 434
2023-07-03 09:49:24.086 worker_log:613 22584 MainThread [INFO]  All processing finished for executor task 434
2023-07-03 09:49:37.684 worker_log:584 22584 MainThread [INFO]  Received executor task 454
2023-07-03 09:50:05.724 worker_log:602 22584 MainThread [INFO]  Completed executor task 454
2023-07-03 09:50:05.725 worker_log:613 22584 MainThread [INFO]  All processing finished for executor task 454
2023-07-03 09:50:08.714 worker_log:584 22584 MainThread [INFO]  Received executor task 468
2023-07-03 09:50:30.531 worker_log:602 22584 MainThread [INFO]  Completed executor task 468
2023-07-03 09:50:30.532 worker_log:613 22584 MainThread [INFO]  All processing finished for executor task 468
2023-07-03 09:50:37.696 worker_log:584 22584 MainThread [INFO]  Received executor task 477
2023-07-03 09:51:34.377 worker_log:602 22584 MainThread [INFO]  Completed executor task 477
2023-07-03 09:51:34.378 worker_log:613 22584 MainThread [INFO]  All processing finished for executor task 477
2023-07-03 09:52:04.707 worker_log:584 22584 MainThread [INFO]  Received executor task 500
2023-07-03 09:52:30.805 worker_log:602 22584 MainThread [INFO]  Completed executor task 500
2023-07-03 09:52:30.805 worker_log:613 22584 MainThread [INFO]  All processing finished for executor task 500
2023-07-03 09:53:03.697 worker_log:584 22584 MainThread [INFO]  Received executor task 513
2023-07-03 09:53:40.349 worker_log:602 22584 MainThread [INFO]  Completed executor task 513
2023-07-03 09:53:40.350 worker_log:613 22584 MainThread [INFO]  All processing finished for executor task 513
2023-07-03 09:53:40.362 worker_log:584 22584 MainThread [INFO]  Received executor task 526
2023-07-03 09:54:08.101 worker_log:602 22584 MainThread [INFO]  Completed executor task 526
2023-07-03 09:54:08.102 worker_log:613 22584 MainThread [INFO]  All processing finished for executor task 526
2023-07-03 09:55:29.705 worker_log:584 22584 MainThread [INFO]  Received executor task 535
2023-07-03 09:56:32.087 worker_log:602 22584 MainThread [INFO]  Completed executor task 535
2023-07-03 09:56:32.087 worker_log:613 22584 MainThread [INFO]  All processing finished for executor task 535
2023-07-03 09:56:35.699 worker_log:584 22584 MainThread [INFO]  Received executor task 548
2023-07-03 09:57:48.651 worker_log:602 22584 MainThread [INFO]  Completed executor task 548
2023-07-03 09:57:48.651 worker_log:613 22584 MainThread [INFO]  All processing finished for executor task 548
2023-07-03 09:58:40.701 worker_log:584 22584 MainThread [INFO]  Received executor task 576
2023-07-03 09:59:02.384 worker_log:602 22584 MainThread [INFO]  Completed executor task 576
2023-07-03 09:59:02.384 worker_log:613 22584 MainThread [INFO]  All processing finished for executor task 576
2023-07-03 10:01:51.720 worker_log:584 22584 MainThread [INFO]  Received executor task 593
2023-07-03 10:02:44.371 worker_log:602 22584 MainThread [INFO]  Completed executor task 593
2023-07-03 10:02:44.372 worker_log:613 22584 MainThread [INFO]  All processing finished for executor task 593
2023-07-03 10:02:53.679 worker_log:584 22584 MainThread [INFO]  Received executor task 615
2023-07-03 10:03:21.829 worker_log:602 22584 MainThread [INFO]  Completed executor task 615
2023-07-03 10:03:21.830 worker_log:613 22584 MainThread [INFO]  All processing finished for executor task 615
2023-07-03 10:04:19.709 worker_log:584 22584 MainThread [INFO]  Received executor task 627
2023-07-03 10:04:43.562 worker_log:602 22584 MainThread [INFO]  Completed executor task 627
2023-07-03 10:04:43.563 worker_log:613 22584 MainThread [INFO]  All processing finished for executor task 627
2023-07-03 10:05:24.690 worker_log:584 22584 MainThread [INFO]  Received executor task 643
2023-07-03 10:06:16.471 worker_log:602 22584 MainThread [INFO]  Completed executor task 643
2023-07-03 10:06:16.472 worker_log:613 22584 MainThread [INFO]  All processing finished for executor task 643
2023-07-03 10:06:54.711 worker_log:584 22584 MainThread [INFO]  Received executor task 663
2023-07-03 10:07:51.326 worker_log:602 22584 MainThread [INFO]  Completed executor task 663
2023-07-03 10:07:51.327 worker_log:613 22584 MainThread [INFO]  All processing finished for executor task 663
2023-07-03 10:08:23.689 worker_log:584 22584 MainThread [INFO]  Received executor task 683
2023-07-03 10:09:21.713 worker_log:602 22584 MainThread [INFO]  Completed executor task 683
2023-07-03 10:09:21.714 worker_log:613 22584 MainThread [INFO]  All processing finished for executor task 683
2023-07-03 10:09:52.710 worker_log:584 22584 MainThread [INFO]  Received executor task 698
2023-07-03 10:10:14.585 worker_log:602 22584 MainThread [INFO]  Completed executor task 698
2023-07-03 10:10:14.586 worker_log:613 22584 MainThread [INFO]  All processing finished for executor task 698
2023-07-03 10:11:48.710 worker_log:584 22584 MainThread [INFO]  Received executor task 708
2023-07-03 10:12:32.880 worker_log:602 22584 MainThread [INFO]  Completed executor task 708
2023-07-03 10:12:32.881 worker_log:613 22584 MainThread [INFO]  All processing finished for executor task 708
2023-07-03 10:13:44.704 worker_log:584 22584 MainThread [INFO]  Received executor task 728
2023-07-03 10:15:10.875 worker_log:602 22584 MainThread [INFO]  Completed executor task 728
2023-07-03 10:15:10.876 worker_log:613 22584 MainThread [INFO]  All processing finished for executor task 728
2023-07-03 10:15:12.697 worker_log:584 22584 MainThread [INFO]  Received executor task 744
2023-07-03 10:15:47.728 worker_log:602 22584 MainThread [INFO]  Completed executor task 744
2023-07-03 10:15:47.729 worker_log:613 22584 MainThread [INFO]  All processing finished for executor task 744
2023-07-03 10:15:48.708 worker_log:584 22584 MainThread [INFO]  Received executor task 757
2023-07-03 10:16:06.472 worker_log:602 22584 MainThread [INFO]  Completed executor task 757
2023-07-03 10:16:06.473 worker_log:613 22584 MainThread [INFO]  All processing finished for executor task 757
2023-07-03 10:16:17.701 worker_log:584 22584 MainThread [INFO]  Received executor task 766
2023-07-03 10:17:06.567 worker_log:602 22584 MainThread [INFO]  Completed executor task 766
2023-07-03 10:17:06.567 worker_log:613 22584 MainThread [INFO]  All processing finished for executor task 766
2023-07-03 10:17:52.685 worker_log:584 22584 MainThread [INFO]  Received executor task 779
2023-07-03 10:17:59.210 worker_log:602 22584 MainThread [INFO]  Completed executor task 779
2023-07-03 10:17:59.211 worker_log:613 22584 MainThread [INFO]  All processing finished for executor task 779
2023-07-03 10:18:22.709 worker_log:584 22584 MainThread [INFO]  Received executor task 797
2023-07-03 10:18:55.640 worker_log:602 22584 MainThread [INFO]  Completed executor task 797
2023-07-03 10:18:55.640 worker_log:613 22584 MainThread [INFO]  All processing finished for executor task 797
2023-07-03 10:19:49.693 worker_log:584 22584 MainThread [INFO]  Received executor task 813
2023-07-03 10:21:32.403 worker_log:602 22584 MainThread [INFO]  Completed executor task 813
2023-07-03 10:21:32.404 worker_log:613 22584 MainThread [INFO]  All processing finished for executor task 813
2023-07-03 10:21:46.989 worker_log:584 22584 MainThread [INFO]  Received executor task 844
2023-07-03 10:22:46.493 worker_log:602 22584 MainThread [INFO]  Completed executor task 844
2023-07-03 10:22:46.493 worker_log:613 22584 MainThread [INFO]  All processing finished for executor task 844
2023-07-03 10:23:16.692 worker_log:584 22584 MainThread [INFO]  Received executor task 862
2023-07-03 10:23:34.136 worker_log:602 22584 MainThread [INFO]  Completed executor task 862
2023-07-03 10:23:34.136 worker_log:613 22584 MainThread [INFO]  All processing finished for executor task 862
2023-07-03 10:23:46.709 worker_log:584 22584 MainThread [INFO]  Received executor task 876
2023-07-03 10:23:55.942 worker_log:602 22584 MainThread [INFO]  Completed executor task 876
2023-07-03 10:23:55.943 worker_log:613 22584 MainThread [INFO]  All processing finished for executor task 876
2023-07-03 10:24:15.718 worker_log:584 22584 MainThread [INFO]  Received executor task 885
2023-07-03 10:25:18.691 worker_log:602 22584 MainThread [INFO]  Completed executor task 885
2023-07-03 10:25:18.691 worker_log:613 22584 MainThread [INFO]  All processing finished for executor task 885
2023-07-03 10:25:58.699 worker_log:584 22584 MainThread [INFO]  Received executor task 912
2023-07-03 10:26:48.390 worker_log:602 22584 MainThread [INFO]  Completed executor task 912
2023-07-03 10:26:48.390 worker_log:613 22584 MainThread [INFO]  All processing finished for executor task 912
2023-07-03 10:26:58.661 worker_log:584 22584 MainThread [INFO]  Received executor task 927
2023-07-03 10:27:35.176 worker_log:602 22584 MainThread [INFO]  Completed executor task 927
2023-07-03 10:27:35.176 worker_log:613 22584 MainThread [INFO]  All processing finished for executor task 927
2023-07-03 10:28:55.700 worker_log:584 22584 MainThread [INFO]  Received executor task 941
2023-07-03 10:29:19.747 worker_log:602 22584 MainThread [INFO]  Completed executor task 941
2023-07-03 10:29:19.747 worker_log:613 22584 MainThread [INFO]  All processing finished for executor task 941
2023-07-03 10:29:33.708 worker_log:584 22584 MainThread [INFO]  Received executor task 954
2023-07-03 10:30:30.092 worker_log:602 22584 MainThread [INFO]  Completed executor task 954
2023-07-03 10:30:30.092 worker_log:613 22584 MainThread [INFO]  All processing finished for executor task 954
2023-07-03 10:33:06.713 worker_log:584 22584 MainThread [INFO]  Received executor task 971
2023-07-03 10:33:36.059 worker_log:602 22584 MainThread [INFO]  Completed executor task 971
2023-07-03 10:33:36.060 worker_log:613 22584 MainThread [INFO]  All processing finished for executor task 971
2023-07-03 10:35:22.701 worker_log:584 22584 MainThread [INFO]  Received executor task 990
2023-07-03 10:35:40.121 worker_log:602 22584 MainThread [INFO]  Completed executor task 990
2023-07-03 10:35:40.122 worker_log:613 22584 MainThread [INFO]  All processing finished for executor task 990
2023-07-03 10:36:22.720 worker_log:584 22584 MainThread [INFO]  Received executor task 1002
2023-07-03 10:36:48.961 worker_log:602 22584 MainThread [INFO]  Completed executor task 1002
2023-07-03 10:36:48.961 worker_log:613 22584 MainThread [INFO]  All processing finished for executor task 1002
2023-07-03 10:37:20.724 worker_log:584 22584 MainThread [INFO]  Received executor task 1017
2023-07-03 10:37:29.212 worker_log:602 22584 MainThread [INFO]  Completed executor task 1017
2023-07-03 10:37:29.212 worker_log:613 22584 MainThread [INFO]  All processing finished for executor task 1017
2023-07-03 10:38:18.698 worker_log:584 22584 MainThread [INFO]  Received executor task 1038
2023-07-03 10:38:53.739 worker_log:602 22584 MainThread [INFO]  Completed executor task 1038
2023-07-03 10:38:53.739 worker_log:613 22584 MainThread [INFO]  All processing finished for executor task 1038
2023-07-03 10:40:03.713 worker_log:584 22584 MainThread [INFO]  Received executor task 1054
2023-07-03 10:40:34.687 worker_log:602 22584 MainThread [INFO]  Completed executor task 1054
2023-07-03 10:40:34.687 worker_log:613 22584 MainThread [INFO]  All processing finished for executor task 1054
2023-07-03 10:42:33.689 worker_log:584 22584 MainThread [INFO]  Received executor task 1069
2023-07-03 10:43:09.751 worker_log:602 22584 MainThread [INFO]  Completed executor task 1069
2023-07-03 10:43:09.752 worker_log:613 22584 MainThread [INFO]  All processing finished for executor task 1069
2023-07-03 10:43:33.742 worker_log:584 22584 MainThread [INFO]  Received executor task 1086
2023-07-03 10:44:01.245 worker_log:602 22584 MainThread [INFO]  Completed executor task 1086
2023-07-03 10:44:01.246 worker_log:613 22584 MainThread [INFO]  All processing finished for executor task 1086
2023-07-03 10:44:02.697 worker_log:584 22584 MainThread [INFO]  Received executor task 1101
2023-07-03 10:45:00.148 worker_log:602 22584 MainThread [INFO]  Completed executor task 1101
2023-07-03 10:45:00.148 worker_log:613 22584 MainThread [INFO]  All processing finished for executor task 1101
2023-07-03 10:45:41.692 worker_log:584 22584 MainThread [INFO]  Received executor task 1118
2023-07-03 10:46:24.565 worker_log:602 22584 MainThread [INFO]  Completed executor task 1118
2023-07-03 10:46:24.566 worker_log:613 22584 MainThread [INFO]  All processing finished for executor task 1118
2023-07-03 10:46:41.697 worker_log:584 22584 MainThread [INFO]  Received executor task 1139
2023-07-03 10:47:20.544 worker_log:602 22584 MainThread [INFO]  Completed executor task 1139
2023-07-03 10:47:20.545 worker_log:613 22584 MainThread [INFO]  All processing finished for executor task 1139
2023-07-03 10:48:15.711 worker_log:584 22584 MainThread [INFO]  Received executor task 1151
2023-07-03 10:48:39.203 worker_log:602 22584 MainThread [INFO]  Completed executor task 1151
2023-07-03 10:48:39.203 worker_log:613 22584 MainThread [INFO]  All processing finished for executor task 1151
2023-07-03 10:49:14.714 worker_log:584 22584 MainThread [INFO]  Received executor task 1172
2023-07-03 10:49:56.969 worker_log:602 22584 MainThread [INFO]  Completed executor task 1172
2023-07-03 10:49:56.969 worker_log:613 22584 MainThread [INFO]  All processing finished for executor task 1172
2023-07-03 10:50:11.728 worker_log:584 22584 MainThread [INFO]  Received executor task 1193
2023-07-03 10:50:58.412 worker_log:602 22584 MainThread [INFO]  Completed executor task 1193
2023-07-03 10:50:58.412 worker_log:613 22584 MainThread [INFO]  All processing finished for executor task 1193
2023-07-03 10:51:10.727 worker_log:584 22584 MainThread [INFO]  Received executor task 1210
2023-07-03 10:51:29.344 worker_log:602 22584 MainThread [INFO]  Completed executor task 1210
2023-07-03 10:51:29.344 worker_log:613 22584 MainThread [INFO]  All processing finished for executor task 1210
2023-07-03 10:54:09.709 worker_log:584 22584 MainThread [INFO]  Received executor task 1227
2023-07-03 10:54:28.251 worker_log:602 22584 MainThread [INFO]  Completed executor task 1227
2023-07-03 10:54:28.251 worker_log:613 22584 MainThread [INFO]  All processing finished for executor task 1227
2023-07-03 10:55:06.712 worker_log:584 22584 MainThread [INFO]  Received executor task 1236
2023-07-03 10:55:44.247 worker_log:602 22584 MainThread [INFO]  Completed executor task 1236
2023-07-03 10:55:44.248 worker_log:613 22584 MainThread [INFO]  All processing finished for executor task 1236
2023-07-03 10:56:41.691 worker_log:584 22584 MainThread [INFO]  Received executor task 1250
2023-07-03 10:57:01.658 worker_log:602 22584 MainThread [INFO]  Completed executor task 1250
2023-07-03 10:57:01.658 worker_log:613 22584 MainThread [INFO]  All processing finished for executor task 1250
2023-07-03 10:57:10.724 worker_log:584 22584 MainThread [INFO]  Received executor task 1265
2023-07-03 10:58:11.078 worker_log:602 22584 MainThread [INFO]  Completed executor task 1265
2023-07-03 10:58:11.078 worker_log:613 22584 MainThread [INFO]  All processing finished for executor task 1265
2023-07-03 10:58:38.710 worker_log:584 22584 MainThread [INFO]  Received executor task 1291
2023-07-03 10:58:53.979 worker_log:602 22584 MainThread [INFO]  Completed executor task 1291
2023-07-03 10:58:53.979 worker_log:613 22584 MainThread [INFO]  All processing finished for executor task 1291
2023-07-03 10:59:06.690 worker_log:584 22584 MainThread [INFO]  Received executor task 1303
2023-07-03 10:59:27.192 worker_log:602 22584 MainThread [INFO]  Completed executor task 1303
2023-07-03 10:59:27.192 worker_log:613 22584 MainThread [INFO]  All processing finished for executor task 1303
2023-07-03 10:59:56.707 worker_log:584 22584 MainThread [INFO]  Received executor task 1315
2023-07-03 11:00:20.711 worker_log:602 22584 MainThread [INFO]  Completed executor task 1315
2023-07-03 11:00:20.712 worker_log:613 22584 MainThread [INFO]  All processing finished for executor task 1315
2023-07-03 11:01:24.699 worker_log:584 22584 MainThread [INFO]  Received executor task 1331
2023-07-03 11:01:47.536 worker_log:602 22584 MainThread [INFO]  Completed executor task 1331
2023-07-03 11:01:47.536 worker_log:613 22584 MainThread [INFO]  All processing finished for executor task 1331
2023-07-03 11:01:54.724 worker_log:584 22584 MainThread [INFO]  Received executor task 1345
2023-07-03 11:02:08.210 worker_log:602 22584 MainThread [INFO]  Completed executor task 1345
2023-07-03 11:02:08.210 worker_log:613 22584 MainThread [INFO]  All processing finished for executor task 1345
2023-07-03 11:02:23.705 worker_log:584 22584 MainThread [INFO]  Received executor task 1356
2023-07-03 11:03:04.607 worker_log:602 22584 MainThread [INFO]  Completed executor task 1356
2023-07-03 11:03:04.608 worker_log:613 22584 MainThread [INFO]  All processing finished for executor task 1356
2023-07-03 11:03:04.621 worker_log:584 22584 MainThread [INFO]  Received executor task 1365
2023-07-03 11:03:59.879 worker_log:602 22584 MainThread [INFO]  Completed executor task 1365
2023-07-03 11:03:59.880 worker_log:613 22584 MainThread [INFO]  All processing finished for executor task 1365
2023-07-03 11:03:59.891 worker_log:584 22584 MainThread [INFO]  Received executor task 1381
2023-07-03 11:04:19.609 worker_log:602 22584 MainThread [INFO]  Completed executor task 1381
2023-07-03 11:04:19.609 worker_log:613 22584 MainThread [INFO]  All processing finished for executor task 1381
2023-07-03 11:04:19.620 worker_log:584 22584 MainThread [INFO]  Received executor task 1390
2023-07-03 11:04:32.739 worker_log:602 22584 MainThread [INFO]  Completed executor task 1390
2023-07-03 11:04:32.740 worker_log:613 22584 MainThread [INFO]  All processing finished for executor task 1390
2023-07-03 11:04:47.696 worker_log:584 22584 MainThread [INFO]  Received executor task 1400
2023-07-03 11:05:18.740 worker_log:602 22584 MainThread [INFO]  Completed executor task 1400
2023-07-03 11:05:18.740 worker_log:613 22584 MainThread [INFO]  All processing finished for executor task 1400
2023-07-03 11:05:51.697 worker_log:584 22584 MainThread [INFO]  Received executor task 1420
2023-07-03 11:06:01.261 worker_log:602 22584 MainThread [INFO]  Completed executor task 1420
2023-07-03 11:06:01.261 worker_log:613 22584 MainThread [INFO]  All processing finished for executor task 1420
2023-07-03 11:06:21.707 worker_log:584 22584 MainThread [INFO]  Received executor task 1435
2023-07-03 11:06:54.229 worker_log:602 22584 MainThread [INFO]  Completed executor task 1435
2023-07-03 11:06:54.229 worker_log:613 22584 MainThread [INFO]  All processing finished for executor task 1435
2023-07-03 11:06:54.240 worker_log:584 22584 MainThread [INFO]  Received executor task 1448
2023-07-03 11:07:50.519 worker_log:602 22584 MainThread [INFO]  Completed executor task 1448
2023-07-03 11:07:50.519 worker_log:613 22584 MainThread [INFO]  All processing finished for executor task 1448
2023-07-03 11:08:51.717 worker_log:584 22584 MainThread [INFO]  Received executor task 1467
2023-07-03 11:09:24.011 worker_log:602 22584 MainThread [INFO]  Completed executor task 1467
2023-07-03 11:09:24.012 worker_log:613 22584 MainThread [INFO]  All processing finished for executor task 1467
2023-07-03 11:09:50.678 worker_log:584 22584 MainThread [INFO]  Received executor task 1481
2023-07-03 11:11:24.898 worker_log:602 22584 MainThread [INFO]  Completed executor task 1481
2023-07-03 11:11:24.899 worker_log:613 22584 MainThread [INFO]  All processing finished for executor task 1481
2023-07-03 11:12:31.752 worker_log:584 22584 MainThread [INFO]  Received executor task 1497
2023-07-03 11:12:41.598 worker_log:602 22584 MainThread [INFO]  Completed executor task 1497
2023-07-03 11:12:41.598 worker_log:613 22584 MainThread [INFO]  All processing finished for executor task 1497
2023-07-03 11:13:32.713 worker_log:584 22584 MainThread [INFO]  Received executor task 1509
2023-07-03 11:14:03.870 worker_log:602 22584 MainThread [INFO]  Completed executor task 1509
2023-07-03 11:14:03.870 worker_log:613 22584 MainThread [INFO]  All processing finished for executor task 1509
2023-07-03 11:14:29.733 worker_log:584 22584 MainThread [INFO]  Received executor task 1525
2023-07-03 11:14:38.602 worker_log:602 22584 MainThread [INFO]  Completed executor task 1525
2023-07-03 11:14:38.603 worker_log:613 22584 MainThread [INFO]  All processing finished for executor task 1525
2023-07-03 11:15:27.700 worker_log:584 22584 MainThread [INFO]  Received executor task 1541
2023-07-03 11:16:13.744 worker_log:602 22584 MainThread [INFO]  Completed executor task 1541
2023-07-03 11:16:13.744 worker_log:613 22584 MainThread [INFO]  All processing finished for executor task 1541
2023-07-03 11:16:13.755 worker_log:584 22584 MainThread [INFO]  Received executor task 1553
2023-07-03 11:22:13.676 worker_log:602 22584 MainThread [INFO]  Completed executor task 1553
2023-07-03 11:22:13.677 worker_log:613 22584 MainThread [INFO]  All processing finished for executor task 1553
2023-07-03 11:22:38.698 worker_log:584 22584 MainThread [INFO]  Received executor task 1658
2023-07-03 11:23:20.535 worker_log:602 22584 MainThread [INFO]  Completed executor task 1658
2023-07-03 11:23:20.535 worker_log:613 22584 MainThread [INFO]  All processing finished for executor task 1658
2023-07-03 11:23:37.701 worker_log:584 22584 MainThread [INFO]  Received executor task 1675
2023-07-03 11:23:48.062 worker_log:602 22584 MainThread [INFO]  Completed executor task 1675
2023-07-03 11:23:48.062 worker_log:613 22584 MainThread [INFO]  All processing finished for executor task 1675
2023-07-03 11:24:04.710 worker_log:584 22584 MainThread [INFO]  Received executor task 1686
2023-07-03 11:24:16.232 worker_log:602 22584 MainThread [INFO]  Completed executor task 1686
2023-07-03 11:24:16.233 worker_log:613 22584 MainThread [INFO]  All processing finished for executor task 1686
2023-07-03 11:24:32.720 worker_log:584 22584 MainThread [INFO]  Received executor task 1696
2023-07-03 11:24:54.846 worker_log:602 22584 MainThread [INFO]  Completed executor task 1696
2023-07-03 11:24:54.847 worker_log:613 22584 MainThread [INFO]  All processing finished for executor task 1696
2023-07-03 11:26:04.701 worker_log:584 22584 MainThread [INFO]  Received executor task 1712
2023-07-03 11:26:43.934 worker_log:602 22584 MainThread [INFO]  Completed executor task 1712
2023-07-03 11:26:43.934 worker_log:613 22584 MainThread [INFO]  All processing finished for executor task 1712
2023-07-03 11:27:32.807 worker_log:584 22584 MainThread [INFO]  Received executor task 1734
2023-07-03 11:28:35.536 worker_log:602 22584 MainThread [INFO]  Completed executor task 1734
2023-07-03 11:28:35.537 worker_log:613 22584 MainThread [INFO]  All processing finished for executor task 1734
2023-07-03 11:28:35.548 worker_log:584 22584 MainThread [INFO]  Received executor task 1753
2023-07-03 11:28:46.576 worker_log:602 22584 MainThread [INFO]  Completed executor task 1753
2023-07-03 11:28:46.576 worker_log:613 22584 MainThread [INFO]  All processing finished for executor task 1753
2023-07-03 11:28:46.587 worker_log:584 22584 MainThread [INFO]  Received executor task 1758
2023-07-03 11:29:13.757 worker_log:602 22584 MainThread [INFO]  Completed executor task 1758
2023-07-03 11:29:13.758 worker_log:613 22584 MainThread [INFO]  All processing finished for executor task 1758
2023-07-03 11:29:13.769 worker_log:584 22584 MainThread [INFO]  Received executor task 1770
2023-07-03 11:29:40.061 worker_log:602 22584 MainThread [INFO]  Completed executor task 1770
2023-07-03 11:29:40.062 worker_log:613 22584 MainThread [INFO]  All processing finished for executor task 1770
2023-07-03 11:30:00.729 worker_log:584 22584 MainThread [INFO]  Received executor task 1787
2023-07-03 11:30:17.638 worker_log:602 22584 MainThread [INFO]  Completed executor task 1787
2023-07-03 11:30:17.638 worker_log:613 22584 MainThread [INFO]  All processing finished for executor task 1787
2023-07-03 11:32:58.699 worker_log:584 22584 MainThread [INFO]  Received executor task 1800
2023-07-03 11:33:46.916 worker_log:602 22584 MainThread [INFO]  Completed executor task 1800
2023-07-03 11:33:46.916 worker_log:613 22584 MainThread [INFO]  All processing finished for executor task 1800
2023-07-03 11:34:01.662 worker_log:584 22584 MainThread [INFO]  Received executor task 1813
2023-07-03 11:34:26.964 worker_log:602 22584 MainThread [INFO]  Completed executor task 1813
2023-07-03 11:34:26.964 worker_log:613 22584 MainThread [INFO]  All processing finished for executor task 1813
2023-07-03 11:34:31.743 worker_log:584 22584 MainThread [INFO]  Received executor task 1827
2023-07-03 11:34:51.035 worker_log:602 22584 MainThread [INFO]  Completed executor task 1827
2023-07-03 11:34:51.036 worker_log:613 22584 MainThread [INFO]  All processing finished for executor task 1827
2023-07-03 11:35:00.766 worker_log:584 22584 MainThread [INFO]  Received executor task 1840
2023-07-03 11:35:25.744 worker_log:602 22584 MainThread [INFO]  Completed executor task 1840
2023-07-03 11:35:25.745 worker_log:613 22584 MainThread [INFO]  All processing finished for executor task 1840
2023-07-03 11:36:56.685 worker_log:584 22584 MainThread [INFO]  Received executor task 1855
2023-07-03 11:37:32.424 worker_log:602 22584 MainThread [INFO]  Completed executor task 1855
2023-07-03 11:37:32.424 worker_log:613 22584 MainThread [INFO]  All processing finished for executor task 1855
2023-07-03 11:37:54.710 worker_log:584 22584 MainThread [INFO]  Received executor task 1875
2023-07-03 11:38:27.932 worker_log:602 22584 MainThread [INFO]  Completed executor task 1875
2023-07-03 11:38:27.932 worker_log:613 22584 MainThread [INFO]  All processing finished for executor task 1875
2023-07-03 11:38:51.658 worker_log:584 22584 MainThread [INFO]  Received executor task 1893
2023-07-03 11:40:05.926 worker_log:602 22584 MainThread [INFO]  Completed executor task 1893
2023-07-03 11:40:05.927 worker_log:613 22584 MainThread [INFO]  All processing finished for executor task 1893
2023-07-03 11:40:58.723 worker_log:584 22584 MainThread [INFO]  Received executor task 1926
2023-07-03 11:41:10.246 worker_log:602 22584 MainThread [INFO]  Completed executor task 1926
2023-07-03 11:41:10.247 worker_log:613 22584 MainThread [INFO]  All processing finished for executor task 1926
2023-07-03 11:41:26.814 worker_log:584 22584 MainThread [INFO]  Received executor task 1943
2023-07-03 11:41:48.380 worker_log:602 22584 MainThread [INFO]  Completed executor task 1943
2023-07-03 11:41:48.380 worker_log:613 22584 MainThread [INFO]  All processing finished for executor task 1943
2023-07-03 11:42:23.735 worker_log:584 22584 MainThread [INFO]  Received executor task 1959
2023-07-03 11:42:30.801 worker_log:602 22584 MainThread [INFO]  Completed executor task 1959
2023-07-03 11:42:30.801 worker_log:613 22584 MainThread [INFO]  All processing finished for executor task 1959
2023-07-03 11:42:53.722 worker_log:584 22584 MainThread [INFO]  Received executor task 1972
2023-07-03 11:43:29.335 worker_log:602 22584 MainThread [INFO]  Completed executor task 1972
2023-07-03 11:43:29.336 worker_log:613 22584 MainThread [INFO]  All processing finished for executor task 1972
2023-07-03 11:43:56.704 worker_log:584 22584 MainThread [INFO]  Received executor task 1989
2023-07-03 11:44:11.534 worker_log:602 22584 MainThread [INFO]  Completed executor task 1989
2023-07-03 11:44:11.534 worker_log:613 22584 MainThread [INFO]  All processing finished for executor task 1989
2023-07-03 11:44:52.731 worker_log:584 22584 MainThread [INFO]  Received executor task 2003
2023-07-03 11:45:47.493 worker_log:602 22584 MainThread [INFO]  Completed executor task 2003
2023-07-03 11:45:47.493 worker_log:613 22584 MainThread [INFO]  All processing finished for executor task 2003
2023-07-03 11:46:45.711 worker_log:584 22584 MainThread [INFO]  Received executor task 2029
2023-07-03 11:47:13.514 worker_log:602 22584 MainThread [INFO]  Completed executor task 2029
2023-07-03 11:47:13.515 worker_log:613 22584 MainThread [INFO]  All processing finished for executor task 2029
2023-07-03 11:47:14.702 worker_log:584 22584 MainThread [INFO]  Received executor task 2042
2023-07-03 11:47:49.894 worker_log:602 22584 MainThread [INFO]  Completed executor task 2042
2023-07-03 11:47:49.895 worker_log:613 22584 MainThread [INFO]  All processing finished for executor task 2042
2023-07-03 11:48:11.680 worker_log:584 22584 MainThread [INFO]  Received executor task 2048
2023-07-03 11:49:14.177 worker_log:602 22584 MainThread [INFO]  Completed executor task 2048
2023-07-03 11:49:14.178 worker_log:613 22584 MainThread [INFO]  All processing finished for executor task 2048
2023-07-03 11:50:03.633 worker_log:584 22584 MainThread [INFO]  Received executor task 2065
2023-07-03 11:51:20.440 worker_log:602 22584 MainThread [INFO]  Completed executor task 2065
2023-07-03 11:51:20.441 worker_log:613 22584 MainThread [INFO]  All processing finished for executor task 2065
2023-07-03 11:51:20.452 worker_log:584 22584 MainThread [INFO]  Received executor task 2085
2023-07-03 11:51:48.002 worker_log:602 22584 MainThread [INFO]  Completed executor task 2085
2023-07-03 11:51:48.002 worker_log:613 22584 MainThread [INFO]  All processing finished for executor task 2085
2023-07-03 11:51:48.013 worker_log:584 22584 MainThread [INFO]  Received executor task 2094
2023-07-03 11:52:26.435 worker_log:602 22584 MainThread [INFO]  Completed executor task 2094
2023-07-03 11:52:26.436 worker_log:613 22584 MainThread [INFO]  All processing finished for executor task 2094
2023-07-03 11:53:09.700 worker_log:584 22584 MainThread [INFO]  Received executor task 2111
2023-07-03 11:53:59.325 worker_log:602 22584 MainThread [INFO]  Completed executor task 2111
2023-07-03 11:53:59.325 worker_log:613 22584 MainThread [INFO]  All processing finished for executor task 2111
2023-07-03 11:54:13.895 worker_log:584 22584 MainThread [INFO]  Received executor task 2132
2023-07-03 11:54:42.649 worker_log:602 22584 MainThread [INFO]  Completed executor task 2132
2023-07-03 11:54:42.650 worker_log:613 22584 MainThread [INFO]  All processing finished for executor task 2132
2023-07-03 11:55:21.700 worker_log:584 22584 MainThread [INFO]  Received executor task 2148
2023-07-03 11:55:44.671 worker_log:602 22584 MainThread [INFO]  Completed executor task 2148
2023-07-03 11:55:44.671 worker_log:613 22584 MainThread [INFO]  All processing finished for executor task 2148
2023-07-03 11:57:17.670 worker_log:584 22584 MainThread [INFO]  Received executor task 2166
2023-07-03 11:57:52.196 worker_log:602 22584 MainThread [INFO]  Completed executor task 2166
2023-07-03 11:57:52.197 worker_log:613 22584 MainThread [INFO]  All processing finished for executor task 2166
2023-07-03 11:58:13.734 worker_log:584 22584 MainThread [INFO]  Received executor task 2189
2023-07-03 11:58:55.992 worker_log:602 22584 MainThread [INFO]  Completed executor task 2189
2023-07-03 11:58:55.992 worker_log:613 22584 MainThread [INFO]  All processing finished for executor task 2189
2023-07-03 11:59:11.733 worker_log:584 22584 MainThread [INFO]  Received executor task 2211
2023-07-03 11:59:37.833 worker_log:602 22584 MainThread [INFO]  Completed executor task 2211
2023-07-03 11:59:37.833 worker_log:613 22584 MainThread [INFO]  All processing finished for executor task 2211
2023-07-03 11:59:40.734 worker_log:584 22584 MainThread [INFO]  Received executor task 2223
2023-07-03 12:00:12.236 worker_log:602 22584 MainThread [INFO]  Completed executor task 2223
2023-07-03 12:00:12.237 worker_log:613 22584 MainThread [INFO]  All processing finished for executor task 2223
2023-07-03 12:00:36.829 worker_log:584 22584 MainThread [INFO]  Received executor task 2237
2023-07-03 12:00:46.652 worker_log:602 22584 MainThread [INFO]  Completed executor task 2237
2023-07-03 12:00:46.652 worker_log:613 22584 MainThread [INFO]  All processing finished for executor task 2237
2023-07-03 12:01:06.763 worker_log:584 22584 MainThread [INFO]  Received executor task 2250
2023-07-03 12:01:26.420 worker_log:602 22584 MainThread [INFO]  Completed executor task 2250
2023-07-03 12:01:26.421 worker_log:613 22584 MainThread [INFO]  All processing finished for executor task 2250
2023-07-03 12:02:33.686 worker_log:584 22584 MainThread [INFO]  Received executor task 2264
2023-07-03 12:03:28.153 worker_log:602 22584 MainThread [INFO]  Completed executor task 2264
2023-07-03 12:03:28.154 worker_log:613 22584 MainThread [INFO]  All processing finished for executor task 2264
2023-07-03 12:03:32.725 worker_log:584 22584 MainThread [INFO]  Received executor task 2287
2023-07-03 12:04:02.827 worker_log:602 22584 MainThread [INFO]  Completed executor task 2287
2023-07-03 12:04:02.827 worker_log:613 22584 MainThread [INFO]  All processing finished for executor task 2287
2023-07-03 12:04:30.706 worker_log:584 22584 MainThread [INFO]  Received executor task 2298
2023-07-03 12:05:12.770 worker_log:602 22584 MainThread [INFO]  Completed executor task 2298
2023-07-03 12:05:12.771 worker_log:613 22584 MainThread [INFO]  All processing finished for executor task 2298
2023-07-03 12:06:24.541 worker_log:584 22584 MainThread [INFO]  Received executor task 2313
2023-07-03 12:06:45.208 worker_log:602 22584 MainThread [INFO]  Completed executor task 2313
2023-07-03 12:06:45.209 worker_log:613 22584 MainThread [INFO]  All processing finished for executor task 2313
2023-07-03 12:08:17.687 worker_log:584 22584 MainThread [INFO]  Received executor task 2325
2023-07-03 12:09:33.088 worker_log:602 22584 MainThread [INFO]  Completed executor task 2325
2023-07-03 12:09:33.089 worker_log:613 22584 MainThread [INFO]  All processing finished for executor task 2325
2023-07-03 12:10:14.733 worker_log:584 22584 MainThread [INFO]  Received executor task 2356
2023-07-03 12:10:26.342 worker_log:602 22584 MainThread [INFO]  Completed executor task 2356
2023-07-03 12:10:26.342 worker_log:613 22584 MainThread [INFO]  All processing finished for executor task 2356
2023-07-03 12:11:12.709 worker_log:584 22584 MainThread [INFO]  Received executor task 2373
2023-07-03 12:11:28.385 worker_log:602 22584 MainThread [INFO]  Completed executor task 2373
2023-07-03 12:11:28.385 worker_log:613 22584 MainThread [INFO]  All processing finished for executor task 2373
2023-07-03 12:12:16.699 worker_log:584 22584 MainThread [INFO]  Received executor task 2385
2023-07-03 12:12:38.779 worker_log:602 22584 MainThread [INFO]  Completed executor task 2385
2023-07-03 12:12:38.780 worker_log:613 22584 MainThread [INFO]  All processing finished for executor task 2385
2023-07-03 12:12:44.712 worker_log:584 22584 MainThread [INFO]  Received executor task 2401
2023-07-03 12:13:17.993 worker_log:602 22584 MainThread [INFO]  Completed executor task 2401
2023-07-03 12:13:17.993 worker_log:613 22584 MainThread [INFO]  All processing finished for executor task 2401
2023-07-03 12:16:59.738 worker_log:584 22584 MainThread [INFO]  Received executor task 2416
2023-07-03 12:17:09.683 worker_log:602 22584 MainThread [INFO]  Completed executor task 2416
2023-07-03 12:17:09.684 worker_log:613 22584 MainThread [INFO]  All processing finished for executor task 2416
2023-07-03 12:17:33.705 worker_log:584 22584 MainThread [INFO]  Received executor task 2432
2023-07-03 12:18:51.745 worker_log:602 22584 MainThread [INFO]  Completed executor task 2432
2023-07-03 12:18:51.745 worker_log:613 22584 MainThread [INFO]  All processing finished for executor task 2432
2023-07-03 12:19:01.717 worker_log:584 22584 MainThread [INFO]  Received executor task 2457
2023-07-03 12:20:01.296 worker_log:602 22584 MainThread [INFO]  Completed executor task 2457
2023-07-03 12:20:01.297 worker_log:613 22584 MainThread [INFO]  All processing finished for executor task 2457
2023-07-03 12:20:26.721 worker_log:584 22584 MainThread [INFO]  Received executor task 2489
2023-07-03 12:20:40.108 worker_log:602 22584 MainThread [INFO]  Completed executor task 2489
2023-07-03 12:20:40.108 worker_log:613 22584 MainThread [INFO]  All processing finished for executor task 2489
2023-07-03 12:21:01.700 worker_log:584 22584 MainThread [INFO]  Received executor task 2499
2023-07-03 12:21:33.931 worker_log:602 22584 MainThread [INFO]  Completed executor task 2499
2023-07-03 12:21:33.932 worker_log:613 22584 MainThread [INFO]  All processing finished for executor task 2499
2023-07-03 12:21:58.739 worker_log:584 22584 MainThread [INFO]  Received executor task 2519
2023-07-03 12:22:15.083 worker_log:602 22584 MainThread [INFO]  Completed executor task 2519
2023-07-03 12:22:15.083 worker_log:613 22584 MainThread [INFO]  All processing finished for executor task 2519
2023-07-03 12:23:44.723 worker_log:584 22584 MainThread [INFO]  Received executor task 2535
2023-07-03 12:24:07.417 worker_log:602 22584 MainThread [INFO]  Completed executor task 2535
2023-07-03 12:24:07.417 worker_log:613 22584 MainThread [INFO]  All processing finished for executor task 2535
2023-07-03 12:24:12.786 worker_log:584 22584 MainThread [INFO]  Received executor task 2551
2023-07-03 12:24:58.736 worker_log:602 22584 MainThread [INFO]  Completed executor task 2551
2023-07-03 12:24:58.737 worker_log:613 22584 MainThread [INFO]  All processing finished for executor task 2551
2023-07-03 12:25:09.700 worker_log:584 22584 MainThread [INFO]  Received executor task 2565
2023-07-03 12:25:47.935 worker_log:602 22584 MainThread [INFO]  Completed executor task 2565
2023-07-03 12:25:47.936 worker_log:613 22584 MainThread [INFO]  All processing finished for executor task 2565
2023-07-03 12:27:32.733 worker_log:584 22584 MainThread [INFO]  Received executor task 2586
2023-07-03 12:28:03.277 worker_log:602 22584 MainThread [INFO]  Completed executor task 2586
2023-07-03 12:28:03.277 worker_log:613 22584 MainThread [INFO]  All processing finished for executor task 2586
2023-07-03 12:28:57.720 worker_log:584 22584 MainThread [INFO]  Received executor task 2600
2023-07-03 12:29:52.450 worker_log:602 22584 MainThread [INFO]  Completed executor task 2600
2023-07-03 12:29:52.451 worker_log:613 22584 MainThread [INFO]  All processing finished for executor task 2600
2023-07-03 12:30:24.817 worker_log:584 22584 MainThread [INFO]  Received executor task 2621
2023-07-03 12:31:14.202 worker_log:602 22584 MainThread [INFO]  Completed executor task 2621
2023-07-03 12:31:14.202 worker_log:613 22584 MainThread [INFO]  All processing finished for executor task 2621
2023-07-03 12:31:50.701 worker_log:584 22584 MainThread [INFO]  Received executor task 2642
2023-07-03 12:32:10.245 worker_log:602 22584 MainThread [INFO]  Completed executor task 2642
2023-07-03 12:32:10.246 worker_log:613 22584 MainThread [INFO]  All processing finished for executor task 2642
2023-07-03 12:32:18.700 worker_log:584 22584 MainThread [INFO]  Received executor task 2651
2023-07-03 12:32:50.249 worker_log:602 22584 MainThread [INFO]  Completed executor task 2651
2023-07-03 12:32:50.250 worker_log:613 22584 MainThread [INFO]  All processing finished for executor task 2651
2023-07-03 12:33:13.704 worker_log:584 22584 MainThread [INFO]  Received executor task 2662
2023-07-03 12:33:48.358 worker_log:602 22584 MainThread [INFO]  Completed executor task 2662
2023-07-03 12:33:48.359 worker_log:613 22584 MainThread [INFO]  All processing finished for executor task 2662
2023-07-03 12:34:42.727 worker_log:584 22584 MainThread [INFO]  Received executor task 2676
2023-07-03 12:35:30.729 worker_log:602 22584 MainThread [INFO]  Completed executor task 2676
2023-07-03 12:35:30.730 worker_log:613 22584 MainThread [INFO]  All processing finished for executor task 2676
2023-07-03 12:36:36.971 worker_log:584 22584 MainThread [INFO]  Received executor task 2692
2023-07-03 12:37:07.107 worker_log:602 22584 MainThread [INFO]  Completed executor task 2692
2023-07-03 12:37:07.107 worker_log:613 22584 MainThread [INFO]  All processing finished for executor task 2692
2023-07-03 12:37:34.700 worker_log:584 22584 MainThread [INFO]  Received executor task 2707
2023-07-03 12:38:05.272 worker_log:602 22584 MainThread [INFO]  Completed executor task 2707
2023-07-03 12:38:05.272 worker_log:613 22584 MainThread [INFO]  All processing finished for executor task 2707
2023-07-03 12:38:59.687 worker_log:584 22584 MainThread [INFO]  Received executor task 2715
2023-07-03 12:39:30.534 worker_log:602 22584 MainThread [INFO]  Completed executor task 2715
2023-07-03 12:39:30.534 worker_log:613 22584 MainThread [INFO]  All processing finished for executor task 2715
2023-07-03 12:40:24.785 worker_log:584 22584 MainThread [INFO]  Received executor task 2730
2023-07-03 12:40:40.354 worker_log:602 22584 MainThread [INFO]  Completed executor task 2730
2023-07-03 12:40:40.354 worker_log:613 22584 MainThread [INFO]  All processing finished for executor task 2730
2023-07-03 12:40:52.705 worker_log:584 22584 MainThread [INFO]  Received executor task 2745
2023-07-03 12:41:05.830 worker_log:602 22584 MainThread [INFO]  Completed executor task 2745
2023-07-03 12:41:05.830 worker_log:613 22584 MainThread [INFO]  All processing finished for executor task 2745
2023-07-03 12:41:49.728 worker_log:584 22584 MainThread [INFO]  Received executor task 2755
2023-07-03 12:42:20.524 worker_log:602 22584 MainThread [INFO]  Completed executor task 2755
2023-07-03 12:42:20.525 worker_log:613 22584 MainThread [INFO]  All processing finished for executor task 2755
2023-07-03 12:42:20.536 worker_log:584 22584 MainThread [INFO]  Received executor task 2766
2023-07-03 12:42:43.684 worker_log:602 22584 MainThread [INFO]  Completed executor task 2766
2023-07-03 12:42:43.684 worker_log:613 22584 MainThread [INFO]  All processing finished for executor task 2766
2023-07-03 12:43:20.694 worker_log:584 22584 MainThread [INFO]  Received executor task 2773
2023-07-03 12:43:57.093 worker_log:602 22584 MainThread [INFO]  Completed executor task 2773
2023-07-03 12:43:57.094 worker_log:613 22584 MainThread [INFO]  All processing finished for executor task 2773
2023-07-03 12:44:18.714 worker_log:584 22584 MainThread [INFO]  Received executor task 2786
2023-07-03 12:44:45.801 worker_log:602 22584 MainThread [INFO]  Completed executor task 2786
2023-07-03 12:44:45.805 worker_log:613 22584 MainThread [INFO]  All processing finished for executor task 2786
2023-07-03 12:44:46.715 worker_log:584 22584 MainThread [INFO]  Received executor task 2797
2023-07-03 12:46:01.808 worker_log:602 22584 MainThread [INFO]  Completed executor task 2797
2023-07-03 12:46:01.812 worker_log:613 22584 MainThread [INFO]  All processing finished for executor task 2797
