2023-07-03 09:08:17.505 worker_log:538 22578 MainThread [INFO]  Worker 11 started
2023-07-03 09:10:01.819 worker_log:584 22578 MainThread [INFO]  Received executor task 12
2023-07-03 09:10:25.437 worker_log:602 22578 MainThread [INFO]  Completed executor task 12
2023-07-03 09:10:25.438 worker_log:613 22578 MainThread [INFO]  All processing finished for executor task 12
2023-07-03 09:10:38.699 worker_log:584 22578 MainThread [INFO]  Received executor task 27
2023-07-03 09:11:16.520 worker_log:602 22578 MainThread [INFO]  Completed executor task 27
2023-07-03 09:11:16.520 worker_log:613 22578 MainThread [INFO]  All processing finished for executor task 27
2023-07-03 09:11:32.693 worker_log:584 22578 MainThread [INFO]  Received executor task 38
2023-07-03 09:12:31.060 worker_log:602 22578 MainThread [INFO]  Completed executor task 38
2023-07-03 09:12:31.061 worker_log:613 22578 MainThread [INFO]  All processing finished for executor task 38
2023-07-03 09:12:57.687 worker_log:584 22578 MainThread [INFO]  Received executor task 57
2023-07-03 09:13:12.723 worker_log:602 22578 MainThread [INFO]  Completed executor task 57
2023-07-03 09:13:12.724 worker_log:613 22578 MainThread [INFO]  All processing finished for executor task 57
2023-07-03 09:13:29.704 worker_log:584 22578 MainThread [INFO]  Received executor task 75
2023-07-03 09:14:03.015 worker_log:602 22578 MainThread [INFO]  Completed executor task 75
2023-07-03 09:14:03.016 worker_log:613 22578 MainThread [INFO]  All processing finished for executor task 75
2023-07-03 09:15:31.689 worker_log:584 22578 MainThread [INFO]  Received executor task 88
2023-07-03 09:15:52.948 worker_log:602 22578 MainThread [INFO]  Completed executor task 88
2023-07-03 09:15:52.949 worker_log:613 22578 MainThread [INFO]  All processing finished for executor task 88
2023-07-03 09:16:06.703 worker_log:584 22578 MainThread [INFO]  Received executor task 102
2023-07-03 09:17:23.401 worker_log:602 22578 MainThread [INFO]  Completed executor task 102
2023-07-03 09:17:23.401 worker_log:613 22578 MainThread [INFO]  All processing finished for executor task 102
2023-07-03 09:19:38.679 worker_log:584 22578 MainThread [INFO]  Received executor task 129
2023-07-03 09:20:24.991 worker_log:602 22578 MainThread [INFO]  Completed executor task 129
2023-07-03 09:20:24.991 worker_log:613 22578 MainThread [INFO]  All processing finished for executor task 129
2023-07-03 09:24:08.665 worker_log:584 22578 MainThread [INFO]  Received executor task 150
2023-07-03 09:24:16.476 worker_log:602 22578 MainThread [INFO]  Completed executor task 150
2023-07-03 09:24:16.477 worker_log:613 22578 MainThread [INFO]  All processing finished for executor task 150
2023-07-03 09:24:37.756 worker_log:584 22578 MainThread [INFO]  Received executor task 166
2023-07-03 09:25:47.391 worker_log:602 22578 MainThread [INFO]  Completed executor task 166
2023-07-03 09:25:47.391 worker_log:613 22578 MainThread [INFO]  All processing finished for executor task 166
2023-07-03 09:26:06.694 worker_log:584 22578 MainThread [INFO]  Received executor task 184
2023-07-03 09:26:21.994 worker_log:602 22578 MainThread [INFO]  Completed executor task 184
2023-07-03 09:26:21.995 worker_log:613 22578 MainThread [INFO]  All processing finished for executor task 184
2023-07-03 09:27:03.685 worker_log:584 22578 MainThread [INFO]  Received executor task 203
2023-07-03 09:27:13.065 worker_log:602 22578 MainThread [INFO]  Completed executor task 203
2023-07-03 09:27:13.065 worker_log:613 22578 MainThread [INFO]  All processing finished for executor task 203
2023-07-03 09:27:34.694 worker_log:584 22578 MainThread [INFO]  Received executor task 213
2023-07-03 09:28:16.339 worker_log:602 22578 MainThread [INFO]  Completed executor task 213
2023-07-03 09:28:16.340 worker_log:613 22578 MainThread [INFO]  All processing finished for executor task 213
2023-07-03 09:29:00.704 worker_log:584 22578 MainThread [INFO]  Received executor task 235
2023-07-03 09:29:22.625 worker_log:602 22578 MainThread [INFO]  Completed executor task 235
2023-07-03 09:29:22.625 worker_log:613 22578 MainThread [INFO]  All processing finished for executor task 235
2023-07-03 09:29:31.691 worker_log:584 22578 MainThread [INFO]  Received executor task 244
2023-07-03 09:29:47.471 worker_log:602 22578 MainThread [INFO]  Completed executor task 244
2023-07-03 09:29:47.472 worker_log:613 22578 MainThread [INFO]  All processing finished for executor task 244
2023-07-03 09:29:59.689 worker_log:584 22578 MainThread [INFO]  Received executor task 255
2023-07-03 09:30:42.295 worker_log:602 22578 MainThread [INFO]  Completed executor task 255
2023-07-03 09:30:42.296 worker_log:613 22578 MainThread [INFO]  All processing finished for executor task 255
2023-07-03 09:33:25.709 worker_log:584 22578 MainThread [INFO]  Received executor task 267
2023-07-03 09:33:46.205 worker_log:602 22578 MainThread [INFO]  Completed executor task 267
2023-07-03 09:33:46.206 worker_log:613 22578 MainThread [INFO]  All processing finished for executor task 267
2023-07-03 09:34:23.666 worker_log:584 22578 MainThread [INFO]  Received executor task 279
2023-07-03 09:34:45.525 worker_log:602 22578 MainThread [INFO]  Completed executor task 279
2023-07-03 09:34:45.526 worker_log:613 22578 MainThread [INFO]  All processing finished for executor task 279
2023-07-03 09:36:20.708 worker_log:584 22578 MainThread [INFO]  Received executor task 301
2023-07-03 09:36:43.064 worker_log:602 22578 MainThread [INFO]  Completed executor task 301
2023-07-03 09:36:43.065 worker_log:613 22578 MainThread [INFO]  All processing finished for executor task 301
2023-07-03 09:36:49.763 worker_log:584 22578 MainThread [INFO]  Received executor task 316
2023-07-03 09:37:15.113 worker_log:602 22578 MainThread [INFO]  Completed executor task 316
2023-07-03 09:37:15.114 worker_log:613 22578 MainThread [INFO]  All processing finished for executor task 316
2023-07-03 09:37:17.697 worker_log:584 22578 MainThread [INFO]  Received executor task 327
2023-07-03 09:37:49.086 worker_log:602 22578 MainThread [INFO]  Completed executor task 327
2023-07-03 09:37:49.087 worker_log:613 22578 MainThread [INFO]  All processing finished for executor task 327
2023-07-03 09:37:49.101 worker_log:584 22578 MainThread [INFO]  Received executor task 334
2023-07-03 09:38:27.993 worker_log:602 22578 MainThread [INFO]  Completed executor task 334
2023-07-03 09:38:27.993 worker_log:613 22578 MainThread [INFO]  All processing finished for executor task 334
2023-07-03 09:39:18.713 worker_log:584 22578 MainThread [INFO]  Received executor task 348
2023-07-03 09:39:50.448 worker_log:602 22578 MainThread [INFO]  Completed executor task 348
2023-07-03 09:39:50.449 worker_log:613 22578 MainThread [INFO]  All processing finished for executor task 348
2023-07-03 09:42:00.712 worker_log:584 22578 MainThread [INFO]  Received executor task 365
2023-07-03 09:42:13.177 worker_log:602 22578 MainThread [INFO]  Completed executor task 365
2023-07-03 09:42:13.178 worker_log:613 22578 MainThread [INFO]  All processing finished for executor task 365
2023-07-03 09:43:35.711 worker_log:584 22578 MainThread [INFO]  Received executor task 376
2023-07-03 09:44:25.915 worker_log:602 22578 MainThread [INFO]  Completed executor task 376
2023-07-03 09:44:25.916 worker_log:613 22578 MainThread [INFO]  All processing finished for executor task 376
2023-07-03 09:44:34.724 worker_log:584 22578 MainThread [INFO]  Received executor task 393
2023-07-03 09:45:16.187 worker_log:602 22578 MainThread [INFO]  Completed executor task 393
2023-07-03 09:45:16.188 worker_log:613 22578 MainThread [INFO]  All processing finished for executor task 393
2023-07-03 09:46:09.712 worker_log:584 22578 MainThread [INFO]  Received executor task 405
2023-07-03 09:46:35.483 worker_log:602 22578 MainThread [INFO]  Completed executor task 405
2023-07-03 09:46:35.483 worker_log:613 22578 MainThread [INFO]  All processing finished for executor task 405
2023-07-03 09:47:39.711 worker_log:584 22578 MainThread [INFO]  Received executor task 417
2023-07-03 09:48:47.443 worker_log:602 22578 MainThread [INFO]  Completed executor task 417
2023-07-03 09:48:47.444 worker_log:613 22578 MainThread [INFO]  All processing finished for executor task 417
2023-07-03 09:48:47.455 worker_log:584 22578 MainThread [INFO]  Received executor task 438
2023-07-03 09:49:23.157 worker_log:602 22578 MainThread [INFO]  Completed executor task 438
2023-07-03 09:49:23.157 worker_log:613 22578 MainThread [INFO]  All processing finished for executor task 438
2023-07-03 09:49:37.684 worker_log:584 22578 MainThread [INFO]  Received executor task 453
2023-07-03 09:50:13.710 worker_log:602 22578 MainThread [INFO]  Completed executor task 453
2023-07-03 09:50:13.710 worker_log:613 22578 MainThread [INFO]  All processing finished for executor task 453
2023-07-03 09:50:37.695 worker_log:584 22578 MainThread [INFO]  Received executor task 471
2023-07-03 09:51:07.525 worker_log:602 22578 MainThread [INFO]  Completed executor task 471
2023-07-03 09:51:07.525 worker_log:613 22578 MainThread [INFO]  All processing finished for executor task 471
2023-07-03 09:51:07.537 worker_log:584 22578 MainThread [INFO]  Received executor task 487
2023-07-03 09:51:26.511 worker_log:602 22578 MainThread [INFO]  Completed executor task 487
2023-07-03 09:51:26.512 worker_log:613 22578 MainThread [INFO]  All processing finished for executor task 487
2023-07-03 09:52:04.676 worker_log:584 22578 MainThread [INFO]  Received executor task 497
2023-07-03 09:52:41.612 worker_log:602 22578 MainThread [INFO]  Completed executor task 497
2023-07-03 09:52:41.613 worker_log:613 22578 MainThread [INFO]  All processing finished for executor task 497
2023-07-03 09:53:33.700 worker_log:584 22578 MainThread [INFO]  Received executor task 520
2023-07-03 09:54:10.522 worker_log:602 22578 MainThread [INFO]  Completed executor task 520
2023-07-03 09:54:10.523 worker_log:613 22578 MainThread [INFO]  All processing finished for executor task 520
2023-07-03 09:56:06.695 worker_log:584 22578 MainThread [INFO]  Received executor task 537
2023-07-03 09:57:03.688 worker_log:602 22578 MainThread [INFO]  Completed executor task 537
2023-07-03 09:57:03.688 worker_log:613 22578 MainThread [INFO]  All processing finished for executor task 537
2023-07-03 09:57:03.700 worker_log:584 22578 MainThread [INFO]  Received executor task 555
2023-07-03 09:57:57.770 worker_log:602 22578 MainThread [INFO]  Completed executor task 555
2023-07-03 09:57:57.771 worker_log:613 22578 MainThread [INFO]  All processing finished for executor task 555
2023-07-03 09:58:40.711 worker_log:584 22578 MainThread [INFO]  Received executor task 581
2023-07-03 09:59:10.257 worker_log:602 22578 MainThread [INFO]  Completed executor task 581
2023-07-03 09:59:10.257 worker_log:613 22578 MainThread [INFO]  All processing finished for executor task 581
2023-07-03 10:01:51.720 worker_log:584 22578 MainThread [INFO]  Received executor task 598
2023-07-03 10:02:26.164 worker_log:602 22578 MainThread [INFO]  Completed executor task 598
2023-07-03 10:02:26.165 worker_log:613 22578 MainThread [INFO]  All processing finished for executor task 598
2023-07-03 10:02:26.176 worker_log:584 22578 MainThread [INFO]  Received executor task 610
2023-07-03 10:03:06.551 worker_log:602 22578 MainThread [INFO]  Completed executor task 610
2023-07-03 10:03:06.551 worker_log:613 22578 MainThread [INFO]  All processing finished for executor task 610
2023-07-03 10:04:19.708 worker_log:584 22578 MainThread [INFO]  Received executor task 623
2023-07-03 10:04:26.016 worker_log:602 22578 MainThread [INFO]  Completed executor task 623
2023-07-03 10:04:26.016 worker_log:613 22578 MainThread [INFO]  All processing finished for executor task 623
2023-07-03 10:04:49.697 worker_log:584 22578 MainThread [INFO]  Received executor task 637
2023-07-03 10:05:41.784 worker_log:602 22578 MainThread [INFO]  Completed executor task 637
2023-07-03 10:05:41.784 worker_log:613 22578 MainThread [INFO]  All processing finished for executor task 637
2023-07-03 10:06:24.838 worker_log:584 22578 MainThread [INFO]  Received executor task 656
2023-07-03 10:06:44.043 worker_log:602 22578 MainThread [INFO]  Completed executor task 656
2023-07-03 10:06:44.043 worker_log:613 22578 MainThread [INFO]  All processing finished for executor task 656
2023-07-03 10:06:54.712 worker_log:584 22578 MainThread [INFO]  Received executor task 666
2023-07-03 10:07:34.655 worker_log:602 22578 MainThread [INFO]  Completed executor task 666
2023-07-03 10:07:34.656 worker_log:613 22578 MainThread [INFO]  All processing finished for executor task 666
2023-07-03 10:08:23.689 worker_log:584 22578 MainThread [INFO]  Received executor task 682
2023-07-03 10:08:57.838 worker_log:602 22578 MainThread [INFO]  Completed executor task 682
2023-07-03 10:08:57.838 worker_log:613 22578 MainThread [INFO]  All processing finished for executor task 682
2023-07-03 10:09:52.710 worker_log:584 22578 MainThread [INFO]  Received executor task 693
2023-07-03 10:10:28.726 worker_log:602 22578 MainThread [INFO]  Completed executor task 693
2023-07-03 10:10:28.726 worker_log:613 22578 MainThread [INFO]  All processing finished for executor task 693
2023-07-03 10:12:17.697 worker_log:584 22578 MainThread [INFO]  Received executor task 715
2023-07-03 10:13:03.558 worker_log:602 22578 MainThread [INFO]  Completed executor task 715
2023-07-03 10:13:03.558 worker_log:613 22578 MainThread [INFO]  All processing finished for executor task 715
2023-07-03 10:14:42.704 worker_log:584 22578 MainThread [INFO]  Received executor task 732
2023-07-03 10:15:25.198 worker_log:602 22578 MainThread [INFO]  Completed executor task 732
2023-07-03 10:15:25.198 worker_log:613 22578 MainThread [INFO]  All processing finished for executor task 732
2023-07-03 10:15:48.674 worker_log:584 22578 MainThread [INFO]  Received executor task 750
2023-07-03 10:16:17.021 worker_log:602 22578 MainThread [INFO]  Completed executor task 750
2023-07-03 10:16:17.022 worker_log:613 22578 MainThread [INFO]  All processing finished for executor task 750
2023-07-03 10:17:17.779 worker_log:584 22578 MainThread [INFO]  Received executor task 771
2023-07-03 10:17:31.568 worker_log:602 22578 MainThread [INFO]  Completed executor task 771
2023-07-03 10:17:31.568 worker_log:613 22578 MainThread [INFO]  All processing finished for executor task 771
2023-07-03 10:17:52.716 worker_log:584 22578 MainThread [INFO]  Received executor task 787
2023-07-03 10:18:03.971 worker_log:602 22578 MainThread [INFO]  Completed executor task 787
2023-07-03 10:18:03.972 worker_log:613 22578 MainThread [INFO]  All processing finished for executor task 787
2023-07-03 10:19:20.714 worker_log:584 22578 MainThread [INFO]  Received executor task 800
2023-07-03 10:19:41.027 worker_log:602 22578 MainThread [INFO]  Completed executor task 800
2023-07-03 10:19:41.027 worker_log:613 22578 MainThread [INFO]  All processing finished for executor task 800
2023-07-03 10:19:49.702 worker_log:584 22578 MainThread [INFO]  Received executor task 815
2023-07-03 10:20:52.723 worker_log:602 22578 MainThread [INFO]  Completed executor task 815
2023-07-03 10:20:52.723 worker_log:613 22578 MainThread [INFO]  All processing finished for executor task 815
2023-07-03 10:21:17.710 worker_log:584 22578 MainThread [INFO]  Received executor task 831
2023-07-03 10:21:33.648 worker_log:602 22578 MainThread [INFO]  Completed executor task 831
2023-07-03 10:21:33.649 worker_log:613 22578 MainThread [INFO]  All processing finished for executor task 831
2023-07-03 10:21:46.989 worker_log:584 22578 MainThread [INFO]  Received executor task 846
2023-07-03 10:22:12.342 worker_log:602 22578 MainThread [INFO]  Completed executor task 846
2023-07-03 10:22:12.342 worker_log:613 22578 MainThread [INFO]  All processing finished for executor task 846
2023-07-03 10:22:45.712 worker_log:584 22578 MainThread [INFO]  Received executor task 854
2023-07-03 10:23:01.199 worker_log:602 22578 MainThread [INFO]  Completed executor task 854
2023-07-03 10:23:01.200 worker_log:613 22578 MainThread [INFO]  All processing finished for executor task 854
2023-07-03 10:23:16.702 worker_log:584 22578 MainThread [INFO]  Received executor task 866
2023-07-03 10:23:39.090 worker_log:602 22578 MainThread [INFO]  Completed executor task 866
2023-07-03 10:23:39.091 worker_log:613 22578 MainThread [INFO]  All processing finished for executor task 866
2023-07-03 10:24:15.687 worker_log:584 22578 MainThread [INFO]  Received executor task 877
2023-07-03 10:24:58.555 worker_log:602 22578 MainThread [INFO]  Completed executor task 877
2023-07-03 10:24:58.555 worker_log:613 22578 MainThread [INFO]  All processing finished for executor task 877
2023-07-03 10:25:22.704 worker_log:584 22578 MainThread [INFO]  Received executor task 903
2023-07-03 10:25:42.634 worker_log:602 22578 MainThread [INFO]  Completed executor task 903
2023-07-03 10:25:42.634 worker_log:613 22578 MainThread [INFO]  All processing finished for executor task 903
2023-07-03 10:26:28.726 worker_log:584 22578 MainThread [INFO]  Received executor task 919
2023-07-03 10:26:52.194 worker_log:602 22578 MainThread [INFO]  Completed executor task 919
2023-07-03 10:26:52.195 worker_log:613 22578 MainThread [INFO]  All processing finished for executor task 919
2023-07-03 10:26:58.691 worker_log:584 22578 MainThread [INFO]  Received executor task 930
2023-07-03 10:28:20.285 worker_log:602 22578 MainThread [INFO]  Completed executor task 930
2023-07-03 10:28:20.286 worker_log:613 22578 MainThread [INFO]  All processing finished for executor task 930
2023-07-03 10:29:33.707 worker_log:584 22578 MainThread [INFO]  Received executor task 952
2023-07-03 10:30:12.010 worker_log:602 22578 MainThread [INFO]  Completed executor task 952
2023-07-03 10:30:12.011 worker_log:613 22578 MainThread [INFO]  All processing finished for executor task 952
2023-07-03 10:31:39.706 worker_log:584 22578 MainThread [INFO]  Received executor task 965
2023-07-03 10:32:00.504 worker_log:602 22578 MainThread [INFO]  Completed executor task 965
2023-07-03 10:32:00.504 worker_log:613 22578 MainThread [INFO]  All processing finished for executor task 965
2023-07-03 10:34:47.700 worker_log:584 22578 MainThread [INFO]  Received executor task 978
2023-07-03 10:35:13.020 worker_log:602 22578 MainThread [INFO]  Completed executor task 978
2023-07-03 10:35:13.021 worker_log:613 22578 MainThread [INFO]  All processing finished for executor task 978
2023-07-03 10:36:22.720 worker_log:584 22578 MainThread [INFO]  Received executor task 996
2023-07-03 10:36:42.736 worker_log:602 22578 MainThread [INFO]  Completed executor task 996
2023-07-03 10:36:42.736 worker_log:613 22578 MainThread [INFO]  All processing finished for executor task 996
2023-07-03 10:36:50.707 worker_log:584 22578 MainThread [INFO]  Received executor task 1013
2023-07-03 10:37:10.171 worker_log:602 22578 MainThread [INFO]  Completed executor task 1013
2023-07-03 10:37:10.171 worker_log:613 22578 MainThread [INFO]  All processing finished for executor task 1013
2023-07-03 10:37:20.725 worker_log:584 22578 MainThread [INFO]  Received executor task 1021
2023-07-03 10:37:29.548 worker_log:602 22578 MainThread [INFO]  Completed executor task 1021
2023-07-03 10:37:29.548 worker_log:613 22578 MainThread [INFO]  All processing finished for executor task 1021
2023-07-03 10:38:18.701 worker_log:584 22578 MainThread [INFO]  Received executor task 1039
2023-07-03 10:38:47.276 worker_log:602 22578 MainThread [INFO]  Completed executor task 1039
2023-07-03 10:38:47.276 worker_log:613 22578 MainThread [INFO]  All processing finished for executor task 1039
2023-07-03 10:40:03.712 worker_log:584 22578 MainThread [INFO]  Received executor task 1049
2023-07-03 10:40:18.492 worker_log:602 22578 MainThread [INFO]  Completed executor task 1049
2023-07-03 10:40:18.492 worker_log:613 22578 MainThread [INFO]  All processing finished for executor task 1049
2023-07-03 10:42:02.707 worker_log:584 22578 MainThread [INFO]  Received executor task 1064
2023-07-03 10:42:10.768 worker_log:602 22578 MainThread [INFO]  Completed executor task 1064
2023-07-03 10:42:10.768 worker_log:613 22578 MainThread [INFO]  All processing finished for executor task 1064
2023-07-03 10:42:33.697 worker_log:584 22578 MainThread [INFO]  Received executor task 1071
2023-07-03 10:43:29.033 worker_log:602 22578 MainThread [INFO]  Completed executor task 1071
2023-07-03 10:43:29.034 worker_log:613 22578 MainThread [INFO]  All processing finished for executor task 1071
2023-07-03 10:44:02.697 worker_log:584 22578 MainThread [INFO]  Received executor task 1096
2023-07-03 10:44:37.610 worker_log:602 22578 MainThread [INFO]  Completed executor task 1096
2023-07-03 10:44:37.610 worker_log:613 22578 MainThread [INFO]  All processing finished for executor task 1096
2023-07-03 10:45:10.777 worker_log:584 22578 MainThread [INFO]  Received executor task 1111
2023-07-03 10:46:18.692 worker_log:602 22578 MainThread [INFO]  Completed executor task 1111
2023-07-03 10:46:18.693 worker_log:613 22578 MainThread [INFO]  All processing finished for executor task 1111
2023-07-03 10:46:41.696 worker_log:584 22578 MainThread [INFO]  Received executor task 1136
2023-07-03 10:47:25.473 worker_log:602 22578 MainThread [INFO]  Completed executor task 1136
2023-07-03 10:47:25.474 worker_log:613 22578 MainThread [INFO]  All processing finished for executor task 1136
2023-07-03 10:48:15.721 worker_log:584 22578 MainThread [INFO]  Received executor task 1152
2023-07-03 10:48:35.588 worker_log:602 22578 MainThread [INFO]  Completed executor task 1152
2023-07-03 10:48:35.589 worker_log:613 22578 MainThread [INFO]  All processing finished for executor task 1152
2023-07-03 10:48:46.542 worker_log:584 22578 MainThread [INFO]  Received executor task 1169
2023-07-03 10:49:08.612 worker_log:602 22578 MainThread [INFO]  Completed executor task 1169
2023-07-03 10:49:08.613 worker_log:613 22578 MainThread [INFO]  All processing finished for executor task 1169
2023-07-03 10:49:42.723 worker_log:584 22578 MainThread [INFO]  Received executor task 1183
2023-07-03 10:50:14.992 worker_log:602 22578 MainThread [INFO]  Completed executor task 1183
2023-07-03 10:50:14.992 worker_log:613 22578 MainThread [INFO]  All processing finished for executor task 1183
2023-07-03 10:50:15.004 worker_log:584 22578 MainThread [INFO]  Received executor task 1198
2023-07-03 10:51:31.715 worker_log:602 22578 MainThread [INFO]  Completed executor task 1198
2023-07-03 10:51:31.715 worker_log:613 22578 MainThread [INFO]  All processing finished for executor task 1198
2023-07-03 10:54:09.710 worker_log:584 22578 MainThread [INFO]  Received executor task 1228
2023-07-03 10:54:54.054 worker_log:602 22578 MainThread [INFO]  Completed executor task 1228
2023-07-03 10:54:54.054 worker_log:613 22578 MainThread [INFO]  All processing finished for executor task 1228
2023-07-03 10:56:11.704 worker_log:584 22578 MainThread [INFO]  Received executor task 1244
2023-07-03 10:57:24.395 worker_log:602 22578 MainThread [INFO]  Completed executor task 1244
2023-07-03 10:57:24.396 worker_log:613 22578 MainThread [INFO]  All processing finished for executor task 1244
2023-07-03 10:57:40.624 worker_log:584 22578 MainThread [INFO]  Received executor task 1271
2023-07-03 10:58:10.441 worker_log:602 22578 MainThread [INFO]  Completed executor task 1271
2023-07-03 10:58:10.441 worker_log:613 22578 MainThread [INFO]  All processing finished for executor task 1271
2023-07-03 10:58:10.452 worker_log:584 22578 MainThread [INFO]  Received executor task 1289
2023-07-03 10:59:00.856 worker_log:602 22578 MainThread [INFO]  Completed executor task 1289
2023-07-03 10:59:00.856 worker_log:613 22578 MainThread [INFO]  All processing finished for executor task 1289
2023-07-03 10:59:06.700 worker_log:584 22578 MainThread [INFO]  Received executor task 1308
2023-07-03 11:00:04.507 worker_log:602 22578 MainThread [INFO]  Completed executor task 1308
2023-07-03 11:00:04.507 worker_log:613 22578 MainThread [INFO]  All processing finished for executor task 1308
2023-07-03 11:00:25.738 worker_log:584 22578 MainThread [INFO]  Received executor task 1322
2023-07-03 11:00:57.409 worker_log:602 22578 MainThread [INFO]  Completed executor task 1322
2023-07-03 11:00:57.409 worker_log:613 22578 MainThread [INFO]  All processing finished for executor task 1322
2023-07-03 11:01:54.724 worker_log:584 22578 MainThread [INFO]  Received executor task 1342
2023-07-03 11:02:10.428 worker_log:602 22578 MainThread [INFO]  Completed executor task 1342
2023-07-03 11:02:10.428 worker_log:613 22578 MainThread [INFO]  All processing finished for executor task 1342
2023-07-03 11:02:52.652 worker_log:584 22578 MainThread [INFO]  Received executor task 1359
2023-07-03 11:03:56.734 worker_log:602 22578 MainThread [INFO]  Completed executor task 1359
2023-07-03 11:03:56.734 worker_log:613 22578 MainThread [INFO]  All processing finished for executor task 1359
2023-07-03 11:03:56.745 worker_log:584 22578 MainThread [INFO]  Received executor task 1379
2023-07-03 11:04:06.831 worker_log:602 22578 MainThread [INFO]  Completed executor task 1379
2023-07-03 11:04:06.831 worker_log:613 22578 MainThread [INFO]  All processing finished for executor task 1379
2023-07-03 11:04:06.842 worker_log:584 22578 MainThread [INFO]  Received executor task 1385
2023-07-03 11:04:41.473 worker_log:602 22578 MainThread [INFO]  Completed executor task 1385
2023-07-03 11:04:41.473 worker_log:613 22578 MainThread [INFO]  All processing finished for executor task 1385
2023-07-03 11:05:17.666 worker_log:584 22578 MainThread [INFO]  Received executor task 1409
2023-07-03 11:05:28.793 worker_log:602 22578 MainThread [INFO]  Completed executor task 1409
2023-07-03 11:05:28.794 worker_log:613 22578 MainThread [INFO]  All processing finished for executor task 1409
2023-07-03 11:05:51.697 worker_log:584 22578 MainThread [INFO]  Received executor task 1424
2023-07-03 11:06:27.012 worker_log:602 22578 MainThread [INFO]  Completed executor task 1424
2023-07-03 11:06:27.013 worker_log:613 22578 MainThread [INFO]  All processing finished for executor task 1424
2023-07-03 11:06:50.694 worker_log:584 22578 MainThread [INFO]  Received executor task 1443
2023-07-03 11:08:00.759 worker_log:602 22578 MainThread [INFO]  Completed executor task 1443
2023-07-03 11:08:00.760 worker_log:613 22578 MainThread [INFO]  All processing finished for executor task 1443
2023-07-03 11:09:22.723 worker_log:584 22578 MainThread [INFO]  Received executor task 1473
2023-07-03 11:09:41.679 worker_log:602 22578 MainThread [INFO]  Completed executor task 1473
2023-07-03 11:09:41.680 worker_log:613 22578 MainThread [INFO]  All processing finished for executor task 1473
2023-07-03 11:11:20.713 worker_log:584 22578 MainThread [INFO]  Received executor task 1487
2023-07-03 11:11:55.433 worker_log:602 22578 MainThread [INFO]  Completed executor task 1487
2023-07-03 11:11:55.433 worker_log:613 22578 MainThread [INFO]  All processing finished for executor task 1487
2023-07-03 11:13:32.703 worker_log:584 22578 MainThread [INFO]  Received executor task 1506
2023-07-03 11:14:02.262 worker_log:602 22578 MainThread [INFO]  Completed executor task 1506
2023-07-03 11:14:02.263 worker_log:613 22578 MainThread [INFO]  All processing finished for executor task 1506
2023-07-03 11:14:29.733 worker_log:584 22578 MainThread [INFO]  Received executor task 1524
2023-07-03 11:14:37.416 worker_log:602 22578 MainThread [INFO]  Completed executor task 1524
2023-07-03 11:14:37.416 worker_log:613 22578 MainThread [INFO]  All processing finished for executor task 1524
2023-07-03 11:15:27.700 worker_log:584 22578 MainThread [INFO]  Received executor task 1537
2023-07-03 11:16:01.112 worker_log:602 22578 MainThread [INFO]  Completed executor task 1537
2023-07-03 11:16:01.113 worker_log:613 22578 MainThread [INFO]  All processing finished for executor task 1537
2023-07-03 11:16:01.125 worker_log:584 22578 MainThread [INFO]  Received executor task 1551
2023-07-03 11:17:31.221 worker_log:602 22578 MainThread [INFO]  Completed executor task 1551
2023-07-03 11:17:31.222 worker_log:613 22578 MainThread [INFO]  All processing finished for executor task 1551
2023-07-03 11:17:31.233 worker_log:584 22578 MainThread [INFO]  Received executor task 1573
2023-07-03 11:17:39.351 worker_log:602 22578 MainThread [INFO]  Completed executor task 1573
2023-07-03 11:17:39.351 worker_log:613 22578 MainThread [INFO]  All processing finished for executor task 1573
2023-07-03 11:17:49.704 worker_log:584 22578 MainThread [INFO]  Received executor task 1581
2023-07-03 11:18:20.287 worker_log:602 22578 MainThread [INFO]  Completed executor task 1581
2023-07-03 11:18:20.287 worker_log:613 22578 MainThread [INFO]  All processing finished for executor task 1581
2023-07-03 11:19:18.702 worker_log:584 22578 MainThread [INFO]  Received executor task 1597
2023-07-03 11:19:56.933 worker_log:602 22578 MainThread [INFO]  Completed executor task 1597
2023-07-03 11:19:56.933 worker_log:613 22578 MainThread [INFO]  All processing finished for executor task 1597
2023-07-03 11:20:43.861 worker_log:584 22578 MainThread [INFO]  Received executor task 1618
2023-07-03 11:21:12.592 worker_log:602 22578 MainThread [INFO]  Completed executor task 1618
2023-07-03 11:21:12.592 worker_log:613 22578 MainThread [INFO]  All processing finished for executor task 1618
2023-07-03 11:21:12.604 worker_log:584 22578 MainThread [INFO]  Received executor task 1632
2023-07-03 11:22:07.730 worker_log:602 22578 MainThread [INFO]  Completed executor task 1632
2023-07-03 11:22:07.731 worker_log:613 22578 MainThread [INFO]  All processing finished for executor task 1632
2023-07-03 11:22:38.657 worker_log:584 22578 MainThread [INFO]  Received executor task 1655
2023-07-03 11:23:39.377 worker_log:602 22578 MainThread [INFO]  Completed executor task 1655
2023-07-03 11:23:39.377 worker_log:613 22578 MainThread [INFO]  All processing finished for executor task 1655
2023-07-03 11:24:04.710 worker_log:584 22578 MainThread [INFO]  Received executor task 1683
2023-07-03 11:24:28.813 worker_log:602 22578 MainThread [INFO]  Completed executor task 1683
2023-07-03 11:24:28.814 worker_log:613 22578 MainThread [INFO]  All processing finished for executor task 1683
2023-07-03 11:25:30.733 worker_log:584 22578 MainThread [INFO]  Received executor task 1704
2023-07-03 11:25:40.374 worker_log:602 22578 MainThread [INFO]  Completed executor task 1704
2023-07-03 11:25:40.375 worker_log:613 22578 MainThread [INFO]  All processing finished for executor task 1704
2023-07-03 11:26:04.702 worker_log:584 22578 MainThread [INFO]  Received executor task 1718
2023-07-03 11:26:41.014 worker_log:602 22578 MainThread [INFO]  Completed executor task 1718
2023-07-03 11:26:41.015 worker_log:613 22578 MainThread [INFO]  All processing finished for executor task 1718
2023-07-03 11:27:32.807 worker_log:584 22578 MainThread [INFO]  Received executor task 1732
2023-07-03 11:28:39.500 worker_log:602 22578 MainThread [INFO]  Completed executor task 1732
2023-07-03 11:28:39.501 worker_log:613 22578 MainThread [INFO]  All processing finished for executor task 1732
2023-07-03 11:28:39.512 worker_log:584 22578 MainThread [INFO]  Received executor task 1755
2023-07-03 11:29:16.621 worker_log:602 22578 MainThread [INFO]  Completed executor task 1755
2023-07-03 11:29:16.621 worker_log:613 22578 MainThread [INFO]  All processing finished for executor task 1755
2023-07-03 11:29:30.701 worker_log:584 22578 MainThread [INFO]  Received executor task 1774
2023-07-03 11:29:41.688 worker_log:602 22578 MainThread [INFO]  Completed executor task 1774
2023-07-03 11:29:41.689 worker_log:613 22578 MainThread [INFO]  All processing finished for executor task 1774
2023-07-03 11:30:00.730 worker_log:584 22578 MainThread [INFO]  Received executor task 1789
2023-07-03 11:30:36.876 worker_log:602 22578 MainThread [INFO]  Completed executor task 1789
2023-07-03 11:30:36.876 worker_log:613 22578 MainThread [INFO]  All processing finished for executor task 1789
2023-07-03 11:33:26.721 worker_log:584 22578 MainThread [INFO]  Received executor task 1806
2023-07-03 11:34:12.310 worker_log:602 22578 MainThread [INFO]  Completed executor task 1806
2023-07-03 11:34:12.311 worker_log:613 22578 MainThread [INFO]  All processing finished for executor task 1806
2023-07-03 11:34:31.743 worker_log:584 22578 MainThread [INFO]  Received executor task 1824
2023-07-03 11:34:51.388 worker_log:602 22578 MainThread [INFO]  Completed executor task 1824
2023-07-03 11:34:51.388 worker_log:613 22578 MainThread [INFO]  All processing finished for executor task 1824
2023-07-03 11:35:00.766 worker_log:584 22578 MainThread [INFO]  Received executor task 1841
2023-07-03 11:35:26.964 worker_log:602 22578 MainThread [INFO]  Completed executor task 1841
2023-07-03 11:35:26.965 worker_log:613 22578 MainThread [INFO]  All processing finished for executor task 1841
2023-07-03 11:36:56.685 worker_log:584 22578 MainThread [INFO]  Received executor task 1856
2023-07-03 11:37:37.646 worker_log:602 22578 MainThread [INFO]  Completed executor task 1856
2023-07-03 11:37:37.646 worker_log:613 22578 MainThread [INFO]  All processing finished for executor task 1856
2023-07-03 11:37:54.710 worker_log:584 22578 MainThread [INFO]  Received executor task 1877
2023-07-03 11:38:28.035 worker_log:602 22578 MainThread [INFO]  Completed executor task 1877
2023-07-03 11:38:28.036 worker_log:613 22578 MainThread [INFO]  All processing finished for executor task 1877
2023-07-03 11:38:51.708 worker_log:584 22578 MainThread [INFO]  Received executor task 1894
2023-07-03 11:39:31.949 worker_log:602 22578 MainThread [INFO]  Completed executor task 1894
2023-07-03 11:39:31.949 worker_log:613 22578 MainThread [INFO]  All processing finished for executor task 1894
2023-07-03 11:39:31.961 worker_log:584 22578 MainThread [INFO]  Received executor task 1907
2023-07-03 11:39:49.555 worker_log:602 22578 MainThread [INFO]  Completed executor task 1907
2023-07-03 11:39:49.555 worker_log:613 22578 MainThread [INFO]  All processing finished for executor task 1907
2023-07-03 11:40:28.714 worker_log:584 22578 MainThread [INFO]  Received executor task 1918
2023-07-03 11:40:54.208 worker_log:602 22578 MainThread [INFO]  Completed executor task 1918
2023-07-03 11:40:54.208 worker_log:613 22578 MainThread [INFO]  All processing finished for executor task 1918
2023-07-03 11:41:26.774 worker_log:584 22578 MainThread [INFO]  Received executor task 1935
2023-07-03 11:41:43.208 worker_log:602 22578 MainThread [INFO]  Completed executor task 1935
2023-07-03 11:41:43.208 worker_log:613 22578 MainThread [INFO]  All processing finished for executor task 1935
2023-07-03 11:42:23.724 worker_log:584 22578 MainThread [INFO]  Received executor task 1956
2023-07-03 11:42:29.233 worker_log:602 22578 MainThread [INFO]  Completed executor task 1956
2023-07-03 11:42:29.233 worker_log:613 22578 MainThread [INFO]  All processing finished for executor task 1956
2023-07-03 11:42:53.720 worker_log:584 22578 MainThread [INFO]  Received executor task 1968
2023-07-03 11:43:14.936 worker_log:602 22578 MainThread [INFO]  Completed executor task 1968
2023-07-03 11:43:14.936 worker_log:613 22578 MainThread [INFO]  All processing finished for executor task 1968
2023-07-03 11:43:27.695 worker_log:584 22578 MainThread [INFO]  Received executor task 1983
2023-07-03 11:43:43.125 worker_log:602 22578 MainThread [INFO]  Completed executor task 1983
2023-07-03 11:43:43.125 worker_log:613 22578 MainThread [INFO]  All processing finished for executor task 1983
2023-07-03 11:43:56.704 worker_log:584 22578 MainThread [INFO]  Received executor task 1991
2023-07-03 11:44:11.831 worker_log:602 22578 MainThread [INFO]  Completed executor task 1991
2023-07-03 11:44:11.832 worker_log:613 22578 MainThread [INFO]  All processing finished for executor task 1991
2023-07-03 11:45:21.723 worker_log:584 22578 MainThread [INFO]  Received executor task 2006
2023-07-03 11:45:39.511 worker_log:602 22578 MainThread [INFO]  Completed executor task 2006
2023-07-03 11:45:39.511 worker_log:613 22578 MainThread [INFO]  All processing finished for executor task 2006
2023-07-03 11:45:48.714 worker_log:584 22578 MainThread [INFO]  Received executor task 2022
2023-07-03 11:46:36.077 worker_log:602 22578 MainThread [INFO]  Completed executor task 2022
2023-07-03 11:46:36.077 worker_log:613 22578 MainThread [INFO]  All processing finished for executor task 2022
2023-07-03 11:47:14.699 worker_log:584 22578 MainThread [INFO]  Received executor task 2038
2023-07-03 11:47:55.440 worker_log:602 22578 MainThread [INFO]  Completed executor task 2038
2023-07-03 11:47:55.441 worker_log:613 22578 MainThread [INFO]  All processing finished for executor task 2038
2023-07-03 11:48:11.680 worker_log:584 22578 MainThread [INFO]  Received executor task 2051
2023-07-03 11:49:05.803 worker_log:602 22578 MainThread [INFO]  Completed executor task 2051
2023-07-03 11:49:05.803 worker_log:613 22578 MainThread [INFO]  All processing finished for executor task 2051
2023-07-03 11:49:05.814 worker_log:584 22578 MainThread [INFO]  Received executor task 2062
2023-07-03 11:50:19.208 worker_log:602 22578 MainThread [INFO]  Completed executor task 2062
2023-07-03 11:50:19.208 worker_log:613 22578 MainThread [INFO]  All processing finished for executor task 2062
2023-07-03 11:51:02.722 worker_log:584 22578 MainThread [INFO]  Received executor task 2078
2023-07-03 11:52:02.485 worker_log:602 22578 MainThread [INFO]  Completed executor task 2078
2023-07-03 11:52:02.486 worker_log:613 22578 MainThread [INFO]  All processing finished for executor task 2078
2023-07-03 11:52:02.497 worker_log:584 22578 MainThread [INFO]  Received executor task 2102
2023-07-03 11:52:13.795 worker_log:602 22578 MainThread [INFO]  Completed executor task 2102
2023-07-03 11:52:13.796 worker_log:613 22578 MainThread [INFO]  All processing finished for executor task 2102
2023-07-03 11:53:09.700 worker_log:584 22578 MainThread [INFO]  Received executor task 2107
2023-07-03 11:53:41.894 worker_log:602 22578 MainThread [INFO]  Completed executor task 2107
2023-07-03 11:53:41.895 worker_log:613 22578 MainThread [INFO]  All processing finished for executor task 2107
2023-07-03 11:54:13.895 worker_log:584 22578 MainThread [INFO]  Received executor task 2129
2023-07-03 11:54:29.830 worker_log:602 22578 MainThread [INFO]  Completed executor task 2129
2023-07-03 11:54:29.831 worker_log:613 22578 MainThread [INFO]  All processing finished for executor task 2129
2023-07-03 11:54:50.747 worker_log:584 22578 MainThread [INFO]  Received executor task 2142
2023-07-03 11:55:16.475 worker_log:602 22578 MainThread [INFO]  Completed executor task 2142
2023-07-03 11:55:16.475 worker_log:613 22578 MainThread [INFO]  All processing finished for executor task 2142
2023-07-03 11:55:48.741 worker_log:584 22578 MainThread [INFO]  Received executor task 2158
2023-07-03 11:56:09.960 worker_log:602 22578 MainThread [INFO]  Completed executor task 2158
2023-07-03 11:56:09.961 worker_log:613 22578 MainThread [INFO]  All processing finished for executor task 2158
2023-07-03 11:57:17.722 worker_log:584 22578 MainThread [INFO]  Received executor task 2172
2023-07-03 11:57:35.469 worker_log:602 22578 MainThread [INFO]  Completed executor task 2172
2023-07-03 11:57:35.469 worker_log:613 22578 MainThread [INFO]  All processing finished for executor task 2172
2023-07-03 11:57:44.724 worker_log:584 22578 MainThread [INFO]  Received executor task 2184
2023-07-03 11:58:02.272 worker_log:602 22578 MainThread [INFO]  Completed executor task 2184
2023-07-03 11:58:02.272 worker_log:613 22578 MainThread [INFO]  All processing finished for executor task 2184
2023-07-03 11:58:43.698 worker_log:584 22578 MainThread [INFO]  Received executor task 2197
2023-07-03 11:59:14.795 worker_log:602 22578 MainThread [INFO]  Completed executor task 2197
2023-07-03 11:59:14.796 worker_log:613 22578 MainThread [INFO]  All processing finished for executor task 2197
2023-07-03 11:59:14.807 worker_log:584 22578 MainThread [INFO]  Received executor task 2212
2023-07-03 11:59:26.244 worker_log:602 22578 MainThread [INFO]  Completed executor task 2212
2023-07-03 11:59:26.244 worker_log:613 22578 MainThread [INFO]  All processing finished for executor task 2212
2023-07-03 11:59:40.723 worker_log:584 22578 MainThread [INFO]  Received executor task 2215
2023-07-03 12:00:57.064 worker_log:602 22578 MainThread [INFO]  Completed executor task 2215
2023-07-03 12:00:57.064 worker_log:613 22578 MainThread [INFO]  All processing finished for executor task 2215
2023-07-03 12:01:36.711 worker_log:584 22578 MainThread [INFO]  Received executor task 2258
2023-07-03 12:02:03.590 worker_log:602 22578 MainThread [INFO]  Completed executor task 2258
2023-07-03 12:02:03.591 worker_log:613 22578 MainThread [INFO]  All processing finished for executor task 2258
2023-07-03 12:02:33.747 worker_log:584 22578 MainThread [INFO]  Received executor task 2272
2023-07-03 12:03:01.405 worker_log:602 22578 MainThread [INFO]  Completed executor task 2272
2023-07-03 12:03:01.405 worker_log:613 22578 MainThread [INFO]  All processing finished for executor task 2272
2023-07-03 12:03:03.762 worker_log:584 22578 MainThread [INFO]  Received executor task 2280
2023-07-03 12:03:44.905 worker_log:602 22578 MainThread [INFO]  Completed executor task 2280
2023-07-03 12:03:44.905 worker_log:613 22578 MainThread [INFO]  All processing finished for executor task 2280
2023-07-03 12:03:44.916 worker_log:584 22578 MainThread [INFO]  Received executor task 2291
2023-07-03 12:04:15.212 worker_log:602 22578 MainThread [INFO]  Completed executor task 2291
2023-07-03 12:04:15.212 worker_log:613 22578 MainThread [INFO]  All processing finished for executor task 2291
2023-07-03 12:06:24.531 worker_log:584 22578 MainThread [INFO]  Received executor task 2306
2023-07-03 12:06:37.966 worker_log:602 22578 MainThread [INFO]  Completed executor task 2306
2023-07-03 12:06:37.967 worker_log:613 22578 MainThread [INFO]  All processing finished for executor task 2306
2023-07-03 12:06:52.728 worker_log:584 22578 MainThread [INFO]  Received executor task 2320
2023-07-03 12:07:16.265 worker_log:602 22578 MainThread [INFO]  Completed executor task 2320
2023-07-03 12:07:16.266 worker_log:613 22578 MainThread [INFO]  All processing finished for executor task 2320
2023-07-03 12:08:17.698 worker_log:584 22578 MainThread [INFO]  Received executor task 2333
2023-07-03 12:09:06.637 worker_log:602 22578 MainThread [INFO]  Completed executor task 2333
2023-07-03 12:09:06.637 worker_log:613 22578 MainThread [INFO]  All processing finished for executor task 2333
2023-07-03 12:09:16.704 worker_log:584 22578 MainThread [INFO]  Received executor task 2346
2023-07-03 12:09:41.212 worker_log:602 22578 MainThread [INFO]  Completed executor task 2346
2023-07-03 12:09:41.212 worker_log:613 22578 MainThread [INFO]  All processing finished for executor task 2346
2023-07-03 12:11:12.708 worker_log:584 22578 MainThread [INFO]  Received executor task 2365
2023-07-03 12:11:28.285 worker_log:602 22578 MainThread [INFO]  Completed executor task 2365
2023-07-03 12:11:28.286 worker_log:613 22578 MainThread [INFO]  All processing finished for executor task 2365
2023-07-03 12:12:16.659 worker_log:584 22578 MainThread [INFO]  Received executor task 2384
2023-07-03 12:12:36.467 worker_log:602 22578 MainThread [INFO]  Completed executor task 2384
2023-07-03 12:12:36.468 worker_log:613 22578 MainThread [INFO]  All processing finished for executor task 2384
2023-07-03 12:12:44.712 worker_log:584 22578 MainThread [INFO]  Received executor task 2400
2023-07-03 12:13:13.375 worker_log:602 22578 MainThread [INFO]  Completed executor task 2400
2023-07-03 12:13:13.376 worker_log:613 22578 MainThread [INFO]  All processing finished for executor task 2400
2023-07-03 12:16:32.708 worker_log:584 22578 MainThread [INFO]  Received executor task 2413
2023-07-03 12:16:58.476 worker_log:602 22578 MainThread [INFO]  Completed executor task 2413
2023-07-03 12:16:58.477 worker_log:613 22578 MainThread [INFO]  All processing finished for executor task 2413
2023-07-03 12:17:33.704 worker_log:584 22578 MainThread [INFO]  Received executor task 2427
2023-07-03 12:18:14.390 worker_log:602 22578 MainThread [INFO]  Completed executor task 2427
2023-07-03 12:18:14.391 worker_log:613 22578 MainThread [INFO]  All processing finished for executor task 2427
2023-07-03 12:18:14.402 worker_log:584 22578 MainThread [INFO]  Received executor task 2443
2023-07-03 12:18:46.950 worker_log:602 22578 MainThread [INFO]  Completed executor task 2443
2023-07-03 12:18:46.950 worker_log:613 22578 MainThread [INFO]  All processing finished for executor task 2443
2023-07-03 12:19:01.655 worker_log:584 22578 MainThread [INFO]  Received executor task 2454
2023-07-03 12:19:41.040 worker_log:602 22578 MainThread [INFO]  Completed executor task 2454
2023-07-03 12:19:41.041 worker_log:613 22578 MainThread [INFO]  All processing finished for executor task 2454
2023-07-03 12:19:57.736 worker_log:584 22578 MainThread [INFO]  Received executor task 2483
2023-07-03 12:20:16.521 worker_log:602 22578 MainThread [INFO]  Completed executor task 2483
2023-07-03 12:20:16.521 worker_log:613 22578 MainThread [INFO]  All processing finished for executor task 2483
2023-07-03 12:21:01.699 worker_log:584 22578 MainThread [INFO]  Received executor task 2495
2023-07-03 12:21:32.456 worker_log:602 22578 MainThread [INFO]  Completed executor task 2495
2023-07-03 12:21:32.456 worker_log:613 22578 MainThread [INFO]  All processing finished for executor task 2495
2023-07-03 12:21:58.739 worker_log:584 22578 MainThread [INFO]  Received executor task 2518
2023-07-03 12:22:10.596 worker_log:602 22578 MainThread [INFO]  Completed executor task 2518
2023-07-03 12:22:10.596 worker_log:613 22578 MainThread [INFO]  All processing finished for executor task 2518
2023-07-03 12:23:08.704 worker_log:584 22578 MainThread [INFO]  Received executor task 2530
2023-07-03 12:23:34.829 worker_log:602 22578 MainThread [INFO]  Completed executor task 2530
2023-07-03 12:23:34.830 worker_log:613 22578 MainThread [INFO]  All processing finished for executor task 2530
2023-07-03 12:23:44.722 worker_log:584 22578 MainThread [INFO]  Received executor task 2541
2023-07-03 12:24:05.062 worker_log:602 22578 MainThread [INFO]  Completed executor task 2541
2023-07-03 12:24:05.063 worker_log:613 22578 MainThread [INFO]  All processing finished for executor task 2541
2023-07-03 12:24:12.786 worker_log:584 22578 MainThread [INFO]  Received executor task 2550
2023-07-03 12:25:21.764 worker_log:602 22578 MainThread [INFO]  Completed executor task 2550
2023-07-03 12:25:21.765 worker_log:613 22578 MainThread [INFO]  All processing finished for executor task 2550
2023-07-03 12:27:03.736 worker_log:584 22578 MainThread [INFO]  Received executor task 2576
2023-07-03 12:28:00.291 worker_log:602 22578 MainThread [INFO]  Completed executor task 2576
2023-07-03 12:28:00.292 worker_log:613 22578 MainThread [INFO]  All processing finished for executor task 2576
2023-07-03 12:28:57.710 worker_log:584 22578 MainThread [INFO]  Received executor task 2598
2023-07-03 12:29:52.685 worker_log:602 22578 MainThread [INFO]  Completed executor task 2598
2023-07-03 12:29:52.685 worker_log:613 22578 MainThread [INFO]  All processing finished for executor task 2598
2023-07-03 12:30:24.817 worker_log:584 22578 MainThread [INFO]  Received executor task 2622
2023-07-03 12:31:14.725 worker_log:602 22578 MainThread [INFO]  Completed executor task 2622
2023-07-03 12:31:14.726 worker_log:613 22578 MainThread [INFO]  All processing finished for executor task 2622
2023-07-03 12:31:50.701 worker_log:584 22578 MainThread [INFO]  Received executor task 2643
2023-07-03 12:33:01.951 worker_log:602 22578 MainThread [INFO]  Completed executor task 2643
2023-07-03 12:33:01.952 worker_log:613 22578 MainThread [INFO]  All processing finished for executor task 2643
2023-07-03 12:33:43.681 worker_log:584 22578 MainThread [INFO]  Received executor task 2664
2023-07-03 12:34:53.143 worker_log:602 22578 MainThread [INFO]  Completed executor task 2664
2023-07-03 12:34:53.144 worker_log:613 22578 MainThread [INFO]  All processing finished for executor task 2664
2023-07-03 12:35:40.723 worker_log:584 22578 MainThread [INFO]  Received executor task 2688
2023-07-03 12:36:02.198 worker_log:602 22578 MainThread [INFO]  Completed executor task 2688
2023-07-03 12:36:02.199 worker_log:613 22578 MainThread [INFO]  All processing finished for executor task 2688
2023-07-03 12:37:34.699 worker_log:584 22578 MainThread [INFO]  Received executor task 2703
2023-07-03 12:38:31.025 worker_log:602 22578 MainThread [INFO]  Completed executor task 2703
2023-07-03 12:38:31.025 worker_log:613 22578 MainThread [INFO]  All processing finished for executor task 2703
2023-07-03 12:39:26.710 worker_log:584 22578 MainThread [INFO]  Received executor task 2721
2023-07-03 12:39:39.357 worker_log:602 22578 MainThread [INFO]  Completed executor task 2721
2023-07-03 12:39:39.358 worker_log:613 22578 MainThread [INFO]  All processing finished for executor task 2721
2023-07-03 12:40:52.704 worker_log:584 22578 MainThread [INFO]  Received executor task 2741
2023-07-03 12:41:08.134 worker_log:602 22578 MainThread [INFO]  Completed executor task 2741
2023-07-03 12:41:08.134 worker_log:613 22578 MainThread [INFO]  All processing finished for executor task 2741
2023-07-03 12:41:49.737 worker_log:584 22578 MainThread [INFO]  Received executor task 2758
2023-07-03 12:42:24.004 worker_log:602 22578 MainThread [INFO]  Completed executor task 2758
2023-07-03 12:42:24.004 worker_log:613 22578 MainThread [INFO]  All processing finished for executor task 2758
2023-07-03 12:43:20.653 worker_log:584 22578 MainThread [INFO]  Received executor task 2769
2023-07-03 12:44:02.128 worker_log:602 22578 MainThread [INFO]  Completed executor task 2769
2023-07-03 12:44:02.128 worker_log:613 22578 MainThread [INFO]  All processing finished for executor task 2769
2023-07-03 12:44:18.714 worker_log:584 22578 MainThread [INFO]  Received executor task 2787
2023-07-03 12:44:43.842 worker_log:602 22578 MainThread [INFO]  Completed executor task 2787
2023-07-03 12:44:43.850 worker_log:613 22578 MainThread [INFO]  All processing finished for executor task 2787
2023-07-03 12:44:46.709 worker_log:584 22578 MainThread [INFO]  Received executor task 2795
2023-07-03 12:46:03.709 worker_log:602 22578 MainThread [INFO]  Completed executor task 2795
2023-07-03 12:46:03.718 worker_log:613 22578 MainThread [INFO]  All processing finished for executor task 2795
