2023-07-03 09:08:17.511 worker_log:538 22590 MainThread [INFO]  Worker 15 started
2023-07-03 09:10:01.820 worker_log:584 22590 MainThread [INFO]  Received executor task 16
2023-07-03 09:10:39.770 worker_log:602 22590 MainThread [INFO]  Completed executor task 16
2023-07-03 09:10:39.771 worker_log:613 22590 MainThread [INFO]  All processing finished for executor task 16
2023-07-03 09:11:06.669 worker_log:584 22590 MainThread [INFO]  Received executor task 31
2023-07-03 09:11:45.436 worker_log:602 22590 MainThread [INFO]  Completed executor task 31
2023-07-03 09:11:45.437 worker_log:613 22590 MainThread [INFO]  All processing finished for executor task 31
2023-07-03 09:11:45.448 worker_log:584 22590 MainThread [INFO]  Received executor task 45
2023-07-03 09:12:47.093 worker_log:602 22590 MainThread [INFO]  Completed executor task 45
2023-07-03 09:12:47.093 worker_log:613 22590 MainThread [INFO]  All processing finished for executor task 45
2023-07-03 09:12:57.688 worker_log:584 22590 MainThread [INFO]  Received executor task 64
2023-07-03 09:13:30.233 worker_log:602 22590 MainThread [INFO]  Completed executor task 64
2023-07-03 09:13:30.234 worker_log:613 22590 MainThread [INFO]  All processing finished for executor task 64
2023-07-03 09:14:00.682 worker_log:584 22590 MainThread [INFO]  Received executor task 80
2023-07-03 09:14:38.139 worker_log:602 22590 MainThread [INFO]  Completed executor task 80
2023-07-03 09:14:38.139 worker_log:613 22590 MainThread [INFO]  All processing finished for executor task 80
2023-07-03 09:15:31.700 worker_log:584 22590 MainThread [INFO]  Received executor task 93
2023-07-03 09:16:24.833 worker_log:602 22590 MainThread [INFO]  Completed executor task 93
2023-07-03 09:16:24.833 worker_log:613 22590 MainThread [INFO]  All processing finished for executor task 93
2023-07-03 09:17:07.681 worker_log:584 22590 MainThread [INFO]  Received executor task 110
2023-07-03 09:17:30.266 worker_log:602 22590 MainThread [INFO]  Completed executor task 110
2023-07-03 09:17:30.266 worker_log:613 22590 MainThread [INFO]  All processing finished for executor task 110
2023-07-03 09:19:38.710 worker_log:584 22590 MainThread [INFO]  Received executor task 133
2023-07-03 09:20:21.906 worker_log:602 22590 MainThread [INFO]  Completed executor task 133
2023-07-03 09:20:21.906 worker_log:613 22590 MainThread [INFO]  All processing finished for executor task 133
2023-07-03 09:20:42.660 worker_log:584 22590 MainThread [INFO]  Received executor task 149
2023-07-03 09:21:35.667 worker_log:602 22590 MainThread [INFO]  Completed executor task 149
2023-07-03 09:21:35.667 worker_log:613 22590 MainThread [INFO]  All processing finished for executor task 149
2023-07-03 09:24:37.755 worker_log:584 22590 MainThread [INFO]  Received executor task 164
2023-07-03 09:25:34.331 worker_log:602 22590 MainThread [INFO]  Completed executor task 164
2023-07-03 09:25:34.331 worker_log:613 22590 MainThread [INFO]  All processing finished for executor task 164
2023-07-03 09:26:06.674 worker_log:584 22590 MainThread [INFO]  Received executor task 181
2023-07-03 09:26:38.168 worker_log:602 22590 MainThread [INFO]  Completed executor task 181
2023-07-03 09:26:38.168 worker_log:613 22590 MainThread [INFO]  All processing finished for executor task 181
2023-07-03 09:27:03.695 worker_log:584 22590 MainThread [INFO]  Received executor task 206
2023-07-03 09:27:23.007 worker_log:602 22590 MainThread [INFO]  Completed executor task 206
2023-07-03 09:27:23.008 worker_log:613 22590 MainThread [INFO]  All processing finished for executor task 206
2023-07-03 09:28:01.686 worker_log:584 22590 MainThread [INFO]  Received executor task 221
2023-07-03 09:29:17.984 worker_log:602 22590 MainThread [INFO]  Completed executor task 221
2023-07-03 09:29:17.984 worker_log:613 22590 MainThread [INFO]  All processing finished for executor task 221
2023-07-03 09:29:31.691 worker_log:584 22590 MainThread [INFO]  Received executor task 242
2023-07-03 09:30:05.781 worker_log:602 22590 MainThread [INFO]  Completed executor task 242
2023-07-03 09:30:05.781 worker_log:613 22590 MainThread [INFO]  All processing finished for executor task 242
2023-07-03 09:33:25.708 worker_log:584 22590 MainThread [INFO]  Received executor task 263
2023-07-03 09:33:52.516 worker_log:602 22590 MainThread [INFO]  Completed executor task 263
2023-07-03 09:33:52.516 worker_log:613 22590 MainThread [INFO]  All processing finished for executor task 263
2023-07-03 09:34:23.696 worker_log:584 22590 MainThread [INFO]  Received executor task 283
2023-07-03 09:34:34.005 worker_log:602 22590 MainThread [INFO]  Completed executor task 283
2023-07-03 09:34:34.005 worker_log:613 22590 MainThread [INFO]  All processing finished for executor task 283
2023-07-03 09:34:54.698 worker_log:584 22590 MainThread [INFO]  Received executor task 294
2023-07-03 09:35:24.073 worker_log:602 22590 MainThread [INFO]  Completed executor task 294
2023-07-03 09:35:24.073 worker_log:613 22590 MainThread [INFO]  All processing finished for executor task 294
2023-07-03 09:36:20.719 worker_log:584 22590 MainThread [INFO]  Received executor task 305
2023-07-03 09:36:49.037 worker_log:602 22590 MainThread [INFO]  Completed executor task 305
2023-07-03 09:36:49.038 worker_log:613 22590 MainThread [INFO]  All processing finished for executor task 305
2023-07-03 09:37:17.687 worker_log:584 22590 MainThread [INFO]  Received executor task 319
2023-07-03 09:37:55.087 worker_log:602 22590 MainThread [INFO]  Completed executor task 319
2023-07-03 09:37:55.088 worker_log:613 22590 MainThread [INFO]  All processing finished for executor task 319
2023-07-03 09:37:55.099 worker_log:584 22590 MainThread [INFO]  Received executor task 337
2023-07-03 09:38:26.485 worker_log:602 22590 MainThread [INFO]  Completed executor task 337
2023-07-03 09:38:26.486 worker_log:613 22590 MainThread [INFO]  All processing finished for executor task 337
2023-07-03 09:39:18.703 worker_log:584 22590 MainThread [INFO]  Received executor task 346
2023-07-03 09:39:42.800 worker_log:602 22590 MainThread [INFO]  Completed executor task 346
2023-07-03 09:39:42.801 worker_log:613 22590 MainThread [INFO]  All processing finished for executor task 346
2023-07-03 09:42:00.702 worker_log:584 22590 MainThread [INFO]  Received executor task 362
2023-07-03 09:42:52.757 worker_log:602 22590 MainThread [INFO]  Completed executor task 362
2023-07-03 09:42:52.758 worker_log:613 22590 MainThread [INFO]  All processing finished for executor task 362
2023-07-03 09:44:04.716 worker_log:584 22590 MainThread [INFO]  Received executor task 385
2023-07-03 09:44:29.742 worker_log:602 22590 MainThread [INFO]  Completed executor task 385
2023-07-03 09:44:29.743 worker_log:613 22590 MainThread [INFO]  All processing finished for executor task 385
2023-07-03 09:44:34.725 worker_log:584 22590 MainThread [INFO]  Received executor task 398
2023-07-03 09:45:07.434 worker_log:602 22590 MainThread [INFO]  Completed executor task 398
2023-07-03 09:45:07.434 worker_log:613 22590 MainThread [INFO]  All processing finished for executor task 398
2023-07-03 09:46:09.702 worker_log:584 22590 MainThread [INFO]  Received executor task 404
2023-07-03 09:46:56.056 worker_log:602 22590 MainThread [INFO]  Completed executor task 404
2023-07-03 09:46:56.057 worker_log:613 22590 MainThread [INFO]  All processing finished for executor task 404
2023-07-03 09:48:09.806 worker_log:584 22590 MainThread [INFO]  Received executor task 421
2023-07-03 09:48:42.662 worker_log:602 22590 MainThread [INFO]  Completed executor task 421
2023-07-03 09:48:42.662 worker_log:613 22590 MainThread [INFO]  All processing finished for executor task 421
2023-07-03 09:48:42.677 worker_log:584 22590 MainThread [INFO]  Received executor task 437
2023-07-03 09:49:39.912 worker_log:602 22590 MainThread [INFO]  Completed executor task 437
2023-07-03 09:49:39.912 worker_log:613 22590 MainThread [INFO]  All processing finished for executor task 437
2023-07-03 09:50:08.709 worker_log:584 22590 MainThread [INFO]  Received executor task 463
2023-07-03 09:50:25.124 worker_log:602 22590 MainThread [INFO]  Completed executor task 463
2023-07-03 09:50:25.125 worker_log:613 22590 MainThread [INFO]  All processing finished for executor task 463
2023-07-03 09:50:37.696 worker_log:584 22590 MainThread [INFO]  Received executor task 473
2023-07-03 09:51:55.291 worker_log:602 22590 MainThread [INFO]  Completed executor task 473
2023-07-03 09:51:55.291 worker_log:613 22590 MainThread [INFO]  All processing finished for executor task 473
2023-07-03 09:53:03.697 worker_log:584 22590 MainThread [INFO]  Received executor task 509
2023-07-03 09:53:48.729 worker_log:602 22590 MainThread [INFO]  Completed executor task 509
2023-07-03 09:53:48.730 worker_log:613 22590 MainThread [INFO]  All processing finished for executor task 509
2023-07-03 09:55:29.704 worker_log:584 22590 MainThread [INFO]  Received executor task 528
2023-07-03 09:57:18.549 worker_log:602 22590 MainThread [INFO]  Completed executor task 528
2023-07-03 09:57:18.550 worker_log:613 22590 MainThread [INFO]  All processing finished for executor task 528
2023-07-03 09:57:18.561 worker_log:584 22590 MainThread [INFO]  Received executor task 563
2023-07-03 09:57:44.458 worker_log:602 22590 MainThread [INFO]  Completed executor task 563
2023-07-03 09:57:44.458 worker_log:613 22590 MainThread [INFO]  All processing finished for executor task 563
2023-07-03 09:58:40.681 worker_log:584 22590 MainThread [INFO]  Received executor task 575
2023-07-03 09:59:00.130 worker_log:602 22590 MainThread [INFO]  Completed executor task 575
2023-07-03 09:59:00.130 worker_log:613 22590 MainThread [INFO]  All processing finished for executor task 575
2023-07-03 10:00:16.672 worker_log:584 22590 MainThread [INFO]  Received executor task 591
2023-07-03 10:01:15.650 worker_log:602 22590 MainThread [INFO]  Completed executor task 591
2023-07-03 10:01:15.650 worker_log:613 22590 MainThread [INFO]  All processing finished for executor task 591
2023-07-03 10:02:22.722 worker_log:584 22590 MainThread [INFO]  Received executor task 607
2023-07-03 10:02:44.427 worker_log:602 22590 MainThread [INFO]  Completed executor task 607
2023-07-03 10:02:44.427 worker_log:613 22590 MainThread [INFO]  All processing finished for executor task 607
2023-07-03 10:02:53.679 worker_log:584 22590 MainThread [INFO]  Received executor task 616
2023-07-03 10:03:32.113 worker_log:602 22590 MainThread [INFO]  Completed executor task 616
2023-07-03 10:03:32.113 worker_log:613 22590 MainThread [INFO]  All processing finished for executor task 616
2023-07-03 10:04:49.686 worker_log:584 22590 MainThread [INFO]  Received executor task 634
2023-07-03 10:05:25.239 worker_log:602 22590 MainThread [INFO]  Completed executor task 634
2023-07-03 10:05:25.239 worker_log:613 22590 MainThread [INFO]  All processing finished for executor task 634
2023-07-03 10:06:24.838 worker_log:584 22590 MainThread [INFO]  Received executor task 653
2023-07-03 10:07:12.520 worker_log:602 22590 MainThread [INFO]  Completed executor task 653
2023-07-03 10:07:12.520 worker_log:613 22590 MainThread [INFO]  All processing finished for executor task 653
2023-07-03 10:07:53.692 worker_log:584 22590 MainThread [INFO]  Received executor task 675
2023-07-03 10:09:22.302 worker_log:602 22590 MainThread [INFO]  Completed executor task 675
2023-07-03 10:09:22.302 worker_log:613 22590 MainThread [INFO]  All processing finished for executor task 675
2023-07-03 10:09:52.710 worker_log:584 22590 MainThread [INFO]  Received executor task 699
2023-07-03 10:10:16.231 worker_log:602 22590 MainThread [INFO]  Completed executor task 699
2023-07-03 10:10:16.231 worker_log:613 22590 MainThread [INFO]  All processing finished for executor task 699
2023-07-03 10:12:17.697 worker_log:584 22590 MainThread [INFO]  Received executor task 711
2023-07-03 10:13:14.145 worker_log:602 22590 MainThread [INFO]  Completed executor task 711
2023-07-03 10:13:14.146 worker_log:613 22590 MainThread [INFO]  All processing finished for executor task 711
2023-07-03 10:14:42.704 worker_log:584 22590 MainThread [INFO]  Received executor task 734
2023-07-03 10:15:17.802 worker_log:602 22590 MainThread [INFO]  Completed executor task 734
2023-07-03 10:15:17.802 worker_log:613 22590 MainThread [INFO]  All processing finished for executor task 734
2023-07-03 10:15:17.814 worker_log:584 22590 MainThread [INFO]  Received executor task 747
2023-07-03 10:16:09.984 worker_log:602 22590 MainThread [INFO]  Completed executor task 747
2023-07-03 10:16:09.985 worker_log:613 22590 MainThread [INFO]  All processing finished for executor task 747
2023-07-03 10:16:17.701 worker_log:584 22590 MainThread [INFO]  Received executor task 768
2023-07-03 10:17:48.652 worker_log:602 22590 MainThread [INFO]  Completed executor task 768
2023-07-03 10:17:48.652 worker_log:613 22590 MainThread [INFO]  All processing finished for executor task 768
2023-07-03 10:18:22.699 worker_log:584 22590 MainThread [INFO]  Received executor task 793
2023-07-03 10:18:39.297 worker_log:602 22590 MainThread [INFO]  Completed executor task 793
2023-07-03 10:18:39.297 worker_log:613 22590 MainThread [INFO]  All processing finished for executor task 793
2023-07-03 10:19:20.715 worker_log:584 22590 MainThread [INFO]  Received executor task 806
2023-07-03 10:19:48.872 worker_log:602 22590 MainThread [INFO]  Completed executor task 806
2023-07-03 10:19:48.872 worker_log:613 22590 MainThread [INFO]  All processing finished for executor task 806
2023-07-03 10:20:47.765 worker_log:584 22590 MainThread [INFO]  Received executor task 822
2023-07-03 10:21:04.479 worker_log:602 22590 MainThread [INFO]  Completed executor task 822
2023-07-03 10:21:04.479 worker_log:613 22590 MainThread [INFO]  All processing finished for executor task 822
2023-07-03 10:21:46.968 worker_log:584 22590 MainThread [INFO]  Received executor task 838
2023-07-03 10:22:20.360 worker_log:602 22590 MainThread [INFO]  Completed executor task 838
2023-07-03 10:22:20.360 worker_log:613 22590 MainThread [INFO]  All processing finished for executor task 838
2023-07-03 10:23:16.692 worker_log:584 22590 MainThread [INFO]  Received executor task 858
2023-07-03 10:23:41.330 worker_log:602 22590 MainThread [INFO]  Completed executor task 858
2023-07-03 10:23:41.331 worker_log:613 22590 MainThread [INFO]  All processing finished for executor task 858
2023-07-03 10:24:15.707 worker_log:584 22590 MainThread [INFO]  Received executor task 878
2023-07-03 10:24:56.107 worker_log:602 22590 MainThread [INFO]  Completed executor task 878
2023-07-03 10:24:56.107 worker_log:613 22590 MainThread [INFO]  All processing finished for executor task 878
2023-07-03 10:25:22.704 worker_log:584 22590 MainThread [INFO]  Received executor task 899
2023-07-03 10:25:36.702 worker_log:602 22590 MainThread [INFO]  Completed executor task 899
2023-07-03 10:25:36.702 worker_log:613 22590 MainThread [INFO]  All processing finished for executor task 899
2023-07-03 10:25:58.700 worker_log:584 22590 MainThread [INFO]  Received executor task 914
2023-07-03 10:27:16.274 worker_log:602 22590 MainThread [INFO]  Completed executor task 914
2023-07-03 10:27:16.274 worker_log:613 22590 MainThread [INFO]  All processing finished for executor task 914
2023-07-03 10:28:55.700 worker_log:584 22590 MainThread [INFO]  Received executor task 938
2023-07-03 10:29:29.370 worker_log:602 22590 MainThread [INFO]  Completed executor task 938
2023-07-03 10:29:29.371 worker_log:613 22590 MainThread [INFO]  All processing finished for executor task 938
2023-07-03 10:31:39.705 worker_log:584 22590 MainThread [INFO]  Received executor task 958
2023-07-03 10:32:00.036 worker_log:602 22590 MainThread [INFO]  Completed executor task 958
2023-07-03 10:32:00.037 worker_log:613 22590 MainThread [INFO]  All processing finished for executor task 958
2023-07-03 10:34:47.680 worker_log:584 22590 MainThread [INFO]  Received executor task 976
2023-07-03 10:35:08.750 worker_log:602 22590 MainThread [INFO]  Completed executor task 976
2023-07-03 10:35:08.750 worker_log:613 22590 MainThread [INFO]  All processing finished for executor task 976
2023-07-03 10:35:22.701 worker_log:584 22590 MainThread [INFO]  Received executor task 994
2023-07-03 10:36:14.770 worker_log:602 22590 MainThread [INFO]  Completed executor task 994
2023-07-03 10:36:14.770 worker_log:613 22590 MainThread [INFO]  All processing finished for executor task 994
2023-07-03 10:36:50.697 worker_log:584 22590 MainThread [INFO]  Received executor task 1010
2023-07-03 10:37:06.643 worker_log:602 22590 MainThread [INFO]  Completed executor task 1010
2023-07-03 10:37:06.643 worker_log:613 22590 MainThread [INFO]  All processing finished for executor task 1010
2023-07-03 10:37:20.725 worker_log:584 22590 MainThread [INFO]  Received executor task 1020
2023-07-03 10:37:28.544 worker_log:602 22590 MainThread [INFO]  Completed executor task 1020
2023-07-03 10:37:28.545 worker_log:613 22590 MainThread [INFO]  All processing finished for executor task 1020
2023-07-03 10:37:50.765 worker_log:584 22590 MainThread [INFO]  Received executor task 1033
2023-07-03 10:38:29.448 worker_log:602 22590 MainThread [INFO]  Completed executor task 1033
2023-07-03 10:38:29.449 worker_log:613 22590 MainThread [INFO]  All processing finished for executor task 1033
2023-07-03 10:38:29.460 worker_log:584 22590 MainThread [INFO]  Received executor task 1043
2023-07-03 10:39:07.669 worker_log:602 22590 MainThread [INFO]  Completed executor task 1043
2023-07-03 10:39:07.670 worker_log:613 22590 MainThread [INFO]  All processing finished for executor task 1043
2023-07-03 10:42:02.696 worker_log:584 22590 MainThread [INFO]  Received executor task 1057
2023-07-03 10:42:20.999 worker_log:602 22590 MainThread [INFO]  Completed executor task 1057
2023-07-03 10:42:21.000 worker_log:613 22590 MainThread [INFO]  All processing finished for executor task 1057
2023-07-03 10:43:04.678 worker_log:584 22590 MainThread [INFO]  Received executor task 1074
2023-07-03 10:43:27.823 worker_log:602 22590 MainThread [INFO]  Completed executor task 1074
2023-07-03 10:43:27.824 worker_log:613 22590 MainThread [INFO]  All processing finished for executor task 1074
2023-07-03 10:44:02.697 worker_log:584 22590 MainThread [INFO]  Received executor task 1095
2023-07-03 10:44:51.467 worker_log:602 22590 MainThread [INFO]  Completed executor task 1095
2023-07-03 10:44:51.467 worker_log:613 22590 MainThread [INFO]  All processing finished for executor task 1095
2023-07-03 10:45:41.680 worker_log:584 22590 MainThread [INFO]  Received executor task 1115
2023-07-03 10:46:18.635 worker_log:602 22590 MainThread [INFO]  Completed executor task 1115
2023-07-03 10:46:18.635 worker_log:613 22590 MainThread [INFO]  All processing finished for executor task 1115
2023-07-03 10:46:41.676 worker_log:584 22590 MainThread [INFO]  Received executor task 1135
2023-07-03 10:47:28.067 worker_log:602 22590 MainThread [INFO]  Completed executor task 1135
2023-07-03 10:47:28.068 worker_log:613 22590 MainThread [INFO]  All processing finished for executor task 1135
2023-07-03 10:48:15.721 worker_log:584 22590 MainThread [INFO]  Received executor task 1153
2023-07-03 10:48:37.014 worker_log:602 22590 MainThread [INFO]  Completed executor task 1153
2023-07-03 10:48:37.015 worker_log:613 22590 MainThread [INFO]  All processing finished for executor task 1153
2023-07-03 10:49:14.694 worker_log:584 22590 MainThread [INFO]  Received executor task 1170
2023-07-03 10:50:18.842 worker_log:602 22590 MainThread [INFO]  Completed executor task 1170
2023-07-03 10:50:18.842 worker_log:613 22590 MainThread [INFO]  All processing finished for executor task 1170
2023-07-03 10:50:41.704 worker_log:584 22590 MainThread [INFO]  Received executor task 1201
2023-07-03 10:51:27.954 worker_log:602 22590 MainThread [INFO]  Completed executor task 1201
2023-07-03 10:51:27.954 worker_log:613 22590 MainThread [INFO]  All processing finished for executor task 1201
2023-07-03 10:54:09.709 worker_log:584 22590 MainThread [INFO]  Received executor task 1225
2023-07-03 10:54:53.503 worker_log:602 22590 MainThread [INFO]  Completed executor task 1225
2023-07-03 10:54:53.503 worker_log:613 22590 MainThread [INFO]  All processing finished for executor task 1225
2023-07-03 10:56:11.694 worker_log:584 22590 MainThread [INFO]  Received executor task 1243
2023-07-03 10:57:12.295 worker_log:602 22590 MainThread [INFO]  Completed executor task 1243
2023-07-03 10:57:12.296 worker_log:613 22590 MainThread [INFO]  All processing finished for executor task 1243
2023-07-03 10:57:12.307 worker_log:584 22590 MainThread [INFO]  Received executor task 1269
2023-07-03 10:57:45.825 worker_log:602 22590 MainThread [INFO]  Completed executor task 1269
2023-07-03 10:57:45.825 worker_log:613 22590 MainThread [INFO]  All processing finished for executor task 1269
2023-07-03 10:57:45.838 worker_log:584 22590 MainThread [INFO]  Received executor task 1276
2023-07-03 10:58:00.344 worker_log:602 22590 MainThread [INFO]  Completed executor task 1276
2023-07-03 10:58:00.345 worker_log:613 22590 MainThread [INFO]  All processing finished for executor task 1276
2023-07-03 10:58:09.706 worker_log:584 22590 MainThread [INFO]  Received executor task 1283
2023-07-03 10:59:02.372 worker_log:602 22590 MainThread [INFO]  Completed executor task 1283
2023-07-03 10:59:02.373 worker_log:613 22590 MainThread [INFO]  All processing finished for executor task 1283
2023-07-03 10:59:56.706 worker_log:584 22590 MainThread [INFO]  Received executor task 1310
2023-07-03 11:00:13.226 worker_log:602 22590 MainThread [INFO]  Completed executor task 1310
2023-07-03 11:00:13.226 worker_log:613 22590 MainThread [INFO]  All processing finished for executor task 1310
2023-07-03 11:00:25.739 worker_log:584 22590 MainThread [INFO]  Received executor task 1327
2023-07-03 11:00:52.151 worker_log:602 22590 MainThread [INFO]  Completed executor task 1327
2023-07-03 11:00:52.151 worker_log:613 22590 MainThread [INFO]  All processing finished for executor task 1327
2023-07-03 11:01:24.700 worker_log:584 22590 MainThread [INFO]  Received executor task 1338
2023-07-03 11:01:55.033 worker_log:602 22590 MainThread [INFO]  Completed executor task 1338
2023-07-03 11:01:55.034 worker_log:613 22590 MainThread [INFO]  All processing finished for executor task 1338
2023-07-03 11:02:23.705 worker_log:584 22590 MainThread [INFO]  Received executor task 1351
2023-07-03 11:03:30.534 worker_log:602 22590 MainThread [INFO]  Completed executor task 1351
2023-07-03 11:03:30.534 worker_log:613 22590 MainThread [INFO]  All processing finished for executor task 1351
2023-07-03 11:03:30.545 worker_log:584 22590 MainThread [INFO]  Received executor task 1371
2023-07-03 11:03:48.269 worker_log:602 22590 MainThread [INFO]  Completed executor task 1371
2023-07-03 11:03:48.270 worker_log:613 22590 MainThread [INFO]  All processing finished for executor task 1371
2023-07-03 11:03:48.281 worker_log:584 22590 MainThread [INFO]  Received executor task 1376
2023-07-03 11:04:01.885 worker_log:602 22590 MainThread [INFO]  Completed executor task 1376
2023-07-03 11:04:01.885 worker_log:613 22590 MainThread [INFO]  All processing finished for executor task 1376
2023-07-03 11:04:01.896 worker_log:584 22590 MainThread [INFO]  Received executor task 1382
2023-07-03 11:04:30.309 worker_log:602 22590 MainThread [INFO]  Completed executor task 1382
2023-07-03 11:04:30.309 worker_log:613 22590 MainThread [INFO]  All processing finished for executor task 1382
2023-07-03 11:04:30.321 worker_log:584 22590 MainThread [INFO]  Received executor task 1397
2023-07-03 11:04:45.401 worker_log:602 22590 MainThread [INFO]  Completed executor task 1397
2023-07-03 11:04:45.401 worker_log:613 22590 MainThread [INFO]  All processing finished for executor task 1397
2023-07-03 11:05:17.717 worker_log:584 22590 MainThread [INFO]  Received executor task 1411
2023-07-03 11:05:52.933 worker_log:602 22590 MainThread [INFO]  Completed executor task 1411
2023-07-03 11:05:52.933 worker_log:613 22590 MainThread [INFO]  All processing finished for executor task 1411
2023-07-03 11:06:21.700 worker_log:584 22590 MainThread [INFO]  Received executor task 1433
2023-07-03 11:07:07.973 worker_log:602 22590 MainThread [INFO]  Completed executor task 1433
2023-07-03 11:07:07.974 worker_log:613 22590 MainThread [INFO]  All processing finished for executor task 1433
2023-07-03 11:07:19.725 worker_log:584 22590 MainThread [INFO]  Received executor task 1452
2023-07-03 11:07:31.786 worker_log:602 22590 MainThread [INFO]  Completed executor task 1452
2023-07-03 11:07:31.787 worker_log:613 22590 MainThread [INFO]  All processing finished for executor task 1452
2023-07-03 11:08:51.665 worker_log:584 22590 MainThread [INFO]  Received executor task 1459
2023-07-03 11:09:09.589 worker_log:602 22590 MainThread [INFO]  Completed executor task 1459
2023-07-03 11:09:09.590 worker_log:613 22590 MainThread [INFO]  All processing finished for executor task 1459
2023-07-03 11:09:22.723 worker_log:584 22590 MainThread [INFO]  Received executor task 1477
2023-07-03 11:09:36.821 worker_log:602 22590 MainThread [INFO]  Completed executor task 1477
2023-07-03 11:09:36.821 worker_log:613 22590 MainThread [INFO]  All processing finished for executor task 1477
2023-07-03 11:11:20.703 worker_log:584 22590 MainThread [INFO]  Received executor task 1484
2023-07-03 11:11:47.310 worker_log:602 22590 MainThread [INFO]  Completed executor task 1484
2023-07-03 11:11:47.311 worker_log:613 22590 MainThread [INFO]  All processing finished for executor task 1484
2023-07-03 11:13:32.703 worker_log:584 22590 MainThread [INFO]  Received executor task 1505
2023-07-03 11:13:50.733 worker_log:602 22590 MainThread [INFO]  Completed executor task 1505
2023-07-03 11:13:50.734 worker_log:613 22590 MainThread [INFO]  All processing finished for executor task 1505
2023-07-03 11:14:01.723 worker_log:584 22590 MainThread [INFO]  Received executor task 1519
2023-07-03 11:14:24.026 worker_log:602 22590 MainThread [INFO]  Completed executor task 1519
2023-07-03 11:14:24.026 worker_log:613 22590 MainThread [INFO]  All processing finished for executor task 1519
2023-07-03 11:14:58.706 worker_log:584 22590 MainThread [INFO]  Received executor task 1534
2023-07-03 11:15:57.124 worker_log:602 22590 MainThread [INFO]  Completed executor task 1534
2023-07-03 11:15:57.125 worker_log:613 22590 MainThread [INFO]  All processing finished for executor task 1534
2023-07-03 11:15:57.137 worker_log:584 22590 MainThread [INFO]  Received executor task 1550
2023-07-03 11:16:48.539 worker_log:602 22590 MainThread [INFO]  Completed executor task 1550
2023-07-03 11:16:48.539 worker_log:613 22590 MainThread [INFO]  All processing finished for executor task 1550
2023-07-03 11:16:53.708 worker_log:584 22590 MainThread [INFO]  Received executor task 1561
2023-07-03 11:17:20.627 worker_log:602 22590 MainThread [INFO]  Completed executor task 1561
2023-07-03 11:17:20.628 worker_log:613 22590 MainThread [INFO]  All processing finished for executor task 1561
2023-07-03 11:17:20.710 worker_log:584 22590 MainThread [INFO]  Received executor task 1567
2023-07-03 11:17:37.039 worker_log:602 22590 MainThread [INFO]  Completed executor task 1567
2023-07-03 11:17:37.039 worker_log:613 22590 MainThread [INFO]  All processing finished for executor task 1567
2023-07-03 11:17:49.703 worker_log:584 22590 MainThread [INFO]  Received executor task 1578
2023-07-03 11:18:29.247 worker_log:602 22590 MainThread [INFO]  Completed executor task 1578
2023-07-03 11:18:29.247 worker_log:613 22590 MainThread [INFO]  All processing finished for executor task 1578
2023-07-03 11:19:18.702 worker_log:584 22590 MainThread [INFO]  Received executor task 1599
2023-07-03 11:19:31.497 worker_log:602 22590 MainThread [INFO]  Completed executor task 1599
2023-07-03 11:19:31.497 worker_log:613 22590 MainThread [INFO]  All processing finished for executor task 1599
2023-07-03 11:19:45.721 worker_log:584 22590 MainThread [INFO]  Received executor task 1613
2023-07-03 11:20:01.411 worker_log:602 22590 MainThread [INFO]  Completed executor task 1613
2023-07-03 11:20:01.411 worker_log:613 22590 MainThread [INFO]  All processing finished for executor task 1613
2023-07-03 11:20:43.861 worker_log:584 22590 MainThread [INFO]  Received executor task 1620
2023-07-03 11:21:14.671 worker_log:602 22590 MainThread [INFO]  Completed executor task 1620
2023-07-03 11:21:14.672 worker_log:613 22590 MainThread [INFO]  All processing finished for executor task 1620
2023-07-03 11:21:14.684 worker_log:584 22590 MainThread [INFO]  Received executor task 1633
2023-07-03 11:22:23.355 worker_log:602 22590 MainThread [INFO]  Completed executor task 1633
2023-07-03 11:22:23.356 worker_log:613 22590 MainThread [INFO]  All processing finished for executor task 1633
2023-07-03 11:22:38.698 worker_log:584 22590 MainThread [INFO]  Received executor task 1660
2023-07-03 11:24:11.910 worker_log:602 22590 MainThread [INFO]  Completed executor task 1660
2023-07-03 11:24:11.911 worker_log:613 22590 MainThread [INFO]  All processing finished for executor task 1660
2023-07-03 11:24:32.720 worker_log:584 22590 MainThread [INFO]  Received executor task 1695
2023-07-03 11:24:55.959 worker_log:602 22590 MainThread [INFO]  Completed executor task 1695
2023-07-03 11:24:55.960 worker_log:613 22590 MainThread [INFO]  All processing finished for executor task 1695
2023-07-03 11:26:04.702 worker_log:584 22590 MainThread [INFO]  Received executor task 1714
2023-07-03 11:26:31.317 worker_log:602 22590 MainThread [INFO]  Completed executor task 1714
2023-07-03 11:26:31.317 worker_log:613 22590 MainThread [INFO]  All processing finished for executor task 1714
2023-07-03 11:27:02.704 worker_log:584 22590 MainThread [INFO]  Received executor task 1727
2023-07-03 11:27:22.324 worker_log:602 22590 MainThread [INFO]  Completed executor task 1727
2023-07-03 11:27:22.324 worker_log:613 22590 MainThread [INFO]  All processing finished for executor task 1727
2023-07-03 11:27:32.808 worker_log:584 22590 MainThread [INFO]  Received executor task 1740
2023-07-03 11:28:24.481 worker_log:602 22590 MainThread [INFO]  Completed executor task 1740
2023-07-03 11:28:24.482 worker_log:613 22590 MainThread [INFO]  All processing finished for executor task 1740
2023-07-03 11:28:30.660 worker_log:584 22590 MainThread [INFO]  Received executor task 1751
2023-07-03 11:28:56.405 worker_log:602 22590 MainThread [INFO]  Completed executor task 1751
2023-07-03 11:28:56.406 worker_log:613 22590 MainThread [INFO]  All processing finished for executor task 1751
2023-07-03 11:28:58.756 worker_log:584 22590 MainThread [INFO]  Received executor task 1762
2023-07-03 11:29:14.556 worker_log:602 22590 MainThread [INFO]  Completed executor task 1762
2023-07-03 11:29:14.557 worker_log:613 22590 MainThread [INFO]  All processing finished for executor task 1762
2023-07-03 11:29:30.660 worker_log:584 22590 MainThread [INFO]  Received executor task 1771
2023-07-03 11:29:42.110 worker_log:602 22590 MainThread [INFO]  Completed executor task 1771
2023-07-03 11:29:42.111 worker_log:613 22590 MainThread [INFO]  All processing finished for executor task 1771
2023-07-03 11:32:28.658 worker_log:584 22590 MainThread [INFO]  Received executor task 1791
2023-07-03 11:33:24.203 worker_log:602 22590 MainThread [INFO]  Completed executor task 1791
2023-07-03 11:33:24.203 worker_log:613 22590 MainThread [INFO]  All processing finished for executor task 1791
2023-07-03 11:33:26.721 worker_log:584 22590 MainThread [INFO]  Received executor task 1808
2023-07-03 11:34:11.549 worker_log:602 22590 MainThread [INFO]  Completed executor task 1808
2023-07-03 11:34:11.550 worker_log:613 22590 MainThread [INFO]  All processing finished for executor task 1808
2023-07-03 11:34:31.703 worker_log:584 22590 MainThread [INFO]  Received executor task 1823
2023-07-03 11:34:50.819 worker_log:602 22590 MainThread [INFO]  Completed executor task 1823
2023-07-03 11:34:50.819 worker_log:613 22590 MainThread [INFO]  All processing finished for executor task 1823
2023-07-03 11:35:00.766 worker_log:584 22590 MainThread [INFO]  Received executor task 1839
2023-07-03 11:35:34.841 worker_log:602 22590 MainThread [INFO]  Completed executor task 1839
2023-07-03 11:35:34.842 worker_log:613 22590 MainThread [INFO]  All processing finished for executor task 1839
2023-07-03 11:36:56.685 worker_log:584 22590 MainThread [INFO]  Received executor task 1857
2023-07-03 11:37:23.820 worker_log:602 22590 MainThread [INFO]  Completed executor task 1857
2023-07-03 11:37:23.821 worker_log:613 22590 MainThread [INFO]  All processing finished for executor task 1857
2023-07-03 11:37:26.724 worker_log:584 22590 MainThread [INFO]  Received executor task 1869
2023-07-03 11:38:25.077 worker_log:602 22590 MainThread [INFO]  Completed executor task 1869
2023-07-03 11:38:25.077 worker_log:613 22590 MainThread [INFO]  All processing finished for executor task 1869
2023-07-03 11:38:25.088 worker_log:584 22590 MainThread [INFO]  Received executor task 1892
2023-07-03 11:39:49.183 worker_log:602 22590 MainThread [INFO]  Completed executor task 1892
2023-07-03 11:39:49.184 worker_log:613 22590 MainThread [INFO]  All processing finished for executor task 1892
2023-07-03 11:40:28.714 worker_log:584 22590 MainThread [INFO]  Received executor task 1917
2023-07-03 11:40:42.214 worker_log:602 22590 MainThread [INFO]  Completed executor task 1917
2023-07-03 11:40:42.215 worker_log:613 22590 MainThread [INFO]  All processing finished for executor task 1917
2023-07-03 11:40:58.723 worker_log:584 22590 MainThread [INFO]  Received executor task 1930
2023-07-03 11:41:09.727 worker_log:602 22590 MainThread [INFO]  Completed executor task 1930
2023-07-03 11:41:09.728 worker_log:613 22590 MainThread [INFO]  All processing finished for executor task 1930
2023-07-03 11:41:26.814 worker_log:584 22590 MainThread [INFO]  Received executor task 1941
2023-07-03 11:41:39.249 worker_log:602 22590 MainThread [INFO]  Completed executor task 1941
2023-07-03 11:41:39.249 worker_log:613 22590 MainThread [INFO]  All processing finished for executor task 1941
2023-07-03 11:41:54.727 worker_log:584 22590 MainThread [INFO]  Received executor task 1952
2023-07-03 11:42:26.327 worker_log:602 22590 MainThread [INFO]  Completed executor task 1952
2023-07-03 11:42:26.327 worker_log:613 22590 MainThread [INFO]  All processing finished for executor task 1952
2023-07-03 11:42:53.720 worker_log:584 22590 MainThread [INFO]  Received executor task 1966
2023-07-03 11:43:21.876 worker_log:602 22590 MainThread [INFO]  Completed executor task 1966
2023-07-03 11:43:21.876 worker_log:613 22590 MainThread [INFO]  All processing finished for executor task 1966
2023-07-03 11:43:56.703 worker_log:584 22590 MainThread [INFO]  Received executor task 1986
2023-07-03 11:44:10.950 worker_log:602 22590 MainThread [INFO]  Completed executor task 1986
2023-07-03 11:44:10.950 worker_log:613 22590 MainThread [INFO]  All processing finished for executor task 1986
2023-07-03 11:44:52.721 worker_log:584 22590 MainThread [INFO]  Received executor task 2001
2023-07-03 11:45:23.418 worker_log:602 22590 MainThread [INFO]  Completed executor task 2001
2023-07-03 11:45:23.419 worker_log:613 22590 MainThread [INFO]  All processing finished for executor task 2001
2023-07-03 11:45:48.704 worker_log:584 22590 MainThread [INFO]  Received executor task 2017
2023-07-03 11:46:12.896 worker_log:602 22590 MainThread [INFO]  Completed executor task 2017
2023-07-03 11:46:12.897 worker_log:613 22590 MainThread [INFO]  All processing finished for executor task 2017
2023-07-03 11:46:45.721 worker_log:584 22590 MainThread [INFO]  Received executor task 2034
2023-07-03 11:47:46.797 worker_log:602 22590 MainThread [INFO]  Completed executor task 2034
2023-07-03 11:47:46.798 worker_log:613 22590 MainThread [INFO]  All processing finished for executor task 2034
2023-07-03 11:48:11.680 worker_log:584 22590 MainThread [INFO]  Received executor task 2046
2023-07-03 11:49:19.181 worker_log:602 22590 MainThread [INFO]  Completed executor task 2046
2023-07-03 11:49:19.182 worker_log:613 22590 MainThread [INFO]  All processing finished for executor task 2046
2023-07-03 11:50:33.648 worker_log:584 22590 MainThread [INFO]  Received executor task 2066
2023-07-03 11:52:11.668 worker_log:602 22590 MainThread [INFO]  Completed executor task 2066
2023-07-03 11:52:11.668 worker_log:613 22590 MainThread [INFO]  All processing finished for executor task 2066
2023-07-03 11:52:11.679 worker_log:584 22590 MainThread [INFO]  Received executor task 2105
2023-07-03 11:52:46.710 worker_log:602 22590 MainThread [INFO]  Completed executor task 2105
2023-07-03 11:52:46.710 worker_log:613 22590 MainThread [INFO]  All processing finished for executor task 2105
2023-07-03 11:53:44.745 worker_log:584 22590 MainThread [INFO]  Received executor task 2120
2023-07-03 11:54:04.388 worker_log:602 22590 MainThread [INFO]  Completed executor task 2120
2023-07-03 11:54:04.389 worker_log:613 22590 MainThread [INFO]  All processing finished for executor task 2120
2023-07-03 11:54:13.896 worker_log:584 22590 MainThread [INFO]  Received executor task 2135
2023-07-03 11:54:48.436 worker_log:602 22590 MainThread [INFO]  Completed executor task 2135
2023-07-03 11:54:48.437 worker_log:613 22590 MainThread [INFO]  All processing finished for executor task 2135
2023-07-03 11:55:21.700 worker_log:584 22590 MainThread [INFO]  Received executor task 2151
2023-07-03 11:55:50.353 worker_log:602 22590 MainThread [INFO]  Completed executor task 2151
2023-07-03 11:55:50.354 worker_log:613 22590 MainThread [INFO]  All processing finished for executor task 2151
2023-07-03 11:57:17.721 worker_log:584 22590 MainThread [INFO]  Received executor task 2169
2023-07-03 11:58:02.404 worker_log:602 22590 MainThread [INFO]  Completed executor task 2169
2023-07-03 11:58:02.404 worker_log:613 22590 MainThread [INFO]  All processing finished for executor task 2169
2023-07-03 11:58:43.699 worker_log:584 22590 MainThread [INFO]  Received executor task 2198
2023-07-03 11:59:37.475 worker_log:602 22590 MainThread [INFO]  Completed executor task 2198
2023-07-03 11:59:37.476 worker_log:613 22590 MainThread [INFO]  All processing finished for executor task 2198
2023-07-03 11:59:40.734 worker_log:584 22590 MainThread [INFO]  Received executor task 2221
2023-07-03 12:00:09.458 worker_log:602 22590 MainThread [INFO]  Completed executor task 2221
2023-07-03 12:00:09.459 worker_log:613 22590 MainThread [INFO]  All processing finished for executor task 2221
2023-07-03 12:00:36.799 worker_log:584 22590 MainThread [INFO]  Received executor task 2234
2023-07-03 12:00:41.884 worker_log:602 22590 MainThread [INFO]  Completed executor task 2234
2023-07-03 12:00:41.884 worker_log:613 22590 MainThread [INFO]  All processing finished for executor task 2234
2023-07-03 12:01:06.763 worker_log:584 22590 MainThread [INFO]  Received executor task 2249
2023-07-03 12:01:28.448 worker_log:602 22590 MainThread [INFO]  Completed executor task 2249
2023-07-03 12:01:28.448 worker_log:613 22590 MainThread [INFO]  All processing finished for executor task 2249
2023-07-03 12:02:33.737 worker_log:584 22590 MainThread [INFO]  Received executor task 2266
2023-07-03 12:03:24.561 worker_log:602 22590 MainThread [INFO]  Completed executor task 2266
2023-07-03 12:03:24.561 worker_log:613 22590 MainThread [INFO]  All processing finished for executor task 2266
2023-07-03 12:03:32.725 worker_log:584 22590 MainThread [INFO]  Received executor task 2285
2023-07-03 12:03:55.745 worker_log:602 22590 MainThread [INFO]  Completed executor task 2285
2023-07-03 12:03:55.746 worker_log:613 22590 MainThread [INFO]  All processing finished for executor task 2285
2023-07-03 12:04:30.656 worker_log:584 22590 MainThread [INFO]  Received executor task 2294
2023-07-03 12:05:20.993 worker_log:602 22590 MainThread [INFO]  Completed executor task 2294
2023-07-03 12:05:20.994 worker_log:613 22590 MainThread [INFO]  All processing finished for executor task 2294
2023-07-03 12:06:52.718 worker_log:584 22590 MainThread [INFO]  Received executor task 2317
2023-07-03 12:07:18.998 worker_log:602 22590 MainThread [INFO]  Completed executor task 2317
2023-07-03 12:07:18.999 worker_log:613 22590 MainThread [INFO]  All processing finished for executor task 2317
2023-07-03 12:08:46.696 worker_log:584 22590 MainThread [INFO]  Received executor task 2336
2023-07-03 12:09:29.502 worker_log:602 22590 MainThread [INFO]  Completed executor task 2336
2023-07-03 12:09:29.502 worker_log:613 22590 MainThread [INFO]  All processing finished for executor task 2336
2023-07-03 12:10:14.733 worker_log:584 22590 MainThread [INFO]  Received executor task 2355
2023-07-03 12:10:35.206 worker_log:602 22590 MainThread [INFO]  Completed executor task 2355
2023-07-03 12:10:35.206 worker_log:613 22590 MainThread [INFO]  All processing finished for executor task 2355
2023-07-03 12:11:47.731 worker_log:584 22590 MainThread [INFO]  Received executor task 2377
2023-07-03 12:12:09.569 worker_log:602 22590 MainThread [INFO]  Completed executor task 2377
2023-07-03 12:12:09.569 worker_log:613 22590 MainThread [INFO]  All processing finished for executor task 2377
2023-07-03 12:12:44.712 worker_log:584 22590 MainThread [INFO]  Received executor task 2397
2023-07-03 12:13:17.932 worker_log:602 22590 MainThread [INFO]  Completed executor task 2397
2023-07-03 12:13:17.933 worker_log:613 22590 MainThread [INFO]  All processing finished for executor task 2397
2023-07-03 12:16:59.728 worker_log:584 22590 MainThread [INFO]  Received executor task 2415
2023-07-03 12:17:08.085 worker_log:602 22590 MainThread [INFO]  Completed executor task 2415
2023-07-03 12:17:08.086 worker_log:613 22590 MainThread [INFO]  All processing finished for executor task 2415
2023-07-03 12:17:33.704 worker_log:584 22590 MainThread [INFO]  Received executor task 2430
2023-07-03 12:17:58.328 worker_log:602 22590 MainThread [INFO]  Completed executor task 2430
2023-07-03 12:17:58.329 worker_log:613 22590 MainThread [INFO]  All processing finished for executor task 2430
2023-07-03 12:18:02.729 worker_log:584 22590 MainThread [INFO]  Received executor task 2440
2023-07-03 12:18:36.092 worker_log:602 22590 MainThread [INFO]  Completed executor task 2440
2023-07-03 12:18:36.092 worker_log:613 22590 MainThread [INFO]  All processing finished for executor task 2440
2023-07-03 12:18:36.104 worker_log:584 22590 MainThread [INFO]  Received executor task 2451
2023-07-03 12:19:00.653 worker_log:602 22590 MainThread [INFO]  Completed executor task 2451
2023-07-03 12:19:00.653 worker_log:613 22590 MainThread [INFO]  All processing finished for executor task 2451
2023-07-03 12:19:01.717 worker_log:584 22590 MainThread [INFO]  Received executor task 2462
2023-07-03 12:19:20.910 worker_log:602 22590 MainThread [INFO]  Completed executor task 2462
2023-07-03 12:19:20.910 worker_log:613 22590 MainThread [INFO]  All processing finished for executor task 2462
2023-07-03 12:19:29.719 worker_log:584 22590 MainThread [INFO]  Received executor task 2468
2023-07-03 12:19:43.222 worker_log:602 22590 MainThread [INFO]  Completed executor task 2468
2023-07-03 12:19:43.223 worker_log:613 22590 MainThread [INFO]  All processing finished for executor task 2468
2023-07-03 12:20:26.711 worker_log:584 22590 MainThread [INFO]  Received executor task 2485
2023-07-03 12:21:08.388 worker_log:602 22590 MainThread [INFO]  Completed executor task 2485
2023-07-03 12:21:08.389 worker_log:613 22590 MainThread [INFO]  All processing finished for executor task 2485
2023-07-03 12:21:29.713 worker_log:584 22590 MainThread [INFO]  Received executor task 2508
2023-07-03 12:21:54.288 worker_log:602 22590 MainThread [INFO]  Completed executor task 2508
2023-07-03 12:21:54.288 worker_log:613 22590 MainThread [INFO]  All processing finished for executor task 2508
2023-07-03 12:23:08.703 worker_log:584 22590 MainThread [INFO]  Received executor task 2525
2023-07-03 12:23:42.456 worker_log:602 22590 MainThread [INFO]  Completed executor task 2525
2023-07-03 12:23:42.456 worker_log:613 22590 MainThread [INFO]  All processing finished for executor task 2525
2023-07-03 12:24:12.776 worker_log:584 22590 MainThread [INFO]  Received executor task 2545
2023-07-03 12:25:13.830 worker_log:602 22590 MainThread [INFO]  Completed executor task 2545
2023-07-03 12:25:13.831 worker_log:613 22590 MainThread [INFO]  All processing finished for executor task 2545
2023-07-03 12:27:03.685 worker_log:584 22590 MainThread [INFO]  Received executor task 2574
2023-07-03 12:27:32.165 worker_log:602 22590 MainThread [INFO]  Completed executor task 2574
2023-07-03 12:27:32.165 worker_log:613 22590 MainThread [INFO]  All processing finished for executor task 2574
2023-07-03 12:27:32.733 worker_log:584 22590 MainThread [INFO]  Received executor task 2590
2023-07-03 12:28:11.700 worker_log:602 22590 MainThread [INFO]  Completed executor task 2590
2023-07-03 12:28:11.700 worker_log:613 22590 MainThread [INFO]  All processing finished for executor task 2590
2023-07-03 12:29:26.713 worker_log:584 22590 MainThread [INFO]  Received executor task 2605
2023-07-03 12:29:57.081 worker_log:602 22590 MainThread [INFO]  Completed executor task 2605
2023-07-03 12:29:57.081 worker_log:613 22590 MainThread [INFO]  All processing finished for executor task 2605
2023-07-03 12:30:53.673 worker_log:584 22590 MainThread [INFO]  Received executor task 2624
2023-07-03 12:31:07.063 worker_log:602 22590 MainThread [INFO]  Completed executor task 2624
2023-07-03 12:31:07.063 worker_log:613 22590 MainThread [INFO]  All processing finished for executor task 2624
2023-07-03 12:31:50.700 worker_log:584 22590 MainThread [INFO]  Received executor task 2635
2023-07-03 12:32:14.180 worker_log:602 22590 MainThread [INFO]  Completed executor task 2635
2023-07-03 12:32:14.181 worker_log:613 22590 MainThread [INFO]  All processing finished for executor task 2635
2023-07-03 12:32:18.702 worker_log:584 22590 MainThread [INFO]  Received executor task 2653
2023-07-03 12:33:14.166 worker_log:602 22590 MainThread [INFO]  Completed executor task 2653
2023-07-03 12:33:14.166 worker_log:613 22590 MainThread [INFO]  All processing finished for executor task 2653
2023-07-03 12:33:43.712 worker_log:584 22590 MainThread [INFO]  Received executor task 2668
2023-07-03 12:34:29.689 worker_log:602 22590 MainThread [INFO]  Completed executor task 2668
2023-07-03 12:34:29.690 worker_log:613 22590 MainThread [INFO]  All processing finished for executor task 2668
2023-07-03 12:35:40.722 worker_log:584 22590 MainThread [INFO]  Received executor task 2686
2023-07-03 12:35:54.194 worker_log:602 22590 MainThread [INFO]  Completed executor task 2686
2023-07-03 12:35:54.194 worker_log:613 22590 MainThread [INFO]  All processing finished for executor task 2686
2023-07-03 12:36:36.982 worker_log:584 22590 MainThread [INFO]  Received executor task 2698
2023-07-03 12:37:05.425 worker_log:602 22590 MainThread [INFO]  Completed executor task 2698
2023-07-03 12:37:05.426 worker_log:613 22590 MainThread [INFO]  All processing finished for executor task 2698
2023-07-03 12:37:34.700 worker_log:584 22590 MainThread [INFO]  Received executor task 2706
2023-07-03 12:38:17.947 worker_log:602 22590 MainThread [INFO]  Completed executor task 2706
2023-07-03 12:38:17.947 worker_log:613 22590 MainThread [INFO]  All processing finished for executor task 2706
2023-07-03 12:39:26.710 worker_log:584 22590 MainThread [INFO]  Received executor task 2720
2023-07-03 12:39:38.235 worker_log:602 22590 MainThread [INFO]  Completed executor task 2720
2023-07-03 12:39:38.235 worker_log:613 22590 MainThread [INFO]  All processing finished for executor task 2720
2023-07-03 12:40:24.785 worker_log:584 22590 MainThread [INFO]  Received executor task 2735
2023-07-03 12:40:53.504 worker_log:602 22590 MainThread [INFO]  Completed executor task 2735
2023-07-03 12:40:53.504 worker_log:613 22590 MainThread [INFO]  All processing finished for executor task 2735
2023-07-03 12:41:49.727 worker_log:584 22590 MainThread [INFO]  Received executor task 2751
2023-07-03 12:42:19.563 worker_log:602 22590 MainThread [INFO]  Completed executor task 2751
2023-07-03 12:42:19.563 worker_log:613 22590 MainThread [INFO]  All processing finished for executor task 2751
2023-07-03 12:42:19.574 worker_log:584 22590 MainThread [INFO]  Received executor task 2765
2023-07-03 12:42:51.335 worker_log:602 22590 MainThread [INFO]  Completed executor task 2765
2023-07-03 12:42:51.336 worker_log:613 22590 MainThread [INFO]  All processing finished for executor task 2765
2023-07-03 12:43:20.695 worker_log:584 22590 MainThread [INFO]  Received executor task 2778
2023-07-03 12:44:23.409 worker_log:602 22590 MainThread [INFO]  Completed executor task 2778
2023-07-03 12:44:23.409 worker_log:613 22590 MainThread [INFO]  All processing finished for executor task 2778
2023-07-03 12:44:46.708 worker_log:584 22590 MainThread [INFO]  Received executor task 2792
2023-07-03 12:46:06.187 worker_log:602 22590 MainThread [INFO]  Completed executor task 2792
2023-07-03 12:46:06.192 worker_log:613 22590 MainThread [INFO]  All processing finished for executor task 2792
