2023-07-03 09:08:17.503 worker_log:538 22572 MainThread [INFO]  Worker 9 started
2023-07-03 09:09:36.785 worker_log:584 22572 MainThread [INFO]  Received executor task 10
2023-07-03 09:09:54.697 worker_log:602 22572 MainThread [INFO]  Completed executor task 10
2023-07-03 09:09:54.698 worker_log:613 22572 MainThread [INFO]  All processing finished for executor task 10
2023-07-03 09:10:38.668 worker_log:584 22572 MainThread [INFO]  Received executor task 20
2023-07-03 09:11:21.105 worker_log:602 22572 MainThread [INFO]  Completed executor task 20
2023-07-03 09:11:21.106 worker_log:613 22572 MainThread [INFO]  All processing finished for executor task 20
2023-07-03 09:11:32.723 worker_log:584 22572 MainThread [INFO]  Received executor task 40
2023-07-03 09:12:52.468 worker_log:602 22572 MainThread [INFO]  Completed executor task 40
2023-07-03 09:12:52.468 worker_log:613 22572 MainThread [INFO]  All processing finished for executor task 40
2023-07-03 09:12:57.687 worker_log:584 22572 MainThread [INFO]  Received executor task 65
2023-07-03 09:13:09.671 worker_log:602 22572 MainThread [INFO]  Completed executor task 65
2023-07-03 09:13:09.671 worker_log:613 22572 MainThread [INFO]  All processing finished for executor task 65
2023-07-03 09:13:29.704 worker_log:584 22572 MainThread [INFO]  Received executor task 72
2023-07-03 09:13:52.258 worker_log:602 22572 MainThread [INFO]  Completed executor task 72
2023-07-03 09:13:52.259 worker_log:613 22572 MainThread [INFO]  All processing finished for executor task 72
2023-07-03 09:14:00.683 worker_log:584 22572 MainThread [INFO]  Received executor task 84
2023-07-03 09:14:27.735 worker_log:602 22572 MainThread [INFO]  Completed executor task 84
2023-07-03 09:14:27.736 worker_log:613 22572 MainThread [INFO]  All processing finished for executor task 84
2023-07-03 09:15:31.700 worker_log:584 22572 MainThread [INFO]  Received executor task 92
2023-07-03 09:16:27.288 worker_log:602 22572 MainThread [INFO]  Completed executor task 92
2023-07-03 09:16:27.288 worker_log:613 22572 MainThread [INFO]  All processing finished for executor task 92
2023-07-03 09:17:07.681 worker_log:584 22572 MainThread [INFO]  Received executor task 111
2023-07-03 09:17:17.186 worker_log:602 22572 MainThread [INFO]  Completed executor task 111
2023-07-03 09:17:17.187 worker_log:613 22572 MainThread [INFO]  All processing finished for executor task 111
2023-07-03 09:17:38.679 worker_log:584 22572 MainThread [INFO]  Received executor task 121
2023-07-03 09:18:12.216 worker_log:602 22572 MainThread [INFO]  Completed executor task 121
2023-07-03 09:18:12.217 worker_log:613 22572 MainThread [INFO]  All processing finished for executor task 121
2023-07-03 09:20:07.775 worker_log:584 22572 MainThread [INFO]  Received executor task 139
2023-07-03 09:21:33.223 worker_log:602 22572 MainThread [INFO]  Completed executor task 139
2023-07-03 09:21:33.223 worker_log:613 22572 MainThread [INFO]  All processing finished for executor task 139
2023-07-03 09:24:37.756 worker_log:584 22572 MainThread [INFO]  Received executor task 163
2023-07-03 09:25:30.707 worker_log:602 22572 MainThread [INFO]  Completed executor task 163
2023-07-03 09:25:30.708 worker_log:613 22572 MainThread [INFO]  All processing finished for executor task 163
2023-07-03 09:25:35.739 worker_log:584 22572 MainThread [INFO]  Received executor task 179
2023-07-03 09:25:51.064 worker_log:602 22572 MainThread [INFO]  Completed executor task 179
2023-07-03 09:25:51.065 worker_log:613 22572 MainThread [INFO]  All processing finished for executor task 179
2023-07-03 09:26:06.705 worker_log:584 22572 MainThread [INFO]  Received executor task 185
2023-07-03 09:26:14.898 worker_log:602 22572 MainThread [INFO]  Completed executor task 185
2023-07-03 09:26:14.898 worker_log:613 22572 MainThread [INFO]  All processing finished for executor task 185
2023-07-03 09:26:34.713 worker_log:584 22572 MainThread [INFO]  Received executor task 197
2023-07-03 09:27:27.306 worker_log:602 22572 MainThread [INFO]  Completed executor task 197
2023-07-03 09:27:27.306 worker_log:613 22572 MainThread [INFO]  All processing finished for executor task 197
2023-07-03 09:28:01.686 worker_log:584 22572 MainThread [INFO]  Received executor task 222
2023-07-03 09:29:14.651 worker_log:602 22572 MainThread [INFO]  Completed executor task 222
2023-07-03 09:29:14.652 worker_log:613 22572 MainThread [INFO]  All processing finished for executor task 222
2023-07-03 09:29:31.670 worker_log:584 22572 MainThread [INFO]  Received executor task 240
2023-07-03 09:29:48.589 worker_log:602 22572 MainThread [INFO]  Completed executor task 240
2023-07-03 09:29:48.589 worker_log:613 22572 MainThread [INFO]  All processing finished for executor task 240
2023-07-03 09:29:59.689 worker_log:584 22572 MainThread [INFO]  Received executor task 257
2023-07-03 09:31:27.144 worker_log:602 22572 MainThread [INFO]  Completed executor task 257
2023-07-03 09:31:27.144 worker_log:613 22572 MainThread [INFO]  All processing finished for executor task 257
2023-07-03 09:33:54.697 worker_log:584 22572 MainThread [INFO]  Received executor task 274
2023-07-03 09:34:23.027 worker_log:602 22572 MainThread [INFO]  Completed executor task 274
2023-07-03 09:34:23.027 worker_log:613 22572 MainThread [INFO]  All processing finished for executor task 274
2023-07-03 09:34:23.697 worker_log:584 22572 MainThread [INFO]  Received executor task 286
2023-07-03 09:34:34.950 worker_log:602 22572 MainThread [INFO]  Completed executor task 286
2023-07-03 09:34:34.950 worker_log:613 22572 MainThread [INFO]  All processing finished for executor task 286
2023-07-03 09:34:54.698 worker_log:584 22572 MainThread [INFO]  Received executor task 296
2023-07-03 09:35:39.436 worker_log:602 22572 MainThread [INFO]  Completed executor task 296
2023-07-03 09:35:39.436 worker_log:613 22572 MainThread [INFO]  All processing finished for executor task 296
2023-07-03 09:36:49.763 worker_log:584 22572 MainThread [INFO]  Received executor task 312
2023-07-03 09:37:18.856 worker_log:602 22572 MainThread [INFO]  Completed executor task 312
2023-07-03 09:37:18.857 worker_log:613 22572 MainThread [INFO]  All processing finished for executor task 312
2023-07-03 09:37:46.692 worker_log:584 22572 MainThread [INFO]  Received executor task 332
2023-07-03 09:38:29.435 worker_log:602 22572 MainThread [INFO]  Completed executor task 332
2023-07-03 09:38:29.435 worker_log:613 22572 MainThread [INFO]  All processing finished for executor task 332
2023-07-03 09:39:18.713 worker_log:584 22572 MainThread [INFO]  Received executor task 349
2023-07-03 09:39:56.857 worker_log:602 22572 MainThread [INFO]  Completed executor task 349
2023-07-03 09:39:56.857 worker_log:613 22572 MainThread [INFO]  All processing finished for executor task 349
2023-07-03 09:42:00.712 worker_log:584 22572 MainThread [INFO]  Received executor task 366
2023-07-03 09:42:30.903 worker_log:602 22572 MainThread [INFO]  Completed executor task 366
2023-07-03 09:42:30.904 worker_log:613 22572 MainThread [INFO]  All processing finished for executor task 366
2023-07-03 09:44:04.716 worker_log:584 22572 MainThread [INFO]  Received executor task 382
2023-07-03 09:44:27.386 worker_log:602 22572 MainThread [INFO]  Completed executor task 382
2023-07-03 09:44:27.386 worker_log:613 22572 MainThread [INFO]  All processing finished for executor task 382
2023-07-03 09:44:34.725 worker_log:584 22572 MainThread [INFO]  Received executor task 396
2023-07-03 09:45:26.028 worker_log:602 22572 MainThread [INFO]  Completed executor task 396
2023-07-03 09:45:26.029 worker_log:613 22572 MainThread [INFO]  All processing finished for executor task 396
2023-07-03 09:46:09.712 worker_log:584 22572 MainThread [INFO]  Received executor task 408
2023-07-03 09:46:39.520 worker_log:602 22572 MainThread [INFO]  Completed executor task 408
2023-07-03 09:46:39.520 worker_log:613 22572 MainThread [INFO]  All processing finished for executor task 408
2023-07-03 09:47:39.711 worker_log:584 22572 MainThread [INFO]  Received executor task 418
2023-07-03 09:48:33.828 worker_log:602 22572 MainThread [INFO]  Completed executor task 418
2023-07-03 09:48:33.829 worker_log:613 22572 MainThread [INFO]  All processing finished for executor task 418
2023-07-03 09:48:39.677 worker_log:584 22572 MainThread [INFO]  Received executor task 430
2023-07-03 09:49:26.148 worker_log:602 22572 MainThread [INFO]  Completed executor task 430
2023-07-03 09:49:26.149 worker_log:613 22572 MainThread [INFO]  All processing finished for executor task 430
2023-07-03 09:49:37.684 worker_log:584 22572 MainThread [INFO]  Received executor task 456
2023-07-03 09:50:14.576 worker_log:602 22572 MainThread [INFO]  Completed executor task 456
2023-07-03 09:50:14.576 worker_log:613 22572 MainThread [INFO]  All processing finished for executor task 456
2023-07-03 09:50:37.696 worker_log:584 22572 MainThread [INFO]  Received executor task 472
2023-07-03 09:50:59.035 worker_log:602 22572 MainThread [INFO]  Completed executor task 472
2023-07-03 09:50:59.036 worker_log:613 22572 MainThread [INFO]  All processing finished for executor task 472
2023-07-03 09:51:06.713 worker_log:584 22572 MainThread [INFO]  Received executor task 485
2023-07-03 09:51:26.171 worker_log:602 22572 MainThread [INFO]  Completed executor task 485
2023-07-03 09:51:26.171 worker_log:613 22572 MainThread [INFO]  All processing finished for executor task 485
2023-07-03 09:51:34.703 worker_log:584 22572 MainThread [INFO]  Received executor task 495
2023-07-03 09:51:47.568 worker_log:602 22572 MainThread [INFO]  Completed executor task 495
2023-07-03 09:51:47.568 worker_log:613 22572 MainThread [INFO]  All processing finished for executor task 495
2023-07-03 09:52:04.707 worker_log:584 22572 MainThread [INFO]  Received executor task 503
2023-07-03 09:52:35.735 worker_log:602 22572 MainThread [INFO]  Completed executor task 503
2023-07-03 09:52:35.736 worker_log:613 22572 MainThread [INFO]  All processing finished for executor task 503
2023-07-03 09:53:33.669 worker_log:584 22572 MainThread [INFO]  Received executor task 517
2023-07-03 09:54:06.856 worker_log:602 22572 MainThread [INFO]  Completed executor task 517
2023-07-03 09:54:06.857 worker_log:613 22572 MainThread [INFO]  All processing finished for executor task 517
2023-07-03 09:55:29.705 worker_log:584 22572 MainThread [INFO]  Received executor task 534
2023-07-03 09:56:22.186 worker_log:602 22572 MainThread [INFO]  Completed executor task 534
2023-07-03 09:56:22.187 worker_log:613 22572 MainThread [INFO]  All processing finished for executor task 534
2023-07-03 09:56:22.198 worker_log:584 22572 MainThread [INFO]  Received executor task 546
2023-07-03 09:57:23.031 worker_log:602 22572 MainThread [INFO]  Completed executor task 546
2023-07-03 09:57:23.032 worker_log:613 22572 MainThread [INFO]  All processing finished for executor task 546
2023-07-03 09:57:41.682 worker_log:584 22572 MainThread [INFO]  Received executor task 566
2023-07-03 09:57:50.062 worker_log:602 22572 MainThread [INFO]  Completed executor task 566
2023-07-03 09:57:50.063 worker_log:613 22572 MainThread [INFO]  All processing finished for executor task 566
2023-07-03 09:58:40.701 worker_log:584 22572 MainThread [INFO]  Received executor task 578
2023-07-03 09:59:09.789 worker_log:602 22572 MainThread [INFO]  Completed executor task 578
2023-07-03 09:59:09.789 worker_log:613 22572 MainThread [INFO]  All processing finished for executor task 578
2023-07-03 10:01:51.720 worker_log:584 22572 MainThread [INFO]  Received executor task 597
2023-07-03 10:02:24.114 worker_log:602 22572 MainThread [INFO]  Completed executor task 597
2023-07-03 10:02:24.115 worker_log:613 22572 MainThread [INFO]  All processing finished for executor task 597
2023-07-03 10:02:24.126 worker_log:584 22572 MainThread [INFO]  Received executor task 608
2023-07-03 10:02:46.631 worker_log:602 22572 MainThread [INFO]  Completed executor task 608
2023-07-03 10:02:46.632 worker_log:613 22572 MainThread [INFO]  All processing finished for executor task 608
2023-07-03 10:02:53.679 worker_log:584 22572 MainThread [INFO]  Received executor task 618
2023-07-03 10:03:38.681 worker_log:602 22572 MainThread [INFO]  Completed executor task 618
2023-07-03 10:03:38.681 worker_log:613 22572 MainThread [INFO]  All processing finished for executor task 618
2023-07-03 10:04:49.696 worker_log:584 22572 MainThread [INFO]  Received executor task 635
2023-07-03 10:05:11.588 worker_log:602 22572 MainThread [INFO]  Completed executor task 635
2023-07-03 10:05:11.588 worker_log:613 22572 MainThread [INFO]  All processing finished for executor task 635
2023-07-03 10:05:24.701 worker_log:584 22572 MainThread [INFO]  Received executor task 648
2023-07-03 10:06:01.283 worker_log:602 22572 MainThread [INFO]  Completed executor task 648
2023-07-03 10:06:01.283 worker_log:613 22572 MainThread [INFO]  All processing finished for executor task 648
2023-07-03 10:06:54.691 worker_log:584 22572 MainThread [INFO]  Received executor task 660
2023-07-03 10:07:27.549 worker_log:602 22572 MainThread [INFO]  Completed executor task 660
2023-07-03 10:07:27.550 worker_log:613 22572 MainThread [INFO]  All processing finished for executor task 660
2023-07-03 10:08:23.669 worker_log:584 22572 MainThread [INFO]  Received executor task 679
2023-07-03 10:08:48.056 worker_log:602 22572 MainThread [INFO]  Completed executor task 679
2023-07-03 10:08:48.057 worker_log:613 22572 MainThread [INFO]  All processing finished for executor task 679
2023-07-03 10:09:52.709 worker_log:584 22572 MainThread [INFO]  Received executor task 691
2023-07-03 10:10:15.052 worker_log:602 22572 MainThread [INFO]  Completed executor task 691
2023-07-03 10:10:15.053 worker_log:613 22572 MainThread [INFO]  All processing finished for executor task 691
2023-07-03 10:11:48.710 worker_log:584 22572 MainThread [INFO]  Received executor task 709
2023-07-03 10:12:25.780 worker_log:602 22572 MainThread [INFO]  Completed executor task 709
2023-07-03 10:12:25.781 worker_log:613 22572 MainThread [INFO]  All processing finished for executor task 709
2023-07-03 10:13:44.703 worker_log:584 22572 MainThread [INFO]  Received executor task 724
2023-07-03 10:15:13.382 worker_log:602 22572 MainThread [INFO]  Completed executor task 724
2023-07-03 10:15:13.382 worker_log:613 22572 MainThread [INFO]  All processing finished for executor task 724
2023-07-03 10:15:13.394 worker_log:584 22572 MainThread [INFO]  Received executor task 745
2023-07-03 10:15:53.145 worker_log:602 22572 MainThread [INFO]  Completed executor task 745
2023-07-03 10:15:53.146 worker_log:613 22572 MainThread [INFO]  All processing finished for executor task 745
2023-07-03 10:16:17.660 worker_log:584 22572 MainThread [INFO]  Received executor task 760
2023-07-03 10:16:52.937 worker_log:602 22572 MainThread [INFO]  Completed executor task 760
2023-07-03 10:16:52.938 worker_log:613 22572 MainThread [INFO]  All processing finished for executor task 760
2023-07-03 10:17:17.789 worker_log:584 22572 MainThread [INFO]  Received executor task 775
2023-07-03 10:17:29.948 worker_log:602 22572 MainThread [INFO]  Completed executor task 775
2023-07-03 10:17:29.948 worker_log:613 22572 MainThread [INFO]  All processing finished for executor task 775
2023-07-03 10:17:52.716 worker_log:584 22572 MainThread [INFO]  Received executor task 785
2023-07-03 10:18:03.283 worker_log:602 22572 MainThread [INFO]  Completed executor task 785
2023-07-03 10:18:03.283 worker_log:613 22572 MainThread [INFO]  All processing finished for executor task 785
2023-07-03 10:19:20.684 worker_log:584 22572 MainThread [INFO]  Received executor task 799
2023-07-03 10:20:02.289 worker_log:602 22572 MainThread [INFO]  Completed executor task 799
2023-07-03 10:20:02.290 worker_log:613 22572 MainThread [INFO]  All processing finished for executor task 799
2023-07-03 10:20:47.765 worker_log:584 22572 MainThread [INFO]  Received executor task 824
2023-07-03 10:21:07.864 worker_log:602 22572 MainThread [INFO]  Completed executor task 824
2023-07-03 10:21:07.864 worker_log:613 22572 MainThread [INFO]  All processing finished for executor task 824
2023-07-03 10:21:46.989 worker_log:584 22572 MainThread [INFO]  Received executor task 839
2023-07-03 10:22:25.779 worker_log:602 22572 MainThread [INFO]  Completed executor task 839
2023-07-03 10:22:25.780 worker_log:613 22572 MainThread [INFO]  All processing finished for executor task 839
2023-07-03 10:23:16.692 worker_log:584 22572 MainThread [INFO]  Received executor task 860
2023-07-03 10:23:42.422 worker_log:602 22572 MainThread [INFO]  Completed executor task 860
2023-07-03 10:23:42.422 worker_log:613 22572 MainThread [INFO]  All processing finished for executor task 860
2023-07-03 10:24:15.708 worker_log:584 22572 MainThread [INFO]  Received executor task 879
2023-07-03 10:24:36.888 worker_log:602 22572 MainThread [INFO]  Completed executor task 879
2023-07-03 10:24:36.888 worker_log:613 22572 MainThread [INFO]  All processing finished for executor task 879
2023-07-03 10:24:45.720 worker_log:584 22572 MainThread [INFO]  Received executor task 895
2023-07-03 10:25:03.550 worker_log:602 22572 MainThread [INFO]  Completed executor task 895
2023-07-03 10:25:03.551 worker_log:613 22572 MainThread [INFO]  All processing finished for executor task 895
2023-07-03 10:25:58.668 worker_log:584 22572 MainThread [INFO]  Received executor task 907
2023-07-03 10:26:48.136 worker_log:602 22572 MainThread [INFO]  Completed executor task 907
2023-07-03 10:26:48.137 worker_log:613 22572 MainThread [INFO]  All processing finished for executor task 907
2023-07-03 10:26:48.149 worker_log:584 22572 MainThread [INFO]  Received executor task 926
2023-07-03 10:27:39.941 worker_log:602 22572 MainThread [INFO]  Completed executor task 926
2023-07-03 10:27:39.941 worker_log:613 22572 MainThread [INFO]  All processing finished for executor task 926
2023-07-03 10:28:55.710 worker_log:584 22572 MainThread [INFO]  Received executor task 943
2023-07-03 10:29:32.310 worker_log:602 22572 MainThread [INFO]  Completed executor task 943
2023-07-03 10:29:32.310 worker_log:613 22572 MainThread [INFO]  All processing finished for executor task 943
2023-07-03 10:31:39.706 worker_log:584 22572 MainThread [INFO]  Received executor task 960
2023-07-03 10:32:07.827 worker_log:602 22572 MainThread [INFO]  Completed executor task 960
2023-07-03 10:32:07.827 worker_log:613 22572 MainThread [INFO]  All processing finished for executor task 960
2023-07-03 10:34:47.710 worker_log:584 22572 MainThread [INFO]  Received executor task 981
2023-07-03 10:35:14.348 worker_log:602 22572 MainThread [INFO]  Completed executor task 981
2023-07-03 10:35:14.348 worker_log:613 22572 MainThread [INFO]  All processing finished for executor task 981
2023-07-03 10:36:22.720 worker_log:584 22572 MainThread [INFO]  Received executor task 997
2023-07-03 10:36:33.385 worker_log:602 22572 MainThread [INFO]  Completed executor task 997
2023-07-03 10:36:33.385 worker_log:613 22572 MainThread [INFO]  All processing finished for executor task 997
2023-07-03 10:36:50.707 worker_log:584 22572 MainThread [INFO]  Received executor task 1011
2023-07-03 10:37:17.838 worker_log:602 22572 MainThread [INFO]  Completed executor task 1011
2023-07-03 10:37:17.839 worker_log:613 22572 MainThread [INFO]  All processing finished for executor task 1011
2023-07-03 10:37:50.764 worker_log:584 22572 MainThread [INFO]  Received executor task 1026
2023-07-03 10:39:14.556 worker_log:602 22572 MainThread [INFO]  Completed executor task 1026
2023-07-03 10:39:14.556 worker_log:613 22572 MainThread [INFO]  All processing finished for executor task 1026
2023-07-03 10:42:02.697 worker_log:584 22572 MainThread [INFO]  Received executor task 1058
2023-07-03 10:42:35.293 worker_log:602 22572 MainThread [INFO]  Completed executor task 1058
2023-07-03 10:42:35.294 worker_log:613 22572 MainThread [INFO]  All processing finished for executor task 1058
2023-07-03 10:43:04.698 worker_log:584 22572 MainThread [INFO]  Received executor task 1078
2023-07-03 10:43:21.296 worker_log:602 22572 MainThread [INFO]  Completed executor task 1078
2023-07-03 10:43:21.296 worker_log:613 22572 MainThread [INFO]  All processing finished for executor task 1078
2023-07-03 10:43:33.742 worker_log:584 22572 MainThread [INFO]  Received executor task 1091
2023-07-03 10:43:58.850 worker_log:602 22572 MainThread [INFO]  Completed executor task 1091
2023-07-03 10:43:58.850 worker_log:613 22572 MainThread [INFO]  All processing finished for executor task 1091
2023-07-03 10:44:02.697 worker_log:584 22572 MainThread [INFO]  Received executor task 1100
2023-07-03 10:44:39.542 worker_log:602 22572 MainThread [INFO]  Completed executor task 1100
2023-07-03 10:44:39.543 worker_log:613 22572 MainThread [INFO]  All processing finished for executor task 1100
2023-07-03 10:45:10.777 worker_log:584 22572 MainThread [INFO]  Received executor task 1112
2023-07-03 10:45:40.232 worker_log:602 22572 MainThread [INFO]  Completed executor task 1112
2023-07-03 10:45:40.233 worker_log:613 22572 MainThread [INFO]  All processing finished for executor task 1112
2023-07-03 10:45:41.691 worker_log:584 22572 MainThread [INFO]  Received executor task 1121
2023-07-03 10:46:12.688 worker_log:602 22572 MainThread [INFO]  Completed executor task 1121
2023-07-03 10:46:12.689 worker_log:613 22572 MainThread [INFO]  All processing finished for executor task 1121
2023-07-03 10:46:12.700 worker_log:584 22572 MainThread [INFO]  Received executor task 1132
2023-07-03 10:46:44.806 worker_log:602 22572 MainThread [INFO]  Completed executor task 1132
2023-07-03 10:46:44.806 worker_log:613 22572 MainThread [INFO]  All processing finished for executor task 1132
2023-07-03 10:47:46.733 worker_log:584 22572 MainThread [INFO]  Received executor task 1144
2023-07-03 10:48:02.393 worker_log:602 22572 MainThread [INFO]  Completed executor task 1144
2023-07-03 10:48:02.393 worker_log:613 22572 MainThread [INFO]  All processing finished for executor task 1144
2023-07-03 10:48:15.722 worker_log:584 22572 MainThread [INFO]  Received executor task 1159
2023-07-03 10:48:35.581 worker_log:602 22572 MainThread [INFO]  Completed executor task 1159
2023-07-03 10:48:35.581 worker_log:613 22572 MainThread [INFO]  All processing finished for executor task 1159
2023-07-03 10:48:46.542 worker_log:584 22572 MainThread [INFO]  Received executor task 1168
2023-07-03 10:49:07.207 worker_log:602 22572 MainThread [INFO]  Completed executor task 1168
2023-07-03 10:49:07.207 worker_log:613 22572 MainThread [INFO]  All processing finished for executor task 1168
2023-07-03 10:49:14.725 worker_log:584 22572 MainThread [INFO]  Received executor task 1179
2023-07-03 10:49:44.378 worker_log:602 22572 MainThread [INFO]  Completed executor task 1179
2023-07-03 10:49:44.379 worker_log:613 22572 MainThread [INFO]  All processing finished for executor task 1179
2023-07-03 10:49:44.390 worker_log:584 22572 MainThread [INFO]  Received executor task 1188
2023-07-03 10:50:05.730 worker_log:602 22572 MainThread [INFO]  Completed executor task 1188
2023-07-03 10:50:05.731 worker_log:613 22572 MainThread [INFO]  All processing finished for executor task 1188
2023-07-03 10:50:11.729 worker_log:584 22572 MainThread [INFO]  Received executor task 1194
2023-07-03 10:51:11.747 worker_log:602 22572 MainThread [INFO]  Completed executor task 1194
2023-07-03 10:51:11.748 worker_log:613 22572 MainThread [INFO]  All processing finished for executor task 1194
2023-07-03 10:51:11.759 worker_log:584 22572 MainThread [INFO]  Received executor task 1216
2023-07-03 10:51:27.238 worker_log:602 22572 MainThread [INFO]  Completed executor task 1216
2023-07-03 10:51:27.239 worker_log:613 22572 MainThread [INFO]  All processing finished for executor task 1216
2023-07-03 10:54:09.709 worker_log:584 22572 MainThread [INFO]  Received executor task 1224
2023-07-03 10:54:34.630 worker_log:602 22572 MainThread [INFO]  Completed executor task 1224
2023-07-03 10:54:34.631 worker_log:613 22572 MainThread [INFO]  All processing finished for executor task 1224
2023-07-03 10:55:06.713 worker_log:584 22572 MainThread [INFO]  Received executor task 1239
2023-07-03 10:55:50.575 worker_log:602 22572 MainThread [INFO]  Completed executor task 1239
2023-07-03 10:55:50.576 worker_log:613 22572 MainThread [INFO]  All processing finished for executor task 1239
2023-07-03 10:56:41.722 worker_log:584 22572 MainThread [INFO]  Received executor task 1253
2023-07-03 10:57:04.980 worker_log:602 22572 MainThread [INFO]  Completed executor task 1253
2023-07-03 10:57:04.981 worker_log:613 22572 MainThread [INFO]  All processing finished for executor task 1253
2023-07-03 10:57:10.734 worker_log:584 22572 MainThread [INFO]  Received executor task 1267
2023-07-03 10:58:26.427 worker_log:602 22572 MainThread [INFO]  Completed executor task 1267
2023-07-03 10:58:26.428 worker_log:613 22572 MainThread [INFO]  All processing finished for executor task 1267
2023-07-03 10:58:38.710 worker_log:584 22572 MainThread [INFO]  Received executor task 1294
2023-07-03 10:58:54.272 worker_log:602 22572 MainThread [INFO]  Completed executor task 1294
2023-07-03 10:58:54.272 worker_log:613 22572 MainThread [INFO]  All processing finished for executor task 1294
2023-07-03 10:59:06.690 worker_log:584 22572 MainThread [INFO]  Received executor task 1304
2023-07-03 10:59:35.110 worker_log:602 22572 MainThread [INFO]  Completed executor task 1304
2023-07-03 10:59:35.111 worker_log:613 22572 MainThread [INFO]  All processing finished for executor task 1304
2023-07-03 10:59:56.707 worker_log:584 22572 MainThread [INFO]  Received executor task 1317
2023-07-03 11:00:44.215 worker_log:602 22572 MainThread [INFO]  Completed executor task 1317
2023-07-03 11:00:44.216 worker_log:613 22572 MainThread [INFO]  All processing finished for executor task 1317
2023-07-03 11:01:24.700 worker_log:584 22572 MainThread [INFO]  Received executor task 1335
2023-07-03 11:01:55.400 worker_log:602 22572 MainThread [INFO]  Completed executor task 1335
2023-07-03 11:01:55.400 worker_log:613 22572 MainThread [INFO]  All processing finished for executor task 1335
2023-07-03 11:02:23.705 worker_log:584 22572 MainThread [INFO]  Received executor task 1352
2023-07-03 11:03:08.489 worker_log:602 22572 MainThread [INFO]  Completed executor task 1352
2023-07-03 11:03:08.489 worker_log:613 22572 MainThread [INFO]  All processing finished for executor task 1352
2023-07-03 11:03:08.492 worker_log:584 22572 MainThread [INFO]  Received executor task 1366
2023-07-03 11:03:48.480 worker_log:602 22572 MainThread [INFO]  Completed executor task 1366
2023-07-03 11:03:48.480 worker_log:613 22572 MainThread [INFO]  All processing finished for executor task 1366
2023-07-03 11:03:48.492 worker_log:584 22572 MainThread [INFO]  Received executor task 1377
2023-07-03 11:04:21.485 worker_log:602 22572 MainThread [INFO]  Completed executor task 1377
2023-07-03 11:04:21.485 worker_log:613 22572 MainThread [INFO]  All processing finished for executor task 1377
2023-07-03 11:04:21.497 worker_log:584 22572 MainThread [INFO]  Received executor task 1393
2023-07-03 11:04:37.479 worker_log:602 22572 MainThread [INFO]  Completed executor task 1393
2023-07-03 11:04:37.480 worker_log:613 22572 MainThread [INFO]  All processing finished for executor task 1393
2023-07-03 11:04:47.707 worker_log:584 22572 MainThread [INFO]  Received executor task 1406
2023-07-03 11:05:24.056 worker_log:602 22572 MainThread [INFO]  Completed executor task 1406
2023-07-03 11:05:24.057 worker_log:613 22572 MainThread [INFO]  All processing finished for executor task 1406
2023-07-03 11:05:51.697 worker_log:584 22572 MainThread [INFO]  Received executor task 1422
2023-07-03 11:06:27.451 worker_log:602 22572 MainThread [INFO]  Completed executor task 1422
2023-07-03 11:06:27.452 worker_log:613 22572 MainThread [INFO]  All processing finished for executor task 1422
2023-07-03 11:06:50.704 worker_log:584 22572 MainThread [INFO]  Received executor task 1444
2023-07-03 11:07:26.421 worker_log:602 22572 MainThread [INFO]  Completed executor task 1444
2023-07-03 11:07:26.421 worker_log:613 22572 MainThread [INFO]  All processing finished for executor task 1444
2023-07-03 11:07:26.432 worker_log:584 22572 MainThread [INFO]  Received executor task 1456
2023-07-03 11:07:46.364 worker_log:602 22572 MainThread [INFO]  Completed executor task 1456
2023-07-03 11:07:46.364 worker_log:613 22572 MainThread [INFO]  All processing finished for executor task 1456
2023-07-03 11:08:51.716 worker_log:584 22572 MainThread [INFO]  Received executor task 1463
2023-07-03 11:09:11.306 worker_log:602 22572 MainThread [INFO]  Completed executor task 1463
2023-07-03 11:09:11.306 worker_log:613 22572 MainThread [INFO]  All processing finished for executor task 1463
2023-07-03 11:09:22.723 worker_log:584 22572 MainThread [INFO]  Received executor task 1478
2023-07-03 11:09:45.880 worker_log:602 22572 MainThread [INFO]  Completed executor task 1478
2023-07-03 11:09:45.881 worker_log:613 22572 MainThread [INFO]  All processing finished for executor task 1478
2023-07-03 11:12:31.752 worker_log:584 22572 MainThread [INFO]  Received executor task 1493
2023-07-03 11:13:00.728 worker_log:602 22572 MainThread [INFO]  Completed executor task 1493
2023-07-03 11:13:00.729 worker_log:613 22572 MainThread [INFO]  All processing finished for executor task 1493
2023-07-03 11:14:01.723 worker_log:584 22572 MainThread [INFO]  Received executor task 1517
2023-07-03 11:14:18.584 worker_log:602 22572 MainThread [INFO]  Completed executor task 1517
2023-07-03 11:14:18.585 worker_log:613 22572 MainThread [INFO]  All processing finished for executor task 1517
2023-07-03 11:14:58.706 worker_log:584 22572 MainThread [INFO]  Received executor task 1533
2023-07-03 11:15:40.639 worker_log:602 22572 MainThread [INFO]  Completed executor task 1533
2023-07-03 11:15:40.639 worker_log:613 22572 MainThread [INFO]  All processing finished for executor task 1533
2023-07-03 11:15:56.708 worker_log:584 22572 MainThread [INFO]  Received executor task 1549
2023-07-03 11:16:44.654 worker_log:602 22572 MainThread [INFO]  Completed executor task 1549
2023-07-03 11:16:44.654 worker_log:613 22572 MainThread [INFO]  All processing finished for executor task 1549
2023-07-03 11:16:53.708 worker_log:584 22572 MainThread [INFO]  Received executor task 1559
2023-07-03 11:17:25.763 worker_log:602 22572 MainThread [INFO]  Completed executor task 1559
2023-07-03 11:17:25.763 worker_log:613 22572 MainThread [INFO]  All processing finished for executor task 1559
2023-07-03 11:17:25.775 worker_log:584 22572 MainThread [INFO]  Received executor task 1568
2023-07-03 11:17:37.337 worker_log:602 22572 MainThread [INFO]  Completed executor task 1568
2023-07-03 11:17:37.338 worker_log:613 22572 MainThread [INFO]  All processing finished for executor task 1568
2023-07-03 11:17:49.703 worker_log:584 22572 MainThread [INFO]  Received executor task 1579
2023-07-03 11:18:14.945 worker_log:602 22572 MainThread [INFO]  Completed executor task 1579
2023-07-03 11:18:14.945 worker_log:613 22572 MainThread [INFO]  All processing finished for executor task 1579
2023-07-03 11:18:18.731 worker_log:584 22572 MainThread [INFO]  Received executor task 1594
2023-07-03 11:18:57.143 worker_log:602 22572 MainThread [INFO]  Completed executor task 1594
2023-07-03 11:18:57.143 worker_log:613 22572 MainThread [INFO]  All processing finished for executor task 1594
2023-07-03 11:19:45.711 worker_log:584 22572 MainThread [INFO]  Received executor task 1609
2023-07-03 11:20:13.151 worker_log:602 22572 MainThread [INFO]  Completed executor task 1609
2023-07-03 11:20:13.151 worker_log:613 22572 MainThread [INFO]  All processing finished for executor task 1609
2023-07-03 11:21:10.745 worker_log:584 22572 MainThread [INFO]  Received executor task 1629
2023-07-03 11:21:52.808 worker_log:602 22572 MainThread [INFO]  Completed executor task 1629
2023-07-03 11:21:52.808 worker_log:613 22572 MainThread [INFO]  All processing finished for executor task 1629
2023-07-03 11:22:09.714 worker_log:584 22572 MainThread [INFO]  Received executor task 1648
2023-07-03 11:23:14.173 worker_log:602 22572 MainThread [INFO]  Completed executor task 1648
2023-07-03 11:23:14.173 worker_log:613 22572 MainThread [INFO]  All processing finished for executor task 1648
2023-07-03 11:23:37.651 worker_log:584 22572 MainThread [INFO]  Received executor task 1671
2023-07-03 11:23:48.818 worker_log:602 22572 MainThread [INFO]  Completed executor task 1671
2023-07-03 11:23:48.819 worker_log:613 22572 MainThread [INFO]  All processing finished for executor task 1671
2023-07-03 11:24:04.711 worker_log:584 22572 MainThread [INFO]  Received executor task 1687
2023-07-03 11:24:36.836 worker_log:602 22572 MainThread [INFO]  Completed executor task 1687
2023-07-03 11:24:36.837 worker_log:613 22572 MainThread [INFO]  All processing finished for executor task 1687
2023-07-03 11:25:30.733 worker_log:584 22572 MainThread [INFO]  Received executor task 1706
2023-07-03 11:26:02.769 worker_log:602 22572 MainThread [INFO]  Completed executor task 1706
2023-07-03 11:26:02.770 worker_log:613 22572 MainThread [INFO]  All processing finished for executor task 1706
2023-07-03 11:27:02.704 worker_log:584 22572 MainThread [INFO]  Received executor task 1725
2023-07-03 11:27:41.055 worker_log:602 22572 MainThread [INFO]  Completed executor task 1725
2023-07-03 11:27:41.055 worker_log:613 22572 MainThread [INFO]  All processing finished for executor task 1725
2023-07-03 11:28:02.710 worker_log:584 22572 MainThread [INFO]  Received executor task 1745
2023-07-03 11:28:55.672 worker_log:602 22572 MainThread [INFO]  Completed executor task 1745
2023-07-03 11:28:55.672 worker_log:613 22572 MainThread [INFO]  All processing finished for executor task 1745
2023-07-03 11:28:58.705 worker_log:584 22572 MainThread [INFO]  Received executor task 1761
2023-07-03 11:29:14.983 worker_log:602 22572 MainThread [INFO]  Completed executor task 1761
2023-07-03 11:29:14.983 worker_log:613 22572 MainThread [INFO]  All processing finished for executor task 1761
2023-07-03 11:29:30.701 worker_log:584 22572 MainThread [INFO]  Received executor task 1772
2023-07-03 11:29:41.611 worker_log:602 22572 MainThread [INFO]  Completed executor task 1772
2023-07-03 11:29:41.611 worker_log:613 22572 MainThread [INFO]  All processing finished for executor task 1772
2023-07-03 11:30:00.729 worker_log:584 22572 MainThread [INFO]  Received executor task 1788
2023-07-03 11:30:25.501 worker_log:602 22572 MainThread [INFO]  Completed executor task 1788
2023-07-03 11:30:25.501 worker_log:613 22572 MainThread [INFO]  All processing finished for executor task 1788
2023-07-03 11:33:26.711 worker_log:584 22572 MainThread [INFO]  Received executor task 1804
2023-07-03 11:34:04.962 worker_log:602 22572 MainThread [INFO]  Completed executor task 1804
2023-07-03 11:34:04.963 worker_log:613 22572 MainThread [INFO]  All processing finished for executor task 1804
2023-07-03 11:34:04.974 worker_log:584 22572 MainThread [INFO]  Received executor task 1820
2023-07-03 11:35:06.373 worker_log:602 22572 MainThread [INFO]  Completed executor task 1820
2023-07-03 11:35:06.374 worker_log:613 22572 MainThread [INFO]  All processing finished for executor task 1820
2023-07-03 11:36:00.698 worker_log:584 22572 MainThread [INFO]  Received executor task 1847
2023-07-03 11:37:22.482 worker_log:602 22572 MainThread [INFO]  Completed executor task 1847
2023-07-03 11:37:22.482 worker_log:613 22572 MainThread [INFO]  All processing finished for executor task 1847
2023-07-03 11:37:26.724 worker_log:584 22572 MainThread [INFO]  Received executor task 1868
2023-07-03 11:37:57.376 worker_log:602 22572 MainThread [INFO]  Completed executor task 1868
2023-07-03 11:37:57.376 worker_log:613 22572 MainThread [INFO]  All processing finished for executor task 1868
2023-07-03 11:37:57.387 worker_log:584 22572 MainThread [INFO]  Received executor task 1880
2023-07-03 11:38:29.330 worker_log:602 22572 MainThread [INFO]  Completed executor task 1880
2023-07-03 11:38:29.331 worker_log:613 22572 MainThread [INFO]  All processing finished for executor task 1880
2023-07-03 11:38:51.708 worker_log:584 22572 MainThread [INFO]  Received executor task 1895
2023-07-03 11:39:17.167 worker_log:602 22572 MainThread [INFO]  Completed executor task 1895
2023-07-03 11:39:17.167 worker_log:613 22572 MainThread [INFO]  All processing finished for executor task 1895
2023-07-03 11:39:24.723 worker_log:584 22572 MainThread [INFO]  Received executor task 1904
2023-07-03 11:39:41.307 worker_log:602 22572 MainThread [INFO]  Completed executor task 1904
2023-07-03 11:39:41.307 worker_log:613 22572 MainThread [INFO]  All processing finished for executor task 1904
2023-07-03 11:39:59.646 worker_log:584 22572 MainThread [INFO]  Received executor task 1913
2023-07-03 11:40:38.570 worker_log:602 22572 MainThread [INFO]  Completed executor task 1913
2023-07-03 11:40:38.571 worker_log:613 22572 MainThread [INFO]  All processing finished for executor task 1913
2023-07-03 11:40:58.723 worker_log:584 22572 MainThread [INFO]  Received executor task 1929
2023-07-03 11:41:11.241 worker_log:602 22572 MainThread [INFO]  Completed executor task 1929
2023-07-03 11:41:11.242 worker_log:613 22572 MainThread [INFO]  All processing finished for executor task 1929
2023-07-03 11:41:54.666 worker_log:584 22572 MainThread [INFO]  Received executor task 1945
2023-07-03 11:42:15.381 worker_log:602 22572 MainThread [INFO]  Completed executor task 1945
2023-07-03 11:42:15.382 worker_log:613 22572 MainThread [INFO]  All processing finished for executor task 1945
2023-07-03 11:42:23.735 worker_log:584 22572 MainThread [INFO]  Received executor task 1962
2023-07-03 11:42:29.874 worker_log:602 22572 MainThread [INFO]  Completed executor task 1962
2023-07-03 11:42:29.874 worker_log:613 22572 MainThread [INFO]  All processing finished for executor task 1962
2023-07-03 11:42:53.720 worker_log:584 22572 MainThread [INFO]  Received executor task 1969
2023-07-03 11:43:22.496 worker_log:602 22572 MainThread [INFO]  Completed executor task 1969
2023-07-03 11:43:22.497 worker_log:613 22572 MainThread [INFO]  All processing finished for executor task 1969
2023-07-03 11:43:56.703 worker_log:584 22572 MainThread [INFO]  Received executor task 1987
2023-07-03 11:44:11.187 worker_log:602 22572 MainThread [INFO]  Completed executor task 1987
2023-07-03 11:44:11.187 worker_log:613 22572 MainThread [INFO]  All processing finished for executor task 1987
2023-07-03 11:44:52.721 worker_log:584 22572 MainThread [INFO]  Received executor task 2002
2023-07-03 11:45:28.737 worker_log:602 22572 MainThread [INFO]  Completed executor task 2002
2023-07-03 11:45:28.738 worker_log:613 22572 MainThread [INFO]  All processing finished for executor task 2002
2023-07-03 11:45:48.704 worker_log:584 22572 MainThread [INFO]  Received executor task 2019
2023-07-03 11:46:05.682 worker_log:602 22572 MainThread [INFO]  Completed executor task 2019
2023-07-03 11:46:05.683 worker_log:613 22572 MainThread [INFO]  All processing finished for executor task 2019
2023-07-03 11:46:45.712 worker_log:584 22572 MainThread [INFO]  Received executor task 2032
2023-07-03 11:47:41.009 worker_log:602 22572 MainThread [INFO]  Completed executor task 2032
2023-07-03 11:47:41.009 worker_log:613 22572 MainThread [INFO]  All processing finished for executor task 2032
2023-07-03 11:48:11.639 worker_log:584 22572 MainThread [INFO]  Received executor task 2045
2023-07-03 11:49:51.001 worker_log:602 22572 MainThread [INFO]  Completed executor task 2045
2023-07-03 11:49:51.002 worker_log:613 22572 MainThread [INFO]  All processing finished for executor task 2045
2023-07-03 11:51:02.671 worker_log:584 22572 MainThread [INFO]  Received executor task 2076
2023-07-03 11:51:43.827 worker_log:602 22572 MainThread [INFO]  Completed executor task 2076
2023-07-03 11:51:43.827 worker_log:613 22572 MainThread [INFO]  All processing finished for executor task 2076
2023-07-03 11:51:43.838 worker_log:584 22572 MainThread [INFO]  Received executor task 2091
2023-07-03 11:52:28.416 worker_log:602 22572 MainThread [INFO]  Completed executor task 2091
2023-07-03 11:52:28.416 worker_log:613 22572 MainThread [INFO]  All processing finished for executor task 2091
2023-07-03 11:53:09.700 worker_log:584 22572 MainThread [INFO]  Received executor task 2112
2023-07-03 11:53:27.239 worker_log:602 22572 MainThread [INFO]  Completed executor task 2112
2023-07-03 11:53:27.240 worker_log:613 22572 MainThread [INFO]  All processing finished for executor task 2112
2023-07-03 11:53:44.746 worker_log:584 22572 MainThread [INFO]  Received executor task 2123
2023-07-03 11:54:13.428 worker_log:602 22572 MainThread [INFO]  Completed executor task 2123
2023-07-03 11:54:13.428 worker_log:613 22572 MainThread [INFO]  All processing finished for executor task 2123
2023-07-03 11:54:50.747 worker_log:584 22572 MainThread [INFO]  Received executor task 2139
2023-07-03 11:55:06.815 worker_log:602 22572 MainThread [INFO]  Completed executor task 2139
2023-07-03 11:55:06.815 worker_log:613 22572 MainThread [INFO]  All processing finished for executor task 2139
2023-07-03 11:55:21.700 worker_log:584 22572 MainThread [INFO]  Received executor task 2152
2023-07-03 11:55:51.163 worker_log:602 22572 MainThread [INFO]  Completed executor task 2152
2023-07-03 11:55:51.164 worker_log:613 22572 MainThread [INFO]  All processing finished for executor task 2152
2023-07-03 11:57:17.721 worker_log:584 22572 MainThread [INFO]  Received executor task 2170
2023-07-03 11:57:58.838 worker_log:602 22572 MainThread [INFO]  Completed executor task 2170
2023-07-03 11:57:58.838 worker_log:613 22572 MainThread [INFO]  All processing finished for executor task 2170
2023-07-03 11:58:13.735 worker_log:584 22572 MainThread [INFO]  Received executor task 2195
2023-07-03 11:58:54.790 worker_log:602 22572 MainThread [INFO]  Completed executor task 2195
2023-07-03 11:58:54.790 worker_log:613 22572 MainThread [INFO]  All processing finished for executor task 2195
2023-07-03 11:59:11.733 worker_log:584 22572 MainThread [INFO]  Received executor task 2210
2023-07-03 11:59:34.887 worker_log:602 22572 MainThread [INFO]  Completed executor task 2210
2023-07-03 11:59:34.887 worker_log:613 22572 MainThread [INFO]  All processing finished for executor task 2210
2023-07-03 11:59:40.734 worker_log:584 22572 MainThread [INFO]  Received executor task 2219
2023-07-03 12:00:06.344 worker_log:602 22572 MainThread [INFO]  Completed executor task 2219
2023-07-03 12:00:06.344 worker_log:613 22572 MainThread [INFO]  All processing finished for executor task 2219
2023-07-03 12:00:07.745 worker_log:584 22572 MainThread [INFO]  Received executor task 2231
2023-07-03 12:00:18.709 worker_log:602 22572 MainThread [INFO]  Completed executor task 2231
2023-07-03 12:00:18.710 worker_log:613 22572 MainThread [INFO]  All processing finished for executor task 2231
2023-07-03 12:00:36.839 worker_log:584 22572 MainThread [INFO]  Received executor task 2241
2023-07-03 12:01:09.441 worker_log:602 22572 MainThread [INFO]  Completed executor task 2241
2023-07-03 12:01:09.441 worker_log:613 22572 MainThread [INFO]  All processing finished for executor task 2241
2023-07-03 12:01:36.711 worker_log:584 22572 MainThread [INFO]  Received executor task 2259
2023-07-03 12:02:06.937 worker_log:602 22572 MainThread [INFO]  Completed executor task 2259
2023-07-03 12:02:06.938 worker_log:613 22572 MainThread [INFO]  All processing finished for executor task 2259
2023-07-03 12:03:03.711 worker_log:584 22572 MainThread [INFO]  Received executor task 2274
2023-07-03 12:04:05.116 worker_log:602 22572 MainThread [INFO]  Completed executor task 2274
2023-07-03 12:04:05.117 worker_log:613 22572 MainThread [INFO]  All processing finished for executor task 2274
2023-07-03 12:04:30.707 worker_log:584 22572 MainThread [INFO]  Received executor task 2302
2023-07-03 12:05:39.444 worker_log:602 22572 MainThread [INFO]  Completed executor task 2302
2023-07-03 12:05:39.444 worker_log:613 22572 MainThread [INFO]  All processing finished for executor task 2302
2023-07-03 12:06:52.728 worker_log:584 22572 MainThread [INFO]  Received executor task 2319
2023-07-03 12:07:12.546 worker_log:602 22572 MainThread [INFO]  Completed executor task 2319
2023-07-03 12:07:12.547 worker_log:613 22572 MainThread [INFO]  All processing finished for executor task 2319
2023-07-03 12:08:17.698 worker_log:584 22572 MainThread [INFO]  Received executor task 2332
2023-07-03 12:08:54.889 worker_log:602 22572 MainThread [INFO]  Completed executor task 2332
2023-07-03 12:08:54.889 worker_log:613 22572 MainThread [INFO]  All processing finished for executor task 2332
2023-07-03 12:08:54.900 worker_log:584 22572 MainThread [INFO]  Received executor task 2340
2023-07-03 12:09:18.415 worker_log:602 22572 MainThread [INFO]  Completed executor task 2340
2023-07-03 12:09:18.415 worker_log:613 22572 MainThread [INFO]  All processing finished for executor task 2340
2023-07-03 12:09:18.427 worker_log:584 22572 MainThread [INFO]  Received executor task 2352
2023-07-03 12:09:40.798 worker_log:602 22572 MainThread [INFO]  Completed executor task 2352
2023-07-03 12:09:40.799 worker_log:613 22572 MainThread [INFO]  All processing finished for executor task 2352
2023-07-03 12:10:14.734 worker_log:584 22572 MainThread [INFO]  Received executor task 2363
2023-07-03 12:10:36.167 worker_log:602 22572 MainThread [INFO]  Completed executor task 2363
2023-07-03 12:10:36.167 worker_log:613 22572 MainThread [INFO]  All processing finished for executor task 2363
2023-07-03 12:11:47.731 worker_log:584 22572 MainThread [INFO]  Received executor task 2378
2023-07-03 12:12:05.247 worker_log:602 22572 MainThread [INFO]  Completed executor task 2378
2023-07-03 12:12:05.247 worker_log:613 22572 MainThread [INFO]  All processing finished for executor task 2378
2023-07-03 12:12:44.712 worker_log:584 22572 MainThread [INFO]  Received executor task 2396
2023-07-03 12:13:17.249 worker_log:602 22572 MainThread [INFO]  Completed executor task 2396
2023-07-03 12:13:17.249 worker_log:613 22572 MainThread [INFO]  All processing finished for executor task 2396
2023-07-03 12:16:59.687 worker_log:584 22572 MainThread [INFO]  Received executor task 2414
2023-07-03 12:17:14.964 worker_log:602 22572 MainThread [INFO]  Completed executor task 2414
2023-07-03 12:17:14.965 worker_log:613 22572 MainThread [INFO]  All processing finished for executor task 2414
2023-07-03 12:18:02.719 worker_log:584 22572 MainThread [INFO]  Received executor task 2436
2023-07-03 12:18:36.154 worker_log:602 22572 MainThread [INFO]  Completed executor task 2436
2023-07-03 12:18:36.155 worker_log:613 22572 MainThread [INFO]  All processing finished for executor task 2436
2023-07-03 12:18:36.166 worker_log:584 22572 MainThread [INFO]  Received executor task 2452
2023-07-03 12:19:01.562 worker_log:602 22572 MainThread [INFO]  Completed executor task 2452
2023-07-03 12:19:01.563 worker_log:613 22572 MainThread [INFO]  All processing finished for executor task 2452
2023-07-03 12:19:29.669 worker_log:584 22572 MainThread [INFO]  Received executor task 2464
2023-07-03 12:19:33.718 worker_log:602 22572 MainThread [INFO]  Completed executor task 2464
2023-07-03 12:19:33.718 worker_log:613 22572 MainThread [INFO]  All processing finished for executor task 2464
2023-07-03 12:19:57.735 worker_log:584 22572 MainThread [INFO]  Received executor task 2475
2023-07-03 12:20:05.680 worker_log:602 22572 MainThread [INFO]  Completed executor task 2475
2023-07-03 12:20:05.681 worker_log:613 22572 MainThread [INFO]  All processing finished for executor task 2475
2023-07-03 12:20:26.721 worker_log:584 22572 MainThread [INFO]  Received executor task 2490
2023-07-03 12:21:06.048 worker_log:602 22572 MainThread [INFO]  Completed executor task 2490
2023-07-03 12:21:06.048 worker_log:613 22572 MainThread [INFO]  All processing finished for executor task 2490
2023-07-03 12:21:29.713 worker_log:584 22572 MainThread [INFO]  Received executor task 2507
2023-07-03 12:21:43.954 worker_log:602 22572 MainThread [INFO]  Completed executor task 2507
2023-07-03 12:21:43.955 worker_log:613 22572 MainThread [INFO]  All processing finished for executor task 2507
2023-07-03 12:21:58.739 worker_log:584 22572 MainThread [INFO]  Received executor task 2521
2023-07-03 12:22:10.644 worker_log:602 22572 MainThread [INFO]  Completed executor task 2521
2023-07-03 12:22:10.644 worker_log:613 22572 MainThread [INFO]  All processing finished for executor task 2521
2023-07-03 12:23:08.713 worker_log:584 22572 MainThread [INFO]  Received executor task 2531
2023-07-03 12:23:52.005 worker_log:602 22572 MainThread [INFO]  Completed executor task 2531
2023-07-03 12:23:52.006 worker_log:613 22572 MainThread [INFO]  All processing finished for executor task 2531
2023-07-03 12:24:12.776 worker_log:584 22572 MainThread [INFO]  Received executor task 2547
2023-07-03 12:24:42.982 worker_log:602 22572 MainThread [INFO]  Completed executor task 2547
2023-07-03 12:24:42.983 worker_log:613 22572 MainThread [INFO]  All processing finished for executor task 2547
2023-07-03 12:24:42.994 worker_log:584 22572 MainThread [INFO]  Received executor task 2558
2023-07-03 12:25:07.394 worker_log:602 22572 MainThread [INFO]  Completed executor task 2558
2023-07-03 12:25:07.395 worker_log:613 22572 MainThread [INFO]  All processing finished for executor task 2558
2023-07-03 12:25:09.710 worker_log:584 22572 MainThread [INFO]  Received executor task 2571
2023-07-03 12:26:11.386 worker_log:602 22572 MainThread [INFO]  Completed executor task 2571
2023-07-03 12:26:11.387 worker_log:613 22572 MainThread [INFO]  All processing finished for executor task 2571
2023-07-03 12:27:32.733 worker_log:584 22572 MainThread [INFO]  Received executor task 2588
2023-07-03 12:28:05.695 worker_log:602 22572 MainThread [INFO]  Completed executor task 2588
2023-07-03 12:28:05.695 worker_log:613 22572 MainThread [INFO]  All processing finished for executor task 2588
2023-07-03 12:28:57.721 worker_log:584 22572 MainThread [INFO]  Received executor task 2601
2023-07-03 12:29:31.741 worker_log:602 22572 MainThread [INFO]  Completed executor task 2601
2023-07-03 12:29:31.742 worker_log:613 22572 MainThread [INFO]  All processing finished for executor task 2601
2023-07-03 12:29:31.754 worker_log:584 22572 MainThread [INFO]  Received executor task 2611
2023-07-03 12:30:38.485 worker_log:602 22572 MainThread [INFO]  Completed executor task 2611
2023-07-03 12:30:38.486 worker_log:613 22572 MainThread [INFO]  All processing finished for executor task 2611
2023-07-03 12:30:53.714 worker_log:584 22572 MainThread [INFO]  Received executor task 2629
2023-07-03 12:31:17.555 worker_log:602 22572 MainThread [INFO]  Completed executor task 2629
2023-07-03 12:31:17.556 worker_log:613 22572 MainThread [INFO]  All processing finished for executor task 2629
2023-07-03 12:32:18.689 worker_log:584 22572 MainThread [INFO]  Received executor task 2645
2023-07-03 12:32:41.930 worker_log:602 22572 MainThread [INFO]  Completed executor task 2645
2023-07-03 12:32:41.930 worker_log:613 22572 MainThread [INFO]  All processing finished for executor task 2645
2023-07-03 12:33:13.694 worker_log:584 22572 MainThread [INFO]  Received executor task 2658
2023-07-03 12:33:42.430 worker_log:602 22572 MainThread [INFO]  Completed executor task 2658
2023-07-03 12:33:42.431 worker_log:613 22572 MainThread [INFO]  All processing finished for executor task 2658
2023-07-03 12:33:43.712 worker_log:584 22572 MainThread [INFO]  Received executor task 2670
2023-07-03 12:34:17.742 worker_log:602 22572 MainThread [INFO]  Completed executor task 2670
2023-07-03 12:34:17.742 worker_log:613 22572 MainThread [INFO]  All processing finished for executor task 2670
2023-07-03 12:35:40.712 worker_log:584 22572 MainThread [INFO]  Received executor task 2681
2023-07-03 12:35:57.595 worker_log:602 22572 MainThread [INFO]  Completed executor task 2681
2023-07-03 12:35:57.596 worker_log:613 22572 MainThread [INFO]  All processing finished for executor task 2681
2023-07-03 12:37:34.699 worker_log:584 22572 MainThread [INFO]  Received executor task 2700
2023-07-03 12:38:07.992 worker_log:602 22572 MainThread [INFO]  Completed executor task 2700
2023-07-03 12:38:07.992 worker_log:613 22572 MainThread [INFO]  All processing finished for executor task 2700
2023-07-03 12:38:59.687 worker_log:584 22572 MainThread [INFO]  Received executor task 2716
2023-07-03 12:39:38.815 worker_log:602 22572 MainThread [INFO]  Completed executor task 2716
2023-07-03 12:39:38.815 worker_log:613 22572 MainThread [INFO]  All processing finished for executor task 2716
2023-07-03 12:40:52.663 worker_log:584 22572 MainThread [INFO]  Received executor task 2739
2023-07-03 12:41:08.038 worker_log:602 22572 MainThread [INFO]  Completed executor task 2739
2023-07-03 12:41:08.039 worker_log:613 22572 MainThread [INFO]  All processing finished for executor task 2739
2023-07-03 12:41:49.728 worker_log:584 22572 MainThread [INFO]  Received executor task 2756
2023-07-03 12:42:22.118 worker_log:602 22572 MainThread [INFO]  Completed executor task 2756
2023-07-03 12:42:22.118 worker_log:613 22572 MainThread [INFO]  All processing finished for executor task 2756
2023-07-03 12:42:22.129 worker_log:584 22572 MainThread [INFO]  Received executor task 2767
2023-07-03 12:42:48.061 worker_log:602 22572 MainThread [INFO]  Completed executor task 2767
2023-07-03 12:42:48.062 worker_log:613 22572 MainThread [INFO]  All processing finished for executor task 2767
2023-07-03 12:43:20.695 worker_log:584 22572 MainThread [INFO]  Received executor task 2776
2023-07-03 12:44:43.795 worker_log:602 22572 MainThread [INFO]  Completed executor task 2776
2023-07-03 12:44:43.799 worker_log:613 22572 MainThread [INFO]  All processing finished for executor task 2776
2023-07-03 12:44:46.715 worker_log:584 22572 MainThread [INFO]  Received executor task 2794
2023-07-03 12:46:02.380 worker_log:602 22572 MainThread [INFO]  Completed executor task 2794
2023-07-03 12:46:02.388 worker_log:613 22572 MainThread [INFO]  All processing finished for executor task 2794
