2023-07-03 09:08:17.499 worker_log:538 22563 MainThread [INFO]  Worker 6 started
2023-07-03 09:09:36.784 worker_log:584 22563 MainThread [INFO]  Received executor task 7
2023-07-03 09:09:54.988 worker_log:602 22563 MainThread [INFO]  Completed executor task 7
2023-07-03 09:09:54.988 worker_log:613 22563 MainThread [INFO]  All processing finished for executor task 7
2023-07-03 09:10:38.689 worker_log:584 22563 MainThread [INFO]  Received executor task 21
2023-07-03 09:11:41.343 worker_log:602 22563 MainThread [INFO]  Completed executor task 21
2023-07-03 09:11:41.343 worker_log:613 22563 MainThread [INFO]  All processing finished for executor task 21
2023-07-03 09:11:41.355 worker_log:584 22563 MainThread [INFO]  Received executor task 44
2023-07-03 09:12:32.440 worker_log:602 22563 MainThread [INFO]  Completed executor task 44
2023-07-03 09:12:32.440 worker_log:613 22563 MainThread [INFO]  All processing finished for executor task 44
2023-07-03 09:12:57.687 worker_log:584 22563 MainThread [INFO]  Received executor task 58
2023-07-03 09:13:10.619 worker_log:602 22563 MainThread [INFO]  Completed executor task 58
2023-07-03 09:13:10.619 worker_log:613 22563 MainThread [INFO]  All processing finished for executor task 58
2023-07-03 09:13:29.704 worker_log:584 22563 MainThread [INFO]  Received executor task 73
2023-07-03 09:14:11.672 worker_log:602 22563 MainThread [INFO]  Completed executor task 73
2023-07-03 09:14:11.672 worker_log:613 22563 MainThread [INFO]  All processing finished for executor task 73
2023-07-03 09:15:31.699 worker_log:584 22563 MainThread [INFO]  Received executor task 90
2023-07-03 09:16:00.329 worker_log:602 22563 MainThread [INFO]  Completed executor task 90
2023-07-03 09:16:00.329 worker_log:613 22563 MainThread [INFO]  All processing finished for executor task 90
2023-07-03 09:16:06.713 worker_log:584 22563 MainThread [INFO]  Received executor task 105
2023-07-03 09:17:33.996 worker_log:602 22563 MainThread [INFO]  Completed executor task 105
2023-07-03 09:17:33.996 worker_log:613 22563 MainThread [INFO]  All processing finished for executor task 105
2023-07-03 09:19:38.710 worker_log:584 22563 MainThread [INFO]  Received executor task 134
2023-07-03 09:20:27.160 worker_log:602 22563 MainThread [INFO]  Completed executor task 134
2023-07-03 09:20:27.160 worker_log:613 22563 MainThread [INFO]  All processing finished for executor task 134
2023-07-03 09:24:08.686 worker_log:584 22563 MainThread [INFO]  Received executor task 152
2023-07-03 09:24:16.936 worker_log:602 22563 MainThread [INFO]  Completed executor task 152
2023-07-03 09:24:16.936 worker_log:613 22563 MainThread [INFO]  All processing finished for executor task 152
2023-07-03 09:24:37.763 worker_log:584 22563 MainThread [INFO]  Received executor task 167
2023-07-03 09:25:29.219 worker_log:602 22563 MainThread [INFO]  Completed executor task 167
2023-07-03 09:25:29.219 worker_log:613 22563 MainThread [INFO]  All processing finished for executor task 167
2023-07-03 09:25:35.739 worker_log:584 22563 MainThread [INFO]  Received executor task 178
2023-07-03 09:26:05.843 worker_log:602 22563 MainThread [INFO]  Completed executor task 178
2023-07-03 09:26:05.844 worker_log:613 22563 MainThread [INFO]  All processing finished for executor task 178
2023-07-03 09:26:34.702 worker_log:584 22563 MainThread [INFO]  Received executor task 194
2023-07-03 09:27:41.086 worker_log:602 22563 MainThread [INFO]  Completed executor task 194
2023-07-03 09:27:41.087 worker_log:613 22563 MainThread [INFO]  All processing finished for executor task 194
2023-07-03 09:28:01.697 worker_log:584 22563 MainThread [INFO]  Received executor task 225
2023-07-03 09:29:18.686 worker_log:602 22563 MainThread [INFO]  Completed executor task 225
2023-07-03 09:29:18.686 worker_log:613 22563 MainThread [INFO]  All processing finished for executor task 225
2023-07-03 09:29:31.691 worker_log:584 22563 MainThread [INFO]  Received executor task 243
2023-07-03 09:29:50.483 worker_log:602 22563 MainThread [INFO]  Completed executor task 243
2023-07-03 09:29:50.483 worker_log:613 22563 MainThread [INFO]  All processing finished for executor task 243
2023-07-03 09:29:59.689 worker_log:584 22563 MainThread [INFO]  Received executor task 258
2023-07-03 09:31:06.296 worker_log:602 22563 MainThread [INFO]  Completed executor task 258
2023-07-03 09:31:06.296 worker_log:613 22563 MainThread [INFO]  All processing finished for executor task 258
2023-07-03 09:33:54.697 worker_log:584 22563 MainThread [INFO]  Received executor task 273
2023-07-03 09:34:51.588 worker_log:602 22563 MainThread [INFO]  Completed executor task 273
2023-07-03 09:34:51.589 worker_log:613 22563 MainThread [INFO]  All processing finished for executor task 273
2023-07-03 09:36:20.709 worker_log:584 22563 MainThread [INFO]  Received executor task 303
2023-07-03 09:36:43.276 worker_log:602 22563 MainThread [INFO]  Completed executor task 303
2023-07-03 09:36:43.277 worker_log:613 22563 MainThread [INFO]  All processing finished for executor task 303
2023-07-03 09:36:49.763 worker_log:584 22563 MainThread [INFO]  Received executor task 317
2023-07-03 09:37:04.097 worker_log:602 22563 MainThread [INFO]  Completed executor task 317
2023-07-03 09:37:04.098 worker_log:613 22563 MainThread [INFO]  All processing finished for executor task 317
2023-07-03 09:37:17.697 worker_log:584 22563 MainThread [INFO]  Received executor task 324
2023-07-03 09:37:50.315 worker_log:602 22563 MainThread [INFO]  Completed executor task 324
2023-07-03 09:37:50.316 worker_log:613 22563 MainThread [INFO]  All processing finished for executor task 324
2023-07-03 09:37:50.327 worker_log:584 22563 MainThread [INFO]  Received executor task 335
2023-07-03 09:38:40.729 worker_log:602 22563 MainThread [INFO]  Completed executor task 335
2023-07-03 09:38:40.730 worker_log:613 22563 MainThread [INFO]  All processing finished for executor task 335
2023-07-03 09:39:48.690 worker_log:584 22563 MainThread [INFO]  Received executor task 352
2023-07-03 09:40:19.630 worker_log:602 22563 MainThread [INFO]  Completed executor task 352
2023-07-03 09:40:19.631 worker_log:613 22563 MainThread [INFO]  All processing finished for executor task 352
2023-07-03 09:42:00.713 worker_log:584 22563 MainThread [INFO]  Received executor task 368
2023-07-03 09:42:16.371 worker_log:602 22563 MainThread [INFO]  Completed executor task 368
2023-07-03 09:42:16.372 worker_log:613 22563 MainThread [INFO]  All processing finished for executor task 368
2023-07-03 09:43:35.711 worker_log:584 22563 MainThread [INFO]  Received executor task 377
2023-07-03 09:44:09.565 worker_log:602 22563 MainThread [INFO]  Completed executor task 377
2023-07-03 09:44:09.565 worker_log:613 22563 MainThread [INFO]  All processing finished for executor task 377
2023-07-03 09:44:34.693 worker_log:584 22563 MainThread [INFO]  Received executor task 389
2023-07-03 09:45:29.107 worker_log:602 22563 MainThread [INFO]  Completed executor task 389
2023-07-03 09:45:29.107 worker_log:613 22563 MainThread [INFO]  All processing finished for executor task 389
2023-07-03 09:47:39.700 worker_log:584 22563 MainThread [INFO]  Received executor task 411
2023-07-03 09:48:34.135 worker_log:602 22563 MainThread [INFO]  Completed executor task 411
2023-07-03 09:48:34.135 worker_log:613 22563 MainThread [INFO]  All processing finished for executor task 411
2023-07-03 09:48:39.697 worker_log:584 22563 MainThread [INFO]  Received executor task 431
2023-07-03 09:49:53.393 worker_log:602 22563 MainThread [INFO]  Completed executor task 431
2023-07-03 09:49:53.393 worker_log:613 22563 MainThread [INFO]  All processing finished for executor task 431
2023-07-03 09:50:08.709 worker_log:584 22563 MainThread [INFO]  Received executor task 465
2023-07-03 09:50:43.786 worker_log:602 22563 MainThread [INFO]  Completed executor task 465
2023-07-03 09:50:43.787 worker_log:613 22563 MainThread [INFO]  All processing finished for executor task 465
2023-07-03 09:51:06.712 worker_log:584 22563 MainThread [INFO]  Received executor task 480
2023-07-03 09:51:20.818 worker_log:602 22563 MainThread [INFO]  Completed executor task 480
2023-07-03 09:51:20.818 worker_log:613 22563 MainThread [INFO]  All processing finished for executor task 480
2023-07-03 09:51:34.703 worker_log:584 22563 MainThread [INFO]  Received executor task 491
2023-07-03 09:51:49.674 worker_log:602 22563 MainThread [INFO]  Completed executor task 491
2023-07-03 09:51:49.674 worker_log:613 22563 MainThread [INFO]  All processing finished for executor task 491
2023-07-03 09:52:04.707 worker_log:584 22563 MainThread [INFO]  Received executor task 505
2023-07-03 09:52:54.427 worker_log:602 22563 MainThread [INFO]  Completed executor task 505
2023-07-03 09:52:54.428 worker_log:613 22563 MainThread [INFO]  All processing finished for executor task 505
2023-07-03 09:53:33.701 worker_log:584 22563 MainThread [INFO]  Received executor task 522
2023-07-03 09:54:15.093 worker_log:602 22563 MainThread [INFO]  Completed executor task 522
2023-07-03 09:54:15.093 worker_log:613 22563 MainThread [INFO]  All processing finished for executor task 522
2023-07-03 09:56:06.716 worker_log:584 22563 MainThread [INFO]  Received executor task 538
2023-07-03 09:57:13.945 worker_log:602 22563 MainThread [INFO]  Completed executor task 538
2023-07-03 09:57:13.945 worker_log:613 22563 MainThread [INFO]  All processing finished for executor task 538
2023-07-03 09:57:13.957 worker_log:584 22563 MainThread [INFO]  Received executor task 560
2023-07-03 09:57:42.109 worker_log:602 22563 MainThread [INFO]  Completed executor task 560
2023-07-03 09:57:42.109 worker_log:613 22563 MainThread [INFO]  All processing finished for executor task 560
2023-07-03 09:57:42.123 worker_log:584 22563 MainThread [INFO]  Received executor task 574
2023-07-03 09:58:54.439 worker_log:602 22563 MainThread [INFO]  Completed executor task 574
2023-07-03 09:58:54.439 worker_log:613 22563 MainThread [INFO]  All processing finished for executor task 574
2023-07-03 09:59:11.704 worker_log:584 22563 MainThread [INFO]  Received executor task 590
2023-07-03 09:59:48.437 worker_log:602 22563 MainThread [INFO]  Completed executor task 590
2023-07-03 09:59:48.437 worker_log:613 22563 MainThread [INFO]  All processing finished for executor task 590
2023-07-03 10:02:22.717 worker_log:584 22563 MainThread [INFO]  Received executor task 603
2023-07-03 10:03:19.233 worker_log:602 22563 MainThread [INFO]  Completed executor task 603
2023-07-03 10:03:19.234 worker_log:613 22563 MainThread [INFO]  All processing finished for executor task 603
2023-07-03 10:04:19.709 worker_log:584 22563 MainThread [INFO]  Received executor task 625
2023-07-03 10:04:58.766 worker_log:602 22563 MainThread [INFO]  Completed executor task 625
2023-07-03 10:04:58.766 worker_log:613 22563 MainThread [INFO]  All processing finished for executor task 625
2023-07-03 10:05:24.691 worker_log:584 22563 MainThread [INFO]  Received executor task 646
2023-07-03 10:05:52.588 worker_log:602 22563 MainThread [INFO]  Completed executor task 646
2023-07-03 10:05:52.589 worker_log:613 22563 MainThread [INFO]  All processing finished for executor task 646
2023-07-03 10:06:24.838 worker_log:584 22563 MainThread [INFO]  Received executor task 657
2023-07-03 10:06:44.766 worker_log:602 22563 MainThread [INFO]  Completed executor task 657
2023-07-03 10:06:44.767 worker_log:613 22563 MainThread [INFO]  All processing finished for executor task 657
2023-07-03 10:06:54.712 worker_log:584 22563 MainThread [INFO]  Received executor task 667
2023-07-03 10:07:33.985 worker_log:602 22563 MainThread [INFO]  Completed executor task 667
2023-07-03 10:07:33.985 worker_log:613 22563 MainThread [INFO]  All processing finished for executor task 667
2023-07-03 10:08:23.689 worker_log:584 22563 MainThread [INFO]  Received executor task 681
2023-07-03 10:09:10.704 worker_log:602 22563 MainThread [INFO]  Completed executor task 681
2023-07-03 10:09:10.704 worker_log:613 22563 MainThread [INFO]  All processing finished for executor task 681
2023-07-03 10:09:52.710 worker_log:584 22563 MainThread [INFO]  Received executor task 696
2023-07-03 10:10:13.190 worker_log:602 22563 MainThread [INFO]  Completed executor task 696
2023-07-03 10:10:13.190 worker_log:613 22563 MainThread [INFO]  All processing finished for executor task 696
2023-07-03 10:11:48.710 worker_log:584 22563 MainThread [INFO]  Received executor task 707
2023-07-03 10:12:18.524 worker_log:602 22563 MainThread [INFO]  Completed executor task 707
2023-07-03 10:12:18.524 worker_log:613 22563 MainThread [INFO]  All processing finished for executor task 707
2023-07-03 10:13:44.693 worker_log:584 22563 MainThread [INFO]  Received executor task 723
2023-07-03 10:14:27.451 worker_log:602 22563 MainThread [INFO]  Completed executor task 723
2023-07-03 10:14:27.452 worker_log:613 22563 MainThread [INFO]  All processing finished for executor task 723
2023-07-03 10:14:42.714 worker_log:584 22563 MainThread [INFO]  Received executor task 739
2023-07-03 10:15:36.521 worker_log:602 22563 MainThread [INFO]  Completed executor task 739
2023-07-03 10:15:36.522 worker_log:613 22563 MainThread [INFO]  All processing finished for executor task 739
2023-07-03 10:15:48.695 worker_log:584 22563 MainThread [INFO]  Received executor task 754
2023-07-03 10:16:09.667 worker_log:602 22563 MainThread [INFO]  Completed executor task 754
2023-07-03 10:16:09.667 worker_log:613 22563 MainThread [INFO]  All processing finished for executor task 754
2023-07-03 10:16:17.701 worker_log:584 22563 MainThread [INFO]  Received executor task 767
2023-07-03 10:17:27.076 worker_log:602 22563 MainThread [INFO]  Completed executor task 767
2023-07-03 10:17:27.076 worker_log:613 22563 MainThread [INFO]  All processing finished for executor task 767
2023-07-03 10:17:52.716 worker_log:584 22563 MainThread [INFO]  Received executor task 783
2023-07-03 10:18:12.816 worker_log:602 22563 MainThread [INFO]  Completed executor task 783
2023-07-03 10:18:12.817 worker_log:613 22563 MainThread [INFO]  All processing finished for executor task 783
2023-07-03 10:19:20.714 worker_log:584 22563 MainThread [INFO]  Received executor task 801
2023-07-03 10:19:41.967 worker_log:602 22563 MainThread [INFO]  Completed executor task 801
2023-07-03 10:19:41.968 worker_log:613 22563 MainThread [INFO]  All processing finished for executor task 801
2023-07-03 10:19:49.702 worker_log:584 22563 MainThread [INFO]  Received executor task 816
2023-07-03 10:20:39.492 worker_log:602 22563 MainThread [INFO]  Completed executor task 816
2023-07-03 10:20:39.492 worker_log:613 22563 MainThread [INFO]  All processing finished for executor task 816
2023-07-03 10:20:47.765 worker_log:584 22563 MainThread [INFO]  Received executor task 827
2023-07-03 10:21:01.699 worker_log:602 22563 MainThread [INFO]  Completed executor task 827
2023-07-03 10:21:01.700 worker_log:613 22563 MainThread [INFO]  All processing finished for executor task 827
2023-07-03 10:21:17.710 worker_log:584 22563 MainThread [INFO]  Received executor task 837
2023-07-03 10:21:47.202 worker_log:602 22563 MainThread [INFO]  Completed executor task 837
2023-07-03 10:21:47.203 worker_log:613 22563 MainThread [INFO]  All processing finished for executor task 837
2023-07-03 10:22:45.711 worker_log:584 22563 MainThread [INFO]  Received executor task 853
2023-07-03 10:23:09.005 worker_log:602 22563 MainThread [INFO]  Completed executor task 853
2023-07-03 10:23:09.006 worker_log:613 22563 MainThread [INFO]  All processing finished for executor task 853
2023-07-03 10:23:46.708 worker_log:584 22563 MainThread [INFO]  Received executor task 870
2023-07-03 10:24:00.156 worker_log:602 22563 MainThread [INFO]  Completed executor task 870
2023-07-03 10:24:00.157 worker_log:613 22563 MainThread [INFO]  All processing finished for executor task 870
2023-07-03 10:24:45.720 worker_log:584 22563 MainThread [INFO]  Received executor task 889
2023-07-03 10:25:01.100 worker_log:602 22563 MainThread [INFO]  Completed executor task 889
2023-07-03 10:25:01.101 worker_log:613 22563 MainThread [INFO]  All processing finished for executor task 889
2023-07-03 10:25:22.704 worker_log:584 22563 MainThread [INFO]  Received executor task 904
2023-07-03 10:25:39.304 worker_log:602 22563 MainThread [INFO]  Completed executor task 904
2023-07-03 10:25:39.305 worker_log:613 22563 MainThread [INFO]  All processing finished for executor task 904
2023-07-03 10:25:58.700 worker_log:584 22563 MainThread [INFO]  Received executor task 916
2023-07-03 10:27:51.662 worker_log:602 22563 MainThread [INFO]  Completed executor task 916
2023-07-03 10:27:51.662 worker_log:613 22563 MainThread [INFO]  All processing finished for executor task 916
2023-07-03 10:28:55.710 worker_log:584 22563 MainThread [INFO]  Received executor task 946
2023-07-03 10:29:37.385 worker_log:602 22563 MainThread [INFO]  Completed executor task 946
2023-07-03 10:29:37.385 worker_log:613 22563 MainThread [INFO]  All processing finished for executor task 946
2023-07-03 10:31:39.706 worker_log:584 22563 MainThread [INFO]  Received executor task 961
2023-07-03 10:31:52.410 worker_log:602 22563 MainThread [INFO]  Completed executor task 961
2023-07-03 10:31:52.411 worker_log:613 22563 MainThread [INFO]  All processing finished for executor task 961
2023-07-03 10:33:06.714 worker_log:584 22563 MainThread [INFO]  Received executor task 973
2023-07-03 10:33:48.183 worker_log:602 22563 MainThread [INFO]  Completed executor task 973
2023-07-03 10:33:48.184 worker_log:613 22563 MainThread [INFO]  All processing finished for executor task 973
2023-07-03 10:35:22.701 worker_log:584 22563 MainThread [INFO]  Received executor task 991
2023-07-03 10:36:14.434 worker_log:602 22563 MainThread [INFO]  Completed executor task 991
2023-07-03 10:36:14.435 worker_log:613 22563 MainThread [INFO]  All processing finished for executor task 991
2023-07-03 10:36:50.697 worker_log:584 22563 MainThread [INFO]  Received executor task 1009
2023-07-03 10:37:17.356 worker_log:602 22563 MainThread [INFO]  Completed executor task 1009
2023-07-03 10:37:17.356 worker_log:613 22563 MainThread [INFO]  All processing finished for executor task 1009
2023-07-03 10:37:20.727 worker_log:584 22563 MainThread [INFO]  Received executor task 1024
2023-07-03 10:37:28.321 worker_log:602 22563 MainThread [INFO]  Completed executor task 1024
2023-07-03 10:37:28.321 worker_log:613 22563 MainThread [INFO]  All processing finished for executor task 1024
2023-07-03 10:37:50.765 worker_log:584 22563 MainThread [INFO]  Received executor task 1032
2023-07-03 10:38:40.194 worker_log:602 22563 MainThread [INFO]  Completed executor task 1032
2023-07-03 10:38:40.194 worker_log:613 22563 MainThread [INFO]  All processing finished for executor task 1032
2023-07-03 10:40:03.712 worker_log:584 22563 MainThread [INFO]  Received executor task 1046
2023-07-03 10:40:20.736 worker_log:602 22563 MainThread [INFO]  Completed executor task 1046
2023-07-03 10:40:20.736 worker_log:613 22563 MainThread [INFO]  All processing finished for executor task 1046
2023-07-03 10:42:33.666 worker_log:584 22563 MainThread [INFO]  Received executor task 1065
2023-07-03 10:42:47.990 worker_log:602 22563 MainThread [INFO]  Completed executor task 1065
2023-07-03 10:42:47.991 worker_log:613 22563 MainThread [INFO]  All processing finished for executor task 1065
2023-07-03 10:43:04.708 worker_log:584 22563 MainThread [INFO]  Received executor task 1082
2023-07-03 10:43:23.203 worker_log:602 22563 MainThread [INFO]  Completed executor task 1082
2023-07-03 10:43:23.203 worker_log:613 22563 MainThread [INFO]  All processing finished for executor task 1082
2023-07-03 10:43:33.743 worker_log:584 22563 MainThread [INFO]  Received executor task 1093
2023-07-03 10:44:05.561 worker_log:602 22563 MainThread [INFO]  Completed executor task 1093
2023-07-03 10:44:05.562 worker_log:613 22563 MainThread [INFO]  All processing finished for executor task 1093
2023-07-03 10:45:10.746 worker_log:584 22563 MainThread [INFO]  Received executor task 1105
2023-07-03 10:46:20.022 worker_log:602 22563 MainThread [INFO]  Completed executor task 1105
2023-07-03 10:46:20.023 worker_log:613 22563 MainThread [INFO]  All processing finished for executor task 1105
2023-07-03 10:46:41.697 worker_log:584 22563 MainThread [INFO]  Received executor task 1138
2023-07-03 10:47:51.126 worker_log:602 22563 MainThread [INFO]  Completed executor task 1138
2023-07-03 10:47:51.126 worker_log:613 22563 MainThread [INFO]  All processing finished for executor task 1138
2023-07-03 10:48:15.722 worker_log:584 22563 MainThread [INFO]  Received executor task 1155
2023-07-03 10:48:46.637 worker_log:602 22563 MainThread [INFO]  Completed executor task 1155
2023-07-03 10:48:46.638 worker_log:613 22563 MainThread [INFO]  All processing finished for executor task 1155
2023-07-03 10:49:14.714 worker_log:584 22563 MainThread [INFO]  Received executor task 1174
2023-07-03 10:49:51.800 worker_log:602 22563 MainThread [INFO]  Completed executor task 1174
2023-07-03 10:49:51.800 worker_log:613 22563 MainThread [INFO]  All processing finished for executor task 1174
2023-07-03 10:50:11.727 worker_log:584 22563 MainThread [INFO]  Received executor task 1191
2023-07-03 10:52:01.883 worker_log:602 22563 MainThread [INFO]  Completed executor task 1191
2023-07-03 10:52:01.884 worker_log:613 22563 MainThread [INFO]  All processing finished for executor task 1191
2023-07-03 10:55:06.712 worker_log:584 22563 MainThread [INFO]  Received executor task 1235
2023-07-03 10:55:29.190 worker_log:602 22563 MainThread [INFO]  Completed executor task 1235
2023-07-03 10:55:29.190 worker_log:613 22563 MainThread [INFO]  All processing finished for executor task 1235
2023-07-03 10:56:11.704 worker_log:584 22563 MainThread [INFO]  Received executor task 1246
2023-07-03 10:56:47.531 worker_log:602 22563 MainThread [INFO]  Completed executor task 1246
2023-07-03 10:56:47.531 worker_log:613 22563 MainThread [INFO]  All processing finished for executor task 1246
2023-07-03 10:56:47.542 worker_log:584 22563 MainThread [INFO]  Received executor task 1257
2023-07-03 10:57:03.886 worker_log:602 22563 MainThread [INFO]  Completed executor task 1257
2023-07-03 10:57:03.887 worker_log:613 22563 MainThread [INFO]  All processing finished for executor task 1257
2023-07-03 10:57:10.733 worker_log:584 22563 MainThread [INFO]  Received executor task 1266
2023-07-03 10:58:03.925 worker_log:602 22563 MainThread [INFO]  Completed executor task 1266
2023-07-03 10:58:03.926 worker_log:613 22563 MainThread [INFO]  All processing finished for executor task 1266
2023-07-03 10:58:09.706 worker_log:584 22563 MainThread [INFO]  Received executor task 1284
2023-07-03 10:59:07.157 worker_log:602 22563 MainThread [INFO]  Completed executor task 1284
2023-07-03 10:59:07.157 worker_log:613 22563 MainThread [INFO]  All processing finished for executor task 1284
2023-07-03 10:59:56.707 worker_log:584 22563 MainThread [INFO]  Received executor task 1313
2023-07-03 11:00:23.444 worker_log:602 22563 MainThread [INFO]  Completed executor task 1313
2023-07-03 11:00:23.444 worker_log:613 22563 MainThread [INFO]  All processing finished for executor task 1313
2023-07-03 11:01:24.699 worker_log:584 22563 MainThread [INFO]  Received executor task 1333
2023-07-03 11:01:52.434 worker_log:602 22563 MainThread [INFO]  Completed executor task 1333
2023-07-03 11:01:52.435 worker_log:613 22563 MainThread [INFO]  All processing finished for executor task 1333
2023-07-03 11:02:23.664 worker_log:584 22563 MainThread [INFO]  Received executor task 1349
2023-07-03 11:03:15.419 worker_log:602 22563 MainThread [INFO]  Completed executor task 1349
2023-07-03 11:03:15.419 worker_log:613 22563 MainThread [INFO]  All processing finished for executor task 1349
2023-07-03 11:03:15.431 worker_log:584 22563 MainThread [INFO]  Received executor task 1367
2023-07-03 11:04:02.309 worker_log:602 22563 MainThread [INFO]  Completed executor task 1367
2023-07-03 11:04:02.310 worker_log:613 22563 MainThread [INFO]  All processing finished for executor task 1367
2023-07-03 11:04:02.321 worker_log:584 22563 MainThread [INFO]  Received executor task 1383
2023-07-03 11:04:37.060 worker_log:602 22563 MainThread [INFO]  Completed executor task 1383
2023-07-03 11:04:37.060 worker_log:613 22563 MainThread [INFO]  All processing finished for executor task 1383
2023-07-03 11:04:47.707 worker_log:584 22563 MainThread [INFO]  Received executor task 1405
2023-07-03 11:05:39.995 worker_log:602 22563 MainThread [INFO]  Completed executor task 1405
2023-07-03 11:05:39.995 worker_log:613 22563 MainThread [INFO]  All processing finished for executor task 1405
2023-07-03 11:05:51.697 worker_log:584 22563 MainThread [INFO]  Received executor task 1428
2023-07-03 11:06:14.279 worker_log:602 22563 MainThread [INFO]  Completed executor task 1428
2023-07-03 11:06:14.279 worker_log:613 22563 MainThread [INFO]  All processing finished for executor task 1428
2023-07-03 11:06:21.710 worker_log:584 22563 MainThread [INFO]  Received executor task 1438
2023-07-03 11:07:20.436 worker_log:602 22563 MainThread [INFO]  Completed executor task 1438
2023-07-03 11:07:20.437 worker_log:613 22563 MainThread [INFO]  All processing finished for executor task 1438
2023-07-03 11:07:20.448 worker_log:584 22563 MainThread [INFO]  Received executor task 1454
2023-07-03 11:07:35.128 worker_log:602 22563 MainThread [INFO]  Completed executor task 1454
2023-07-03 11:07:35.128 worker_log:613 22563 MainThread [INFO]  All processing finished for executor task 1454
2023-07-03 11:08:51.716 worker_log:584 22563 MainThread [INFO]  Received executor task 1460
2023-07-03 11:09:07.540 worker_log:602 22563 MainThread [INFO]  Completed executor task 1460
2023-07-03 11:09:07.541 worker_log:613 22563 MainThread [INFO]  All processing finished for executor task 1460
2023-07-03 11:09:22.723 worker_log:584 22563 MainThread [INFO]  Received executor task 1476
2023-07-03 11:09:40.679 worker_log:602 22563 MainThread [INFO]  Completed executor task 1476
2023-07-03 11:09:40.679 worker_log:613 22563 MainThread [INFO]  All processing finished for executor task 1476
2023-07-03 11:11:20.713 worker_log:584 22563 MainThread [INFO]  Received executor task 1486
2023-07-03 11:11:32.029 worker_log:602 22563 MainThread [INFO]  Completed executor task 1486
2023-07-03 11:11:32.029 worker_log:613 22563 MainThread [INFO]  All processing finished for executor task 1486
2023-07-03 11:12:31.753 worker_log:584 22563 MainThread [INFO]  Received executor task 1498
2023-07-03 11:12:54.763 worker_log:602 22563 MainThread [INFO]  Completed executor task 1498
2023-07-03 11:12:54.763 worker_log:613 22563 MainThread [INFO]  All processing finished for executor task 1498
2023-07-03 11:14:01.723 worker_log:584 22563 MainThread [INFO]  Received executor task 1515
2023-07-03 11:14:25.972 worker_log:602 22563 MainThread [INFO]  Completed executor task 1515
2023-07-03 11:14:25.972 worker_log:613 22563 MainThread [INFO]  All processing finished for executor task 1515
2023-07-03 11:15:27.649 worker_log:584 22563 MainThread [INFO]  Received executor task 1535
2023-07-03 11:16:42.408 worker_log:602 22563 MainThread [INFO]  Completed executor task 1535
2023-07-03 11:16:42.408 worker_log:613 22563 MainThread [INFO]  All processing finished for executor task 1535
2023-07-03 11:16:53.698 worker_log:584 22563 MainThread [INFO]  Received executor task 1558
2023-07-03 11:17:18.682 worker_log:602 22563 MainThread [INFO]  Completed executor task 1558
2023-07-03 11:17:18.683 worker_log:613 22563 MainThread [INFO]  All processing finished for executor task 1558
2023-07-03 11:17:20.659 worker_log:584 22563 MainThread [INFO]  Received executor task 1565
2023-07-03 11:17:29.296 worker_log:602 22563 MainThread [INFO]  Completed executor task 1565
2023-07-03 11:17:29.296 worker_log:613 22563 MainThread [INFO]  All processing finished for executor task 1565
2023-07-03 11:17:29.307 worker_log:584 22563 MainThread [INFO]  Received executor task 1571
2023-07-03 11:17:57.688 worker_log:602 22563 MainThread [INFO]  Completed executor task 1571
2023-07-03 11:17:57.689 worker_log:613 22563 MainThread [INFO]  All processing finished for executor task 1571
2023-07-03 11:18:18.730 worker_log:584 22563 MainThread [INFO]  Received executor task 1587
2023-07-03 11:18:30.319 worker_log:602 22563 MainThread [INFO]  Completed executor task 1587
2023-07-03 11:18:30.319 worker_log:613 22563 MainThread [INFO]  All processing finished for executor task 1587
2023-07-03 11:19:18.702 worker_log:584 22563 MainThread [INFO]  Received executor task 1600
2023-07-03 11:20:00.295 worker_log:602 22563 MainThread [INFO]  Completed executor task 1600
2023-07-03 11:20:00.295 worker_log:613 22563 MainThread [INFO]  All processing finished for executor task 1600
2023-07-03 11:20:43.861 worker_log:584 22563 MainThread [INFO]  Received executor task 1619
2023-07-03 11:20:58.865 worker_log:602 22563 MainThread [INFO]  Completed executor task 1619
2023-07-03 11:20:58.865 worker_log:613 22563 MainThread [INFO]  All processing finished for executor task 1619
2023-07-03 11:21:10.745 worker_log:584 22563 MainThread [INFO]  Received executor task 1630
2023-07-03 11:21:36.324 worker_log:602 22563 MainThread [INFO]  Completed executor task 1630
2023-07-03 11:21:36.325 worker_log:613 22563 MainThread [INFO]  All processing finished for executor task 1630
2023-07-03 11:21:40.712 worker_log:584 22563 MainThread [INFO]  Received executor task 1641
2023-07-03 11:21:54.774 worker_log:602 22563 MainThread [INFO]  Completed executor task 1641
2023-07-03 11:21:54.774 worker_log:613 22563 MainThread [INFO]  All processing finished for executor task 1641
2023-07-03 11:22:09.714 worker_log:584 22563 MainThread [INFO]  Received executor task 1649
2023-07-03 11:22:54.451 worker_log:602 22563 MainThread [INFO]  Completed executor task 1649
2023-07-03 11:22:54.452 worker_log:613 22563 MainThread [INFO]  All processing finished for executor task 1649
2023-07-03 11:23:07.709 worker_log:584 22563 MainThread [INFO]  Received executor task 1668
2023-07-03 11:23:29.895 worker_log:602 22563 MainThread [INFO]  Completed executor task 1668
2023-07-03 11:23:29.895 worker_log:613 22563 MainThread [INFO]  All processing finished for executor task 1668
2023-07-03 11:23:37.702 worker_log:584 22563 MainThread [INFO]  Received executor task 1678
2023-07-03 11:23:47.375 worker_log:602 22563 MainThread [INFO]  Completed executor task 1678
2023-07-03 11:23:47.375 worker_log:613 22563 MainThread [INFO]  All processing finished for executor task 1678
2023-07-03 11:24:04.710 worker_log:584 22563 MainThread [INFO]  Received executor task 1685
2023-07-03 11:24:17.100 worker_log:602 22563 MainThread [INFO]  Completed executor task 1685
2023-07-03 11:24:17.100 worker_log:613 22563 MainThread [INFO]  All processing finished for executor task 1685
2023-07-03 11:24:32.720 worker_log:584 22563 MainThread [INFO]  Received executor task 1697
2023-07-03 11:24:52.880 worker_log:602 22563 MainThread [INFO]  Completed executor task 1697
2023-07-03 11:24:52.881 worker_log:613 22563 MainThread [INFO]  All processing finished for executor task 1697
2023-07-03 11:25:30.733 worker_log:584 22563 MainThread [INFO]  Received executor task 1710
2023-07-03 11:26:08.219 worker_log:602 22563 MainThread [INFO]  Completed executor task 1710
2023-07-03 11:26:08.219 worker_log:613 22563 MainThread [INFO]  All processing finished for executor task 1710
2023-07-03 11:27:02.704 worker_log:584 22563 MainThread [INFO]  Received executor task 1726
2023-07-03 11:27:25.276 worker_log:602 22563 MainThread [INFO]  Completed executor task 1726
2023-07-03 11:27:25.277 worker_log:613 22563 MainThread [INFO]  All processing finished for executor task 1726
2023-07-03 11:28:02.659 worker_log:584 22563 MainThread [INFO]  Received executor task 1741
2023-07-03 11:29:10.344 worker_log:602 22563 MainThread [INFO]  Completed executor task 1741
2023-07-03 11:29:10.344 worker_log:613 22563 MainThread [INFO]  All processing finished for executor task 1741
2023-07-03 11:29:10.355 worker_log:584 22563 MainThread [INFO]  Received executor task 1769
2023-07-03 11:29:35.339 worker_log:602 22563 MainThread [INFO]  Completed executor task 1769
2023-07-03 11:29:35.340 worker_log:613 22563 MainThread [INFO]  All processing finished for executor task 1769
2023-07-03 11:30:00.729 worker_log:584 22563 MainThread [INFO]  Received executor task 1785
2023-07-03 11:30:21.995 worker_log:602 22563 MainThread [INFO]  Completed executor task 1785
2023-07-03 11:30:21.996 worker_log:613 22563 MainThread [INFO]  All processing finished for executor task 1785
2023-07-03 11:33:26.671 worker_log:584 22563 MainThread [INFO]  Received executor task 1803
2023-07-03 11:33:58.173 worker_log:602 22563 MainThread [INFO]  Completed executor task 1803
2023-07-03 11:33:58.173 worker_log:613 22563 MainThread [INFO]  All processing finished for executor task 1803
2023-07-03 11:34:01.713 worker_log:584 22563 MainThread [INFO]  Received executor task 1819
2023-07-03 11:34:38.076 worker_log:602 22563 MainThread [INFO]  Completed executor task 1819
2023-07-03 11:34:38.077 worker_log:613 22563 MainThread [INFO]  All processing finished for executor task 1819
2023-07-03 11:35:00.715 worker_log:584 22563 MainThread [INFO]  Received executor task 1833
2023-07-03 11:35:14.888 worker_log:602 22563 MainThread [INFO]  Completed executor task 1833
2023-07-03 11:35:14.888 worker_log:613 22563 MainThread [INFO]  All processing finished for executor task 1833
2023-07-03 11:36:00.698 worker_log:584 22563 MainThread [INFO]  Received executor task 1849
2023-07-03 11:36:29.215 worker_log:602 22563 MainThread [INFO]  Completed executor task 1849
2023-07-03 11:36:29.215 worker_log:613 22563 MainThread [INFO]  All processing finished for executor task 1849
2023-07-03 11:36:56.695 worker_log:584 22563 MainThread [INFO]  Received executor task 1859
2023-07-03 11:37:38.138 worker_log:602 22563 MainThread [INFO]  Completed executor task 1859
2023-07-03 11:37:38.138 worker_log:613 22563 MainThread [INFO]  All processing finished for executor task 1859
2023-07-03 11:37:54.710 worker_log:584 22563 MainThread [INFO]  Received executor task 1878
2023-07-03 11:38:23.952 worker_log:602 22563 MainThread [INFO]  Completed executor task 1878
2023-07-03 11:38:23.952 worker_log:613 22563 MainThread [INFO]  All processing finished for executor task 1878
2023-07-03 11:38:23.963 worker_log:584 22563 MainThread [INFO]  Received executor task 1891
2023-07-03 11:39:21.152 worker_log:602 22563 MainThread [INFO]  Completed executor task 1891
2023-07-03 11:39:21.153 worker_log:613 22563 MainThread [INFO]  All processing finished for executor task 1891
2023-07-03 11:39:24.723 worker_log:584 22563 MainThread [INFO]  Received executor task 1905
2023-07-03 11:39:41.612 worker_log:602 22563 MainThread [INFO]  Completed executor task 1905
2023-07-03 11:39:41.612 worker_log:613 22563 MainThread [INFO]  All processing finished for executor task 1905
2023-07-03 11:39:59.687 worker_log:584 22563 MainThread [INFO]  Received executor task 1914
2023-07-03 11:40:51.244 worker_log:602 22563 MainThread [INFO]  Completed executor task 1914
2023-07-03 11:40:51.244 worker_log:613 22563 MainThread [INFO]  All processing finished for executor task 1914
2023-07-03 11:40:58.733 worker_log:584 22563 MainThread [INFO]  Received executor task 1933
2023-07-03 11:41:15.935 worker_log:602 22563 MainThread [INFO]  Completed executor task 1933
2023-07-03 11:41:15.936 worker_log:613 22563 MainThread [INFO]  All processing finished for executor task 1933
2023-07-03 11:41:54.716 worker_log:584 22563 MainThread [INFO]  Received executor task 1948
2023-07-03 11:42:19.639 worker_log:602 22563 MainThread [INFO]  Completed executor task 1948
2023-07-03 11:42:19.640 worker_log:613 22563 MainThread [INFO]  All processing finished for executor task 1948
2023-07-03 11:42:23.735 worker_log:584 22563 MainThread [INFO]  Received executor task 1964
2023-07-03 11:42:34.263 worker_log:602 22563 MainThread [INFO]  Completed executor task 1964
2023-07-03 11:42:34.263 worker_log:613 22563 MainThread [INFO]  All processing finished for executor task 1964
2023-07-03 11:43:27.644 worker_log:584 22563 MainThread [INFO]  Received executor task 1975
2023-07-03 11:43:51.727 worker_log:602 22563 MainThread [INFO]  Completed executor task 1975
2023-07-03 11:43:51.727 worker_log:613 22563 MainThread [INFO]  All processing finished for executor task 1975
2023-07-03 11:44:52.721 worker_log:584 22563 MainThread [INFO]  Received executor task 1998
2023-07-03 11:45:14.945 worker_log:602 22563 MainThread [INFO]  Completed executor task 1998
2023-07-03 11:45:14.945 worker_log:613 22563 MainThread [INFO]  All processing finished for executor task 1998
2023-07-03 11:45:21.733 worker_log:584 22563 MainThread [INFO]  Received executor task 2013
2023-07-03 11:45:46.586 worker_log:602 22563 MainThread [INFO]  Completed executor task 2013
2023-07-03 11:45:46.586 worker_log:613 22563 MainThread [INFO]  All processing finished for executor task 2013
2023-07-03 11:46:45.711 worker_log:584 22563 MainThread [INFO]  Received executor task 2028
2023-07-03 11:47:09.558 worker_log:602 22563 MainThread [INFO]  Completed executor task 2028
2023-07-03 11:47:09.558 worker_log:613 22563 MainThread [INFO]  All processing finished for executor task 2028
2023-07-03 11:47:14.700 worker_log:584 22563 MainThread [INFO]  Received executor task 2041
2023-07-03 11:47:59.234 worker_log:602 22563 MainThread [INFO]  Completed executor task 2041
2023-07-03 11:47:59.234 worker_log:613 22563 MainThread [INFO]  All processing finished for executor task 2041
2023-07-03 11:48:11.690 worker_log:584 22563 MainThread [INFO]  Received executor task 2054
2023-07-03 11:49:38.958 worker_log:602 22563 MainThread [INFO]  Completed executor task 2054
2023-07-03 11:49:38.959 worker_log:613 22563 MainThread [INFO]  All processing finished for executor task 2054
2023-07-03 11:50:33.700 worker_log:584 22563 MainThread [INFO]  Received executor task 2071
2023-07-03 11:51:00.891 worker_log:602 22563 MainThread [INFO]  Completed executor task 2071
2023-07-03 11:51:00.891 worker_log:613 22563 MainThread [INFO]  All processing finished for executor task 2071
2023-07-03 11:51:02.723 worker_log:584 22563 MainThread [INFO]  Received executor task 2081
2023-07-03 11:51:47.958 worker_log:602 22563 MainThread [INFO]  Completed executor task 2081
2023-07-03 11:51:47.959 worker_log:613 22563 MainThread [INFO]  All processing finished for executor task 2081
2023-07-03 11:51:47.970 worker_log:584 22563 MainThread [INFO]  Received executor task 2093
2023-07-03 11:52:21.446 worker_log:602 22563 MainThread [INFO]  Completed executor task 2093
2023-07-03 11:52:21.447 worker_log:613 22563 MainThread [INFO]  All processing finished for executor task 2093
2023-07-03 11:53:09.700 worker_log:584 22563 MainThread [INFO]  Received executor task 2109
2023-07-03 11:53:30.687 worker_log:602 22563 MainThread [INFO]  Completed executor task 2109
2023-07-03 11:53:30.688 worker_log:613 22563 MainThread [INFO]  All processing finished for executor task 2109
2023-07-03 11:54:13.854 worker_log:584 22563 MainThread [INFO]  Received executor task 2126
2023-07-03 11:54:35.650 worker_log:602 22563 MainThread [INFO]  Completed executor task 2126
2023-07-03 11:54:35.651 worker_log:613 22563 MainThread [INFO]  All processing finished for executor task 2126
2023-07-03 11:54:50.756 worker_log:584 22563 MainThread [INFO]  Received executor task 2143
2023-07-03 11:55:09.727 worker_log:602 22563 MainThread [INFO]  Completed executor task 2143
2023-07-03 11:55:09.728 worker_log:613 22563 MainThread [INFO]  All processing finished for executor task 2143
2023-07-03 11:55:21.700 worker_log:584 22563 MainThread [INFO]  Received executor task 2154
2023-07-03 11:55:49.965 worker_log:602 22563 MainThread [INFO]  Completed executor task 2154
2023-07-03 11:55:49.966 worker_log:613 22563 MainThread [INFO]  All processing finished for executor task 2154
2023-07-03 11:57:17.721 worker_log:584 22563 MainThread [INFO]  Received executor task 2168
2023-07-03 11:57:42.225 worker_log:602 22563 MainThread [INFO]  Completed executor task 2168
2023-07-03 11:57:42.226 worker_log:613 22563 MainThread [INFO]  All processing finished for executor task 2168
2023-07-03 11:58:13.684 worker_log:584 22563 MainThread [INFO]  Received executor task 2186
2023-07-03 11:58:52.465 worker_log:602 22563 MainThread [INFO]  Completed executor task 2186
2023-07-03 11:58:52.465 worker_log:613 22563 MainThread [INFO]  All processing finished for executor task 2186
2023-07-03 11:59:11.733 worker_log:584 22563 MainThread [INFO]  Received executor task 2209
2023-07-03 11:59:19.086 worker_log:602 22563 MainThread [INFO]  Completed executor task 2209
2023-07-03 11:59:19.086 worker_log:613 22563 MainThread [INFO]  All processing finished for executor task 2209
2023-07-03 11:59:40.683 worker_log:584 22563 MainThread [INFO]  Received executor task 2214
2023-07-03 11:59:59.520 worker_log:602 22563 MainThread [INFO]  Completed executor task 2214
2023-07-03 11:59:59.521 worker_log:613 22563 MainThread [INFO]  All processing finished for executor task 2214
2023-07-03 12:00:07.739 worker_log:584 22563 MainThread [INFO]  Received executor task 2228
2023-07-03 12:00:20.402 worker_log:602 22563 MainThread [INFO]  Completed executor task 2228
2023-07-03 12:00:20.403 worker_log:613 22563 MainThread [INFO]  All processing finished for executor task 2228
2023-07-03 12:00:36.840 worker_log:584 22563 MainThread [INFO]  Received executor task 2243
2023-07-03 12:00:49.648 worker_log:602 22563 MainThread [INFO]  Completed executor task 2243
2023-07-03 12:00:49.649 worker_log:613 22563 MainThread [INFO]  All processing finished for executor task 2243
2023-07-03 12:01:06.763 worker_log:584 22563 MainThread [INFO]  Received executor task 2252
2023-07-03 12:01:30.015 worker_log:602 22563 MainThread [INFO]  Completed executor task 2252
2023-07-03 12:01:30.016 worker_log:613 22563 MainThread [INFO]  All processing finished for executor task 2252
2023-07-03 12:02:33.737 worker_log:584 22563 MainThread [INFO]  Received executor task 2268
2023-07-03 12:03:12.646 worker_log:602 22563 MainThread [INFO]  Completed executor task 2268
2023-07-03 12:03:12.646 worker_log:613 22563 MainThread [INFO]  All processing finished for executor task 2268
2023-07-03 12:03:12.657 worker_log:584 22563 MainThread [INFO]  Received executor task 2283
2023-07-03 12:04:04.039 worker_log:602 22563 MainThread [INFO]  Completed executor task 2283
2023-07-03 12:04:04.040 worker_log:613 22563 MainThread [INFO]  All processing finished for executor task 2283
2023-07-03 12:04:30.707 worker_log:584 22563 MainThread [INFO]  Received executor task 2301
2023-07-03 12:05:05.408 worker_log:602 22563 MainThread [INFO]  Completed executor task 2301
2023-07-03 12:05:05.409 worker_log:613 22563 MainThread [INFO]  All processing finished for executor task 2301
2023-07-03 12:06:24.541 worker_log:584 22563 MainThread [INFO]  Received executor task 2311
2023-07-03 12:06:48.874 worker_log:602 22563 MainThread [INFO]  Completed executor task 2311
2023-07-03 12:06:48.874 worker_log:613 22563 MainThread [INFO]  All processing finished for executor task 2311
2023-07-03 12:08:17.697 worker_log:584 22563 MainThread [INFO]  Received executor task 2327
2023-07-03 12:08:55.053 worker_log:602 22563 MainThread [INFO]  Completed executor task 2327
2023-07-03 12:08:55.053 worker_log:613 22563 MainThread [INFO]  All processing finished for executor task 2327
2023-07-03 12:08:55.064 worker_log:584 22563 MainThread [INFO]  Received executor task 2341
2023-07-03 12:09:49.983 worker_log:602 22563 MainThread [INFO]  Completed executor task 2341
2023-07-03 12:09:49.983 worker_log:613 22563 MainThread [INFO]  All processing finished for executor task 2341
2023-07-03 12:11:12.708 worker_log:584 22563 MainThread [INFO]  Received executor task 2368
2023-07-03 12:11:20.555 worker_log:602 22563 MainThread [INFO]  Completed executor task 2368
2023-07-03 12:11:20.555 worker_log:613 22563 MainThread [INFO]  All processing finished for executor task 2368
2023-07-03 12:11:47.731 worker_log:584 22563 MainThread [INFO]  Received executor task 2381
2023-07-03 12:12:10.581 worker_log:602 22563 MainThread [INFO]  Completed executor task 2381
2023-07-03 12:12:10.582 worker_log:613 22563 MainThread [INFO]  All processing finished for executor task 2381
2023-07-03 12:12:44.712 worker_log:584 22563 MainThread [INFO]  Received executor task 2398
2023-07-03 12:13:25.008 worker_log:602 22563 MainThread [INFO]  Completed executor task 2398
2023-07-03 12:13:25.009 worker_log:613 22563 MainThread [INFO]  All processing finished for executor task 2398
2023-07-03 12:16:59.738 worker_log:584 22563 MainThread [INFO]  Received executor task 2417
2023-07-03 12:17:09.638 worker_log:602 22563 MainThread [INFO]  Completed executor task 2417
2023-07-03 12:17:09.639 worker_log:613 22563 MainThread [INFO]  All processing finished for executor task 2417
2023-07-03 12:17:33.704 worker_log:584 22563 MainThread [INFO]  Received executor task 2431
2023-07-03 12:18:08.039 worker_log:602 22563 MainThread [INFO]  Completed executor task 2431
2023-07-03 12:18:08.039 worker_log:613 22563 MainThread [INFO]  All processing finished for executor task 2431
2023-07-03 12:18:08.050 worker_log:584 22563 MainThread [INFO]  Received executor task 2442
2023-07-03 12:18:31.592 worker_log:602 22563 MainThread [INFO]  Completed executor task 2442
2023-07-03 12:18:31.593 worker_log:613 22563 MainThread [INFO]  All processing finished for executor task 2442
2023-07-03 12:18:31.706 worker_log:584 22563 MainThread [INFO]  Received executor task 2450
2023-07-03 12:18:58.562 worker_log:602 22563 MainThread [INFO]  Completed executor task 2450
2023-07-03 12:18:58.563 worker_log:613 22563 MainThread [INFO]  All processing finished for executor task 2450
2023-07-03 12:19:01.717 worker_log:584 22563 MainThread [INFO]  Received executor task 2460
2023-07-03 12:19:44.907 worker_log:602 22563 MainThread [INFO]  Completed executor task 2460
2023-07-03 12:19:44.907 worker_log:613 22563 MainThread [INFO]  All processing finished for executor task 2460
2023-07-03 12:20:26.711 worker_log:584 22563 MainThread [INFO]  Received executor task 2487
2023-07-03 12:21:01.565 worker_log:602 22563 MainThread [INFO]  Completed executor task 2487
2023-07-03 12:21:01.566 worker_log:613 22563 MainThread [INFO]  All processing finished for executor task 2487
2023-07-03 12:21:29.712 worker_log:584 22563 MainThread [INFO]  Received executor task 2505
2023-07-03 12:21:47.488 worker_log:602 22563 MainThread [INFO]  Completed executor task 2505
2023-07-03 12:21:47.488 worker_log:613 22563 MainThread [INFO]  All processing finished for executor task 2505
2023-07-03 12:21:58.739 worker_log:584 22563 MainThread [INFO]  Received executor task 2523
2023-07-03 12:22:21.846 worker_log:602 22563 MainThread [INFO]  Completed executor task 2523
2023-07-03 12:22:21.846 worker_log:613 22563 MainThread [INFO]  All processing finished for executor task 2523
2023-07-03 12:23:44.722 worker_log:584 22563 MainThread [INFO]  Received executor task 2537
2023-07-03 12:24:29.021 worker_log:602 22563 MainThread [INFO]  Completed executor task 2537
2023-07-03 12:24:29.021 worker_log:613 22563 MainThread [INFO]  All processing finished for executor task 2537
2023-07-03 12:24:41.730 worker_log:584 22563 MainThread [INFO]  Received executor task 2557
2023-07-03 12:24:53.147 worker_log:602 22563 MainThread [INFO]  Completed executor task 2557
2023-07-03 12:24:53.147 worker_log:613 22563 MainThread [INFO]  All processing finished for executor task 2557
2023-07-03 12:24:53.158 worker_log:584 22563 MainThread [INFO]  Received executor task 2561
2023-07-03 12:25:33.379 worker_log:602 22563 MainThread [INFO]  Completed executor task 2561
2023-07-03 12:25:33.380 worker_log:613 22563 MainThread [INFO]  All processing finished for executor task 2561
2023-07-03 12:27:03.736 worker_log:584 22563 MainThread [INFO]  Received executor task 2580
2023-07-03 12:27:45.889 worker_log:602 22563 MainThread [INFO]  Completed executor task 2580
2023-07-03 12:27:45.890 worker_log:613 22563 MainThread [INFO]  All processing finished for executor task 2580
2023-07-03 12:28:57.660 worker_log:584 22563 MainThread [INFO]  Received executor task 2594
2023-07-03 12:29:31.770 worker_log:602 22563 MainThread [INFO]  Completed executor task 2594
2023-07-03 12:29:31.771 worker_log:613 22563 MainThread [INFO]  All processing finished for executor task 2594
2023-07-03 12:29:31.783 worker_log:584 22563 MainThread [INFO]  Received executor task 2612
2023-07-03 12:30:17.044 worker_log:602 22563 MainThread [INFO]  Completed executor task 2612
2023-07-03 12:30:17.045 worker_log:613 22563 MainThread [INFO]  All processing finished for executor task 2612
2023-07-03 12:30:53.714 worker_log:584 22563 MainThread [INFO]  Received executor task 2628
2023-07-03 12:31:14.913 worker_log:602 22563 MainThread [INFO]  Completed executor task 2628
2023-07-03 12:31:14.914 worker_log:613 22563 MainThread [INFO]  All processing finished for executor task 2628
2023-07-03 12:32:18.649 worker_log:584 22563 MainThread [INFO]  Received executor task 2644
2023-07-03 12:32:43.965 worker_log:602 22563 MainThread [INFO]  Completed executor task 2644
2023-07-03 12:32:43.965 worker_log:613 22563 MainThread [INFO]  All processing finished for executor task 2644
2023-07-03 12:33:13.694 worker_log:584 22563 MainThread [INFO]  Received executor task 2659
2023-07-03 12:33:53.241 worker_log:602 22563 MainThread [INFO]  Completed executor task 2659
2023-07-03 12:33:53.241 worker_log:613 22563 MainThread [INFO]  All processing finished for executor task 2659
2023-07-03 12:34:42.777 worker_log:584 22563 MainThread [INFO]  Received executor task 2678
2023-07-03 12:35:46.838 worker_log:602 22563 MainThread [INFO]  Completed executor task 2678
2023-07-03 12:35:46.838 worker_log:613 22563 MainThread [INFO]  All processing finished for executor task 2678
2023-07-03 12:36:36.971 worker_log:584 22563 MainThread [INFO]  Received executor task 2693
2023-07-03 12:37:11.300 worker_log:602 22563 MainThread [INFO]  Completed executor task 2693
2023-07-03 12:37:11.300 worker_log:613 22563 MainThread [INFO]  All processing finished for executor task 2693
2023-07-03 12:38:59.646 worker_log:584 22563 MainThread [INFO]  Received executor task 2709
2023-07-03 12:39:23.786 worker_log:602 22563 MainThread [INFO]  Completed executor task 2709
2023-07-03 12:39:23.787 worker_log:613 22563 MainThread [INFO]  All processing finished for executor task 2709
2023-07-03 12:39:26.713 worker_log:584 22563 MainThread [INFO]  Received executor task 2728
2023-07-03 12:39:37.034 worker_log:602 22563 MainThread [INFO]  Completed executor task 2728
2023-07-03 12:39:37.034 worker_log:613 22563 MainThread [INFO]  All processing finished for executor task 2728
2023-07-03 12:40:24.785 worker_log:584 22563 MainThread [INFO]  Received executor task 2733
2023-07-03 12:40:45.959 worker_log:602 22563 MainThread [INFO]  Completed executor task 2733
2023-07-03 12:40:45.959 worker_log:613 22563 MainThread [INFO]  All processing finished for executor task 2733
2023-07-03 12:40:52.714 worker_log:584 22563 MainThread [INFO]  Received executor task 2748
2023-07-03 12:41:16.308 worker_log:602 22563 MainThread [INFO]  Completed executor task 2748
2023-07-03 12:41:16.308 worker_log:613 22563 MainThread [INFO]  All processing finished for executor task 2748
2023-07-03 12:42:16.692 worker_log:584 22563 MainThread [INFO]  Received executor task 2762
2023-07-03 12:43:01.553 worker_log:602 22563 MainThread [INFO]  Completed executor task 2762
2023-07-03 12:43:01.553 worker_log:613 22563 MainThread [INFO]  All processing finished for executor task 2762
2023-07-03 12:44:18.713 worker_log:584 22563 MainThread [INFO]  Received executor task 2782
2023-07-03 12:45:01.309 worker_log:602 22563 MainThread [INFO]  Completed executor task 2782
2023-07-03 12:45:01.313 worker_log:613 22563 MainThread [INFO]  All processing finished for executor task 2782
