2023-07-03 09:08:17.495 worker_log:538 22554 MainThread [INFO]  Worker 3 started
2023-07-03 09:09:36.775 worker_log:584 22554 MainThread [INFO]  Received executor task 4
2023-07-03 09:10:04.074 worker_log:602 22554 MainThread [INFO]  Completed executor task 4
2023-07-03 09:10:04.075 worker_log:613 22554 MainThread [INFO]  All processing finished for executor task 4
2023-07-03 09:10:38.689 worker_log:584 22554 MainThread [INFO]  Received executor task 25
2023-07-03 09:11:10.978 worker_log:602 22554 MainThread [INFO]  Completed executor task 25
2023-07-03 09:11:10.978 worker_log:613 22554 MainThread [INFO]  All processing finished for executor task 25
2023-07-03 09:11:10.989 worker_log:584 22554 MainThread [INFO]  Received executor task 36
2023-07-03 09:12:01.486 worker_log:602 22554 MainThread [INFO]  Completed executor task 36
2023-07-03 09:12:01.486 worker_log:613 22554 MainThread [INFO]  All processing finished for executor task 36
2023-07-03 09:12:01.488 worker_log:584 22554 MainThread [INFO]  Received executor task 50
2023-07-03 09:12:36.249 worker_log:602 22554 MainThread [INFO]  Completed executor task 50
2023-07-03 09:12:36.250 worker_log:613 22554 MainThread [INFO]  All processing finished for executor task 50
2023-07-03 09:12:57.694 worker_log:584 22554 MainThread [INFO]  Received executor task 60
2023-07-03 09:13:23.214 worker_log:602 22554 MainThread [INFO]  Completed executor task 60
2023-07-03 09:13:23.215 worker_log:613 22554 MainThread [INFO]  All processing finished for executor task 60
2023-07-03 09:14:00.682 worker_log:584 22554 MainThread [INFO]  Received executor task 79
2023-07-03 09:15:24.182 worker_log:602 22554 MainThread [INFO]  Completed executor task 79
2023-07-03 09:15:24.183 worker_log:613 22554 MainThread [INFO]  All processing finished for executor task 79
2023-07-03 09:16:06.702 worker_log:584 22554 MainThread [INFO]  Received executor task 100
2023-07-03 09:17:27.352 worker_log:602 22554 MainThread [INFO]  Completed executor task 100
2023-07-03 09:17:27.353 worker_log:613 22554 MainThread [INFO]  All processing finished for executor task 100
2023-07-03 09:19:38.700 worker_log:584 22554 MainThread [INFO]  Received executor task 132
2023-07-03 09:20:19.198 worker_log:602 22554 MainThread [INFO]  Completed executor task 132
2023-07-03 09:20:19.198 worker_log:613 22554 MainThread [INFO]  All processing finished for executor task 132
2023-07-03 09:20:19.210 worker_log:584 22554 MainThread [INFO]  Received executor task 148
2023-07-03 09:21:05.208 worker_log:602 22554 MainThread [INFO]  Completed executor task 148
2023-07-03 09:21:05.209 worker_log:613 22554 MainThread [INFO]  All processing finished for executor task 148
2023-07-03 09:24:08.696 worker_log:584 22554 MainThread [INFO]  Received executor task 158
2023-07-03 09:24:21.938 worker_log:602 22554 MainThread [INFO]  Completed executor task 158
2023-07-03 09:24:21.938 worker_log:613 22554 MainThread [INFO]  All processing finished for executor task 158
2023-07-03 09:25:35.728 worker_log:584 22554 MainThread [INFO]  Received executor task 172
2023-07-03 09:25:55.865 worker_log:602 22554 MainThread [INFO]  Completed executor task 172
2023-07-03 09:25:55.866 worker_log:613 22554 MainThread [INFO]  All processing finished for executor task 172
2023-07-03 09:26:06.705 worker_log:584 22554 MainThread [INFO]  Received executor task 187
2023-07-03 09:26:14.326 worker_log:602 22554 MainThread [INFO]  Completed executor task 187
2023-07-03 09:26:14.326 worker_log:613 22554 MainThread [INFO]  All processing finished for executor task 187
2023-07-03 09:26:34.712 worker_log:584 22554 MainThread [INFO]  Received executor task 196
2023-07-03 09:27:08.615 worker_log:602 22554 MainThread [INFO]  Completed executor task 196
2023-07-03 09:27:08.615 worker_log:613 22554 MainThread [INFO]  All processing finished for executor task 196
2023-07-03 09:27:34.674 worker_log:584 22554 MainThread [INFO]  Received executor task 210
2023-07-03 09:27:54.951 worker_log:602 22554 MainThread [INFO]  Completed executor task 210
2023-07-03 09:27:54.952 worker_log:613 22554 MainThread [INFO]  All processing finished for executor task 210
2023-07-03 09:29:00.703 worker_log:584 22554 MainThread [INFO]  Received executor task 231
2023-07-03 09:29:30.061 worker_log:602 22554 MainThread [INFO]  Completed executor task 231
2023-07-03 09:29:30.061 worker_log:613 22554 MainThread [INFO]  All processing finished for executor task 231
2023-07-03 09:29:31.716 worker_log:584 22554 MainThread [INFO]  Received executor task 248
2023-07-03 09:29:58.627 worker_log:602 22554 MainThread [INFO]  Completed executor task 248
2023-07-03 09:29:58.627 worker_log:613 22554 MainThread [INFO]  All processing finished for executor task 248
2023-07-03 09:33:25.698 worker_log:584 22554 MainThread [INFO]  Received executor task 260
2023-07-03 09:33:49.411 worker_log:602 22554 MainThread [INFO]  Completed executor task 260
2023-07-03 09:33:49.411 worker_log:613 22554 MainThread [INFO]  All processing finished for executor task 260
2023-07-03 09:34:23.696 worker_log:584 22554 MainThread [INFO]  Received executor task 280
2023-07-03 09:34:32.912 worker_log:602 22554 MainThread [INFO]  Completed executor task 280
2023-07-03 09:34:32.912 worker_log:613 22554 MainThread [INFO]  All processing finished for executor task 280
2023-07-03 09:34:54.687 worker_log:584 22554 MainThread [INFO]  Received executor task 292
2023-07-03 09:35:21.838 worker_log:602 22554 MainThread [INFO]  Completed executor task 292
2023-07-03 09:35:21.838 worker_log:613 22554 MainThread [INFO]  All processing finished for executor task 292
2023-07-03 09:36:20.709 worker_log:584 22554 MainThread [INFO]  Received executor task 304
2023-07-03 09:36:39.544 worker_log:602 22554 MainThread [INFO]  Completed executor task 304
2023-07-03 09:36:39.545 worker_log:613 22554 MainThread [INFO]  All processing finished for executor task 304
2023-07-03 09:36:49.763 worker_log:584 22554 MainThread [INFO]  Received executor task 315
2023-07-03 09:37:18.098 worker_log:602 22554 MainThread [INFO]  Completed executor task 315
2023-07-03 09:37:18.098 worker_log:613 22554 MainThread [INFO]  All processing finished for executor task 315
2023-07-03 09:37:46.681 worker_log:584 22554 MainThread [INFO]  Received executor task 329
2023-07-03 09:38:27.823 worker_log:602 22554 MainThread [INFO]  Completed executor task 329
2023-07-03 09:38:27.824 worker_log:613 22554 MainThread [INFO]  All processing finished for executor task 329
2023-07-03 09:39:18.713 worker_log:584 22554 MainThread [INFO]  Received executor task 347
2023-07-03 09:39:40.602 worker_log:602 22554 MainThread [INFO]  Completed executor task 347
2023-07-03 09:39:40.603 worker_log:613 22554 MainThread [INFO]  All processing finished for executor task 347
2023-07-03 09:39:48.701 worker_log:584 22554 MainThread [INFO]  Received executor task 359
2023-07-03 09:40:50.949 worker_log:602 22554 MainThread [INFO]  Completed executor task 359
2023-07-03 09:40:50.950 worker_log:613 22554 MainThread [INFO]  All processing finished for executor task 359
2023-07-03 09:43:35.681 worker_log:584 22554 MainThread [INFO]  Received executor task 374
2023-07-03 09:44:36.984 worker_log:602 22554 MainThread [INFO]  Completed executor task 374
2023-07-03 09:44:36.985 worker_log:613 22554 MainThread [INFO]  All processing finished for executor task 374
2023-07-03 09:46:09.702 worker_log:584 22554 MainThread [INFO]  Received executor task 402
2023-07-03 09:46:26.295 worker_log:602 22554 MainThread [INFO]  Completed executor task 402
2023-07-03 09:46:26.296 worker_log:613 22554 MainThread [INFO]  All processing finished for executor task 402
2023-07-03 09:47:39.710 worker_log:584 22554 MainThread [INFO]  Received executor task 414
2023-07-03 09:48:22.285 worker_log:602 22554 MainThread [INFO]  Completed executor task 414
2023-07-03 09:48:22.286 worker_log:613 22554 MainThread [INFO]  All processing finished for executor task 414
2023-07-03 09:48:22.297 worker_log:584 22554 MainThread [INFO]  Received executor task 427
2023-07-03 09:49:06.701 worker_log:602 22554 MainThread [INFO]  Completed executor task 427
2023-07-03 09:49:06.701 worker_log:613 22554 MainThread [INFO]  All processing finished for executor task 427
2023-07-03 09:49:08.707 worker_log:584 22554 MainThread [INFO]  Received executor task 444
2023-07-03 09:49:21.399 worker_log:602 22554 MainThread [INFO]  Completed executor task 444
2023-07-03 09:49:21.400 worker_log:613 22554 MainThread [INFO]  All processing finished for executor task 444
2023-07-03 09:49:37.684 worker_log:584 22554 MainThread [INFO]  Received executor task 451
2023-07-03 09:50:09.269 worker_log:602 22554 MainThread [INFO]  Completed executor task 451
2023-07-03 09:50:09.269 worker_log:613 22554 MainThread [INFO]  All processing finished for executor task 451
2023-07-03 09:50:37.665 worker_log:584 22554 MainThread [INFO]  Received executor task 469
2023-07-03 09:50:59.805 worker_log:602 22554 MainThread [INFO]  Completed executor task 469
2023-07-03 09:50:59.806 worker_log:613 22554 MainThread [INFO]  All processing finished for executor task 469
2023-07-03 09:51:06.715 worker_log:584 22554 MainThread [INFO]  Received executor task 486
2023-07-03 09:51:20.897 worker_log:602 22554 MainThread [INFO]  Completed executor task 486
2023-07-03 09:51:20.898 worker_log:613 22554 MainThread [INFO]  All processing finished for executor task 486
2023-07-03 09:51:34.703 worker_log:584 22554 MainThread [INFO]  Received executor task 492
2023-07-03 09:51:54.019 worker_log:602 22554 MainThread [INFO]  Completed executor task 492
2023-07-03 09:51:54.020 worker_log:613 22554 MainThread [INFO]  All processing finished for executor task 492
2023-07-03 09:53:03.697 worker_log:584 22554 MainThread [INFO]  Received executor task 508
2023-07-03 09:53:51.506 worker_log:602 22554 MainThread [INFO]  Completed executor task 508
2023-07-03 09:53:51.506 worker_log:613 22554 MainThread [INFO]  All processing finished for executor task 508
2023-07-03 09:55:29.705 worker_log:584 22554 MainThread [INFO]  Received executor task 529
2023-07-03 09:56:34.818 worker_log:602 22554 MainThread [INFO]  Completed executor task 529
2023-07-03 09:56:34.818 worker_log:613 22554 MainThread [INFO]  All processing finished for executor task 529
2023-07-03 09:56:35.709 worker_log:584 22554 MainThread [INFO]  Received executor task 549
2023-07-03 09:57:50.987 worker_log:602 22554 MainThread [INFO]  Completed executor task 549
2023-07-03 09:57:50.987 worker_log:613 22554 MainThread [INFO]  All processing finished for executor task 549
2023-07-03 09:58:40.701 worker_log:584 22554 MainThread [INFO]  Received executor task 579
2023-07-03 09:59:21.766 worker_log:602 22554 MainThread [INFO]  Completed executor task 579
2023-07-03 09:59:21.767 worker_log:613 22554 MainThread [INFO]  All processing finished for executor task 579
2023-07-03 10:01:51.721 worker_log:584 22554 MainThread [INFO]  Received executor task 600
2023-07-03 10:02:29.826 worker_log:602 22554 MainThread [INFO]  Completed executor task 600
2023-07-03 10:02:29.827 worker_log:613 22554 MainThread [INFO]  All processing finished for executor task 600
2023-07-03 10:02:53.659 worker_log:584 22554 MainThread [INFO]  Received executor task 612
2023-07-03 10:03:22.001 worker_log:602 22554 MainThread [INFO]  Completed executor task 612
2023-07-03 10:03:22.002 worker_log:613 22554 MainThread [INFO]  All processing finished for executor task 612
2023-07-03 10:04:19.709 worker_log:584 22554 MainThread [INFO]  Received executor task 628
2023-07-03 10:04:51.490 worker_log:602 22554 MainThread [INFO]  Completed executor task 628
2023-07-03 10:04:51.491 worker_log:613 22554 MainThread [INFO]  All processing finished for executor task 628
2023-07-03 10:05:24.691 worker_log:584 22554 MainThread [INFO]  Received executor task 644
2023-07-03 10:05:58.673 worker_log:602 22554 MainThread [INFO]  Completed executor task 644
2023-07-03 10:05:58.674 worker_log:613 22554 MainThread [INFO]  All processing finished for executor task 644
2023-07-03 10:06:24.840 worker_log:584 22554 MainThread [INFO]  Received executor task 659
2023-07-03 10:06:52.505 worker_log:602 22554 MainThread [INFO]  Completed executor task 659
2023-07-03 10:06:52.505 worker_log:613 22554 MainThread [INFO]  All processing finished for executor task 659
2023-07-03 10:07:53.682 worker_log:584 22554 MainThread [INFO]  Received executor task 670
2023-07-03 10:08:38.480 worker_log:602 22554 MainThread [INFO]  Completed executor task 670
2023-07-03 10:08:38.480 worker_log:613 22554 MainThread [INFO]  All processing finished for executor task 670
2023-07-03 10:09:52.689 worker_log:584 22554 MainThread [INFO]  Received executor task 690
2023-07-03 10:10:18.629 worker_log:602 22554 MainThread [INFO]  Completed executor task 690
2023-07-03 10:10:18.629 worker_log:613 22554 MainThread [INFO]  All processing finished for executor task 690
2023-07-03 10:12:17.697 worker_log:584 22554 MainThread [INFO]  Received executor task 712
2023-07-03 10:12:34.890 worker_log:602 22554 MainThread [INFO]  Completed executor task 712
2023-07-03 10:12:34.891 worker_log:613 22554 MainThread [INFO]  All processing finished for executor task 712
2023-07-03 10:14:13.671 worker_log:584 22554 MainThread [INFO]  Received executor task 730
2023-07-03 10:15:21.840 worker_log:602 22554 MainThread [INFO]  Completed executor task 730
2023-07-03 10:15:21.840 worker_log:613 22554 MainThread [INFO]  All processing finished for executor task 730
2023-07-03 10:15:21.852 worker_log:584 22554 MainThread [INFO]  Received executor task 749
2023-07-03 10:15:57.039 worker_log:602 22554 MainThread [INFO]  Completed executor task 749
2023-07-03 10:15:57.040 worker_log:613 22554 MainThread [INFO]  All processing finished for executor task 749
2023-07-03 10:16:17.690 worker_log:584 22554 MainThread [INFO]  Received executor task 763
2023-07-03 10:17:16.504 worker_log:602 22554 MainThread [INFO]  Completed executor task 763
2023-07-03 10:17:16.504 worker_log:613 22554 MainThread [INFO]  All processing finished for executor task 763
2023-07-03 10:17:52.715 worker_log:584 22554 MainThread [INFO]  Received executor task 782
2023-07-03 10:17:59.132 worker_log:602 22554 MainThread [INFO]  Completed executor task 782
2023-07-03 10:17:59.132 worker_log:613 22554 MainThread [INFO]  All processing finished for executor task 782
2023-07-03 10:18:22.709 worker_log:584 22554 MainThread [INFO]  Received executor task 796
2023-07-03 10:18:38.310 worker_log:602 22554 MainThread [INFO]  Completed executor task 796
2023-07-03 10:18:38.310 worker_log:613 22554 MainThread [INFO]  All processing finished for executor task 796
2023-07-03 10:19:20.715 worker_log:584 22554 MainThread [INFO]  Received executor task 805
2023-07-03 10:19:43.005 worker_log:602 22554 MainThread [INFO]  Completed executor task 805
2023-07-03 10:19:43.006 worker_log:613 22554 MainThread [INFO]  All processing finished for executor task 805
2023-07-03 10:19:49.702 worker_log:584 22554 MainThread [INFO]  Received executor task 817
2023-07-03 10:20:47.076 worker_log:602 22554 MainThread [INFO]  Completed executor task 817
2023-07-03 10:20:47.076 worker_log:613 22554 MainThread [INFO]  All processing finished for executor task 817
2023-07-03 10:21:17.710 worker_log:584 22554 MainThread [INFO]  Received executor task 830
2023-07-03 10:21:36.084 worker_log:602 22554 MainThread [INFO]  Completed executor task 830
2023-07-03 10:21:36.085 worker_log:613 22554 MainThread [INFO]  All processing finished for executor task 830
2023-07-03 10:22:45.701 worker_log:584 22554 MainThread [INFO]  Received executor task 848
2023-07-03 10:23:01.719 worker_log:602 22554 MainThread [INFO]  Completed executor task 848
2023-07-03 10:23:01.719 worker_log:613 22554 MainThread [INFO]  All processing finished for executor task 848
2023-07-03 10:23:46.678 worker_log:584 22554 MainThread [INFO]  Received executor task 867
2023-07-03 10:23:54.998 worker_log:602 22554 MainThread [INFO]  Completed executor task 867
2023-07-03 10:23:54.998 worker_log:613 22554 MainThread [INFO]  All processing finished for executor task 867
2023-07-03 10:24:15.718 worker_log:584 22554 MainThread [INFO]  Received executor task 883
2023-07-03 10:24:38.387 worker_log:602 22554 MainThread [INFO]  Completed executor task 883
2023-07-03 10:24:38.388 worker_log:613 22554 MainThread [INFO]  All processing finished for executor task 883
2023-07-03 10:24:45.721 worker_log:584 22554 MainThread [INFO]  Received executor task 896
2023-07-03 10:25:10.620 worker_log:602 22554 MainThread [INFO]  Completed executor task 896
2023-07-03 10:25:10.621 worker_log:613 22554 MainThread [INFO]  All processing finished for executor task 896
2023-07-03 10:25:58.699 worker_log:584 22554 MainThread [INFO]  Received executor task 911
2023-07-03 10:26:45.652 worker_log:602 22554 MainThread [INFO]  Completed executor task 911
2023-07-03 10:26:45.665 worker_log:613 22554 MainThread [INFO]  All processing finished for executor task 911
2023-07-03 10:26:45.666 worker_log:584 22554 MainThread [INFO]  Received executor task 924
2023-07-03 10:27:08.706 worker_log:602 22554 MainThread [INFO]  Completed executor task 924
2023-07-03 10:27:08.707 worker_log:613 22554 MainThread [INFO]  All processing finished for executor task 924
2023-07-03 10:27:08.718 worker_log:584 22554 MainThread [INFO]  Received executor task 935
2023-07-03 10:27:44.498 worker_log:602 22554 MainThread [INFO]  Completed executor task 935
2023-07-03 10:27:44.499 worker_log:613 22554 MainThread [INFO]  All processing finished for executor task 935
2023-07-03 10:28:55.710 worker_log:584 22554 MainThread [INFO]  Received executor task 944
2023-07-03 10:29:31.207 worker_log:602 22554 MainThread [INFO]  Completed executor task 944
2023-07-03 10:29:31.207 worker_log:613 22554 MainThread [INFO]  All processing finished for executor task 944
2023-07-03 10:31:39.705 worker_log:584 22554 MainThread [INFO]  Received executor task 959
2023-07-03 10:32:05.861 worker_log:602 22554 MainThread [INFO]  Completed executor task 959
2023-07-03 10:32:05.861 worker_log:613 22554 MainThread [INFO]  All processing finished for executor task 959
2023-07-03 10:34:47.700 worker_log:584 22554 MainThread [INFO]  Received executor task 979
2023-07-03 10:35:12.127 worker_log:602 22554 MainThread [INFO]  Completed executor task 979
2023-07-03 10:35:12.128 worker_log:613 22554 MainThread [INFO]  All processing finished for executor task 979
2023-07-03 10:36:22.699 worker_log:584 22554 MainThread [INFO]  Received executor task 995
2023-07-03 10:36:47.318 worker_log:602 22554 MainThread [INFO]  Completed executor task 995
2023-07-03 10:36:47.319 worker_log:613 22554 MainThread [INFO]  All processing finished for executor task 995
2023-07-03 10:37:20.724 worker_log:584 22554 MainThread [INFO]  Received executor task 1016
2023-07-03 10:37:28.748 worker_log:602 22554 MainThread [INFO]  Completed executor task 1016
2023-07-03 10:37:28.749 worker_log:613 22554 MainThread [INFO]  All processing finished for executor task 1016
2023-07-03 10:38:18.678 worker_log:584 22554 MainThread [INFO]  Received executor task 1035
2023-07-03 10:38:48.318 worker_log:602 22554 MainThread [INFO]  Completed executor task 1035
2023-07-03 10:38:48.319 worker_log:613 22554 MainThread [INFO]  All processing finished for executor task 1035
2023-07-03 10:40:03.713 worker_log:584 22554 MainThread [INFO]  Received executor task 1051
2023-07-03 10:40:21.469 worker_log:602 22554 MainThread [INFO]  Completed executor task 1051
2023-07-03 10:40:21.469 worker_log:613 22554 MainThread [INFO]  All processing finished for executor task 1051
2023-07-03 10:42:33.686 worker_log:584 22554 MainThread [INFO]  Received executor task 1066
2023-07-03 10:42:47.474 worker_log:602 22554 MainThread [INFO]  Completed executor task 1066
2023-07-03 10:42:47.475 worker_log:613 22554 MainThread [INFO]  All processing finished for executor task 1066
2023-07-03 10:43:04.698 worker_log:584 22554 MainThread [INFO]  Received executor task 1080
2023-07-03 10:43:30.728 worker_log:602 22554 MainThread [INFO]  Completed executor task 1080
2023-07-03 10:43:30.729 worker_log:613 22554 MainThread [INFO]  All processing finished for executor task 1080
2023-07-03 10:44:02.697 worker_log:584 22554 MainThread [INFO]  Received executor task 1097
2023-07-03 10:44:51.511 worker_log:602 22554 MainThread [INFO]  Completed executor task 1097
2023-07-03 10:44:51.512 worker_log:613 22554 MainThread [INFO]  All processing finished for executor task 1097
2023-07-03 10:45:41.690 worker_log:584 22554 MainThread [INFO]  Received executor task 1116
2023-07-03 10:46:06.757 worker_log:602 22554 MainThread [INFO]  Completed executor task 1116
2023-07-03 10:46:06.757 worker_log:613 22554 MainThread [INFO]  All processing finished for executor task 1116
2023-07-03 10:46:11.724 worker_log:584 22554 MainThread [INFO]  Received executor task 1130
2023-07-03 10:46:40.309 worker_log:602 22554 MainThread [INFO]  Completed executor task 1130
2023-07-03 10:46:40.310 worker_log:613 22554 MainThread [INFO]  All processing finished for executor task 1130
2023-07-03 10:47:46.734 worker_log:584 22554 MainThread [INFO]  Received executor task 1142
2023-07-03 10:47:59.339 worker_log:602 22554 MainThread [INFO]  Completed executor task 1142
2023-07-03 10:47:59.339 worker_log:613 22554 MainThread [INFO]  All processing finished for executor task 1142
2023-07-03 10:48:15.722 worker_log:584 22554 MainThread [INFO]  Received executor task 1157
2023-07-03 10:48:33.165 worker_log:602 22554 MainThread [INFO]  Completed executor task 1157
2023-07-03 10:48:33.166 worker_log:613 22554 MainThread [INFO]  All processing finished for executor task 1157
2023-07-03 10:48:46.542 worker_log:584 22554 MainThread [INFO]  Received executor task 1167
2023-07-03 10:49:07.290 worker_log:602 22554 MainThread [INFO]  Completed executor task 1167
2023-07-03 10:49:07.290 worker_log:613 22554 MainThread [INFO]  All processing finished for executor task 1167
2023-07-03 10:49:42.723 worker_log:584 22554 MainThread [INFO]  Received executor task 1181
2023-07-03 10:50:07.760 worker_log:602 22554 MainThread [INFO]  Completed executor task 1181
2023-07-03 10:50:07.761 worker_log:613 22554 MainThread [INFO]  All processing finished for executor task 1181
2023-07-03 10:50:11.728 worker_log:584 22554 MainThread [INFO]  Received executor task 1195
2023-07-03 10:51:51.836 worker_log:602 22554 MainThread [INFO]  Completed executor task 1195
2023-07-03 10:51:51.836 worker_log:613 22554 MainThread [INFO]  All processing finished for executor task 1195
2023-07-03 10:55:06.712 worker_log:584 22554 MainThread [INFO]  Received executor task 1233
2023-07-03 10:55:47.532 worker_log:602 22554 MainThread [INFO]  Completed executor task 1233
2023-07-03 10:55:47.533 worker_log:613 22554 MainThread [INFO]  All processing finished for executor task 1233
2023-07-03 10:56:41.722 worker_log:584 22554 MainThread [INFO]  Received executor task 1252
2023-07-03 10:56:57.002 worker_log:602 22554 MainThread [INFO]  Completed executor task 1252
2023-07-03 10:56:57.002 worker_log:613 22554 MainThread [INFO]  All processing finished for executor task 1252
2023-07-03 10:57:10.723 worker_log:584 22554 MainThread [INFO]  Received executor task 1261
2023-07-03 10:57:51.843 worker_log:602 22554 MainThread [INFO]  Completed executor task 1261
2023-07-03 10:57:51.844 worker_log:613 22554 MainThread [INFO]  All processing finished for executor task 1261
2023-07-03 10:57:51.856 worker_log:584 22554 MainThread [INFO]  Received executor task 1278
2023-07-03 10:58:07.723 worker_log:602 22554 MainThread [INFO]  Completed executor task 1278
2023-07-03 10:58:07.723 worker_log:613 22554 MainThread [INFO]  All processing finished for executor task 1278
2023-07-03 10:58:09.706 worker_log:584 22554 MainThread [INFO]  Received executor task 1287
2023-07-03 10:58:48.489 worker_log:602 22554 MainThread [INFO]  Completed executor task 1287
2023-07-03 10:58:48.490 worker_log:613 22554 MainThread [INFO]  All processing finished for executor task 1287
2023-07-03 10:58:48.501 worker_log:584 22554 MainThread [INFO]  Received executor task 1297
2023-07-03 10:59:07.923 worker_log:602 22554 MainThread [INFO]  Completed executor task 1297
2023-07-03 10:59:07.924 worker_log:613 22554 MainThread [INFO]  All processing finished for executor task 1297
2023-07-03 10:59:56.707 worker_log:584 22554 MainThread [INFO]  Received executor task 1314
2023-07-03 11:00:15.807 worker_log:602 22554 MainThread [INFO]  Completed executor task 1314
2023-07-03 11:00:15.807 worker_log:613 22554 MainThread [INFO]  All processing finished for executor task 1314
2023-07-03 11:01:24.648 worker_log:584 22554 MainThread [INFO]  Received executor task 1329
2023-07-03 11:01:49.574 worker_log:602 22554 MainThread [INFO]  Completed executor task 1329
2023-07-03 11:01:49.575 worker_log:613 22554 MainThread [INFO]  All processing finished for executor task 1329
2023-07-03 11:01:54.724 worker_log:584 22554 MainThread [INFO]  Received executor task 1347
2023-07-03 11:02:14.006 worker_log:602 22554 MainThread [INFO]  Completed executor task 1347
2023-07-03 11:02:14.006 worker_log:613 22554 MainThread [INFO]  All processing finished for executor task 1347
2023-07-03 11:02:52.682 worker_log:584 22554 MainThread [INFO]  Received executor task 1363
2023-07-03 11:04:23.019 worker_log:602 22554 MainThread [INFO]  Completed executor task 1363
2023-07-03 11:04:23.019 worker_log:613 22554 MainThread [INFO]  All processing finished for executor task 1363
2023-07-03 11:04:23.030 worker_log:584 22554 MainThread [INFO]  Received executor task 1394
2023-07-03 11:04:32.544 worker_log:602 22554 MainThread [INFO]  Completed executor task 1394
2023-07-03 11:04:32.545 worker_log:613 22554 MainThread [INFO]  All processing finished for executor task 1394
2023-07-03 11:04:32.556 worker_log:584 22554 MainThread [INFO]  Received executor task 1398
2023-07-03 11:05:04.859 worker_log:602 22554 MainThread [INFO]  Completed executor task 1398
2023-07-03 11:05:04.860 worker_log:613 22554 MainThread [INFO]  All processing finished for executor task 1398
2023-07-03 11:05:17.717 worker_log:584 22554 MainThread [INFO]  Received executor task 1414
2023-07-03 11:05:39.541 worker_log:602 22554 MainThread [INFO]  Completed executor task 1414
2023-07-03 11:05:39.542 worker_log:613 22554 MainThread [INFO]  All processing finished for executor task 1414
2023-07-03 11:05:51.697 worker_log:584 22554 MainThread [INFO]  Received executor task 1427
2023-07-03 11:06:24.610 worker_log:602 22554 MainThread [INFO]  Completed executor task 1427
2023-07-03 11:06:24.611 worker_log:613 22554 MainThread [INFO]  All processing finished for executor task 1427
2023-07-03 11:06:50.694 worker_log:584 22554 MainThread [INFO]  Received executor task 1442
2023-07-03 11:07:29.240 worker_log:602 22554 MainThread [INFO]  Completed executor task 1442
2023-07-03 11:07:29.240 worker_log:613 22554 MainThread [INFO]  All processing finished for executor task 1442
2023-07-03 11:07:29.252 worker_log:584 22554 MainThread [INFO]  Received executor task 1458
2023-07-03 11:07:55.078 worker_log:602 22554 MainThread [INFO]  Completed executor task 1458
2023-07-03 11:07:55.078 worker_log:613 22554 MainThread [INFO]  All processing finished for executor task 1458
2023-07-03 11:09:22.722 worker_log:584 22554 MainThread [INFO]  Received executor task 1470
2023-07-03 11:09:42.344 worker_log:602 22554 MainThread [INFO]  Completed executor task 1470
2023-07-03 11:09:42.345 worker_log:613 22554 MainThread [INFO]  All processing finished for executor task 1470
2023-07-03 11:11:20.713 worker_log:584 22554 MainThread [INFO]  Received executor task 1490
2023-07-03 11:11:45.725 worker_log:602 22554 MainThread [INFO]  Completed executor task 1490
2023-07-03 11:11:45.726 worker_log:613 22554 MainThread [INFO]  All processing finished for executor task 1490
2023-07-03 11:13:32.703 worker_log:584 22554 MainThread [INFO]  Received executor task 1504
2023-07-03 11:13:42.316 worker_log:602 22554 MainThread [INFO]  Completed executor task 1504
2023-07-03 11:13:42.316 worker_log:613 22554 MainThread [INFO]  All processing finished for executor task 1504
2023-07-03 11:14:01.723 worker_log:584 22554 MainThread [INFO]  Received executor task 1518
2023-07-03 11:14:10.185 worker_log:602 22554 MainThread [INFO]  Completed executor task 1518
2023-07-03 11:14:10.186 worker_log:613 22554 MainThread [INFO]  All processing finished for executor task 1518
2023-07-03 11:14:29.743 worker_log:584 22554 MainThread [INFO]  Received executor task 1530
2023-07-03 11:14:37.889 worker_log:602 22554 MainThread [INFO]  Completed executor task 1530
2023-07-03 11:14:37.890 worker_log:613 22554 MainThread [INFO]  All processing finished for executor task 1530
2023-07-03 11:15:27.700 worker_log:584 22554 MainThread [INFO]  Received executor task 1540
2023-07-03 11:16:18.915 worker_log:602 22554 MainThread [INFO]  Completed executor task 1540
2023-07-03 11:16:18.915 worker_log:613 22554 MainThread [INFO]  All processing finished for executor task 1540
2023-07-03 11:16:18.926 worker_log:584 22554 MainThread [INFO]  Received executor task 1554
2023-07-03 11:17:32.756 worker_log:602 22554 MainThread [INFO]  Completed executor task 1554
2023-07-03 11:17:32.756 worker_log:613 22554 MainThread [INFO]  All processing finished for executor task 1554
2023-07-03 11:17:49.653 worker_log:584 22554 MainThread [INFO]  Received executor task 1575
2023-07-03 11:18:11.185 worker_log:602 22554 MainThread [INFO]  Completed executor task 1575
2023-07-03 11:18:11.185 worker_log:613 22554 MainThread [INFO]  All processing finished for executor task 1575
2023-07-03 11:18:18.733 worker_log:584 22554 MainThread [INFO]  Received executor task 1593
2023-07-03 11:18:33.408 worker_log:602 22554 MainThread [INFO]  Completed executor task 1593
2023-07-03 11:18:33.408 worker_log:613 22554 MainThread [INFO]  All processing finished for executor task 1593
2023-07-03 11:19:18.702 worker_log:584 22554 MainThread [INFO]  Received executor task 1601
2023-07-03 11:19:29.845 worker_log:602 22554 MainThread [INFO]  Completed executor task 1601
2023-07-03 11:19:29.846 worker_log:613 22554 MainThread [INFO]  All processing finished for executor task 1601
2023-07-03 11:19:45.721 worker_log:584 22554 MainThread [INFO]  Received executor task 1611
2023-07-03 11:20:11.882 worker_log:602 22554 MainThread [INFO]  Completed executor task 1611
2023-07-03 11:20:11.882 worker_log:613 22554 MainThread [INFO]  All processing finished for executor task 1611
2023-07-03 11:21:10.745 worker_log:584 22554 MainThread [INFO]  Received executor task 1628
2023-07-03 11:21:47.984 worker_log:602 22554 MainThread [INFO]  Completed executor task 1628
2023-07-03 11:21:47.984 worker_log:613 22554 MainThread [INFO]  All processing finished for executor task 1628
2023-07-03 11:22:09.663 worker_log:584 22554 MainThread [INFO]  Received executor task 1645
2023-07-03 11:22:39.240 worker_log:602 22554 MainThread [INFO]  Completed executor task 1645
2023-07-03 11:22:39.241 worker_log:613 22554 MainThread [INFO]  All processing finished for executor task 1645
2023-07-03 11:23:07.711 worker_log:584 22554 MainThread [INFO]  Received executor task 1665
2023-07-03 11:24:25.416 worker_log:602 22554 MainThread [INFO]  Completed executor task 1665
2023-07-03 11:24:25.416 worker_log:613 22554 MainThread [INFO]  All processing finished for executor task 1665
2023-07-03 11:25:30.732 worker_log:584 22554 MainThread [INFO]  Received executor task 1702
2023-07-03 11:25:41.842 worker_log:602 22554 MainThread [INFO]  Completed executor task 1702
2023-07-03 11:25:41.842 worker_log:613 22554 MainThread [INFO]  All processing finished for executor task 1702
2023-07-03 11:26:04.702 worker_log:584 22554 MainThread [INFO]  Received executor task 1719
2023-07-03 11:26:43.036 worker_log:602 22554 MainThread [INFO]  Completed executor task 1719
2023-07-03 11:26:43.037 worker_log:613 22554 MainThread [INFO]  All processing finished for executor task 1719
2023-07-03 11:27:32.807 worker_log:584 22554 MainThread [INFO]  Received executor task 1733
2023-07-03 11:28:33.446 worker_log:602 22554 MainThread [INFO]  Completed executor task 1733
2023-07-03 11:28:33.447 worker_log:613 22554 MainThread [INFO]  All processing finished for executor task 1733
2023-07-03 11:28:33.458 worker_log:584 22554 MainThread [INFO]  Received executor task 1752
2023-07-03 11:28:57.864 worker_log:602 22554 MainThread [INFO]  Completed executor task 1752
2023-07-03 11:28:57.864 worker_log:613 22554 MainThread [INFO]  All processing finished for executor task 1752
2023-07-03 11:28:58.756 worker_log:584 22554 MainThread [INFO]  Received executor task 1764
2023-07-03 11:29:15.970 worker_log:602 22554 MainThread [INFO]  Completed executor task 1764
2023-07-03 11:29:15.971 worker_log:613 22554 MainThread [INFO]  All processing finished for executor task 1764
2023-07-03 11:29:30.701 worker_log:584 22554 MainThread [INFO]  Received executor task 1773
2023-07-03 11:29:42.081 worker_log:602 22554 MainThread [INFO]  Completed executor task 1773
2023-07-03 11:29:42.081 worker_log:613 22554 MainThread [INFO]  All processing finished for executor task 1773
2023-07-03 11:30:00.739 worker_log:584 22554 MainThread [INFO]  Received executor task 1790
2023-07-03 11:30:20.745 worker_log:602 22554 MainThread [INFO]  Completed executor task 1790
2023-07-03 11:30:20.746 worker_log:613 22554 MainThread [INFO]  All processing finished for executor task 1790
2023-07-03 11:32:58.708 worker_log:584 22554 MainThread [INFO]  Received executor task 1802
2023-07-03 11:34:17.680 worker_log:602 22554 MainThread [INFO]  Completed executor task 1802
2023-07-03 11:34:17.681 worker_log:613 22554 MainThread [INFO]  All processing finished for executor task 1802
2023-07-03 11:34:31.743 worker_log:584 22554 MainThread [INFO]  Received executor task 1826
2023-07-03 11:34:58.167 worker_log:602 22554 MainThread [INFO]  Completed executor task 1826
2023-07-03 11:34:58.167 worker_log:613 22554 MainThread [INFO]  All processing finished for executor task 1826
2023-07-03 11:36:00.698 worker_log:584 22554 MainThread [INFO]  Received executor task 1844
2023-07-03 11:36:45.792 worker_log:602 22554 MainThread [INFO]  Completed executor task 1844
2023-07-03 11:36:45.793 worker_log:613 22554 MainThread [INFO]  All processing finished for executor task 1844
2023-07-03 11:37:26.723 worker_log:584 22554 MainThread [INFO]  Received executor task 1865
2023-07-03 11:38:17.196 worker_log:602 22554 MainThread [INFO]  Completed executor task 1865
2023-07-03 11:38:17.196 worker_log:613 22554 MainThread [INFO]  All processing finished for executor task 1865
2023-07-03 11:38:23.721 worker_log:584 22554 MainThread [INFO]  Received executor task 1886
2023-07-03 11:39:57.509 worker_log:602 22554 MainThread [INFO]  Completed executor task 1886
2023-07-03 11:39:57.509 worker_log:613 22554 MainThread [INFO]  All processing finished for executor task 1886
2023-07-03 11:40:28.714 worker_log:584 22554 MainThread [INFO]  Received executor task 1921
2023-07-03 11:40:47.743 worker_log:602 22554 MainThread [INFO]  Completed executor task 1921
2023-07-03 11:40:47.744 worker_log:613 22554 MainThread [INFO]  All processing finished for executor task 1921
2023-07-03 11:40:58.723 worker_log:584 22554 MainThread [INFO]  Received executor task 1932
2023-07-03 11:41:25.715 worker_log:602 22554 MainThread [INFO]  Completed executor task 1932
2023-07-03 11:41:25.716 worker_log:613 22554 MainThread [INFO]  All processing finished for executor task 1932
2023-07-03 11:41:54.717 worker_log:584 22554 MainThread [INFO]  Received executor task 1949
2023-07-03 11:42:30.167 worker_log:602 22554 MainThread [INFO]  Completed executor task 1949
2023-07-03 11:42:30.168 worker_log:613 22554 MainThread [INFO]  All processing finished for executor task 1949
2023-07-03 11:42:53.720 worker_log:584 22554 MainThread [INFO]  Received executor task 1970
2023-07-03 11:43:13.379 worker_log:602 22554 MainThread [INFO]  Completed executor task 1970
2023-07-03 11:43:13.379 worker_log:613 22554 MainThread [INFO]  All processing finished for executor task 1970
2023-07-03 11:43:27.695 worker_log:584 22554 MainThread [INFO]  Received executor task 1982
2023-07-03 11:43:43.651 worker_log:602 22554 MainThread [INFO]  Completed executor task 1982
2023-07-03 11:43:43.651 worker_log:613 22554 MainThread [INFO]  All processing finished for executor task 1982
2023-07-03 11:43:56.714 worker_log:584 22554 MainThread [INFO]  Received executor task 1993
2023-07-03 11:44:12.402 worker_log:602 22554 MainThread [INFO]  Completed executor task 1993
2023-07-03 11:44:12.403 worker_log:613 22554 MainThread [INFO]  All processing finished for executor task 1993
2023-07-03 11:45:21.723 worker_log:584 22554 MainThread [INFO]  Received executor task 2007
2023-07-03 11:45:39.860 worker_log:602 22554 MainThread [INFO]  Completed executor task 2007
2023-07-03 11:45:39.861 worker_log:613 22554 MainThread [INFO]  All processing finished for executor task 2007
2023-07-03 11:45:48.714 worker_log:584 22554 MainThread [INFO]  Received executor task 2023
2023-07-03 11:46:05.220 worker_log:602 22554 MainThread [INFO]  Completed executor task 2023
2023-07-03 11:46:05.221 worker_log:613 22554 MainThread [INFO]  All processing finished for executor task 2023
2023-07-03 11:46:45.712 worker_log:584 22554 MainThread [INFO]  Received executor task 2031
2023-07-03 11:47:29.829 worker_log:602 22554 MainThread [INFO]  Completed executor task 2031
2023-07-03 11:47:29.830 worker_log:613 22554 MainThread [INFO]  All processing finished for executor task 2031
2023-07-03 11:47:29.841 worker_log:584 22554 MainThread [INFO]  Received executor task 2044
2023-07-03 11:48:19.737 worker_log:602 22554 MainThread [INFO]  Completed executor task 2044
2023-07-03 11:48:19.738 worker_log:613 22554 MainThread [INFO]  All processing finished for executor task 2044
2023-07-03 11:48:38.693 worker_log:584 22554 MainThread [INFO]  Received executor task 2060
2023-07-03 11:49:41.930 worker_log:602 22554 MainThread [INFO]  Completed executor task 2060
2023-07-03 11:49:41.931 worker_log:613 22554 MainThread [INFO]  All processing finished for executor task 2060
2023-07-03 11:50:33.700 worker_log:584 22554 MainThread [INFO]  Received executor task 2073
2023-07-03 11:51:17.316 worker_log:602 22554 MainThread [INFO]  Completed executor task 2073
2023-07-03 11:51:17.317 worker_log:613 22554 MainThread [INFO]  All processing finished for executor task 2073
2023-07-03 11:51:17.328 worker_log:584 22554 MainThread [INFO]  Received executor task 2084
2023-07-03 11:51:57.708 worker_log:602 22554 MainThread [INFO]  Completed executor task 2084
2023-07-03 11:51:57.708 worker_log:613 22554 MainThread [INFO]  All processing finished for executor task 2084
2023-07-03 11:52:01.718 worker_log:584 22554 MainThread [INFO]  Received executor task 2098
2023-07-03 11:52:42.275 worker_log:602 22554 MainThread [INFO]  Completed executor task 2098
2023-07-03 11:52:42.276 worker_log:613 22554 MainThread [INFO]  All processing finished for executor task 2098
2023-07-03 11:53:44.745 worker_log:584 22554 MainThread [INFO]  Received executor task 2119
2023-07-03 11:54:11.149 worker_log:602 22554 MainThread [INFO]  Completed executor task 2119
2023-07-03 11:54:11.149 worker_log:613 22554 MainThread [INFO]  All processing finished for executor task 2119
2023-07-03 11:54:50.746 worker_log:584 22554 MainThread [INFO]  Received executor task 2138
2023-07-03 11:55:29.155 worker_log:602 22554 MainThread [INFO]  Completed executor task 2138
2023-07-03 11:55:29.156 worker_log:613 22554 MainThread [INFO]  All processing finished for executor task 2138
2023-07-03 11:55:48.741 worker_log:584 22554 MainThread [INFO]  Received executor task 2159
2023-07-03 11:56:28.895 worker_log:602 22554 MainThread [INFO]  Completed executor task 2159
2023-07-03 11:56:28.895 worker_log:613 22554 MainThread [INFO]  All processing finished for executor task 2159
2023-07-03 11:57:44.714 worker_log:584 22554 MainThread [INFO]  Received executor task 2178
2023-07-03 11:57:52.404 worker_log:602 22554 MainThread [INFO]  Completed executor task 2178
2023-07-03 11:57:52.405 worker_log:613 22554 MainThread [INFO]  All processing finished for executor task 2178
2023-07-03 11:58:13.734 worker_log:584 22554 MainThread [INFO]  Received executor task 2190
2023-07-03 11:58:44.023 worker_log:602 22554 MainThread [INFO]  Completed executor task 2190
2023-07-03 11:58:44.023 worker_log:613 22554 MainThread [INFO]  All processing finished for executor task 2190
2023-07-03 11:59:11.682 worker_log:584 22554 MainThread [INFO]  Received executor task 2204
2023-07-03 11:59:37.689 worker_log:602 22554 MainThread [INFO]  Completed executor task 2204
2023-07-03 11:59:37.690 worker_log:613 22554 MainThread [INFO]  All processing finished for executor task 2204
2023-07-03 11:59:40.734 worker_log:584 22554 MainThread [INFO]  Received executor task 2222
2023-07-03 12:00:12.090 worker_log:602 22554 MainThread [INFO]  Completed executor task 2222
2023-07-03 12:00:12.090 worker_log:613 22554 MainThread [INFO]  All processing finished for executor task 2222
2023-07-03 12:00:36.829 worker_log:584 22554 MainThread [INFO]  Received executor task 2236
2023-07-03 12:00:49.403 worker_log:602 22554 MainThread [INFO]  Completed executor task 2236
2023-07-03 12:00:49.403 worker_log:613 22554 MainThread [INFO]  All processing finished for executor task 2236
2023-07-03 12:01:06.763 worker_log:584 22554 MainThread [INFO]  Received executor task 2251
2023-07-03 12:01:29.076 worker_log:602 22554 MainThread [INFO]  Completed executor task 2251
2023-07-03 12:01:29.076 worker_log:613 22554 MainThread [INFO]  All processing finished for executor task 2251
2023-07-03 12:02:33.737 worker_log:584 22554 MainThread [INFO]  Received executor task 2267
2023-07-03 12:03:08.366 worker_log:602 22554 MainThread [INFO]  Completed executor task 2267
2023-07-03 12:03:08.367 worker_log:613 22554 MainThread [INFO]  All processing finished for executor task 2267
2023-07-03 12:03:08.379 worker_log:584 22554 MainThread [INFO]  Received executor task 2282
2023-07-03 12:03:57.680 worker_log:602 22554 MainThread [INFO]  Completed executor task 2282
2023-07-03 12:03:57.680 worker_log:613 22554 MainThread [INFO]  All processing finished for executor task 2282
2023-07-03 12:04:30.706 worker_log:584 22554 MainThread [INFO]  Received executor task 2295
2023-07-03 12:05:08.297 worker_log:602 22554 MainThread [INFO]  Completed executor task 2295
2023-07-03 12:05:08.298 worker_log:613 22554 MainThread [INFO]  All processing finished for executor task 2295
2023-07-03 12:06:24.541 worker_log:584 22554 MainThread [INFO]  Received executor task 2312
2023-07-03 12:06:50.251 worker_log:602 22554 MainThread [INFO]  Completed executor task 2312
2023-07-03 12:06:50.252 worker_log:613 22554 MainThread [INFO]  All processing finished for executor task 2312
2023-07-03 12:08:17.698 worker_log:584 22554 MainThread [INFO]  Received executor task 2328
2023-07-03 12:09:10.014 worker_log:602 22554 MainThread [INFO]  Completed executor task 2328
2023-07-03 12:09:10.014 worker_log:613 22554 MainThread [INFO]  All processing finished for executor task 2328
2023-07-03 12:09:16.704 worker_log:584 22554 MainThread [INFO]  Received executor task 2347
2023-07-03 12:09:43.225 worker_log:602 22554 MainThread [INFO]  Completed executor task 2347
2023-07-03 12:09:43.225 worker_log:613 22554 MainThread [INFO]  All processing finished for executor task 2347
2023-07-03 12:11:12.708 worker_log:584 22554 MainThread [INFO]  Received executor task 2366
2023-07-03 12:11:32.483 worker_log:602 22554 MainThread [INFO]  Completed executor task 2366
2023-07-03 12:11:32.483 worker_log:613 22554 MainThread [INFO]  All processing finished for executor task 2366
2023-07-03 12:12:16.710 worker_log:584 22554 MainThread [INFO]  Received executor task 2387
2023-07-03 12:12:45.129 worker_log:602 22554 MainThread [INFO]  Completed executor task 2387
2023-07-03 12:12:45.129 worker_log:613 22554 MainThread [INFO]  All processing finished for executor task 2387
2023-07-03 12:16:32.698 worker_log:584 22554 MainThread [INFO]  Received executor task 2405
2023-07-03 12:16:49.246 worker_log:602 22554 MainThread [INFO]  Completed executor task 2405
2023-07-03 12:16:49.246 worker_log:613 22554 MainThread [INFO]  All processing finished for executor task 2405
2023-07-03 12:16:59.739 worker_log:584 22554 MainThread [INFO]  Received executor task 2423
2023-07-03 12:17:20.609 worker_log:602 22554 MainThread [INFO]  Completed executor task 2423
2023-07-03 12:17:20.610 worker_log:613 22554 MainThread [INFO]  All processing finished for executor task 2423
2023-07-03 12:18:02.719 worker_log:584 22554 MainThread [INFO]  Received executor task 2437
2023-07-03 12:18:49.657 worker_log:602 22554 MainThread [INFO]  Completed executor task 2437
2023-07-03 12:18:49.658 worker_log:613 22554 MainThread [INFO]  All processing finished for executor task 2437
2023-07-03 12:19:01.716 worker_log:584 22554 MainThread [INFO]  Received executor task 2455
2023-07-03 12:19:27.360 worker_log:602 22554 MainThread [INFO]  Completed executor task 2455
2023-07-03 12:19:27.361 worker_log:613 22554 MainThread [INFO]  All processing finished for executor task 2455
2023-07-03 12:19:29.720 worker_log:584 22554 MainThread [INFO]  Received executor task 2471
2023-07-03 12:19:40.385 worker_log:602 22554 MainThread [INFO]  Completed executor task 2471
2023-07-03 12:19:40.386 worker_log:613 22554 MainThread [INFO]  All processing finished for executor task 2471
2023-07-03 12:19:57.736 worker_log:584 22554 MainThread [INFO]  Received executor task 2481
2023-07-03 12:20:14.269 worker_log:602 22554 MainThread [INFO]  Completed executor task 2481
2023-07-03 12:20:14.270 worker_log:613 22554 MainThread [INFO]  All processing finished for executor task 2481
2023-07-03 12:21:01.650 worker_log:584 22554 MainThread [INFO]  Received executor task 2494
2023-07-03 12:21:22.144 worker_log:602 22554 MainThread [INFO]  Completed executor task 2494
2023-07-03 12:21:22.145 worker_log:613 22554 MainThread [INFO]  All processing finished for executor task 2494
2023-07-03 12:21:58.688 worker_log:584 22554 MainThread [INFO]  Received executor task 2514
2023-07-03 12:22:11.733 worker_log:602 22554 MainThread [INFO]  Completed executor task 2514
2023-07-03 12:22:11.734 worker_log:613 22554 MainThread [INFO]  All processing finished for executor task 2514
2023-07-03 12:23:08.713 worker_log:584 22554 MainThread [INFO]  Received executor task 2532
2023-07-03 12:23:52.551 worker_log:602 22554 MainThread [INFO]  Completed executor task 2532
2023-07-03 12:23:52.552 worker_log:613 22554 MainThread [INFO]  All processing finished for executor task 2532
2023-07-03 12:24:12.776 worker_log:584 22554 MainThread [INFO]  Received executor task 2548
2023-07-03 12:24:47.783 worker_log:602 22554 MainThread [INFO]  Completed executor task 2548
2023-07-03 12:24:47.784 worker_log:613 22554 MainThread [INFO]  All processing finished for executor task 2548
2023-07-03 12:24:47.795 worker_log:584 22554 MainThread [INFO]  Received executor task 2559
2023-07-03 12:24:57.350 worker_log:602 22554 MainThread [INFO]  Completed executor task 2559
2023-07-03 12:24:57.351 worker_log:613 22554 MainThread [INFO]  All processing finished for executor task 2559
2023-07-03 12:25:09.649 worker_log:584 22554 MainThread [INFO]  Received executor task 2564
2023-07-03 12:26:20.724 worker_log:602 22554 MainThread [INFO]  Completed executor task 2564
2023-07-03 12:26:20.724 worker_log:613 22554 MainThread [INFO]  All processing finished for executor task 2564
2023-07-03 12:27:32.733 worker_log:584 22554 MainThread [INFO]  Received executor task 2589
2023-07-03 12:28:09.379 worker_log:602 22554 MainThread [INFO]  Completed executor task 2589
2023-07-03 12:28:09.380 worker_log:613 22554 MainThread [INFO]  All processing finished for executor task 2589
2023-07-03 12:28:57.721 worker_log:584 22554 MainThread [INFO]  Received executor task 2603
2023-07-03 12:29:32.192 worker_log:602 22554 MainThread [INFO]  Completed executor task 2603
2023-07-03 12:29:32.192 worker_log:613 22554 MainThread [INFO]  All processing finished for executor task 2603
2023-07-03 12:29:32.204 worker_log:584 22554 MainThread [INFO]  Received executor task 2613
2023-07-03 12:29:55.595 worker_log:602 22554 MainThread [INFO]  Completed executor task 2613
2023-07-03 12:29:55.595 worker_log:613 22554 MainThread [INFO]  All processing finished for executor task 2613
2023-07-03 12:30:24.817 worker_log:584 22554 MainThread [INFO]  Received executor task 2623
2023-07-03 12:30:49.689 worker_log:602 22554 MainThread [INFO]  Completed executor task 2623
2023-07-03 12:30:49.689 worker_log:613 22554 MainThread [INFO]  All processing finished for executor task 2623
2023-07-03 12:30:53.727 worker_log:584 22554 MainThread [INFO]  Received executor task 2631
2023-07-03 12:31:04.610 worker_log:602 22554 MainThread [INFO]  Completed executor task 2631
2023-07-03 12:31:04.610 worker_log:613 22554 MainThread [INFO]  All processing finished for executor task 2631
2023-07-03 12:31:50.649 worker_log:584 22554 MainThread [INFO]  Received executor task 2634
2023-07-03 12:32:13.563 worker_log:602 22554 MainThread [INFO]  Completed executor task 2634
2023-07-03 12:32:13.563 worker_log:613 22554 MainThread [INFO]  All processing finished for executor task 2634
2023-07-03 12:32:18.702 worker_log:584 22554 MainThread [INFO]  Received executor task 2652
2023-07-03 12:33:17.188 worker_log:602 22554 MainThread [INFO]  Completed executor task 2652
2023-07-03 12:33:17.188 worker_log:613 22554 MainThread [INFO]  All processing finished for executor task 2652
2023-07-03 12:33:43.712 worker_log:584 22554 MainThread [INFO]  Received executor task 2669
2023-07-03 12:34:19.997 worker_log:602 22554 MainThread [INFO]  Completed executor task 2669
2023-07-03 12:34:19.997 worker_log:613 22554 MainThread [INFO]  All processing finished for executor task 2669
2023-07-03 12:35:40.712 worker_log:584 22554 MainThread [INFO]  Received executor task 2682
2023-07-03 12:35:51.826 worker_log:602 22554 MainThread [INFO]  Completed executor task 2682
2023-07-03 12:35:51.827 worker_log:613 22554 MainThread [INFO]  All processing finished for executor task 2682
2023-07-03 12:36:36.981 worker_log:584 22554 MainThread [INFO]  Received executor task 2695
2023-07-03 12:37:24.187 worker_log:602 22554 MainThread [INFO]  Completed executor task 2695
2023-07-03 12:37:24.187 worker_log:613 22554 MainThread [INFO]  All processing finished for executor task 2695
2023-07-03 12:38:59.676 worker_log:584 22554 MainThread [INFO]  Received executor task 2711
2023-07-03 12:39:17.167 worker_log:602 22554 MainThread [INFO]  Completed executor task 2711
2023-07-03 12:39:17.168 worker_log:613 22554 MainThread [INFO]  All processing finished for executor task 2711
2023-07-03 12:39:26.711 worker_log:584 22554 MainThread [INFO]  Received executor task 2726
2023-07-03 12:39:37.626 worker_log:602 22554 MainThread [INFO]  Completed executor task 2726
2023-07-03 12:39:37.627 worker_log:613 22554 MainThread [INFO]  All processing finished for executor task 2726
2023-07-03 12:40:24.785 worker_log:584 22554 MainThread [INFO]  Received executor task 2734
2023-07-03 12:41:01.581 worker_log:602 22554 MainThread [INFO]  Completed executor task 2734
2023-07-03 12:41:01.581 worker_log:613 22554 MainThread [INFO]  All processing finished for executor task 2734
2023-07-03 12:41:49.727 worker_log:584 22554 MainThread [INFO]  Received executor task 2752
2023-07-03 12:42:28.788 worker_log:602 22554 MainThread [INFO]  Completed executor task 2752
2023-07-03 12:42:28.788 worker_log:613 22554 MainThread [INFO]  All processing finished for executor task 2752
2023-07-03 12:43:20.694 worker_log:584 22554 MainThread [INFO]  Received executor task 2771
2023-07-03 12:44:06.815 worker_log:602 22554 MainThread [INFO]  Completed executor task 2771
2023-07-03 12:44:06.815 worker_log:613 22554 MainThread [INFO]  All processing finished for executor task 2771
2023-07-03 12:44:46.708 worker_log:584 22554 MainThread [INFO]  Received executor task 2790
2023-07-03 12:45:49.571 worker_log:602 22554 MainThread [INFO]  Completed executor task 2790
2023-07-03 12:45:49.578 worker_log:613 22554 MainThread [INFO]  All processing finished for executor task 2790
