2023-07-03 09:08:17.501 worker_log:538 22569 MainThread [INFO]  Worker 8 started
2023-07-03 09:09:36.785 worker_log:584 22569 MainThread [INFO]  Received executor task 9
2023-07-03 09:09:47.645 worker_log:602 22569 MainThread [INFO]  Completed executor task 9
2023-07-03 09:09:47.646 worker_log:613 22569 MainThread [INFO]  All processing finished for executor task 9
2023-07-03 09:10:01.818 worker_log:584 22569 MainThread [INFO]  Received executor task 18
2023-07-03 09:10:39.774 worker_log:602 22569 MainThread [INFO]  Completed executor task 18
2023-07-03 09:10:39.775 worker_log:613 22569 MainThread [INFO]  All processing finished for executor task 18
2023-07-03 09:11:06.669 worker_log:584 22569 MainThread [INFO]  Received executor task 32
2023-07-03 09:12:19.037 worker_log:602 22569 MainThread [INFO]  Completed executor task 32
2023-07-03 09:12:19.038 worker_log:613 22569 MainThread [INFO]  All processing finished for executor task 32
2023-07-03 09:12:19.049 worker_log:584 22569 MainThread [INFO]  Received executor task 53
2023-07-03 09:13:14.572 worker_log:602 22569 MainThread [INFO]  Completed executor task 53
2023-07-03 09:13:14.573 worker_log:613 22569 MainThread [INFO]  All processing finished for executor task 53
2023-07-03 09:14:00.672 worker_log:584 22569 MainThread [INFO]  Received executor task 77
2023-07-03 09:14:53.953 worker_log:602 22569 MainThread [INFO]  Completed executor task 77
2023-07-03 09:14:53.954 worker_log:613 22569 MainThread [INFO]  All processing finished for executor task 77
2023-07-03 09:16:06.671 worker_log:584 22569 MainThread [INFO]  Received executor task 96
2023-07-03 09:16:59.547 worker_log:602 22569 MainThread [INFO]  Completed executor task 96
2023-07-03 09:16:59.548 worker_log:613 22569 MainThread [INFO]  All processing finished for executor task 96
2023-07-03 09:17:07.681 worker_log:584 22569 MainThread [INFO]  Received executor task 117
2023-07-03 09:17:26.532 worker_log:602 22569 MainThread [INFO]  Completed executor task 117
2023-07-03 09:17:26.533 worker_log:613 22569 MainThread [INFO]  All processing finished for executor task 117
2023-07-03 09:19:38.700 worker_log:584 22569 MainThread [INFO]  Received executor task 130
2023-07-03 09:19:56.579 worker_log:602 22569 MainThread [INFO]  Completed executor task 130
2023-07-03 09:19:56.579 worker_log:613 22569 MainThread [INFO]  All processing finished for executor task 130
2023-07-03 09:20:07.796 worker_log:584 22569 MainThread [INFO]  Received executor task 145
2023-07-03 09:21:03.077 worker_log:602 22569 MainThread [INFO]  Completed executor task 145
2023-07-03 09:21:03.077 worker_log:613 22569 MainThread [INFO]  All processing finished for executor task 145
2023-07-03 09:24:08.696 worker_log:584 22569 MainThread [INFO]  Received executor task 157
2023-07-03 09:24:25.892 worker_log:602 22569 MainThread [INFO]  Completed executor task 157
2023-07-03 09:24:25.892 worker_log:613 22569 MainThread [INFO]  All processing finished for executor task 157
2023-07-03 09:25:35.738 worker_log:584 22569 MainThread [INFO]  Received executor task 174
2023-07-03 09:26:13.242 worker_log:602 22569 MainThread [INFO]  Completed executor task 174
2023-07-03 09:26:13.242 worker_log:613 22569 MainThread [INFO]  All processing finished for executor task 174
2023-07-03 09:26:34.712 worker_log:584 22569 MainThread [INFO]  Received executor task 195
2023-07-03 09:26:57.982 worker_log:602 22569 MainThread [INFO]  Completed executor task 195
2023-07-03 09:26:57.983 worker_log:613 22569 MainThread [INFO]  All processing finished for executor task 195
2023-07-03 09:27:03.696 worker_log:584 22569 MainThread [INFO]  Received executor task 209
2023-07-03 09:27:16.137 worker_log:602 22569 MainThread [INFO]  Completed executor task 209
2023-07-03 09:27:16.137 worker_log:613 22569 MainThread [INFO]  All processing finished for executor task 209
2023-07-03 09:27:34.704 worker_log:584 22569 MainThread [INFO]  Received executor task 217
2023-07-03 09:28:07.127 worker_log:602 22569 MainThread [INFO]  Completed executor task 217
2023-07-03 09:28:07.128 worker_log:613 22569 MainThread [INFO]  All processing finished for executor task 217
2023-07-03 09:29:00.703 worker_log:584 22569 MainThread [INFO]  Received executor task 234
2023-07-03 09:29:15.379 worker_log:602 22569 MainThread [INFO]  Completed executor task 234
2023-07-03 09:29:15.380 worker_log:613 22569 MainThread [INFO]  All processing finished for executor task 234
2023-07-03 09:29:31.691 worker_log:584 22569 MainThread [INFO]  Received executor task 241
2023-07-03 09:30:02.879 worker_log:602 22569 MainThread [INFO]  Completed executor task 241
2023-07-03 09:30:02.879 worker_log:613 22569 MainThread [INFO]  All processing finished for executor task 241
2023-07-03 09:33:25.698 worker_log:584 22569 MainThread [INFO]  Received executor task 262
2023-07-03 09:33:43.473 worker_log:602 22569 MainThread [INFO]  Completed executor task 262
2023-07-03 09:33:43.474 worker_log:613 22569 MainThread [INFO]  All processing finished for executor task 262
2023-07-03 09:33:54.707 worker_log:584 22569 MainThread [INFO]  Received executor task 278
2023-07-03 09:34:21.908 worker_log:602 22569 MainThread [INFO]  Completed executor task 278
2023-07-03 09:34:21.908 worker_log:613 22569 MainThread [INFO]  All processing finished for executor task 278
2023-07-03 09:34:23.696 worker_log:584 22569 MainThread [INFO]  Received executor task 285
2023-07-03 09:34:34.279 worker_log:602 22569 MainThread [INFO]  Completed executor task 285
2023-07-03 09:34:34.279 worker_log:613 22569 MainThread [INFO]  All processing finished for executor task 285
2023-07-03 09:34:54.698 worker_log:584 22569 MainThread [INFO]  Received executor task 295
2023-07-03 09:35:39.370 worker_log:602 22569 MainThread [INFO]  Completed executor task 295
2023-07-03 09:35:39.370 worker_log:613 22569 MainThread [INFO]  All processing finished for executor task 295
2023-07-03 09:36:49.763 worker_log:584 22569 MainThread [INFO]  Received executor task 311
2023-07-03 09:37:18.843 worker_log:602 22569 MainThread [INFO]  Completed executor task 311
2023-07-03 09:37:18.843 worker_log:613 22569 MainThread [INFO]  All processing finished for executor task 311
2023-07-03 09:37:46.692 worker_log:584 22569 MainThread [INFO]  Received executor task 331
2023-07-03 09:38:25.690 worker_log:602 22569 MainThread [INFO]  Completed executor task 331
2023-07-03 09:38:25.691 worker_log:613 22569 MainThread [INFO]  All processing finished for executor task 331
2023-07-03 09:39:18.703 worker_log:584 22569 MainThread [INFO]  Received executor task 344
2023-07-03 09:39:40.059 worker_log:602 22569 MainThread [INFO]  Completed executor task 344
2023-07-03 09:39:40.060 worker_log:613 22569 MainThread [INFO]  All processing finished for executor task 344
2023-07-03 09:39:48.701 worker_log:584 22569 MainThread [INFO]  Received executor task 358
2023-07-03 09:40:37.650 worker_log:602 22569 MainThread [INFO]  Completed executor task 358
2023-07-03 09:40:37.651 worker_log:613 22569 MainThread [INFO]  All processing finished for executor task 358
2023-07-03 09:42:38.688 worker_log:584 22569 MainThread [INFO]  Received executor task 371
2023-07-03 09:43:36.622 worker_log:602 22569 MainThread [INFO]  Completed executor task 371
2023-07-03 09:43:36.623 worker_log:613 22569 MainThread [INFO]  All processing finished for executor task 371
2023-07-03 09:44:04.716 worker_log:584 22569 MainThread [INFO]  Received executor task 387
2023-07-03 09:44:36.882 worker_log:602 22569 MainThread [INFO]  Completed executor task 387
2023-07-03 09:44:36.882 worker_log:613 22569 MainThread [INFO]  All processing finished for executor task 387
2023-07-03 09:46:09.701 worker_log:584 22569 MainThread [INFO]  Received executor task 401
2023-07-03 09:47:01.296 worker_log:602 22569 MainThread [INFO]  Completed executor task 401
2023-07-03 09:47:01.296 worker_log:613 22569 MainThread [INFO]  All processing finished for executor task 401
2023-07-03 09:48:09.807 worker_log:584 22569 MainThread [INFO]  Received executor task 423
2023-07-03 09:48:36.813 worker_log:602 22569 MainThread [INFO]  Completed executor task 423
2023-07-03 09:48:36.814 worker_log:613 22569 MainThread [INFO]  All processing finished for executor task 423
2023-07-03 09:48:39.697 worker_log:584 22569 MainThread [INFO]  Received executor task 432
2023-07-03 09:49:18.256 worker_log:602 22569 MainThread [INFO]  Completed executor task 432
2023-07-03 09:49:18.256 worker_log:613 22569 MainThread [INFO]  All processing finished for executor task 432
2023-07-03 09:49:18.268 worker_log:584 22569 MainThread [INFO]  Received executor task 448
2023-07-03 09:49:29.278 worker_log:602 22569 MainThread [INFO]  Completed executor task 448
2023-07-03 09:49:29.279 worker_log:613 22569 MainThread [INFO]  All processing finished for executor task 448
2023-07-03 09:50:08.709 worker_log:584 22569 MainThread [INFO]  Received executor task 460
2023-07-03 09:50:53.499 worker_log:602 22569 MainThread [INFO]  Completed executor task 460
2023-07-03 09:50:53.500 worker_log:613 22569 MainThread [INFO]  All processing finished for executor task 460
2023-07-03 09:51:06.713 worker_log:584 22569 MainThread [INFO]  Received executor task 483
2023-07-03 09:51:26.711 worker_log:602 22569 MainThread [INFO]  Completed executor task 483
2023-07-03 09:51:26.711 worker_log:613 22569 MainThread [INFO]  All processing finished for executor task 483
2023-07-03 09:52:04.707 worker_log:584 22569 MainThread [INFO]  Received executor task 498
2023-07-03 09:52:31.651 worker_log:602 22569 MainThread [INFO]  Completed executor task 498
2023-07-03 09:52:31.651 worker_log:613 22569 MainThread [INFO]  All processing finished for executor task 498
2023-07-03 09:53:03.697 worker_log:584 22569 MainThread [INFO]  Received executor task 515
2023-07-03 09:53:35.791 worker_log:602 22569 MainThread [INFO]  Completed executor task 515
2023-07-03 09:53:35.791 worker_log:613 22569 MainThread [INFO]  All processing finished for executor task 515
2023-07-03 09:53:35.804 worker_log:584 22569 MainThread [INFO]  Received executor task 524
2023-07-03 09:54:15.616 worker_log:602 22569 MainThread [INFO]  Completed executor task 524
2023-07-03 09:54:15.616 worker_log:613 22569 MainThread [INFO]  All processing finished for executor task 524
2023-07-03 09:56:06.716 worker_log:584 22569 MainThread [INFO]  Received executor task 540
2023-07-03 09:57:15.669 worker_log:602 22569 MainThread [INFO]  Completed executor task 540
2023-07-03 09:57:15.670 worker_log:613 22569 MainThread [INFO]  All processing finished for executor task 540
2023-07-03 09:57:15.681 worker_log:584 22569 MainThread [INFO]  Received executor task 562
2023-07-03 09:57:38.464 worker_log:602 22569 MainThread [INFO]  Completed executor task 562
2023-07-03 09:57:38.465 worker_log:613 22569 MainThread [INFO]  All processing finished for executor task 562
2023-07-03 09:57:41.703 worker_log:584 22569 MainThread [INFO]  Received executor task 572
2023-07-03 09:58:16.890 worker_log:602 22569 MainThread [INFO]  Completed executor task 572
2023-07-03 09:58:16.890 worker_log:613 22569 MainThread [INFO]  All processing finished for executor task 572
2023-07-03 09:59:11.704 worker_log:584 22569 MainThread [INFO]  Received executor task 589
2023-07-03 09:59:56.285 worker_log:602 22569 MainThread [INFO]  Completed executor task 589
2023-07-03 09:59:56.285 worker_log:613 22569 MainThread [INFO]  All processing finished for executor task 589
2023-07-03 10:02:22.717 worker_log:584 22569 MainThread [INFO]  Received executor task 605
2023-07-03 10:03:25.610 worker_log:602 22569 MainThread [INFO]  Completed executor task 605
2023-07-03 10:03:25.611 worker_log:613 22569 MainThread [INFO]  All processing finished for executor task 605
2023-07-03 10:04:49.665 worker_log:584 22569 MainThread [INFO]  Received executor task 631
2023-07-03 10:05:17.448 worker_log:602 22569 MainThread [INFO]  Completed executor task 631
2023-07-03 10:05:17.448 worker_log:613 22569 MainThread [INFO]  All processing finished for executor task 631
2023-07-03 10:06:24.808 worker_log:584 22569 MainThread [INFO]  Received executor task 650
2023-07-03 10:06:49.967 worker_log:602 22569 MainThread [INFO]  Completed executor task 650
2023-07-03 10:06:49.967 worker_log:613 22569 MainThread [INFO]  All processing finished for executor task 650
2023-07-03 10:07:53.672 worker_log:584 22569 MainThread [INFO]  Received executor task 669
2023-07-03 10:08:34.384 worker_log:602 22569 MainThread [INFO]  Completed executor task 669
2023-07-03 10:08:34.384 worker_log:613 22569 MainThread [INFO]  All processing finished for executor task 669
2023-07-03 10:09:23.684 worker_log:584 22569 MainThread [INFO]  Received executor task 688
2023-07-03 10:09:44.061 worker_log:602 22569 MainThread [INFO]  Completed executor task 688
2023-07-03 10:09:44.062 worker_log:613 22569 MainThread [INFO]  All processing finished for executor task 688
2023-07-03 10:11:48.699 worker_log:584 22569 MainThread [INFO]  Received executor task 702
2023-07-03 10:12:06.366 worker_log:602 22569 MainThread [INFO]  Completed executor task 702
2023-07-03 10:12:06.366 worker_log:613 22569 MainThread [INFO]  All processing finished for executor task 702
2023-07-03 10:12:17.697 worker_log:584 22569 MainThread [INFO]  Received executor task 719
2023-07-03 10:12:56.817 worker_log:602 22569 MainThread [INFO]  Completed executor task 719
2023-07-03 10:12:56.817 worker_log:613 22569 MainThread [INFO]  All processing finished for executor task 719
2023-07-03 10:14:42.684 worker_log:584 22569 MainThread [INFO]  Received executor task 731
2023-07-03 10:17:01.027 worker_log:602 22569 MainThread [INFO]  Completed executor task 731
2023-07-03 10:17:01.027 worker_log:613 22569 MainThread [INFO]  All processing finished for executor task 731
2023-07-03 10:17:17.790 worker_log:584 22569 MainThread [INFO]  Received executor task 778
2023-07-03 10:17:27.574 worker_log:602 22569 MainThread [INFO]  Completed executor task 778
2023-07-03 10:17:27.574 worker_log:613 22569 MainThread [INFO]  All processing finished for executor task 778
2023-07-03 10:17:52.716 worker_log:584 22569 MainThread [INFO]  Received executor task 784
2023-07-03 10:18:02.308 worker_log:602 22569 MainThread [INFO]  Completed executor task 784
2023-07-03 10:18:02.309 worker_log:613 22569 MainThread [INFO]  All processing finished for executor task 784
2023-07-03 10:18:22.709 worker_log:584 22569 MainThread [INFO]  Received executor task 798
2023-07-03 10:18:49.188 worker_log:602 22569 MainThread [INFO]  Completed executor task 798
2023-07-03 10:18:49.189 worker_log:613 22569 MainThread [INFO]  All processing finished for executor task 798
2023-07-03 10:19:49.692 worker_log:584 22569 MainThread [INFO]  Received executor task 811
2023-07-03 10:20:35.795 worker_log:602 22569 MainThread [INFO]  Completed executor task 811
2023-07-03 10:20:35.796 worker_log:613 22569 MainThread [INFO]  All processing finished for executor task 811
2023-07-03 10:20:47.766 worker_log:584 22569 MainThread [INFO]  Received executor task 826
2023-07-03 10:20:58.146 worker_log:602 22569 MainThread [INFO]  Completed executor task 826
2023-07-03 10:20:58.147 worker_log:613 22569 MainThread [INFO]  All processing finished for executor task 826
2023-07-03 10:21:17.710 worker_log:584 22569 MainThread [INFO]  Received executor task 834
2023-07-03 10:21:35.192 worker_log:602 22569 MainThread [INFO]  Completed executor task 834
2023-07-03 10:21:35.192 worker_log:613 22569 MainThread [INFO]  All processing finished for executor task 834
2023-07-03 10:22:45.681 worker_log:584 22569 MainThread [INFO]  Received executor task 847
2023-07-03 10:22:58.835 worker_log:602 22569 MainThread [INFO]  Completed executor task 847
2023-07-03 10:22:58.835 worker_log:613 22569 MainThread [INFO]  All processing finished for executor task 847
2023-07-03 10:23:16.692 worker_log:584 22569 MainThread [INFO]  Received executor task 864
2023-07-03 10:23:47.511 worker_log:602 22569 MainThread [INFO]  Completed executor task 864
2023-07-03 10:23:47.512 worker_log:613 22569 MainThread [INFO]  All processing finished for executor task 864
2023-07-03 10:24:15.718 worker_log:584 22569 MainThread [INFO]  Received executor task 882
2023-07-03 10:24:40.068 worker_log:602 22569 MainThread [INFO]  Completed executor task 882
2023-07-03 10:24:40.069 worker_log:613 22569 MainThread [INFO]  All processing finished for executor task 882
2023-07-03 10:25:22.683 worker_log:584 22569 MainThread [INFO]  Received executor task 897
2023-07-03 10:25:50.684 worker_log:602 22569 MainThread [INFO]  Completed executor task 897
2023-07-03 10:25:50.684 worker_log:613 22569 MainThread [INFO]  All processing finished for executor task 897
2023-07-03 10:26:28.726 worker_log:584 22569 MainThread [INFO]  Received executor task 922
2023-07-03 10:26:51.247 worker_log:602 22569 MainThread [INFO]  Completed executor task 922
2023-07-03 10:26:51.247 worker_log:613 22569 MainThread [INFO]  All processing finished for executor task 922
2023-07-03 10:26:58.691 worker_log:584 22569 MainThread [INFO]  Received executor task 929
2023-07-03 10:27:24.665 worker_log:602 22569 MainThread [INFO]  Completed executor task 929
2023-07-03 10:27:24.665 worker_log:613 22569 MainThread [INFO]  All processing finished for executor task 929
2023-07-03 10:28:55.700 worker_log:584 22569 MainThread [INFO]  Received executor task 940
2023-07-03 10:29:20.307 worker_log:602 22569 MainThread [INFO]  Completed executor task 940
2023-07-03 10:29:20.308 worker_log:613 22569 MainThread [INFO]  All processing finished for executor task 940
2023-07-03 10:31:39.685 worker_log:584 22569 MainThread [INFO]  Received executor task 956
2023-07-03 10:31:47.838 worker_log:602 22569 MainThread [INFO]  Completed executor task 956
2023-07-03 10:31:47.838 worker_log:613 22569 MainThread [INFO]  All processing finished for executor task 956
2023-07-03 10:33:06.713 worker_log:584 22569 MainThread [INFO]  Received executor task 972
2023-07-03 10:33:18.316 worker_log:602 22569 MainThread [INFO]  Completed executor task 972
2023-07-03 10:33:18.316 worker_log:613 22569 MainThread [INFO]  All processing finished for executor task 972
2023-07-03 10:34:47.711 worker_log:584 22569 MainThread [INFO]  Received executor task 983
2023-07-03 10:35:29.930 worker_log:602 22569 MainThread [INFO]  Completed executor task 983
2023-07-03 10:35:29.930 worker_log:613 22569 MainThread [INFO]  All processing finished for executor task 983
2023-07-03 10:36:22.720 worker_log:584 22569 MainThread [INFO]  Received executor task 1001
2023-07-03 10:36:37.939 worker_log:602 22569 MainThread [INFO]  Completed executor task 1001
2023-07-03 10:36:37.940 worker_log:613 22569 MainThread [INFO]  All processing finished for executor task 1001
2023-07-03 10:36:50.707 worker_log:584 22569 MainThread [INFO]  Received executor task 1012
2023-07-03 10:37:36.439 worker_log:602 22569 MainThread [INFO]  Completed executor task 1012
2023-07-03 10:37:36.439 worker_log:613 22569 MainThread [INFO]  All processing finished for executor task 1012
2023-07-03 10:38:18.698 worker_log:584 22569 MainThread [INFO]  Received executor task 1040
2023-07-03 10:38:38.901 worker_log:602 22569 MainThread [INFO]  Completed executor task 1040
2023-07-03 10:38:38.901 worker_log:613 22569 MainThread [INFO]  All processing finished for executor task 1040
2023-07-03 10:40:03.682 worker_log:584 22569 MainThread [INFO]  Received executor task 1045
2023-07-03 10:40:17.976 worker_log:602 22569 MainThread [INFO]  Completed executor task 1045
2023-07-03 10:40:17.977 worker_log:613 22569 MainThread [INFO]  All processing finished for executor task 1045
2023-07-03 10:42:02.707 worker_log:584 22569 MainThread [INFO]  Received executor task 1063
2023-07-03 10:42:24.415 worker_log:602 22569 MainThread [INFO]  Completed executor task 1063
2023-07-03 10:42:24.415 worker_log:613 22569 MainThread [INFO]  All processing finished for executor task 1063
2023-07-03 10:43:04.698 worker_log:584 22569 MainThread [INFO]  Received executor task 1076
2023-07-03 10:43:12.388 worker_log:602 22569 MainThread [INFO]  Completed executor task 1076
2023-07-03 10:43:12.389 worker_log:613 22569 MainThread [INFO]  All processing finished for executor task 1076
2023-07-03 10:43:33.742 worker_log:584 22569 MainThread [INFO]  Received executor task 1087
2023-07-03 10:44:15.925 worker_log:602 22569 MainThread [INFO]  Completed executor task 1087
2023-07-03 10:44:15.925 worker_log:613 22569 MainThread [INFO]  All processing finished for executor task 1087
2023-07-03 10:45:10.777 worker_log:584 22569 MainThread [INFO]  Received executor task 1108
2023-07-03 10:47:17.435 worker_log:602 22569 MainThread [INFO]  Completed executor task 1108
2023-07-03 10:47:17.436 worker_log:613 22569 MainThread [INFO]  All processing finished for executor task 1108
2023-07-03 10:48:15.691 worker_log:584 22569 MainThread [INFO]  Received executor task 1150
2023-07-03 10:48:41.863 worker_log:602 22569 MainThread [INFO]  Completed executor task 1150
2023-07-03 10:48:41.864 worker_log:613 22569 MainThread [INFO]  All processing finished for executor task 1150
2023-07-03 10:49:14.714 worker_log:584 22569 MainThread [INFO]  Received executor task 1173
2023-07-03 10:49:54.327 worker_log:602 22569 MainThread [INFO]  Completed executor task 1173
2023-07-03 10:49:54.328 worker_log:613 22569 MainThread [INFO]  All processing finished for executor task 1173
2023-07-03 10:50:11.728 worker_log:584 22569 MainThread [INFO]  Received executor task 1192
2023-07-03 10:50:41.500 worker_log:602 22569 MainThread [INFO]  Completed executor task 1192
2023-07-03 10:50:41.500 worker_log:613 22569 MainThread [INFO]  All processing finished for executor task 1192
2023-07-03 10:50:41.715 worker_log:584 22569 MainThread [INFO]  Received executor task 1208
2023-07-03 10:51:09.219 worker_log:602 22569 MainThread [INFO]  Completed executor task 1208
2023-07-03 10:51:09.219 worker_log:613 22569 MainThread [INFO]  All processing finished for executor task 1208
2023-07-03 10:51:10.757 worker_log:584 22569 MainThread [INFO]  Received executor task 1214
2023-07-03 10:51:23.328 worker_log:602 22569 MainThread [INFO]  Completed executor task 1214
2023-07-03 10:51:23.329 worker_log:613 22569 MainThread [INFO]  All processing finished for executor task 1214
2023-07-03 10:54:09.709 worker_log:584 22569 MainThread [INFO]  Received executor task 1221
2023-07-03 10:54:38.521 worker_log:602 22569 MainThread [INFO]  Completed executor task 1221
2023-07-03 10:54:38.521 worker_log:613 22569 MainThread [INFO]  All processing finished for executor task 1221
2023-07-03 10:56:11.694 worker_log:584 22569 MainThread [INFO]  Received executor task 1241
2023-07-03 10:57:34.557 worker_log:602 22569 MainThread [INFO]  Completed executor task 1241
2023-07-03 10:57:34.558 worker_log:613 22569 MainThread [INFO]  All processing finished for executor task 1241
2023-07-03 10:57:40.627 worker_log:584 22569 MainThread [INFO]  Received executor task 1274
2023-07-03 10:57:51.479 worker_log:602 22569 MainThread [INFO]  Completed executor task 1274
2023-07-03 10:57:51.480 worker_log:613 22569 MainThread [INFO]  All processing finished for executor task 1274
2023-07-03 10:57:51.492 worker_log:584 22569 MainThread [INFO]  Received executor task 1277
2023-07-03 10:58:12.945 worker_log:602 22569 MainThread [INFO]  Completed executor task 1277
2023-07-03 10:58:12.946 worker_log:613 22569 MainThread [INFO]  All processing finished for executor task 1277
2023-07-03 10:58:38.710 worker_log:584 22569 MainThread [INFO]  Received executor task 1292
2023-07-03 10:58:51.887 worker_log:602 22569 MainThread [INFO]  Completed executor task 1292
2023-07-03 10:58:51.887 worker_log:613 22569 MainThread [INFO]  All processing finished for executor task 1292
2023-07-03 10:59:06.669 worker_log:584 22569 MainThread [INFO]  Received executor task 1300
2023-07-03 10:59:28.784 worker_log:602 22569 MainThread [INFO]  Completed executor task 1300
2023-07-03 10:59:28.785 worker_log:613 22569 MainThread [INFO]  All processing finished for executor task 1300
2023-07-03 10:59:56.707 worker_log:584 22569 MainThread [INFO]  Received executor task 1316
2023-07-03 11:00:09.380 worker_log:602 22569 MainThread [INFO]  Completed executor task 1316
2023-07-03 11:00:09.381 worker_log:613 22569 MainThread [INFO]  All processing finished for executor task 1316
2023-07-03 11:00:25.739 worker_log:584 22569 MainThread [INFO]  Received executor task 1324
2023-07-03 11:00:57.969 worker_log:602 22569 MainThread [INFO]  Completed executor task 1324
2023-07-03 11:00:57.969 worker_log:613 22569 MainThread [INFO]  All processing finished for executor task 1324
2023-07-03 11:01:54.724 worker_log:584 22569 MainThread [INFO]  Received executor task 1343
2023-07-03 11:02:08.879 worker_log:602 22569 MainThread [INFO]  Completed executor task 1343
2023-07-03 11:02:08.880 worker_log:613 22569 MainThread [INFO]  All processing finished for executor task 1343
2023-07-03 11:02:23.705 worker_log:584 22569 MainThread [INFO]  Received executor task 1357
2023-07-03 11:03:29.039 worker_log:602 22569 MainThread [INFO]  Completed executor task 1357
2023-07-03 11:03:29.040 worker_log:613 22569 MainThread [INFO]  All processing finished for executor task 1357
2023-07-03 11:03:29.053 worker_log:584 22569 MainThread [INFO]  Received executor task 1370
2023-07-03 11:03:43.112 worker_log:602 22569 MainThread [INFO]  Completed executor task 1370
2023-07-03 11:03:43.112 worker_log:613 22569 MainThread [INFO]  All processing finished for executor task 1370
2023-07-03 11:03:43.123 worker_log:584 22569 MainThread [INFO]  Received executor task 1373
2023-07-03 11:04:48.682 worker_log:602 22569 MainThread [INFO]  Completed executor task 1373
2023-07-03 11:04:48.683 worker_log:613 22569 MainThread [INFO]  All processing finished for executor task 1373
2023-07-03 11:05:17.717 worker_log:584 22569 MainThread [INFO]  Received executor task 1412
2023-07-03 11:05:47.423 worker_log:602 22569 MainThread [INFO]  Completed executor task 1412
2023-07-03 11:05:47.424 worker_log:613 22569 MainThread [INFO]  All processing finished for executor task 1412
2023-07-03 11:06:21.700 worker_log:584 22569 MainThread [INFO]  Received executor task 1432
2023-07-03 11:06:44.967 worker_log:602 22569 MainThread [INFO]  Completed executor task 1432
2023-07-03 11:06:44.967 worker_log:613 22569 MainThread [INFO]  All processing finished for executor task 1432
2023-07-03 11:06:50.704 worker_log:584 22569 MainThread [INFO]  Received executor task 1446
2023-07-03 11:07:49.084 worker_log:602 22569 MainThread [INFO]  Completed executor task 1446
2023-07-03 11:07:49.085 worker_log:613 22569 MainThread [INFO]  All processing finished for executor task 1446
2023-07-03 11:08:51.717 worker_log:584 22569 MainThread [INFO]  Received executor task 1466
2023-07-03 11:09:37.780 worker_log:602 22569 MainThread [INFO]  Completed executor task 1466
2023-07-03 11:09:37.780 worker_log:613 22569 MainThread [INFO]  All processing finished for executor task 1466
2023-07-03 11:11:20.713 worker_log:584 22569 MainThread [INFO]  Received executor task 1485
2023-07-03 11:11:32.595 worker_log:602 22569 MainThread [INFO]  Completed executor task 1485
2023-07-03 11:11:32.595 worker_log:613 22569 MainThread [INFO]  All processing finished for executor task 1485
2023-07-03 11:12:31.753 worker_log:584 22569 MainThread [INFO]  Received executor task 1499
2023-07-03 11:12:53.907 worker_log:602 22569 MainThread [INFO]  Completed executor task 1499
2023-07-03 11:12:53.908 worker_log:613 22569 MainThread [INFO]  All processing finished for executor task 1499
2023-07-03 11:14:01.713 worker_log:584 22569 MainThread [INFO]  Received executor task 1514
2023-07-03 11:14:56.675 worker_log:602 22569 MainThread [INFO]  Completed executor task 1514
2023-07-03 11:14:56.676 worker_log:613 22569 MainThread [INFO]  All processing finished for executor task 1514
2023-07-03 11:15:56.708 worker_log:584 22569 MainThread [INFO]  Received executor task 1546
2023-07-03 11:17:26.265 worker_log:602 22569 MainThread [INFO]  Completed executor task 1546
2023-07-03 11:17:26.265 worker_log:613 22569 MainThread [INFO]  All processing finished for executor task 1546
2023-07-03 11:17:26.277 worker_log:584 22569 MainThread [INFO]  Received executor task 1569
2023-07-03 11:17:47.866 worker_log:602 22569 MainThread [INFO]  Completed executor task 1569
2023-07-03 11:17:47.866 worker_log:613 22569 MainThread [INFO]  All processing finished for executor task 1569
2023-07-03 11:18:18.689 worker_log:584 22569 MainThread [INFO]  Received executor task 1585
2023-07-03 11:18:34.566 worker_log:602 22569 MainThread [INFO]  Completed executor task 1585
2023-07-03 11:18:34.566 worker_log:613 22569 MainThread [INFO]  All processing finished for executor task 1585
2023-07-03 11:19:18.712 worker_log:584 22569 MainThread [INFO]  Received executor task 1602
2023-07-03 11:19:28.982 worker_log:602 22569 MainThread [INFO]  Completed executor task 1602
2023-07-03 11:19:28.983 worker_log:613 22569 MainThread [INFO]  All processing finished for executor task 1602
2023-07-03 11:19:45.721 worker_log:584 22569 MainThread [INFO]  Received executor task 1610
2023-07-03 11:20:05.542 worker_log:602 22569 MainThread [INFO]  Completed executor task 1610
2023-07-03 11:20:05.542 worker_log:613 22569 MainThread [INFO]  All processing finished for executor task 1610
2023-07-03 11:21:10.694 worker_log:584 22569 MainThread [INFO]  Received executor task 1625
2023-07-03 11:21:37.347 worker_log:602 22569 MainThread [INFO]  Completed executor task 1625
2023-07-03 11:21:37.348 worker_log:613 22569 MainThread [INFO]  All processing finished for executor task 1625
2023-07-03 11:21:40.712 worker_log:584 22569 MainThread [INFO]  Received executor task 1642
2023-07-03 11:22:04.055 worker_log:602 22569 MainThread [INFO]  Completed executor task 1642
2023-07-03 11:22:04.056 worker_log:613 22569 MainThread [INFO]  All processing finished for executor task 1642
2023-07-03 11:22:09.724 worker_log:584 22569 MainThread [INFO]  Received executor task 1653
2023-07-03 11:22:31.412 worker_log:602 22569 MainThread [INFO]  Completed executor task 1653
2023-07-03 11:22:31.413 worker_log:613 22569 MainThread [INFO]  All processing finished for executor task 1653
2023-07-03 11:23:07.709 worker_log:584 22569 MainThread [INFO]  Received executor task 1662
2023-07-03 11:23:54.866 worker_log:602 22569 MainThread [INFO]  Completed executor task 1662
2023-07-03 11:23:54.866 worker_log:613 22569 MainThread [INFO]  All processing finished for executor task 1662
2023-07-03 11:24:32.720 worker_log:584 22569 MainThread [INFO]  Received executor task 1692
2023-07-03 11:24:47.394 worker_log:602 22569 MainThread [INFO]  Completed executor task 1692
2023-07-03 11:24:47.395 worker_log:613 22569 MainThread [INFO]  All processing finished for executor task 1692
2023-07-03 11:25:30.733 worker_log:584 22569 MainThread [INFO]  Received executor task 1708
2023-07-03 11:26:02.640 worker_log:602 22569 MainThread [INFO]  Completed executor task 1708
2023-07-03 11:26:02.640 worker_log:613 22569 MainThread [INFO]  All processing finished for executor task 1708
2023-07-03 11:27:02.704 worker_log:584 22569 MainThread [INFO]  Received executor task 1724
2023-07-03 11:27:27.490 worker_log:602 22569 MainThread [INFO]  Completed executor task 1724
2023-07-03 11:27:27.491 worker_log:613 22569 MainThread [INFO]  All processing finished for executor task 1724
2023-07-03 11:28:02.710 worker_log:584 22569 MainThread [INFO]  Received executor task 1743
2023-07-03 11:28:42.696 worker_log:602 22569 MainThread [INFO]  Completed executor task 1743
2023-07-03 11:28:42.697 worker_log:613 22569 MainThread [INFO]  All processing finished for executor task 1743
2023-07-03 11:28:42.708 worker_log:584 22569 MainThread [INFO]  Received executor task 1756
2023-07-03 11:29:06.875 worker_log:602 22569 MainThread [INFO]  Completed executor task 1756
2023-07-03 11:29:06.875 worker_log:613 22569 MainThread [INFO]  All processing finished for executor task 1756
2023-07-03 11:29:06.886 worker_log:584 22569 MainThread [INFO]  Received executor task 1768
2023-07-03 11:29:26.961 worker_log:602 22569 MainThread [INFO]  Completed executor task 1768
2023-07-03 11:29:26.962 worker_log:613 22569 MainThread [INFO]  All processing finished for executor task 1768
2023-07-03 11:30:00.688 worker_log:584 22569 MainThread [INFO]  Received executor task 1781
2023-07-03 11:30:10.751 worker_log:602 22569 MainThread [INFO]  Completed executor task 1781
2023-07-03 11:30:10.752 worker_log:613 22569 MainThread [INFO]  All processing finished for executor task 1781
2023-07-03 11:32:58.698 worker_log:584 22569 MainThread [INFO]  Received executor task 1796
2023-07-03 11:33:54.495 worker_log:602 22569 MainThread [INFO]  Completed executor task 1796
2023-07-03 11:33:54.495 worker_log:613 22569 MainThread [INFO]  All processing finished for executor task 1796
2023-07-03 11:34:01.713 worker_log:584 22569 MainThread [INFO]  Received executor task 1817
2023-07-03 11:34:32.250 worker_log:602 22569 MainThread [INFO]  Completed executor task 1817
2023-07-03 11:34:32.250 worker_log:613 22569 MainThread [INFO]  All processing finished for executor task 1817
2023-07-03 11:34:32.262 worker_log:584 22569 MainThread [INFO]  Received executor task 1830
2023-07-03 11:35:04.740 worker_log:602 22569 MainThread [INFO]  Completed executor task 1830
2023-07-03 11:35:04.740 worker_log:613 22569 MainThread [INFO]  All processing finished for executor task 1830
2023-07-03 11:36:00.698 worker_log:584 22569 MainThread [INFO]  Received executor task 1846
2023-07-03 11:37:15.514 worker_log:602 22569 MainThread [INFO]  Completed executor task 1846
2023-07-03 11:37:15.514 worker_log:613 22569 MainThread [INFO]  All processing finished for executor task 1846
2023-07-03 11:37:26.724 worker_log:584 22569 MainThread [INFO]  Received executor task 1867
2023-07-03 11:38:08.588 worker_log:602 22569 MainThread [INFO]  Completed executor task 1867
2023-07-03 11:38:08.588 worker_log:613 22569 MainThread [INFO]  All processing finished for executor task 1867
2023-07-03 11:38:23.679 worker_log:584 22569 MainThread [INFO]  Received executor task 1883
2023-07-03 11:38:51.514 worker_log:602 22569 MainThread [INFO]  Completed executor task 1883
2023-07-03 11:38:51.514 worker_log:613 22569 MainThread [INFO]  All processing finished for executor task 1883
2023-07-03 11:38:51.708 worker_log:584 22569 MainThread [INFO]  Received executor task 1899
2023-07-03 11:39:37.769 worker_log:602 22569 MainThread [INFO]  Completed executor task 1899
2023-07-03 11:39:37.770 worker_log:613 22569 MainThread [INFO]  All processing finished for executor task 1899
2023-07-03 11:39:37.781 worker_log:584 22569 MainThread [INFO]  Received executor task 1912
2023-07-03 11:39:58.852 worker_log:602 22569 MainThread [INFO]  Completed executor task 1912
2023-07-03 11:39:58.852 worker_log:613 22569 MainThread [INFO]  All processing finished for executor task 1912
2023-07-03 11:40:28.714 worker_log:584 22569 MainThread [INFO]  Received executor task 1922
2023-07-03 11:41:00.218 worker_log:602 22569 MainThread [INFO]  Completed executor task 1922
2023-07-03 11:41:00.218 worker_log:613 22569 MainThread [INFO]  All processing finished for executor task 1922
2023-07-03 11:41:26.814 worker_log:584 22569 MainThread [INFO]  Received executor task 1938
2023-07-03 11:41:41.625 worker_log:602 22569 MainThread [INFO]  Completed executor task 1938
2023-07-03 11:41:41.625 worker_log:613 22569 MainThread [INFO]  All processing finished for executor task 1938
2023-07-03 11:42:23.684 worker_log:584 22569 MainThread [INFO]  Received executor task 1955
2023-07-03 11:42:28.737 worker_log:602 22569 MainThread [INFO]  Completed executor task 1955
2023-07-03 11:42:28.737 worker_log:613 22569 MainThread [INFO]  All processing finished for executor task 1955
2023-07-03 11:42:53.720 worker_log:584 22569 MainThread [INFO]  Received executor task 1967
2023-07-03 11:43:15.822 worker_log:602 22569 MainThread [INFO]  Completed executor task 1967
2023-07-03 11:43:15.822 worker_log:613 22569 MainThread [INFO]  All processing finished for executor task 1967
2023-07-03 11:43:27.695 worker_log:584 22569 MainThread [INFO]  Received executor task 1984
2023-07-03 11:43:48.820 worker_log:602 22569 MainThread [INFO]  Completed executor task 1984
2023-07-03 11:43:48.820 worker_log:613 22569 MainThread [INFO]  All processing finished for executor task 1984
2023-07-03 11:43:56.714 worker_log:584 22569 MainThread [INFO]  Received executor task 1994
2023-07-03 11:44:12.717 worker_log:602 22569 MainThread [INFO]  Completed executor task 1994
2023-07-03 11:44:12.718 worker_log:613 22569 MainThread [INFO]  All processing finished for executor task 1994
2023-07-03 11:45:21.723 worker_log:584 22569 MainThread [INFO]  Received executor task 2009
2023-07-03 11:45:44.150 worker_log:602 22569 MainThread [INFO]  Completed executor task 2009
2023-07-03 11:45:44.151 worker_log:613 22569 MainThread [INFO]  All processing finished for executor task 2009
2023-07-03 11:46:45.660 worker_log:584 22569 MainThread [INFO]  Received executor task 2025
2023-07-03 11:48:12.775 worker_log:602 22569 MainThread [INFO]  Completed executor task 2025
2023-07-03 11:48:12.775 worker_log:613 22569 MainThread [INFO]  All processing finished for executor task 2025
2023-07-03 11:48:38.683 worker_log:584 22569 MainThread [INFO]  Received executor task 2058
2023-07-03 11:49:47.905 worker_log:602 22569 MainThread [INFO]  Completed executor task 2058
2023-07-03 11:49:47.906 worker_log:613 22569 MainThread [INFO]  All processing finished for executor task 2058
2023-07-03 11:50:33.700 worker_log:584 22569 MainThread [INFO]  Received executor task 2075
2023-07-03 11:51:22.654 worker_log:602 22569 MainThread [INFO]  Completed executor task 2075
2023-07-03 11:51:22.654 worker_log:613 22569 MainThread [INFO]  All processing finished for executor task 2075
2023-07-03 11:51:32.727 worker_log:584 22569 MainThread [INFO]  Received executor task 2087
2023-07-03 11:52:33.081 worker_log:602 22569 MainThread [INFO]  Completed executor task 2087
2023-07-03 11:52:33.082 worker_log:613 22569 MainThread [INFO]  All processing finished for executor task 2087
2023-07-03 11:53:44.695 worker_log:584 22569 MainThread [INFO]  Received executor task 2116
2023-07-03 11:54:01.978 worker_log:602 22569 MainThread [INFO]  Completed executor task 2116
2023-07-03 11:54:01.978 worker_log:613 22569 MainThread [INFO]  All processing finished for executor task 2116
2023-07-03 11:54:13.895 worker_log:584 22569 MainThread [INFO]  Received executor task 2133
2023-07-03 11:54:37.681 worker_log:602 22569 MainThread [INFO]  Completed executor task 2133
2023-07-03 11:54:37.681 worker_log:613 22569 MainThread [INFO]  All processing finished for executor task 2133
2023-07-03 11:54:50.756 worker_log:584 22569 MainThread [INFO]  Received executor task 2144
2023-07-03 11:55:12.932 worker_log:602 22569 MainThread [INFO]  Completed executor task 2144
2023-07-03 11:55:12.932 worker_log:613 22569 MainThread [INFO]  All processing finished for executor task 2144
2023-07-03 11:55:48.701 worker_log:584 22569 MainThread [INFO]  Received executor task 2156
2023-07-03 11:56:15.788 worker_log:602 22569 MainThread [INFO]  Completed executor task 2156
2023-07-03 11:56:15.789 worker_log:613 22569 MainThread [INFO]  All processing finished for executor task 2156
2023-07-03 11:57:17.722 worker_log:584 22569 MainThread [INFO]  Received executor task 2174
2023-07-03 11:57:37.093 worker_log:602 22569 MainThread [INFO]  Completed executor task 2174
2023-07-03 11:57:37.093 worker_log:613 22569 MainThread [INFO]  All processing finished for executor task 2174
2023-07-03 11:57:44.724 worker_log:584 22569 MainThread [INFO]  Received executor task 2185
2023-07-03 11:58:08.810 worker_log:602 22569 MainThread [INFO]  Completed executor task 2185
2023-07-03 11:58:08.810 worker_log:613 22569 MainThread [INFO]  All processing finished for executor task 2185
2023-07-03 11:58:43.710 worker_log:584 22569 MainThread [INFO]  Received executor task 2201
2023-07-03 11:59:42.030 worker_log:602 22569 MainThread [INFO]  Completed executor task 2201
2023-07-03 11:59:42.031 worker_log:613 22569 MainThread [INFO]  All processing finished for executor task 2201
2023-07-03 12:00:07.738 worker_log:584 22569 MainThread [INFO]  Received executor task 2225
2023-07-03 12:00:19.946 worker_log:602 22569 MainThread [INFO]  Completed executor task 2225
2023-07-03 12:00:19.946 worker_log:613 22569 MainThread [INFO]  All processing finished for executor task 2225
2023-07-03 12:00:36.839 worker_log:584 22569 MainThread [INFO]  Received executor task 2242
2023-07-03 12:00:55.669 worker_log:602 22569 MainThread [INFO]  Completed executor task 2242
2023-07-03 12:00:55.669 worker_log:613 22569 MainThread [INFO]  All processing finished for executor task 2242
2023-07-03 12:01:36.701 worker_log:584 22569 MainThread [INFO]  Received executor task 2257
2023-07-03 12:02:31.003 worker_log:602 22569 MainThread [INFO]  Completed executor task 2257
2023-07-03 12:02:31.003 worker_log:613 22569 MainThread [INFO]  All processing finished for executor task 2257
2023-07-03 12:03:03.762 worker_log:584 22569 MainThread [INFO]  Received executor task 2277
2023-07-03 12:04:02.710 worker_log:602 22569 MainThread [INFO]  Completed executor task 2277
2023-07-03 12:04:02.711 worker_log:613 22569 MainThread [INFO]  All processing finished for executor task 2277
2023-07-03 12:04:30.706 worker_log:584 22569 MainThread [INFO]  Received executor task 2297
2023-07-03 12:05:13.914 worker_log:602 22569 MainThread [INFO]  Completed executor task 2297
2023-07-03 12:05:13.915 worker_log:613 22569 MainThread [INFO]  All processing finished for executor task 2297
2023-07-03 12:06:52.667 worker_log:584 22569 MainThread [INFO]  Received executor task 2314
2023-07-03 12:07:10.400 worker_log:602 22569 MainThread [INFO]  Completed executor task 2314
2023-07-03 12:07:10.401 worker_log:613 22569 MainThread [INFO]  All processing finished for executor task 2314
2023-07-03 12:08:17.698 worker_log:584 22569 MainThread [INFO]  Received executor task 2331
2023-07-03 12:09:00.335 worker_log:602 22569 MainThread [INFO]  Completed executor task 2331
2023-07-03 12:09:00.335 worker_log:613 22569 MainThread [INFO]  All processing finished for executor task 2331
2023-07-03 12:09:16.704 worker_log:584 22569 MainThread [INFO]  Received executor task 2345
2023-07-03 12:09:38.683 worker_log:602 22569 MainThread [INFO]  Completed executor task 2345
2023-07-03 12:09:38.684 worker_log:613 22569 MainThread [INFO]  All processing finished for executor task 2345
2023-07-03 12:10:14.734 worker_log:584 22569 MainThread [INFO]  Received executor task 2361
2023-07-03 12:10:22.506 worker_log:602 22569 MainThread [INFO]  Completed executor task 2361
2023-07-03 12:10:22.507 worker_log:613 22569 MainThread [INFO]  All processing finished for executor task 2361
2023-07-03 12:11:12.709 worker_log:584 22569 MainThread [INFO]  Received executor task 2372
2023-07-03 12:11:25.573 worker_log:602 22569 MainThread [INFO]  Completed executor task 2372
2023-07-03 12:11:25.574 worker_log:613 22569 MainThread [INFO]  All processing finished for executor task 2372
2023-07-03 12:11:47.731 worker_log:584 22569 MainThread [INFO]  Received executor task 2382
2023-07-03 12:12:03.081 worker_log:602 22569 MainThread [INFO]  Completed executor task 2382
2023-07-03 12:12:03.081 worker_log:613 22569 MainThread [INFO]  All processing finished for executor task 2382
2023-07-03 12:12:44.711 worker_log:584 22569 MainThread [INFO]  Received executor task 2395
2023-07-03 12:12:58.752 worker_log:602 22569 MainThread [INFO]  Completed executor task 2395
2023-07-03 12:12:58.752 worker_log:613 22569 MainThread [INFO]  All processing finished for executor task 2395
2023-07-03 12:16:32.698 worker_log:584 22569 MainThread [INFO]  Received executor task 2409
2023-07-03 12:17:01.974 worker_log:602 22569 MainThread [INFO]  Completed executor task 2409
2023-07-03 12:17:01.975 worker_log:613 22569 MainThread [INFO]  All processing finished for executor task 2409
2023-07-03 12:17:33.705 worker_log:584 22569 MainThread [INFO]  Received executor task 2429
2023-07-03 12:18:00.877 worker_log:602 22569 MainThread [INFO]  Completed executor task 2429
2023-07-03 12:18:00.878 worker_log:613 22569 MainThread [INFO]  All processing finished for executor task 2429
2023-07-03 12:18:02.729 worker_log:584 22569 MainThread [INFO]  Received executor task 2441
2023-07-03 12:18:40.372 worker_log:602 22569 MainThread [INFO]  Completed executor task 2441
2023-07-03 12:18:40.372 worker_log:613 22569 MainThread [INFO]  All processing finished for executor task 2441
2023-07-03 12:18:40.384 worker_log:584 22569 MainThread [INFO]  Received executor task 2453
2023-07-03 12:19:09.998 worker_log:602 22569 MainThread [INFO]  Completed executor task 2453
2023-07-03 12:19:09.999 worker_log:613 22569 MainThread [INFO]  All processing finished for executor task 2453
2023-07-03 12:19:29.709 worker_log:584 22569 MainThread [INFO]  Received executor task 2466
2023-07-03 12:19:34.861 worker_log:602 22569 MainThread [INFO]  Completed executor task 2466
2023-07-03 12:19:34.861 worker_log:613 22569 MainThread [INFO]  All processing finished for executor task 2466
2023-07-03 12:19:57.736 worker_log:584 22569 MainThread [INFO]  Received executor task 2477
2023-07-03 12:20:22.154 worker_log:602 22569 MainThread [INFO]  Completed executor task 2477
2023-07-03 12:20:22.154 worker_log:613 22569 MainThread [INFO]  All processing finished for executor task 2477
2023-07-03 12:21:01.700 worker_log:584 22569 MainThread [INFO]  Received executor task 2497
2023-07-03 12:21:26.916 worker_log:602 22569 MainThread [INFO]  Completed executor task 2497
2023-07-03 12:21:26.916 worker_log:613 22569 MainThread [INFO]  All processing finished for executor task 2497
2023-07-03 12:21:58.738 worker_log:584 22569 MainThread [INFO]  Received executor task 2515
2023-07-03 12:22:16.950 worker_log:602 22569 MainThread [INFO]  Completed executor task 2515
2023-07-03 12:22:16.951 worker_log:613 22569 MainThread [INFO]  All processing finished for executor task 2515
2023-07-03 12:23:44.722 worker_log:584 22569 MainThread [INFO]  Received executor task 2536
2023-07-03 12:24:25.121 worker_log:602 22569 MainThread [INFO]  Completed executor task 2536
2023-07-03 12:24:25.121 worker_log:613 22569 MainThread [INFO]  All processing finished for executor task 2536
2023-07-03 12:24:41.690 worker_log:584 22569 MainThread [INFO]  Received executor task 2554
2023-07-03 12:24:55.052 worker_log:602 22569 MainThread [INFO]  Completed executor task 2554
2023-07-03 12:24:55.052 worker_log:613 22569 MainThread [INFO]  All processing finished for executor task 2554
2023-07-03 12:24:55.064 worker_log:584 22569 MainThread [INFO]  Received executor task 2562
2023-07-03 12:25:04.006 worker_log:602 22569 MainThread [INFO]  Completed executor task 2562
2023-07-03 12:25:04.007 worker_log:613 22569 MainThread [INFO]  All processing finished for executor task 2562
2023-07-03 12:25:09.710 worker_log:584 22569 MainThread [INFO]  Received executor task 2570
2023-07-03 12:25:40.616 worker_log:602 22569 MainThread [INFO]  Completed executor task 2570
2023-07-03 12:25:40.617 worker_log:613 22569 MainThread [INFO]  All processing finished for executor task 2570
2023-07-03 12:27:03.736 worker_log:584 22569 MainThread [INFO]  Received executor task 2583
2023-07-03 12:27:33.990 worker_log:602 22569 MainThread [INFO]  Completed executor task 2583
2023-07-03 12:27:33.990 worker_log:613 22569 MainThread [INFO]  All processing finished for executor task 2583
2023-07-03 12:27:34.002 worker_log:584 22569 MainThread [INFO]  Received executor task 2592
2023-07-03 12:28:11.064 worker_log:602 22569 MainThread [INFO]  Completed executor task 2592
2023-07-03 12:28:11.065 worker_log:613 22569 MainThread [INFO]  All processing finished for executor task 2592
2023-07-03 12:29:26.663 worker_log:584 22569 MainThread [INFO]  Received executor task 2604
2023-07-03 12:29:45.500 worker_log:602 22569 MainThread [INFO]  Completed executor task 2604
2023-07-03 12:29:45.500 worker_log:613 22569 MainThread [INFO]  All processing finished for executor task 2604
2023-07-03 12:30:24.807 worker_log:584 22569 MainThread [INFO]  Received executor task 2617
2023-07-03 12:31:00.926 worker_log:602 22569 MainThread [INFO]  Completed executor task 2617
2023-07-03 12:31:00.927 worker_log:613 22569 MainThread [INFO]  All processing finished for executor task 2617
2023-07-03 12:31:00.938 worker_log:584 22569 MainThread [INFO]  Received executor task 2632
2023-07-03 12:31:13.543 worker_log:602 22569 MainThread [INFO]  Completed executor task 2632
2023-07-03 12:31:13.543 worker_log:613 22569 MainThread [INFO]  All processing finished for executor task 2632
2023-07-03 12:31:50.701 worker_log:584 22569 MainThread [INFO]  Received executor task 2641
2023-07-03 12:32:31.031 worker_log:602 22569 MainThread [INFO]  Completed executor task 2641
2023-07-03 12:32:31.032 worker_log:613 22569 MainThread [INFO]  All processing finished for executor task 2641
2023-07-03 12:33:13.694 worker_log:584 22569 MainThread [INFO]  Received executor task 2657
2023-07-03 12:33:45.374 worker_log:602 22569 MainThread [INFO]  Completed executor task 2657
2023-07-03 12:33:45.375 worker_log:613 22569 MainThread [INFO]  All processing finished for executor task 2657
2023-07-03 12:33:45.387 worker_log:584 22569 MainThread [INFO]  Received executor task 2673
2023-07-03 12:34:44.034 worker_log:602 22569 MainThread [INFO]  Completed executor task 2673
2023-07-03 12:34:44.035 worker_log:613 22569 MainThread [INFO]  All processing finished for executor task 2673
2023-07-03 12:35:40.722 worker_log:584 22569 MainThread [INFO]  Received executor task 2687
2023-07-03 12:35:52.528 worker_log:602 22569 MainThread [INFO]  Completed executor task 2687
2023-07-03 12:35:52.529 worker_log:613 22569 MainThread [INFO]  All processing finished for executor task 2687
2023-07-03 12:36:36.981 worker_log:584 22569 MainThread [INFO]  Received executor task 2696
2023-07-03 12:37:42.315 worker_log:602 22569 MainThread [INFO]  Completed executor task 2696
2023-07-03 12:37:42.316 worker_log:613 22569 MainThread [INFO]  All processing finished for executor task 2696
2023-07-03 12:38:59.686 worker_log:584 22569 MainThread [INFO]  Received executor task 2714
2023-07-03 12:39:11.250 worker_log:602 22569 MainThread [INFO]  Completed executor task 2714
2023-07-03 12:39:11.250 worker_log:613 22569 MainThread [INFO]  All processing finished for executor task 2714
2023-07-03 12:39:26.711 worker_log:584 22569 MainThread [INFO]  Received executor task 2725
2023-07-03 12:39:40.173 worker_log:602 22569 MainThread [INFO]  Completed executor task 2725
2023-07-03 12:39:40.174 worker_log:613 22569 MainThread [INFO]  All processing finished for executor task 2725
2023-07-03 12:40:52.704 worker_log:584 22569 MainThread [INFO]  Received executor task 2742
2023-07-03 12:41:11.697 worker_log:602 22569 MainThread [INFO]  Completed executor task 2742
2023-07-03 12:41:11.697 worker_log:613 22569 MainThread [INFO]  All processing finished for executor task 2742
2023-07-03 12:42:16.692 worker_log:584 22569 MainThread [INFO]  Received executor task 2760
2023-07-03 12:43:10.765 worker_log:602 22569 MainThread [INFO]  Completed executor task 2760
2023-07-03 12:43:10.765 worker_log:613 22569 MainThread [INFO]  All processing finished for executor task 2760
2023-07-03 12:44:18.714 worker_log:584 22569 MainThread [INFO]  Received executor task 2784
2023-07-03 12:45:08.205 worker_log:602 22569 MainThread [INFO]  Completed executor task 2784
2023-07-03 12:45:08.206 worker_log:613 22569 MainThread [INFO]  All processing finished for executor task 2784
