2023-07-03 09:08:17.500 worker_log:538 22566 MainThread [INFO]  Worker 7 started
2023-07-03 09:09:36.785 worker_log:584 22566 MainThread [INFO]  Received executor task 8
2023-07-03 09:09:48.603 worker_log:602 22566 MainThread [INFO]  Completed executor task 8
2023-07-03 09:09:48.604 worker_log:613 22566 MainThread [INFO]  All processing finished for executor task 8
2023-07-03 09:10:01.818 worker_log:584 22566 MainThread [INFO]  Received executor task 19
2023-07-03 09:10:45.763 worker_log:602 22566 MainThread [INFO]  Completed executor task 19
2023-07-03 09:10:45.763 worker_log:613 22566 MainThread [INFO]  All processing finished for executor task 19
2023-07-03 09:11:06.669 worker_log:584 22566 MainThread [INFO]  Received executor task 33
2023-07-03 09:12:00.956 worker_log:602 22566 MainThread [INFO]  Completed executor task 33
2023-07-03 09:12:00.957 worker_log:613 22566 MainThread [INFO]  All processing finished for executor task 33
2023-07-03 09:12:00.968 worker_log:584 22566 MainThread [INFO]  Received executor task 48
2023-07-03 09:12:41.075 worker_log:602 22566 MainThread [INFO]  Completed executor task 48
2023-07-03 09:12:41.076 worker_log:613 22566 MainThread [INFO]  All processing finished for executor task 48
2023-07-03 09:12:57.687 worker_log:584 22566 MainThread [INFO]  Received executor task 62
2023-07-03 09:13:09.040 worker_log:602 22566 MainThread [INFO]  Completed executor task 62
2023-07-03 09:13:09.041 worker_log:613 22566 MainThread [INFO]  All processing finished for executor task 62
2023-07-03 09:13:29.704 worker_log:584 22566 MainThread [INFO]  Received executor task 71
2023-07-03 09:14:12.675 worker_log:602 22566 MainThread [INFO]  Completed executor task 71
2023-07-03 09:14:12.676 worker_log:613 22566 MainThread [INFO]  All processing finished for executor task 71
2023-07-03 09:15:31.700 worker_log:584 22566 MainThread [INFO]  Received executor task 91
2023-07-03 09:15:55.888 worker_log:602 22566 MainThread [INFO]  Completed executor task 91
2023-07-03 09:15:55.888 worker_log:613 22566 MainThread [INFO]  All processing finished for executor task 91
2023-07-03 09:16:06.703 worker_log:584 22566 MainThread [INFO]  Received executor task 103
2023-07-03 09:16:27.734 worker_log:602 22566 MainThread [INFO]  Completed executor task 103
2023-07-03 09:16:27.734 worker_log:613 22566 MainThread [INFO]  All processing finished for executor task 103
2023-07-03 09:17:07.681 worker_log:584 22566 MainThread [INFO]  Received executor task 112
2023-07-03 09:17:22.354 worker_log:602 22566 MainThread [INFO]  Completed executor task 112
2023-07-03 09:17:22.354 worker_log:613 22566 MainThread [INFO]  All processing finished for executor task 112
2023-07-03 09:17:38.680 worker_log:584 22566 MainThread [INFO]  Received executor task 128
2023-07-03 09:18:13.278 worker_log:602 22566 MainThread [INFO]  Completed executor task 128
2023-07-03 09:18:13.278 worker_log:613 22566 MainThread [INFO]  All processing finished for executor task 128
2023-07-03 09:20:07.795 worker_log:584 22566 MainThread [INFO]  Received executor task 141
2023-07-03 09:21:30.131 worker_log:602 22566 MainThread [INFO]  Completed executor task 141
2023-07-03 09:21:30.131 worker_log:613 22566 MainThread [INFO]  All processing finished for executor task 141
2023-07-03 09:24:37.752 worker_log:584 22566 MainThread [INFO]  Received executor task 162
2023-07-03 09:25:31.672 worker_log:602 22566 MainThread [INFO]  Completed executor task 162
2023-07-03 09:25:31.672 worker_log:613 22566 MainThread [INFO]  All processing finished for executor task 162
2023-07-03 09:25:35.739 worker_log:584 22566 MainThread [INFO]  Received executor task 180
2023-07-03 09:26:04.555 worker_log:602 22566 MainThread [INFO]  Completed executor task 180
2023-07-03 09:26:04.556 worker_log:613 22566 MainThread [INFO]  All processing finished for executor task 180
2023-07-03 09:26:34.702 worker_log:584 22566 MainThread [INFO]  Received executor task 192
2023-07-03 09:27:11.433 worker_log:602 22566 MainThread [INFO]  Completed executor task 192
2023-07-03 09:27:11.434 worker_log:613 22566 MainThread [INFO]  All processing finished for executor task 192
2023-07-03 09:27:34.694 worker_log:584 22566 MainThread [INFO]  Received executor task 211
2023-07-03 09:27:45.364 worker_log:602 22566 MainThread [INFO]  Completed executor task 211
2023-07-03 09:27:45.365 worker_log:613 22566 MainThread [INFO]  All processing finished for executor task 211
2023-07-03 09:28:01.697 worker_log:584 22566 MainThread [INFO]  Received executor task 226
2023-07-03 09:30:34.323 worker_log:602 22566 MainThread [INFO]  Completed executor task 226
2023-07-03 09:30:34.324 worker_log:613 22566 MainThread [INFO]  All processing finished for executor task 226
2023-07-03 09:33:25.708 worker_log:584 22566 MainThread [INFO]  Received executor task 265
2023-07-03 09:33:41.014 worker_log:602 22566 MainThread [INFO]  Completed executor task 265
2023-07-03 09:33:41.014 worker_log:613 22566 MainThread [INFO]  All processing finished for executor task 265
2023-07-03 09:33:54.697 worker_log:584 22566 MainThread [INFO]  Received executor task 276
2023-07-03 09:34:33.279 worker_log:602 22566 MainThread [INFO]  Completed executor task 276
2023-07-03 09:34:33.280 worker_log:613 22566 MainThread [INFO]  All processing finished for executor task 276
2023-07-03 09:34:54.697 worker_log:584 22566 MainThread [INFO]  Received executor task 293
2023-07-03 09:35:34.151 worker_log:602 22566 MainThread [INFO]  Completed executor task 293
2023-07-03 09:35:34.152 worker_log:613 22566 MainThread [INFO]  All processing finished for executor task 293
2023-07-03 09:36:49.763 worker_log:584 22566 MainThread [INFO]  Received executor task 310
2023-07-03 09:37:18.807 worker_log:602 22566 MainThread [INFO]  Completed executor task 310
2023-07-03 09:37:18.808 worker_log:613 22566 MainThread [INFO]  All processing finished for executor task 310
2023-07-03 09:37:46.691 worker_log:584 22566 MainThread [INFO]  Received executor task 330
2023-07-03 09:38:26.386 worker_log:602 22566 MainThread [INFO]  Completed executor task 330
2023-07-03 09:38:26.386 worker_log:613 22566 MainThread [INFO]  All processing finished for executor task 330
2023-07-03 09:39:18.703 worker_log:584 22566 MainThread [INFO]  Received executor task 345
2023-07-03 09:39:35.360 worker_log:602 22566 MainThread [INFO]  Completed executor task 345
2023-07-03 09:39:35.360 worker_log:613 22566 MainThread [INFO]  All processing finished for executor task 345
2023-07-03 09:39:48.701 worker_log:584 22566 MainThread [INFO]  Received executor task 357
2023-07-03 09:40:42.994 worker_log:602 22566 MainThread [INFO]  Completed executor task 357
2023-07-03 09:40:42.995 worker_log:613 22566 MainThread [INFO]  All processing finished for executor task 357
2023-07-03 09:42:38.688 worker_log:584 22566 MainThread [INFO]  Received executor task 372
2023-07-03 09:44:46.860 worker_log:602 22566 MainThread [INFO]  Completed executor task 372
2023-07-03 09:44:46.860 worker_log:613 22566 MainThread [INFO]  All processing finished for executor task 372
2023-07-03 09:46:09.702 worker_log:584 22566 MainThread [INFO]  Received executor task 403
2023-07-03 09:46:46.467 worker_log:602 22566 MainThread [INFO]  Completed executor task 403
2023-07-03 09:46:46.468 worker_log:613 22566 MainThread [INFO]  All processing finished for executor task 403
2023-07-03 09:47:39.711 worker_log:584 22566 MainThread [INFO]  Received executor task 419
2023-07-03 09:48:52.318 worker_log:602 22566 MainThread [INFO]  Completed executor task 419
2023-07-03 09:48:52.319 worker_log:613 22566 MainThread [INFO]  All processing finished for executor task 419
2023-07-03 09:49:08.707 worker_log:584 22566 MainThread [INFO]  Received executor task 442
2023-07-03 09:49:26.169 worker_log:602 22566 MainThread [INFO]  Completed executor task 442
2023-07-03 09:49:26.169 worker_log:613 22566 MainThread [INFO]  All processing finished for executor task 442
2023-07-03 09:49:37.684 worker_log:584 22566 MainThread [INFO]  Received executor task 457
2023-07-03 09:50:26.772 worker_log:602 22566 MainThread [INFO]  Completed executor task 457
2023-07-03 09:50:26.772 worker_log:613 22566 MainThread [INFO]  All processing finished for executor task 457
2023-07-03 09:50:37.696 worker_log:584 22566 MainThread [INFO]  Received executor task 474
2023-07-03 09:50:57.909 worker_log:602 22566 MainThread [INFO]  Completed executor task 474
2023-07-03 09:50:57.909 worker_log:613 22566 MainThread [INFO]  All processing finished for executor task 474
2023-07-03 09:51:06.713 worker_log:584 22566 MainThread [INFO]  Received executor task 484
2023-07-03 09:51:20.428 worker_log:602 22566 MainThread [INFO]  Completed executor task 484
2023-07-03 09:51:20.428 worker_log:613 22566 MainThread [INFO]  All processing finished for executor task 484
2023-07-03 09:51:34.703 worker_log:584 22566 MainThread [INFO]  Received executor task 490
2023-07-03 09:51:47.617 worker_log:602 22566 MainThread [INFO]  Completed executor task 490
2023-07-03 09:51:47.618 worker_log:613 22566 MainThread [INFO]  All processing finished for executor task 490
2023-07-03 09:52:04.707 worker_log:584 22566 MainThread [INFO]  Received executor task 504
2023-07-03 09:52:42.725 worker_log:602 22566 MainThread [INFO]  Completed executor task 504
2023-07-03 09:52:42.725 worker_log:613 22566 MainThread [INFO]  All processing finished for executor task 504
2023-07-03 09:53:33.700 worker_log:584 22566 MainThread [INFO]  Received executor task 521
2023-07-03 09:55:02.933 worker_log:602 22566 MainThread [INFO]  Completed executor task 521
2023-07-03 09:55:02.933 worker_log:613 22566 MainThread [INFO]  All processing finished for executor task 521
2023-07-03 09:56:06.716 worker_log:584 22566 MainThread [INFO]  Received executor task 542
2023-07-03 09:56:52.263 worker_log:602 22566 MainThread [INFO]  Completed executor task 542
2023-07-03 09:56:52.263 worker_log:613 22566 MainThread [INFO]  All processing finished for executor task 542
2023-07-03 09:56:52.274 worker_log:584 22566 MainThread [INFO]  Received executor task 553
2023-07-03 09:57:39.335 worker_log:602 22566 MainThread [INFO]  Completed executor task 553
2023-07-03 09:57:39.335 worker_log:613 22566 MainThread [INFO]  All processing finished for executor task 553
2023-07-03 09:57:41.713 worker_log:584 22566 MainThread [INFO]  Received executor task 573
2023-07-03 09:57:56.471 worker_log:602 22566 MainThread [INFO]  Completed executor task 573
2023-07-03 09:57:56.471 worker_log:613 22566 MainThread [INFO]  All processing finished for executor task 573
2023-07-03 09:58:40.702 worker_log:584 22566 MainThread [INFO]  Received executor task 580
2023-07-03 09:59:09.346 worker_log:602 22566 MainThread [INFO]  Completed executor task 580
2023-07-03 09:59:09.346 worker_log:613 22566 MainThread [INFO]  All processing finished for executor task 580
2023-07-03 10:01:51.720 worker_log:584 22566 MainThread [INFO]  Received executor task 596
2023-07-03 10:02:53.920 worker_log:602 22566 MainThread [INFO]  Completed executor task 596
2023-07-03 10:02:53.920 worker_log:613 22566 MainThread [INFO]  All processing finished for executor task 596
2023-07-03 10:04:19.678 worker_log:584 22566 MainThread [INFO]  Received executor task 621
2023-07-03 10:04:28.551 worker_log:602 22566 MainThread [INFO]  Completed executor task 621
2023-07-03 10:04:28.552 worker_log:613 22566 MainThread [INFO]  All processing finished for executor task 621
2023-07-03 10:04:49.697 worker_log:584 22566 MainThread [INFO]  Received executor task 638
2023-07-03 10:05:19.107 worker_log:602 22566 MainThread [INFO]  Completed executor task 638
2023-07-03 10:05:19.107 worker_log:613 22566 MainThread [INFO]  All processing finished for executor task 638
2023-07-03 10:06:24.838 worker_log:584 22566 MainThread [INFO]  Received executor task 651
2023-07-03 10:06:41.296 worker_log:602 22566 MainThread [INFO]  Completed executor task 651
2023-07-03 10:06:41.296 worker_log:613 22566 MainThread [INFO]  All processing finished for executor task 651
2023-07-03 10:06:54.711 worker_log:584 22566 MainThread [INFO]  Received executor task 665
2023-07-03 10:07:19.729 worker_log:602 22566 MainThread [INFO]  Completed executor task 665
2023-07-03 10:07:19.729 worker_log:613 22566 MainThread [INFO]  All processing finished for executor task 665
2023-07-03 10:07:53.692 worker_log:584 22566 MainThread [INFO]  Received executor task 676
2023-07-03 10:08:23.222 worker_log:602 22566 MainThread [INFO]  Completed executor task 676
2023-07-03 10:08:23.222 worker_log:613 22566 MainThread [INFO]  All processing finished for executor task 676
2023-07-03 10:09:23.684 worker_log:584 22566 MainThread [INFO]  Received executor task 686
2023-07-03 10:09:43.606 worker_log:602 22566 MainThread [INFO]  Completed executor task 686
2023-07-03 10:09:43.607 worker_log:613 22566 MainThread [INFO]  All processing finished for executor task 686
2023-07-03 10:11:48.699 worker_log:584 22566 MainThread [INFO]  Received executor task 701
2023-07-03 10:12:04.726 worker_log:602 22566 MainThread [INFO]  Completed executor task 701
2023-07-03 10:12:04.726 worker_log:613 22566 MainThread [INFO]  All processing finished for executor task 701
2023-07-03 10:12:17.697 worker_log:584 22566 MainThread [INFO]  Received executor task 718
2023-07-03 10:12:32.493 worker_log:602 22566 MainThread [INFO]  Completed executor task 718
2023-07-03 10:12:32.494 worker_log:613 22566 MainThread [INFO]  All processing finished for executor task 718
2023-07-03 10:13:44.703 worker_log:584 22566 MainThread [INFO]  Received executor task 727
2023-07-03 10:14:22.802 worker_log:602 22566 MainThread [INFO]  Completed executor task 727
2023-07-03 10:14:22.803 worker_log:613 22566 MainThread [INFO]  All processing finished for executor task 727
2023-07-03 10:14:42.704 worker_log:584 22566 MainThread [INFO]  Received executor task 737
2023-07-03 10:15:28.060 worker_log:602 22566 MainThread [INFO]  Completed executor task 737
2023-07-03 10:15:28.061 worker_log:613 22566 MainThread [INFO]  All processing finished for executor task 737
2023-07-03 10:15:48.695 worker_log:584 22566 MainThread [INFO]  Received executor task 753
2023-07-03 10:16:05.934 worker_log:602 22566 MainThread [INFO]  Completed executor task 753
2023-07-03 10:16:05.935 worker_log:613 22566 MainThread [INFO]  All processing finished for executor task 753
2023-07-03 10:16:17.701 worker_log:584 22566 MainThread [INFO]  Received executor task 765
2023-07-03 10:17:07.766 worker_log:602 22566 MainThread [INFO]  Completed executor task 765
2023-07-03 10:17:07.767 worker_log:613 22566 MainThread [INFO]  All processing finished for executor task 765
2023-07-03 10:17:52.705 worker_log:584 22566 MainThread [INFO]  Received executor task 780
2023-07-03 10:18:18.077 worker_log:602 22566 MainThread [INFO]  Completed executor task 780
2023-07-03 10:18:18.077 worker_log:613 22566 MainThread [INFO]  All processing finished for executor task 780
2023-07-03 10:19:20.715 worker_log:584 22566 MainThread [INFO]  Received executor task 804
2023-07-03 10:19:52.116 worker_log:602 22566 MainThread [INFO]  Completed executor task 804
2023-07-03 10:19:52.116 worker_log:613 22566 MainThread [INFO]  All processing finished for executor task 804
2023-07-03 10:20:47.765 worker_log:584 22566 MainThread [INFO]  Received executor task 823
2023-07-03 10:20:58.374 worker_log:602 22566 MainThread [INFO]  Completed executor task 823
2023-07-03 10:20:58.375 worker_log:613 22566 MainThread [INFO]  All processing finished for executor task 823
2023-07-03 10:21:17.710 worker_log:584 22566 MainThread [INFO]  Received executor task 835
2023-07-03 10:21:44.852 worker_log:602 22566 MainThread [INFO]  Completed executor task 835
2023-07-03 10:21:44.853 worker_log:613 22566 MainThread [INFO]  All processing finished for executor task 835
2023-07-03 10:22:45.711 worker_log:584 22566 MainThread [INFO]  Received executor task 851
2023-07-03 10:23:00.954 worker_log:602 22566 MainThread [INFO]  Completed executor task 851
2023-07-03 10:23:00.955 worker_log:613 22566 MainThread [INFO]  All processing finished for executor task 851
2023-07-03 10:23:16.692 worker_log:584 22566 MainThread [INFO]  Received executor task 865
2023-07-03 10:23:33.608 worker_log:602 22566 MainThread [INFO]  Completed executor task 865
2023-07-03 10:23:33.608 worker_log:613 22566 MainThread [INFO]  All processing finished for executor task 865
2023-07-03 10:23:46.709 worker_log:584 22566 MainThread [INFO]  Received executor task 875
2023-07-03 10:24:27.301 worker_log:602 22566 MainThread [INFO]  Completed executor task 875
2023-07-03 10:24:27.301 worker_log:613 22566 MainThread [INFO]  All processing finished for executor task 875
2023-07-03 10:24:45.720 worker_log:584 22566 MainThread [INFO]  Received executor task 892
2023-07-03 10:25:04.346 worker_log:602 22566 MainThread [INFO]  Completed executor task 892
2023-07-03 10:25:04.347 worker_log:613 22566 MainThread [INFO]  All processing finished for executor task 892
2023-07-03 10:25:58.699 worker_log:584 22566 MainThread [INFO]  Received executor task 909
2023-07-03 10:26:56.981 worker_log:602 22566 MainThread [INFO]  Completed executor task 909
2023-07-03 10:26:56.982 worker_log:613 22566 MainThread [INFO]  All processing finished for executor task 909
2023-07-03 10:26:58.692 worker_log:584 22566 MainThread [INFO]  Received executor task 933
2023-07-03 10:27:51.129 worker_log:602 22566 MainThread [INFO]  Completed executor task 933
2023-07-03 10:27:51.130 worker_log:613 22566 MainThread [INFO]  All processing finished for executor task 933
2023-07-03 10:28:55.710 worker_log:584 22566 MainThread [INFO]  Received executor task 945
2023-07-03 10:29:46.877 worker_log:602 22566 MainThread [INFO]  Completed executor task 945
2023-07-03 10:29:46.878 worker_log:613 22566 MainThread [INFO]  All processing finished for executor task 945
2023-07-03 10:31:39.706 worker_log:584 22566 MainThread [INFO]  Received executor task 962
2023-07-03 10:31:56.190 worker_log:602 22566 MainThread [INFO]  Completed executor task 962
2023-07-03 10:31:56.191 worker_log:613 22566 MainThread [INFO]  All processing finished for executor task 962
2023-07-03 10:33:06.714 worker_log:584 22566 MainThread [INFO]  Received executor task 975
2023-07-03 10:33:25.811 worker_log:602 22566 MainThread [INFO]  Completed executor task 975
2023-07-03 10:33:25.812 worker_log:613 22566 MainThread [INFO]  All processing finished for executor task 975
2023-07-03 10:35:22.671 worker_log:584 22566 MainThread [INFO]  Received executor task 986
2023-07-03 10:36:01.172 worker_log:602 22566 MainThread [INFO]  Completed executor task 986
2023-07-03 10:36:01.173 worker_log:613 22566 MainThread [INFO]  All processing finished for executor task 986
2023-07-03 10:36:50.697 worker_log:584 22566 MainThread [INFO]  Received executor task 1006
2023-07-03 10:37:24.431 worker_log:602 22566 MainThread [INFO]  Completed executor task 1006
2023-07-03 10:37:24.431 worker_log:613 22566 MainThread [INFO]  All processing finished for executor task 1006
2023-07-03 10:37:50.765 worker_log:584 22566 MainThread [INFO]  Received executor task 1027
2023-07-03 10:38:25.824 worker_log:602 22566 MainThread [INFO]  Completed executor task 1027
2023-07-03 10:38:25.825 worker_log:613 22566 MainThread [INFO]  All processing finished for executor task 1027
2023-07-03 10:38:25.836 worker_log:584 22566 MainThread [INFO]  Received executor task 1042
2023-07-03 10:38:59.174 worker_log:602 22566 MainThread [INFO]  Completed executor task 1042
2023-07-03 10:38:59.174 worker_log:613 22566 MainThread [INFO]  All processing finished for executor task 1042
2023-07-03 10:42:02.696 worker_log:584 22566 MainThread [INFO]  Received executor task 1056
2023-07-03 10:42:47.780 worker_log:602 22566 MainThread [INFO]  Completed executor task 1056
2023-07-03 10:42:47.781 worker_log:613 22566 MainThread [INFO]  All processing finished for executor task 1056
2023-07-03 10:43:04.698 worker_log:584 22566 MainThread [INFO]  Received executor task 1081
2023-07-03 10:43:32.512 worker_log:602 22566 MainThread [INFO]  Completed executor task 1081
2023-07-03 10:43:32.512 worker_log:613 22566 MainThread [INFO]  All processing finished for executor task 1081
2023-07-03 10:44:02.699 worker_log:584 22566 MainThread [INFO]  Received executor task 1099
2023-07-03 10:44:47.772 worker_log:602 22566 MainThread [INFO]  Completed executor task 1099
2023-07-03 10:44:47.773 worker_log:613 22566 MainThread [INFO]  All processing finished for executor task 1099
2023-07-03 10:45:10.778 worker_log:584 22566 MainThread [INFO]  Received executor task 1114
2023-07-03 10:45:46.991 worker_log:602 22566 MainThread [INFO]  Completed executor task 1114
2023-07-03 10:45:46.991 worker_log:613 22566 MainThread [INFO]  All processing finished for executor task 1114
2023-07-03 10:45:47.003 worker_log:584 22566 MainThread [INFO]  Received executor task 1123
2023-07-03 10:46:19.869 worker_log:602 22566 MainThread [INFO]  Completed executor task 1123
2023-07-03 10:46:19.869 worker_log:613 22566 MainThread [INFO]  All processing finished for executor task 1123
2023-07-03 10:46:41.697 worker_log:584 22566 MainThread [INFO]  Received executor task 1137
2023-07-03 10:47:10.243 worker_log:602 22566 MainThread [INFO]  Completed executor task 1137
2023-07-03 10:47:10.244 worker_log:613 22566 MainThread [INFO]  All processing finished for executor task 1137
2023-07-03 10:47:46.744 worker_log:584 22566 MainThread [INFO]  Received executor task 1149
2023-07-03 10:47:54.531 worker_log:602 22566 MainThread [INFO]  Completed executor task 1149
2023-07-03 10:47:54.531 worker_log:613 22566 MainThread [INFO]  All processing finished for executor task 1149
2023-07-03 10:48:15.722 worker_log:584 22566 MainThread [INFO]  Received executor task 1156
2023-07-03 10:48:32.016 worker_log:602 22566 MainThread [INFO]  Completed executor task 1156
2023-07-03 10:48:32.017 worker_log:613 22566 MainThread [INFO]  All processing finished for executor task 1156
2023-07-03 10:48:46.532 worker_log:584 22566 MainThread [INFO]  Received executor task 1165
2023-07-03 10:48:54.369 worker_log:602 22566 MainThread [INFO]  Completed executor task 1165
2023-07-03 10:48:54.370 worker_log:613 22566 MainThread [INFO]  All processing finished for executor task 1165
2023-07-03 10:49:14.724 worker_log:584 22566 MainThread [INFO]  Received executor task 1175
2023-07-03 10:49:46.397 worker_log:602 22566 MainThread [INFO]  Completed executor task 1175
2023-07-03 10:49:46.398 worker_log:613 22566 MainThread [INFO]  All processing finished for executor task 1175
2023-07-03 10:49:46.409 worker_log:584 22566 MainThread [INFO]  Received executor task 1189
2023-07-03 10:50:32.531 worker_log:602 22566 MainThread [INFO]  Completed executor task 1189
2023-07-03 10:50:32.531 worker_log:613 22566 MainThread [INFO]  All processing finished for executor task 1189
2023-07-03 10:50:41.714 worker_log:584 22566 MainThread [INFO]  Received executor task 1205
2023-07-03 10:51:12.422 worker_log:602 22566 MainThread [INFO]  Completed executor task 1205
2023-07-03 10:51:12.422 worker_log:613 22566 MainThread [INFO]  All processing finished for executor task 1205
2023-07-03 10:51:12.433 worker_log:584 22566 MainThread [INFO]  Received executor task 1217
2023-07-03 10:51:35.220 worker_log:602 22566 MainThread [INFO]  Completed executor task 1217
2023-07-03 10:51:35.221 worker_log:613 22566 MainThread [INFO]  All processing finished for executor task 1217
2023-07-03 10:55:06.712 worker_log:584 22566 MainThread [INFO]  Received executor task 1231
2023-07-03 10:55:51.727 worker_log:602 22566 MainThread [INFO]  Completed executor task 1231
2023-07-03 10:55:51.728 worker_log:613 22566 MainThread [INFO]  All processing finished for executor task 1231
2023-07-03 10:56:41.722 worker_log:584 22566 MainThread [INFO]  Received executor task 1255
2023-07-03 10:57:00.591 worker_log:602 22566 MainThread [INFO]  Completed executor task 1255
2023-07-03 10:57:00.592 worker_log:613 22566 MainThread [INFO]  All processing finished for executor task 1255
2023-07-03 10:57:10.724 worker_log:584 22566 MainThread [INFO]  Received executor task 1263
2023-07-03 10:58:06.336 worker_log:602 22566 MainThread [INFO]  Completed executor task 1263
2023-07-03 10:58:06.337 worker_log:613 22566 MainThread [INFO]  All processing finished for executor task 1263
2023-07-03 10:58:09.706 worker_log:584 22566 MainThread [INFO]  Received executor task 1285
2023-07-03 11:00:20.876 worker_log:602 22566 MainThread [INFO]  Completed executor task 1285
2023-07-03 11:00:20.877 worker_log:613 22566 MainThread [INFO]  All processing finished for executor task 1285
2023-07-03 11:01:24.699 worker_log:584 22566 MainThread [INFO]  Received executor task 1332
2023-07-03 11:01:49.362 worker_log:602 22566 MainThread [INFO]  Completed executor task 1332
2023-07-03 11:01:49.363 worker_log:613 22566 MainThread [INFO]  All processing finished for executor task 1332
2023-07-03 11:01:54.724 worker_log:584 22566 MainThread [INFO]  Received executor task 1346
2023-07-03 11:02:11.827 worker_log:602 22566 MainThread [INFO]  Completed executor task 1346
2023-07-03 11:02:11.827 worker_log:613 22566 MainThread [INFO]  All processing finished for executor task 1346
2023-07-03 11:02:52.672 worker_log:584 22566 MainThread [INFO]  Received executor task 1361
2023-07-03 11:04:11.582 worker_log:602 22566 MainThread [INFO]  Completed executor task 1361
2023-07-03 11:04:11.583 worker_log:613 22566 MainThread [INFO]  All processing finished for executor task 1361
2023-07-03 11:04:11.594 worker_log:584 22566 MainThread [INFO]  Received executor task 1388
2023-07-03 11:04:26.755 worker_log:602 22566 MainThread [INFO]  Completed executor task 1388
2023-07-03 11:04:26.756 worker_log:613 22566 MainThread [INFO]  All processing finished for executor task 1388
2023-07-03 11:04:26.767 worker_log:584 22566 MainThread [INFO]  Received executor task 1396
2023-07-03 11:04:50.501 worker_log:602 22566 MainThread [INFO]  Completed executor task 1396
2023-07-03 11:04:50.502 worker_log:613 22566 MainThread [INFO]  All processing finished for executor task 1396
2023-07-03 11:05:17.717 worker_log:584 22566 MainThread [INFO]  Received executor task 1413
2023-07-03 11:05:26.657 worker_log:602 22566 MainThread [INFO]  Completed executor task 1413
2023-07-03 11:05:26.657 worker_log:613 22566 MainThread [INFO]  All processing finished for executor task 1413
2023-07-03 11:05:51.697 worker_log:584 22566 MainThread [INFO]  Received executor task 1423
2023-07-03 11:06:11.601 worker_log:602 22566 MainThread [INFO]  Completed executor task 1423
2023-07-03 11:06:11.601 worker_log:613 22566 MainThread [INFO]  All processing finished for executor task 1423
2023-07-03 11:06:21.700 worker_log:584 22566 MainThread [INFO]  Received executor task 1436
2023-07-03 11:06:33.735 worker_log:602 22566 MainThread [INFO]  Completed executor task 1436
2023-07-03 11:06:33.736 worker_log:613 22566 MainThread [INFO]  All processing finished for executor task 1436
2023-07-03 11:06:50.704 worker_log:584 22566 MainThread [INFO]  Received executor task 1445
2023-07-03 11:07:48.803 worker_log:602 22566 MainThread [INFO]  Completed executor task 1445
2023-07-03 11:07:48.804 worker_log:613 22566 MainThread [INFO]  All processing finished for executor task 1445
2023-07-03 11:08:51.717 worker_log:584 22566 MainThread [INFO]  Received executor task 1465
2023-07-03 11:09:34.880 worker_log:602 22566 MainThread [INFO]  Completed executor task 1465
2023-07-03 11:09:34.880 worker_log:613 22566 MainThread [INFO]  All processing finished for executor task 1465
2023-07-03 11:11:20.702 worker_log:584 22566 MainThread [INFO]  Received executor task 1483
2023-07-03 11:11:55.550 worker_log:602 22566 MainThread [INFO]  Completed executor task 1483
2023-07-03 11:11:55.551 worker_log:613 22566 MainThread [INFO]  All processing finished for executor task 1483
2023-07-03 11:13:32.703 worker_log:584 22566 MainThread [INFO]  Received executor task 1507
2023-07-03 11:13:59.801 worker_log:602 22566 MainThread [INFO]  Completed executor task 1507
2023-07-03 11:13:59.802 worker_log:613 22566 MainThread [INFO]  All processing finished for executor task 1507
2023-07-03 11:14:29.733 worker_log:584 22566 MainThread [INFO]  Received executor task 1523
2023-07-03 11:14:37.764 worker_log:602 22566 MainThread [INFO]  Completed executor task 1523
2023-07-03 11:14:37.765 worker_log:613 22566 MainThread [INFO]  All processing finished for executor task 1523
2023-07-03 11:15:27.700 worker_log:584 22566 MainThread [INFO]  Received executor task 1539
2023-07-03 11:16:47.025 worker_log:602 22566 MainThread [INFO]  Completed executor task 1539
2023-07-03 11:16:47.025 worker_log:613 22566 MainThread [INFO]  All processing finished for executor task 1539
2023-07-03 11:16:53.708 worker_log:584 22566 MainThread [INFO]  Received executor task 1560
2023-07-03 11:17:31.146 worker_log:602 22566 MainThread [INFO]  Completed executor task 1560
2023-07-03 11:17:31.147 worker_log:613 22566 MainThread [INFO]  All processing finished for executor task 1560
2023-07-03 11:17:31.159 worker_log:584 22566 MainThread [INFO]  Received executor task 1572
2023-07-03 11:17:40.584 worker_log:602 22566 MainThread [INFO]  Completed executor task 1572
2023-07-03 11:17:40.585 worker_log:613 22566 MainThread [INFO]  All processing finished for executor task 1572
2023-07-03 11:17:49.704 worker_log:584 22566 MainThread [INFO]  Received executor task 1582
2023-07-03 11:18:25.017 worker_log:602 22566 MainThread [INFO]  Completed executor task 1582
2023-07-03 11:18:25.017 worker_log:613 22566 MainThread [INFO]  All processing finished for executor task 1582
2023-07-03 11:19:18.702 worker_log:584 22566 MainThread [INFO]  Received executor task 1598
2023-07-03 11:19:31.844 worker_log:602 22566 MainThread [INFO]  Completed executor task 1598
2023-07-03 11:19:31.844 worker_log:613 22566 MainThread [INFO]  All processing finished for executor task 1598
2023-07-03 11:19:45.722 worker_log:584 22566 MainThread [INFO]  Received executor task 1614
2023-07-03 11:20:09.534 worker_log:602 22566 MainThread [INFO]  Completed executor task 1614
2023-07-03 11:20:09.535 worker_log:613 22566 MainThread [INFO]  All processing finished for executor task 1614
2023-07-03 11:21:10.745 worker_log:584 22566 MainThread [INFO]  Received executor task 1627
2023-07-03 11:21:38.082 worker_log:602 22566 MainThread [INFO]  Completed executor task 1627
2023-07-03 11:21:38.082 worker_log:613 22566 MainThread [INFO]  All processing finished for executor task 1627
2023-07-03 11:21:40.713 worker_log:584 22566 MainThread [INFO]  Received executor task 1643
2023-07-03 11:21:57.726 worker_log:602 22566 MainThread [INFO]  Completed executor task 1643
2023-07-03 11:21:57.726 worker_log:613 22566 MainThread [INFO]  All processing finished for executor task 1643
2023-07-03 11:22:09.714 worker_log:584 22566 MainThread [INFO]  Received executor task 1650
2023-07-03 11:22:31.102 worker_log:602 22566 MainThread [INFO]  Completed executor task 1650
2023-07-03 11:22:31.102 worker_log:613 22566 MainThread [INFO]  All processing finished for executor task 1650
2023-07-03 11:23:07.659 worker_log:584 22566 MainThread [INFO]  Received executor task 1661
2023-07-03 11:23:14.048 worker_log:602 22566 MainThread [INFO]  Completed executor task 1661
2023-07-03 11:23:14.049 worker_log:613 22566 MainThread [INFO]  All processing finished for executor task 1661
2023-07-03 11:23:14.062 worker_log:584 22566 MainThread [INFO]  Received executor task 1670
2023-07-03 11:23:30.901 worker_log:602 22566 MainThread [INFO]  Completed executor task 1670
2023-07-03 11:23:30.902 worker_log:613 22566 MainThread [INFO]  All processing finished for executor task 1670
2023-07-03 11:23:37.704 worker_log:584 22566 MainThread [INFO]  Received executor task 1679
2023-07-03 11:24:03.486 worker_log:602 22566 MainThread [INFO]  Completed executor task 1679
2023-07-03 11:24:03.486 worker_log:613 22566 MainThread [INFO]  All processing finished for executor task 1679
2023-07-03 11:24:32.720 worker_log:584 22566 MainThread [INFO]  Received executor task 1694
2023-07-03 11:24:53.400 worker_log:602 22566 MainThread [INFO]  Completed executor task 1694
2023-07-03 11:24:53.401 worker_log:613 22566 MainThread [INFO]  All processing finished for executor task 1694
2023-07-03 11:26:04.670 worker_log:584 22566 MainThread [INFO]  Received executor task 1711
2023-07-03 11:27:06.744 worker_log:602 22566 MainThread [INFO]  Completed executor task 1711
2023-07-03 11:27:06.745 worker_log:613 22566 MainThread [INFO]  All processing finished for executor task 1711
2023-07-03 11:27:32.808 worker_log:584 22566 MainThread [INFO]  Received executor task 1736
2023-07-03 11:28:21.936 worker_log:602 22566 MainThread [INFO]  Completed executor task 1736
2023-07-03 11:28:21.936 worker_log:613 22566 MainThread [INFO]  All processing finished for executor task 1736
2023-07-03 11:28:21.960 worker_log:584 22566 MainThread [INFO]  Received executor task 1749
2023-07-03 11:29:32.318 worker_log:602 22566 MainThread [INFO]  Completed executor task 1749
2023-07-03 11:29:32.318 worker_log:613 22566 MainThread [INFO]  All processing finished for executor task 1749
2023-07-03 11:30:00.729 worker_log:584 22566 MainThread [INFO]  Received executor task 1784
2023-07-03 11:30:17.502 worker_log:602 22566 MainThread [INFO]  Completed executor task 1784
2023-07-03 11:30:17.503 worker_log:613 22566 MainThread [INFO]  All processing finished for executor task 1784
2023-07-03 11:32:58.698 worker_log:584 22566 MainThread [INFO]  Received executor task 1799
2023-07-03 11:33:52.926 worker_log:602 22566 MainThread [INFO]  Completed executor task 1799
2023-07-03 11:33:52.927 worker_log:613 22566 MainThread [INFO]  All processing finished for executor task 1799
2023-07-03 11:34:01.713 worker_log:584 22566 MainThread [INFO]  Received executor task 1815
2023-07-03 11:34:28.658 worker_log:602 22566 MainThread [INFO]  Completed executor task 1815
2023-07-03 11:34:28.658 worker_log:613 22566 MainThread [INFO]  All processing finished for executor task 1815
2023-07-03 11:34:31.743 worker_log:584 22566 MainThread [INFO]  Received executor task 1829
2023-07-03 11:34:55.823 worker_log:602 22566 MainThread [INFO]  Completed executor task 1829
2023-07-03 11:34:55.823 worker_log:613 22566 MainThread [INFO]  All processing finished for executor task 1829
2023-07-03 11:36:00.647 worker_log:584 22566 MainThread [INFO]  Received executor task 1843
2023-07-03 11:36:31.143 worker_log:602 22566 MainThread [INFO]  Completed executor task 1843
2023-07-03 11:36:31.144 worker_log:613 22566 MainThread [INFO]  All processing finished for executor task 1843
2023-07-03 11:36:56.695 worker_log:584 22566 MainThread [INFO]  Received executor task 1860
2023-07-03 11:37:28.431 worker_log:602 22566 MainThread [INFO]  Completed executor task 1860
2023-07-03 11:37:28.432 worker_log:613 22566 MainThread [INFO]  All processing finished for executor task 1860
2023-07-03 11:37:54.659 worker_log:584 22566 MainThread [INFO]  Received executor task 1873
2023-07-03 11:38:20.713 worker_log:602 22566 MainThread [INFO]  Completed executor task 1873
2023-07-03 11:38:20.713 worker_log:613 22566 MainThread [INFO]  All processing finished for executor task 1873
2023-07-03 11:38:23.731 worker_log:584 22566 MainThread [INFO]  Received executor task 1889
2023-07-03 11:39:00.309 worker_log:602 22566 MainThread [INFO]  Completed executor task 1889
2023-07-03 11:39:00.309 worker_log:613 22566 MainThread [INFO]  All processing finished for executor task 1889
2023-07-03 11:39:00.320 worker_log:584 22566 MainThread [INFO]  Received executor task 1900
2023-07-03 11:39:35.510 worker_log:602 22566 MainThread [INFO]  Completed executor task 1900
2023-07-03 11:39:35.510 worker_log:613 22566 MainThread [INFO]  All processing finished for executor task 1900
2023-07-03 11:39:35.522 worker_log:584 22566 MainThread [INFO]  Received executor task 1910
2023-07-03 11:39:50.208 worker_log:602 22566 MainThread [INFO]  Completed executor task 1910
2023-07-03 11:39:50.209 worker_log:613 22566 MainThread [INFO]  All processing finished for executor task 1910
2023-07-03 11:40:28.714 worker_log:584 22566 MainThread [INFO]  Received executor task 1919
2023-07-03 11:40:51.648 worker_log:602 22566 MainThread [INFO]  Completed executor task 1919
2023-07-03 11:40:51.649 worker_log:613 22566 MainThread [INFO]  All processing finished for executor task 1919
2023-07-03 11:40:58.733 worker_log:584 22566 MainThread [INFO]  Received executor task 1934
2023-07-03 11:41:35.211 worker_log:602 22566 MainThread [INFO]  Completed executor task 1934
2023-07-03 11:41:35.211 worker_log:613 22566 MainThread [INFO]  All processing finished for executor task 1934
2023-07-03 11:41:54.717 worker_log:584 22566 MainThread [INFO]  Received executor task 1950
2023-07-03 11:42:30.175 worker_log:602 22566 MainThread [INFO]  Completed executor task 1950
2023-07-03 11:42:30.176 worker_log:613 22566 MainThread [INFO]  All processing finished for executor task 1950
2023-07-03 11:42:53.722 worker_log:584 22566 MainThread [INFO]  Received executor task 1971
2023-07-03 11:43:12.816 worker_log:602 22566 MainThread [INFO]  Completed executor task 1971
2023-07-03 11:43:12.816 worker_log:613 22566 MainThread [INFO]  All processing finished for executor task 1971
2023-07-03 11:43:27.695 worker_log:584 22566 MainThread [INFO]  Received executor task 1981
2023-07-03 11:43:43.306 worker_log:602 22566 MainThread [INFO]  Completed executor task 1981
2023-07-03 11:43:43.307 worker_log:613 22566 MainThread [INFO]  All processing finished for executor task 1981
2023-07-03 11:43:56.713 worker_log:584 22566 MainThread [INFO]  Received executor task 1992
2023-07-03 11:44:12.485 worker_log:602 22566 MainThread [INFO]  Completed executor task 1992
2023-07-03 11:44:12.485 worker_log:613 22566 MainThread [INFO]  All processing finished for executor task 1992
2023-07-03 11:45:21.723 worker_log:584 22566 MainThread [INFO]  Received executor task 2008
2023-07-03 11:45:41.352 worker_log:602 22566 MainThread [INFO]  Completed executor task 2008
2023-07-03 11:45:41.353 worker_log:613 22566 MainThread [INFO]  All processing finished for executor task 2008
2023-07-03 11:45:48.716 worker_log:584 22566 MainThread [INFO]  Received executor task 2024
2023-07-03 11:46:55.228 worker_log:602 22566 MainThread [INFO]  Completed executor task 2024
2023-07-03 11:46:55.228 worker_log:613 22566 MainThread [INFO]  All processing finished for executor task 2024
2023-07-03 11:47:14.700 worker_log:584 22566 MainThread [INFO]  Received executor task 2040
2023-07-03 11:48:01.586 worker_log:602 22566 MainThread [INFO]  Completed executor task 2040
2023-07-03 11:48:01.587 worker_log:613 22566 MainThread [INFO]  All processing finished for executor task 2040
2023-07-03 11:48:38.643 worker_log:584 22566 MainThread [INFO]  Received executor task 2055
2023-07-03 11:49:19.417 worker_log:602 22566 MainThread [INFO]  Completed executor task 2055
2023-07-03 11:49:19.418 worker_log:613 22566 MainThread [INFO]  All processing finished for executor task 2055
2023-07-03 11:50:33.699 worker_log:584 22566 MainThread [INFO]  Received executor task 2067
2023-07-03 11:51:12.927 worker_log:602 22566 MainThread [INFO]  Completed executor task 2067
2023-07-03 11:51:12.928 worker_log:613 22566 MainThread [INFO]  All processing finished for executor task 2067
2023-07-03 11:51:12.939 worker_log:584 22566 MainThread [INFO]  Received executor task 2082
2023-07-03 11:52:01.734 worker_log:602 22566 MainThread [INFO]  Completed executor task 2082
2023-07-03 11:52:01.734 worker_log:613 22566 MainThread [INFO]  All processing finished for executor task 2082
2023-07-03 11:52:01.745 worker_log:584 22566 MainThread [INFO]  Received executor task 2100
2023-07-03 11:52:20.287 worker_log:602 22566 MainThread [INFO]  Completed executor task 2100
2023-07-03 11:52:20.287 worker_log:613 22566 MainThread [INFO]  All processing finished for executor task 2100
2023-07-03 11:53:09.700 worker_log:584 22566 MainThread [INFO]  Received executor task 2108
2023-07-03 11:53:32.446 worker_log:602 22566 MainThread [INFO]  Completed executor task 2108
2023-07-03 11:53:32.447 worker_log:613 22566 MainThread [INFO]  All processing finished for executor task 2108
2023-07-03 11:54:13.895 worker_log:584 22566 MainThread [INFO]  Received executor task 2127
2023-07-03 11:54:46.563 worker_log:602 22566 MainThread [INFO]  Completed executor task 2127
2023-07-03 11:54:46.564 worker_log:613 22566 MainThread [INFO]  All processing finished for executor task 2127
2023-07-03 11:55:21.700 worker_log:584 22566 MainThread [INFO]  Received executor task 2150
2023-07-03 11:55:53.739 worker_log:602 22566 MainThread [INFO]  Completed executor task 2150
2023-07-03 11:55:53.740 worker_log:613 22566 MainThread [INFO]  All processing finished for executor task 2150
2023-07-03 11:57:17.722 worker_log:584 22566 MainThread [INFO]  Received executor task 2171
2023-07-03 11:57:47.901 worker_log:602 22566 MainThread [INFO]  Completed executor task 2171
2023-07-03 11:57:47.902 worker_log:613 22566 MainThread [INFO]  All processing finished for executor task 2171
2023-07-03 11:58:13.734 worker_log:584 22566 MainThread [INFO]  Received executor task 2188
2023-07-03 11:58:23.327 worker_log:602 22566 MainThread [INFO]  Completed executor task 2188
2023-07-03 11:58:23.327 worker_log:613 22566 MainThread [INFO]  All processing finished for executor task 2188
2023-07-03 11:58:43.709 worker_log:584 22566 MainThread [INFO]  Received executor task 2202
2023-07-03 11:59:27.989 worker_log:602 22566 MainThread [INFO]  Completed executor task 2202
2023-07-03 11:59:27.989 worker_log:613 22566 MainThread [INFO]  All processing finished for executor task 2202
2023-07-03 11:59:40.723 worker_log:584 22566 MainThread [INFO]  Received executor task 2216
2023-07-03 12:00:05.912 worker_log:602 22566 MainThread [INFO]  Completed executor task 2216
2023-07-03 12:00:05.912 worker_log:613 22566 MainThread [INFO]  All processing finished for executor task 2216
2023-07-03 12:00:07.745 worker_log:584 22566 MainThread [INFO]  Received executor task 2230
2023-07-03 12:00:17.883 worker_log:602 22566 MainThread [INFO]  Completed executor task 2230
2023-07-03 12:00:17.883 worker_log:613 22566 MainThread [INFO]  All processing finished for executor task 2230
2023-07-03 12:00:36.839 worker_log:584 22566 MainThread [INFO]  Received executor task 2240
2023-07-03 12:00:53.971 worker_log:602 22566 MainThread [INFO]  Completed executor task 2240
2023-07-03 12:00:53.971 worker_log:613 22566 MainThread [INFO]  All processing finished for executor task 2240
2023-07-03 12:01:36.701 worker_log:584 22566 MainThread [INFO]  Received executor task 2256
2023-07-03 12:02:34.707 worker_log:602 22566 MainThread [INFO]  Completed executor task 2256
2023-07-03 12:02:34.707 worker_log:613 22566 MainThread [INFO]  All processing finished for executor task 2256
2023-07-03 12:03:03.762 worker_log:584 22566 MainThread [INFO]  Received executor task 2279
2023-07-03 12:03:33.996 worker_log:602 22566 MainThread [INFO]  Completed executor task 2279
2023-07-03 12:03:33.997 worker_log:613 22566 MainThread [INFO]  All processing finished for executor task 2279
2023-07-03 12:03:34.008 worker_log:584 22566 MainThread [INFO]  Received executor task 2288
2023-07-03 12:04:08.387 worker_log:602 22566 MainThread [INFO]  Completed executor task 2288
2023-07-03 12:04:08.387 worker_log:613 22566 MainThread [INFO]  All processing finished for executor task 2288
2023-07-03 12:04:30.707 worker_log:584 22566 MainThread [INFO]  Received executor task 2303
2023-07-03 12:05:16.116 worker_log:602 22566 MainThread [INFO]  Completed executor task 2303
2023-07-03 12:05:16.117 worker_log:613 22566 MainThread [INFO]  All processing finished for executor task 2303
2023-07-03 12:06:52.718 worker_log:584 22566 MainThread [INFO]  Received executor task 2315
2023-07-03 12:07:33.930 worker_log:602 22566 MainThread [INFO]  Completed executor task 2315
2023-07-03 12:07:33.931 worker_log:613 22566 MainThread [INFO]  All processing finished for executor task 2315
2023-07-03 12:08:46.696 worker_log:584 22566 MainThread [INFO]  Received executor task 2339
2023-07-03 12:09:26.963 worker_log:602 22566 MainThread [INFO]  Completed executor task 2339
2023-07-03 12:09:26.963 worker_log:613 22566 MainThread [INFO]  All processing finished for executor task 2339
2023-07-03 12:10:14.672 worker_log:584 22566 MainThread [INFO]  Received executor task 2354
2023-07-03 12:10:30.713 worker_log:602 22566 MainThread [INFO]  Completed executor task 2354
2023-07-03 12:10:30.714 worker_log:613 22566 MainThread [INFO]  All processing finished for executor task 2354
2023-07-03 12:11:47.720 worker_log:584 22566 MainThread [INFO]  Received executor task 2375
2023-07-03 12:11:58.112 worker_log:602 22566 MainThread [INFO]  Completed executor task 2375
2023-07-03 12:11:58.113 worker_log:613 22566 MainThread [INFO]  All processing finished for executor task 2375
2023-07-03 12:12:16.710 worker_log:584 22566 MainThread [INFO]  Received executor task 2391
2023-07-03 12:12:47.011 worker_log:602 22566 MainThread [INFO]  Completed executor task 2391
2023-07-03 12:12:47.012 worker_log:613 22566 MainThread [INFO]  All processing finished for executor task 2391
2023-07-03 12:16:32.698 worker_log:584 22566 MainThread [INFO]  Received executor task 2406
2023-07-03 12:16:45.980 worker_log:602 22566 MainThread [INFO]  Completed executor task 2406
2023-07-03 12:16:45.981 worker_log:613 22566 MainThread [INFO]  All processing finished for executor task 2406
2023-07-03 12:16:59.738 worker_log:584 22566 MainThread [INFO]  Received executor task 2421
2023-07-03 12:17:21.683 worker_log:602 22566 MainThread [INFO]  Completed executor task 2421
2023-07-03 12:17:21.684 worker_log:613 22566 MainThread [INFO]  All processing finished for executor task 2421
2023-07-03 12:18:02.719 worker_log:584 22566 MainThread [INFO]  Received executor task 2439
2023-07-03 12:18:27.097 worker_log:602 22566 MainThread [INFO]  Completed executor task 2439
2023-07-03 12:18:27.097 worker_log:613 22566 MainThread [INFO]  All processing finished for executor task 2439
2023-07-03 12:18:31.706 worker_log:584 22566 MainThread [INFO]  Received executor task 2448
2023-07-03 12:19:17.937 worker_log:602 22566 MainThread [INFO]  Completed executor task 2448
2023-07-03 12:19:17.938 worker_log:613 22566 MainThread [INFO]  All processing finished for executor task 2448
2023-07-03 12:19:29.719 worker_log:584 22566 MainThread [INFO]  Received executor task 2467
2023-07-03 12:19:35.531 worker_log:602 22566 MainThread [INFO]  Completed executor task 2467
2023-07-03 12:19:35.532 worker_log:613 22566 MainThread [INFO]  All processing finished for executor task 2467
2023-07-03 12:19:57.736 worker_log:584 22566 MainThread [INFO]  Received executor task 2478
2023-07-03 12:20:17.538 worker_log:602 22566 MainThread [INFO]  Completed executor task 2478
2023-07-03 12:20:17.539 worker_log:613 22566 MainThread [INFO]  All processing finished for executor task 2478
2023-07-03 12:21:01.699 worker_log:584 22566 MainThread [INFO]  Received executor task 2496
2023-07-03 12:21:15.582 worker_log:602 22566 MainThread [INFO]  Completed executor task 2496
2023-07-03 12:21:15.583 worker_log:613 22566 MainThread [INFO]  All processing finished for executor task 2496
2023-07-03 12:21:29.723 worker_log:584 22566 MainThread [INFO]  Received executor task 2511
2023-07-03 12:22:13.979 worker_log:602 22566 MainThread [INFO]  Completed executor task 2511
2023-07-03 12:22:13.979 worker_log:613 22566 MainThread [INFO]  All processing finished for executor task 2511
2023-07-03 12:23:44.670 worker_log:584 22566 MainThread [INFO]  Received executor task 2534
2023-07-03 12:24:25.013 worker_log:602 22566 MainThread [INFO]  Completed executor task 2534
2023-07-03 12:24:25.014 worker_log:613 22566 MainThread [INFO]  All processing finished for executor task 2534
2023-07-03 12:24:25.025 worker_log:584 22566 MainThread [INFO]  Received executor task 2553
2023-07-03 12:24:51.318 worker_log:602 22566 MainThread [INFO]  Completed executor task 2553
2023-07-03 12:24:51.318 worker_log:613 22566 MainThread [INFO]  All processing finished for executor task 2553
2023-07-03 12:24:51.330 worker_log:584 22566 MainThread [INFO]  Received executor task 2560
2023-07-03 12:25:02.302 worker_log:602 22566 MainThread [INFO]  Completed executor task 2560
2023-07-03 12:25:02.302 worker_log:613 22566 MainThread [INFO]  All processing finished for executor task 2560
2023-07-03 12:25:09.700 worker_log:584 22566 MainThread [INFO]  Received executor task 2568
2023-07-03 12:25:42.988 worker_log:602 22566 MainThread [INFO]  Completed executor task 2568
2023-07-03 12:25:42.989 worker_log:613 22566 MainThread [INFO]  All processing finished for executor task 2568
2023-07-03 12:27:32.682 worker_log:584 22566 MainThread [INFO]  Received executor task 2584
2023-07-03 12:28:28.798 worker_log:602 22566 MainThread [INFO]  Completed executor task 2584
2023-07-03 12:28:28.799 worker_log:613 22566 MainThread [INFO]  All processing finished for executor task 2584
2023-07-03 12:29:26.713 worker_log:584 22566 MainThread [INFO]  Received executor task 2609
2023-07-03 12:29:51.221 worker_log:602 22566 MainThread [INFO]  Completed executor task 2609
2023-07-03 12:29:51.222 worker_log:613 22566 MainThread [INFO]  All processing finished for executor task 2609
2023-07-03 12:30:24.817 worker_log:584 22566 MainThread [INFO]  Received executor task 2620
2023-07-03 12:31:32.669 worker_log:602 22566 MainThread [INFO]  Completed executor task 2620
2023-07-03 12:31:32.669 worker_log:613 22566 MainThread [INFO]  All processing finished for executor task 2620
2023-07-03 12:32:18.699 worker_log:584 22566 MainThread [INFO]  Received executor task 2648
2023-07-03 12:33:04.438 worker_log:602 22566 MainThread [INFO]  Completed executor task 2648
2023-07-03 12:33:04.438 worker_log:613 22566 MainThread [INFO]  All processing finished for executor task 2648
2023-07-03 12:33:43.701 worker_log:584 22566 MainThread [INFO]  Received executor task 2665
2023-07-03 12:33:56.840 worker_log:602 22566 MainThread [INFO]  Completed executor task 2665
2023-07-03 12:33:56.841 worker_log:613 22566 MainThread [INFO]  All processing finished for executor task 2665
2023-07-03 12:35:40.712 worker_log:584 22566 MainThread [INFO]  Received executor task 2680
2023-07-03 12:35:59.158 worker_log:602 22566 MainThread [INFO]  Completed executor task 2680
2023-07-03 12:35:59.158 worker_log:613 22566 MainThread [INFO]  All processing finished for executor task 2680
2023-07-03 12:37:34.699 worker_log:584 22566 MainThread [INFO]  Received executor task 2701
2023-07-03 12:38:59.329 worker_log:602 22566 MainThread [INFO]  Completed executor task 2701
2023-07-03 12:38:59.330 worker_log:613 22566 MainThread [INFO]  All processing finished for executor task 2701
2023-07-03 12:39:26.711 worker_log:584 22566 MainThread [INFO]  Received executor task 2724
2023-07-03 12:39:39.143 worker_log:602 22566 MainThread [INFO]  Completed executor task 2724
2023-07-03 12:39:39.145 worker_log:613 22566 MainThread [INFO]  All processing finished for executor task 2724
2023-07-03 12:40:52.704 worker_log:584 22566 MainThread [INFO]  Received executor task 2740
2023-07-03 12:41:05.619 worker_log:602 22566 MainThread [INFO]  Completed executor task 2740
2023-07-03 12:41:05.620 worker_log:613 22566 MainThread [INFO]  All processing finished for executor task 2740
2023-07-03 12:41:49.727 worker_log:584 22566 MainThread [INFO]  Received executor task 2753
2023-07-03 12:42:29.093 worker_log:602 22566 MainThread [INFO]  Completed executor task 2753
2023-07-03 12:42:29.094 worker_log:613 22566 MainThread [INFO]  All processing finished for executor task 2753
2023-07-03 12:43:20.694 worker_log:584 22566 MainThread [INFO]  Received executor task 2772
2023-07-03 12:44:05.774 worker_log:602 22566 MainThread [INFO]  Completed executor task 2772
2023-07-03 12:44:05.774 worker_log:613 22566 MainThread [INFO]  All processing finished for executor task 2772
2023-07-03 12:44:46.657 worker_log:584 22566 MainThread [INFO]  Received executor task 2789
2023-07-03 12:45:55.560 worker_log:602 22566 MainThread [INFO]  Completed executor task 2789
2023-07-03 12:45:55.568 worker_log:613 22566 MainThread [INFO]  All processing finished for executor task 2789
