2023-07-03 09:08:17.497 worker_log:538 22560 MainThread [INFO]  Worker 5 started
2023-07-03 09:09:36.775 worker_log:584 22560 MainThread [INFO]  Received executor task 6
2023-07-03 09:09:47.354 worker_log:602 22560 MainThread [INFO]  Completed executor task 6
2023-07-03 09:09:47.355 worker_log:613 22560 MainThread [INFO]  All processing finished for executor task 6
2023-07-03 09:10:01.817 worker_log:584 22560 MainThread [INFO]  Received executor task 17
2023-07-03 09:10:33.055 worker_log:602 22560 MainThread [INFO]  Completed executor task 17
2023-07-03 09:10:33.056 worker_log:613 22560 MainThread [INFO]  All processing finished for executor task 17
2023-07-03 09:11:06.659 worker_log:584 22560 MainThread [INFO]  Received executor task 30
2023-07-03 09:12:34.784 worker_log:602 22560 MainThread [INFO]  Completed executor task 30
2023-07-03 09:12:34.784 worker_log:613 22560 MainThread [INFO]  All processing finished for executor task 30
2023-07-03 09:12:57.687 worker_log:584 22560 MainThread [INFO]  Received executor task 59
2023-07-03 09:13:13.760 worker_log:602 22560 MainThread [INFO]  Completed executor task 59
2023-07-03 09:13:13.760 worker_log:613 22560 MainThread [INFO]  All processing finished for executor task 59
2023-07-03 09:14:00.651 worker_log:584 22560 MainThread [INFO]  Received executor task 76
2023-07-03 09:15:25.748 worker_log:602 22560 MainThread [INFO]  Completed executor task 76
2023-07-03 09:15:25.749 worker_log:613 22560 MainThread [INFO]  All processing finished for executor task 76
2023-07-03 09:16:06.703 worker_log:584 22560 MainThread [INFO]  Received executor task 101
2023-07-03 09:16:56.606 worker_log:602 22560 MainThread [INFO]  Completed executor task 101
2023-07-03 09:16:56.606 worker_log:613 22560 MainThread [INFO]  All processing finished for executor task 101
2023-07-03 09:17:07.681 worker_log:584 22560 MainThread [INFO]  Received executor task 114
2023-07-03 09:17:20.169 worker_log:602 22560 MainThread [INFO]  Completed executor task 114
2023-07-03 09:17:20.169 worker_log:613 22560 MainThread [INFO]  All processing finished for executor task 114
2023-07-03 09:17:38.679 worker_log:584 22560 MainThread [INFO]  Received executor task 124
2023-07-03 09:18:11.527 worker_log:602 22560 MainThread [INFO]  Completed executor task 124
2023-07-03 09:18:11.528 worker_log:613 22560 MainThread [INFO]  All processing finished for executor task 124
2023-07-03 09:19:38.710 worker_log:584 22560 MainThread [INFO]  Received executor task 138
2023-07-03 09:20:32.869 worker_log:602 22560 MainThread [INFO]  Completed executor task 138
2023-07-03 09:20:32.870 worker_log:613 22560 MainThread [INFO]  All processing finished for executor task 138
2023-07-03 09:24:08.686 worker_log:584 22560 MainThread [INFO]  Received executor task 153
2023-07-03 09:24:22.688 worker_log:602 22560 MainThread [INFO]  Completed executor task 153
2023-07-03 09:24:22.688 worker_log:613 22560 MainThread [INFO]  All processing finished for executor task 153
2023-07-03 09:25:35.738 worker_log:584 22560 MainThread [INFO]  Received executor task 173
2023-07-03 09:26:01.104 worker_log:602 22560 MainThread [INFO]  Completed executor task 173
2023-07-03 09:26:01.105 worker_log:613 22560 MainThread [INFO]  All processing finished for executor task 173
2023-07-03 09:26:34.682 worker_log:584 22560 MainThread [INFO]  Received executor task 191
2023-07-03 09:26:55.221 worker_log:602 22560 MainThread [INFO]  Completed executor task 191
2023-07-03 09:26:55.221 worker_log:613 22560 MainThread [INFO]  All processing finished for executor task 191
2023-07-03 09:27:03.695 worker_log:584 22560 MainThread [INFO]  Received executor task 208
2023-07-03 09:27:33.901 worker_log:602 22560 MainThread [INFO]  Completed executor task 208
2023-07-03 09:27:33.902 worker_log:613 22560 MainThread [INFO]  All processing finished for executor task 208
2023-07-03 09:28:01.697 worker_log:584 22560 MainThread [INFO]  Received executor task 224
2023-07-03 09:29:46.742 worker_log:602 22560 MainThread [INFO]  Completed executor task 224
2023-07-03 09:29:46.742 worker_log:613 22560 MainThread [INFO]  All processing finished for executor task 224
2023-07-03 09:29:59.689 worker_log:584 22560 MainThread [INFO]  Received executor task 253
2023-07-03 09:30:50.400 worker_log:602 22560 MainThread [INFO]  Completed executor task 253
2023-07-03 09:30:50.401 worker_log:613 22560 MainThread [INFO]  All processing finished for executor task 253
2023-07-03 09:33:54.697 worker_log:584 22560 MainThread [INFO]  Received executor task 270
2023-07-03 09:34:42.920 worker_log:602 22560 MainThread [INFO]  Completed executor task 270
2023-07-03 09:34:42.921 worker_log:613 22560 MainThread [INFO]  All processing finished for executor task 270
2023-07-03 09:36:20.708 worker_log:584 22560 MainThread [INFO]  Received executor task 299
2023-07-03 09:36:34.035 worker_log:602 22560 MainThread [INFO]  Completed executor task 299
2023-07-03 09:36:34.035 worker_log:613 22560 MainThread [INFO]  All processing finished for executor task 299
2023-07-03 09:36:49.763 worker_log:584 22560 MainThread [INFO]  Received executor task 314
2023-07-03 09:37:14.637 worker_log:602 22560 MainThread [INFO]  Completed executor task 314
2023-07-03 09:37:14.638 worker_log:613 22560 MainThread [INFO]  All processing finished for executor task 314
2023-07-03 09:37:17.697 worker_log:584 22560 MainThread [INFO]  Received executor task 326
2023-07-03 09:38:01.903 worker_log:602 22560 MainThread [INFO]  Completed executor task 326
2023-07-03 09:38:01.904 worker_log:613 22560 MainThread [INFO]  All processing finished for executor task 326
2023-07-03 09:38:15.695 worker_log:584 22560 MainThread [INFO]  Received executor task 339
2023-07-03 09:38:54.479 worker_log:602 22560 MainThread [INFO]  Completed executor task 339
2023-07-03 09:38:54.479 worker_log:613 22560 MainThread [INFO]  All processing finished for executor task 339
2023-07-03 09:39:48.701 worker_log:584 22560 MainThread [INFO]  Received executor task 355
2023-07-03 09:40:46.824 worker_log:602 22560 MainThread [INFO]  Completed executor task 355
2023-07-03 09:40:46.825 worker_log:613 22560 MainThread [INFO]  All processing finished for executor task 355
2023-07-03 09:42:38.688 worker_log:584 22560 MainThread [INFO]  Received executor task 373
2023-07-03 09:43:12.005 worker_log:602 22560 MainThread [INFO]  Completed executor task 373
2023-07-03 09:43:12.006 worker_log:613 22560 MainThread [INFO]  All processing finished for executor task 373
2023-07-03 09:44:04.716 worker_log:584 22560 MainThread [INFO]  Received executor task 386
2023-07-03 09:44:12.292 worker_log:602 22560 MainThread [INFO]  Completed executor task 386
2023-07-03 09:44:12.293 worker_log:613 22560 MainThread [INFO]  All processing finished for executor task 386
2023-07-03 09:44:34.724 worker_log:584 22560 MainThread [INFO]  Received executor task 391
2023-07-03 09:45:26.433 worker_log:602 22560 MainThread [INFO]  Completed executor task 391
2023-07-03 09:45:26.434 worker_log:613 22560 MainThread [INFO]  All processing finished for executor task 391
2023-07-03 09:46:39.663 worker_log:584 22560 MainThread [INFO]  Received executor task 409
2023-07-03 09:47:21.025 worker_log:602 22560 MainThread [INFO]  Completed executor task 409
2023-07-03 09:47:21.025 worker_log:613 22560 MainThread [INFO]  All processing finished for executor task 409
2023-07-03 09:48:09.816 worker_log:584 22560 MainThread [INFO]  Received executor task 425
2023-07-03 09:48:47.599 worker_log:602 22560 MainThread [INFO]  Completed executor task 425
2023-07-03 09:48:47.599 worker_log:613 22560 MainThread [INFO]  All processing finished for executor task 425
2023-07-03 09:49:08.676 worker_log:584 22560 MainThread [INFO]  Received executor task 440
2023-07-03 09:49:16.660 worker_log:602 22560 MainThread [INFO]  Completed executor task 440
2023-07-03 09:49:16.660 worker_log:613 22560 MainThread [INFO]  All processing finished for executor task 440
2023-07-03 09:49:16.672 worker_log:584 22560 MainThread [INFO]  Received executor task 447
2023-07-03 09:49:29.921 worker_log:602 22560 MainThread [INFO]  Completed executor task 447
2023-07-03 09:49:29.921 worker_log:613 22560 MainThread [INFO]  All processing finished for executor task 447
2023-07-03 09:50:08.709 worker_log:584 22560 MainThread [INFO]  Received executor task 461
2023-07-03 09:50:30.513 worker_log:602 22560 MainThread [INFO]  Completed executor task 461
2023-07-03 09:50:30.513 worker_log:613 22560 MainThread [INFO]  All processing finished for executor task 461
2023-07-03 09:50:37.696 worker_log:584 22560 MainThread [INFO]  Received executor task 476
2023-07-03 09:51:51.773 worker_log:602 22560 MainThread [INFO]  Completed executor task 476
2023-07-03 09:51:51.773 worker_log:613 22560 MainThread [INFO]  All processing finished for executor task 476
2023-07-03 09:52:04.707 worker_log:584 22560 MainThread [INFO]  Received executor task 506
2023-07-03 09:52:40.808 worker_log:602 22560 MainThread [INFO]  Completed executor task 506
2023-07-03 09:52:40.808 worker_log:613 22560 MainThread [INFO]  All processing finished for executor task 506
2023-07-03 09:53:33.700 worker_log:584 22560 MainThread [INFO]  Received executor task 519
2023-07-03 09:54:00.493 worker_log:602 22560 MainThread [INFO]  Completed executor task 519
2023-07-03 09:54:00.494 worker_log:613 22560 MainThread [INFO]  All processing finished for executor task 519
2023-07-03 09:55:29.705 worker_log:584 22560 MainThread [INFO]  Received executor task 532
2023-07-03 09:56:21.340 worker_log:602 22560 MainThread [INFO]  Completed executor task 532
2023-07-03 09:56:21.341 worker_log:613 22560 MainThread [INFO]  All processing finished for executor task 532
2023-07-03 09:56:21.352 worker_log:584 22560 MainThread [INFO]  Received executor task 545
2023-07-03 09:57:09.011 worker_log:602 22560 MainThread [INFO]  Completed executor task 545
2023-07-03 09:57:09.011 worker_log:613 22560 MainThread [INFO]  All processing finished for executor task 545
2023-07-03 09:57:09.022 worker_log:584 22560 MainThread [INFO]  Received executor task 557
2023-07-03 09:57:35.823 worker_log:602 22560 MainThread [INFO]  Completed executor task 557
2023-07-03 09:57:35.824 worker_log:613 22560 MainThread [INFO]  All processing finished for executor task 557
2023-07-03 09:57:41.703 worker_log:584 22560 MainThread [INFO]  Received executor task 571
2023-07-03 09:58:01.889 worker_log:602 22560 MainThread [INFO]  Completed executor task 571
2023-07-03 09:58:01.889 worker_log:613 22560 MainThread [INFO]  All processing finished for executor task 571
2023-07-03 09:58:40.711 worker_log:584 22560 MainThread [INFO]  Received executor task 583
2023-07-03 09:59:01.429 worker_log:602 22560 MainThread [INFO]  Completed executor task 583
2023-07-03 09:59:01.429 worker_log:613 22560 MainThread [INFO]  All processing finished for executor task 583
2023-07-03 10:01:51.689 worker_log:584 22560 MainThread [INFO]  Received executor task 592
2023-07-03 10:02:31.414 worker_log:602 22560 MainThread [INFO]  Completed executor task 592
2023-07-03 10:02:31.415 worker_log:613 22560 MainThread [INFO]  All processing finished for executor task 592
2023-07-03 10:02:53.669 worker_log:584 22560 MainThread [INFO]  Received executor task 613
2023-07-03 10:03:21.311 worker_log:602 22560 MainThread [INFO]  Completed executor task 613
2023-07-03 10:03:21.311 worker_log:613 22560 MainThread [INFO]  All processing finished for executor task 613
2023-07-03 10:04:19.709 worker_log:584 22560 MainThread [INFO]  Received executor task 626
2023-07-03 10:04:30.692 worker_log:602 22560 MainThread [INFO]  Completed executor task 626
2023-07-03 10:04:30.693 worker_log:613 22560 MainThread [INFO]  All processing finished for executor task 626
2023-07-03 10:04:49.697 worker_log:584 22560 MainThread [INFO]  Received executor task 639
2023-07-03 10:05:21.554 worker_log:602 22560 MainThread [INFO]  Completed executor task 639
2023-07-03 10:05:21.554 worker_log:613 22560 MainThread [INFO]  All processing finished for executor task 639
2023-07-03 10:06:24.838 worker_log:584 22560 MainThread [INFO]  Received executor task 652
2023-07-03 10:06:45.100 worker_log:602 22560 MainThread [INFO]  Completed executor task 652
2023-07-03 10:06:45.101 worker_log:613 22560 MainThread [INFO]  All processing finished for executor task 652
2023-07-03 10:06:54.712 worker_log:584 22560 MainThread [INFO]  Received executor task 668
2023-07-03 10:07:59.022 worker_log:602 22560 MainThread [INFO]  Completed executor task 668
2023-07-03 10:07:59.023 worker_log:613 22560 MainThread [INFO]  All processing finished for executor task 668
2023-07-03 10:08:23.689 worker_log:584 22560 MainThread [INFO]  Received executor task 684
2023-07-03 10:09:28.726 worker_log:602 22560 MainThread [INFO]  Completed executor task 684
2023-07-03 10:09:28.727 worker_log:613 22560 MainThread [INFO]  All processing finished for executor task 684
2023-07-03 10:11:48.678 worker_log:584 22560 MainThread [INFO]  Received executor task 700
2023-07-03 10:12:10.917 worker_log:602 22560 MainThread [INFO]  Completed executor task 700
2023-07-03 10:12:10.917 worker_log:613 22560 MainThread [INFO]  All processing finished for executor task 700
2023-07-03 10:13:44.693 worker_log:584 22560 MainThread [INFO]  Received executor task 721
2023-07-03 10:14:24.458 worker_log:602 22560 MainThread [INFO]  Completed executor task 721
2023-07-03 10:14:24.459 worker_log:613 22560 MainThread [INFO]  All processing finished for executor task 721
2023-07-03 10:14:42.704 worker_log:584 22560 MainThread [INFO]  Received executor task 738
2023-07-03 10:15:26.237 worker_log:602 22560 MainThread [INFO]  Completed executor task 738
2023-07-03 10:15:26.237 worker_log:613 22560 MainThread [INFO]  All processing finished for executor task 738
2023-07-03 10:15:48.695 worker_log:584 22560 MainThread [INFO]  Received executor task 751
2023-07-03 10:16:37.024 worker_log:602 22560 MainThread [INFO]  Completed executor task 751
2023-07-03 10:16:37.024 worker_log:613 22560 MainThread [INFO]  All processing finished for executor task 751
2023-07-03 10:17:17.779 worker_log:584 22560 MainThread [INFO]  Received executor task 774
2023-07-03 10:17:54.175 worker_log:602 22560 MainThread [INFO]  Completed executor task 774
2023-07-03 10:17:54.175 worker_log:613 22560 MainThread [INFO]  All processing finished for executor task 774
2023-07-03 10:18:22.699 worker_log:584 22560 MainThread [INFO]  Received executor task 794
2023-07-03 10:18:43.995 worker_log:602 22560 MainThread [INFO]  Completed executor task 794
2023-07-03 10:18:43.996 worker_log:613 22560 MainThread [INFO]  All processing finished for executor task 794
2023-07-03 10:19:49.672 worker_log:584 22560 MainThread [INFO]  Received executor task 809
2023-07-03 10:20:42.672 worker_log:602 22560 MainThread [INFO]  Completed executor task 809
2023-07-03 10:20:42.673 worker_log:613 22560 MainThread [INFO]  All processing finished for executor task 809
2023-07-03 10:21:17.710 worker_log:584 22560 MainThread [INFO]  Received executor task 829
2023-07-03 10:21:40.150 worker_log:602 22560 MainThread [INFO]  Completed executor task 829
2023-07-03 10:21:40.150 worker_log:613 22560 MainThread [INFO]  All processing finished for executor task 829
2023-07-03 10:22:45.711 worker_log:584 22560 MainThread [INFO]  Received executor task 849
2023-07-03 10:22:57.054 worker_log:602 22560 MainThread [INFO]  Completed executor task 849
2023-07-03 10:22:57.055 worker_log:613 22560 MainThread [INFO]  All processing finished for executor task 849
2023-07-03 10:23:16.692 worker_log:584 22560 MainThread [INFO]  Received executor task 863
2023-07-03 10:23:29.075 worker_log:602 22560 MainThread [INFO]  Completed executor task 863
2023-07-03 10:23:29.075 worker_log:613 22560 MainThread [INFO]  All processing finished for executor task 863
2023-07-03 10:23:46.709 worker_log:584 22560 MainThread [INFO]  Received executor task 874
2023-07-03 10:24:00.109 worker_log:602 22560 MainThread [INFO]  Completed executor task 874
2023-07-03 10:24:00.110 worker_log:613 22560 MainThread [INFO]  All processing finished for executor task 874
2023-07-03 10:24:45.720 worker_log:584 22560 MainThread [INFO]  Received executor task 888
2023-07-03 10:24:57.543 worker_log:602 22560 MainThread [INFO]  Completed executor task 888
2023-07-03 10:24:57.543 worker_log:613 22560 MainThread [INFO]  All processing finished for executor task 888
2023-07-03 10:25:22.704 worker_log:584 22560 MainThread [INFO]  Received executor task 901
2023-07-03 10:25:37.690 worker_log:602 22560 MainThread [INFO]  Completed executor task 901
2023-07-03 10:25:37.691 worker_log:613 22560 MainThread [INFO]  All processing finished for executor task 901
2023-07-03 10:25:58.700 worker_log:584 22560 MainThread [INFO]  Received executor task 915
2023-07-03 10:26:31.584 worker_log:602 22560 MainThread [INFO]  Completed executor task 915
2023-07-03 10:26:31.584 worker_log:613 22560 MainThread [INFO]  All processing finished for executor task 915
2023-07-03 10:26:31.597 worker_log:584 22560 MainThread [INFO]  Received executor task 923
2023-07-03 10:26:54.771 worker_log:602 22560 MainThread [INFO]  Completed executor task 923
2023-07-03 10:26:54.771 worker_log:613 22560 MainThread [INFO]  All processing finished for executor task 923
2023-07-03 10:26:58.700 worker_log:584 22560 MainThread [INFO]  Received executor task 932
2023-07-03 10:28:04.045 worker_log:602 22560 MainThread [INFO]  Completed executor task 932
2023-07-03 10:28:04.045 worker_log:613 22560 MainThread [INFO]  All processing finished for executor task 932
2023-07-03 10:29:33.707 worker_log:584 22560 MainThread [INFO]  Received executor task 949
2023-07-03 10:30:25.233 worker_log:602 22560 MainThread [INFO]  Completed executor task 949
2023-07-03 10:30:25.233 worker_log:613 22560 MainThread [INFO]  All processing finished for executor task 949
2023-07-03 10:33:06.713 worker_log:584 22560 MainThread [INFO]  Received executor task 970
2023-07-03 10:33:31.937 worker_log:602 22560 MainThread [INFO]  Completed executor task 970
2023-07-03 10:33:31.937 worker_log:613 22560 MainThread [INFO]  All processing finished for executor task 970
2023-07-03 10:35:22.691 worker_log:584 22560 MainThread [INFO]  Received executor task 988
2023-07-03 10:35:54.704 worker_log:602 22560 MainThread [INFO]  Completed executor task 988
2023-07-03 10:35:54.704 worker_log:613 22560 MainThread [INFO]  All processing finished for executor task 988
2023-07-03 10:36:22.730 worker_log:584 22560 MainThread [INFO]  Received executor task 1003
2023-07-03 10:36:44.726 worker_log:602 22560 MainThread [INFO]  Completed executor task 1003
2023-07-03 10:36:44.726 worker_log:613 22560 MainThread [INFO]  All processing finished for executor task 1003
2023-07-03 10:36:50.707 worker_log:584 22560 MainThread [INFO]  Received executor task 1014
2023-07-03 10:37:17.634 worker_log:602 22560 MainThread [INFO]  Completed executor task 1014
2023-07-03 10:37:17.634 worker_log:613 22560 MainThread [INFO]  All processing finished for executor task 1014
2023-07-03 10:37:50.734 worker_log:584 22560 MainThread [INFO]  Received executor task 1025
2023-07-03 10:38:54.762 worker_log:602 22560 MainThread [INFO]  Completed executor task 1025
2023-07-03 10:38:54.763 worker_log:613 22560 MainThread [INFO]  All processing finished for executor task 1025
2023-07-03 10:42:02.676 worker_log:584 22560 MainThread [INFO]  Received executor task 1055
2023-07-03 10:42:32.845 worker_log:602 22560 MainThread [INFO]  Completed executor task 1055
2023-07-03 10:42:32.846 worker_log:613 22560 MainThread [INFO]  All processing finished for executor task 1055
2023-07-03 10:43:04.698 worker_log:584 22560 MainThread [INFO]  Received executor task 1077
2023-07-03 10:43:15.083 worker_log:602 22560 MainThread [INFO]  Completed executor task 1077
2023-07-03 10:43:15.084 worker_log:613 22560 MainThread [INFO]  All processing finished for executor task 1077
2023-07-03 10:43:33.742 worker_log:584 22560 MainThread [INFO]  Received executor task 1089
2023-07-03 10:44:10.425 worker_log:602 22560 MainThread [INFO]  Completed executor task 1089
2023-07-03 10:44:10.425 worker_log:613 22560 MainThread [INFO]  All processing finished for executor task 1089
2023-07-03 10:45:10.777 worker_log:584 22560 MainThread [INFO]  Received executor task 1106
2023-07-03 10:45:59.661 worker_log:602 22560 MainThread [INFO]  Completed executor task 1106
2023-07-03 10:45:59.662 worker_log:613 22560 MainThread [INFO]  All processing finished for executor task 1106
2023-07-03 10:46:11.714 worker_log:584 22560 MainThread [INFO]  Received executor task 1126
2023-07-03 10:46:50.115 worker_log:602 22560 MainThread [INFO]  Completed executor task 1126
2023-07-03 10:46:50.116 worker_log:613 22560 MainThread [INFO]  All processing finished for executor task 1126
2023-07-03 10:47:46.734 worker_log:584 22560 MainThread [INFO]  Received executor task 1146
2023-07-03 10:48:15.618 worker_log:602 22560 MainThread [INFO]  Completed executor task 1146
2023-07-03 10:48:15.618 worker_log:613 22560 MainThread [INFO]  All processing finished for executor task 1146
2023-07-03 10:48:46.532 worker_log:584 22560 MainThread [INFO]  Received executor task 1163
2023-07-03 10:49:25.174 worker_log:602 22560 MainThread [INFO]  Completed executor task 1163
2023-07-03 10:49:25.174 worker_log:613 22560 MainThread [INFO]  All processing finished for executor task 1163
2023-07-03 10:49:42.723 worker_log:584 22560 MainThread [INFO]  Received executor task 1185
2023-07-03 10:50:24.129 worker_log:602 22560 MainThread [INFO]  Completed executor task 1185
2023-07-03 10:50:24.130 worker_log:613 22560 MainThread [INFO]  All processing finished for executor task 1185
2023-07-03 10:50:41.704 worker_log:584 22560 MainThread [INFO]  Received executor task 1202
2023-07-03 10:51:13.821 worker_log:602 22560 MainThread [INFO]  Completed executor task 1202
2023-07-03 10:51:13.821 worker_log:613 22560 MainThread [INFO]  All processing finished for executor task 1202
2023-07-03 10:51:13.832 worker_log:584 22560 MainThread [INFO]  Received executor task 1218
2023-07-03 10:51:32.186 worker_log:602 22560 MainThread [INFO]  Completed executor task 1218
2023-07-03 10:51:32.186 worker_log:613 22560 MainThread [INFO]  All processing finished for executor task 1218
2023-07-03 10:54:09.719 worker_log:584 22560 MainThread [INFO]  Received executor task 1229
2023-07-03 10:54:40.632 worker_log:602 22560 MainThread [INFO]  Completed executor task 1229
2023-07-03 10:54:40.633 worker_log:613 22560 MainThread [INFO]  All processing finished for executor task 1229
2023-07-03 10:56:11.694 worker_log:584 22560 MainThread [INFO]  Received executor task 1242
2023-07-03 10:56:48.593 worker_log:602 22560 MainThread [INFO]  Completed executor task 1242
2023-07-03 10:56:48.593 worker_log:613 22560 MainThread [INFO]  All processing finished for executor task 1242
2023-07-03 10:56:48.604 worker_log:584 22560 MainThread [INFO]  Received executor task 1258
2023-07-03 10:57:17.145 worker_log:602 22560 MainThread [INFO]  Completed executor task 1258
2023-07-03 10:57:17.146 worker_log:613 22560 MainThread [INFO]  All processing finished for executor task 1258
2023-07-03 10:57:40.583 worker_log:584 22560 MainThread [INFO]  Received executor task 1270
2023-07-03 10:57:58.194 worker_log:602 22560 MainThread [INFO]  Completed executor task 1270
2023-07-03 10:57:58.195 worker_log:613 22560 MainThread [INFO]  All processing finished for executor task 1270
2023-07-03 10:58:09.706 worker_log:584 22560 MainThread [INFO]  Received executor task 1282
2023-07-03 10:59:00.550 worker_log:602 22560 MainThread [INFO]  Completed executor task 1282
2023-07-03 10:59:00.551 worker_log:613 22560 MainThread [INFO]  All processing finished for executor task 1282
2023-07-03 10:59:06.700 worker_log:584 22560 MainThread [INFO]  Received executor task 1307
2023-07-03 11:00:00.013 worker_log:602 22560 MainThread [INFO]  Completed executor task 1307
2023-07-03 11:00:00.014 worker_log:613 22560 MainThread [INFO]  All processing finished for executor task 1307
2023-07-03 11:00:25.738 worker_log:584 22560 MainThread [INFO]  Received executor task 1321
2023-07-03 11:00:50.645 worker_log:602 22560 MainThread [INFO]  Completed executor task 1321
2023-07-03 11:00:50.646 worker_log:613 22560 MainThread [INFO]  All processing finished for executor task 1321
2023-07-03 11:01:24.700 worker_log:584 22560 MainThread [INFO]  Received executor task 1336
2023-07-03 11:02:04.851 worker_log:602 22560 MainThread [INFO]  Completed executor task 1336
2023-07-03 11:02:04.851 worker_log:613 22560 MainThread [INFO]  All processing finished for executor task 1336
2023-07-03 11:02:23.705 worker_log:584 22560 MainThread [INFO]  Received executor task 1355
2023-07-03 11:03:47.486 worker_log:602 22560 MainThread [INFO]  Completed executor task 1355
2023-07-03 11:03:47.486 worker_log:613 22560 MainThread [INFO]  All processing finished for executor task 1355
2023-07-03 11:03:47.497 worker_log:584 22560 MainThread [INFO]  Received executor task 1375
2023-07-03 11:04:09.603 worker_log:602 22560 MainThread [INFO]  Completed executor task 1375
2023-07-03 11:04:09.604 worker_log:613 22560 MainThread [INFO]  All processing finished for executor task 1375
2023-07-03 11:04:09.615 worker_log:584 22560 MainThread [INFO]  Received executor task 1386
2023-07-03 11:04:23.451 worker_log:602 22560 MainThread [INFO]  Completed executor task 1386
2023-07-03 11:04:23.451 worker_log:613 22560 MainThread [INFO]  All processing finished for executor task 1386
2023-07-03 11:04:23.462 worker_log:584 22560 MainThread [INFO]  Received executor task 1395
2023-07-03 11:04:39.300 worker_log:602 22560 MainThread [INFO]  Completed executor task 1395
2023-07-03 11:04:39.300 worker_log:613 22560 MainThread [INFO]  All processing finished for executor task 1395
2023-07-03 11:04:47.707 worker_log:584 22560 MainThread [INFO]  Received executor task 1407
2023-07-03 11:05:12.671 worker_log:602 22560 MainThread [INFO]  Completed executor task 1407
2023-07-03 11:05:12.671 worker_log:613 22560 MainThread [INFO]  All processing finished for executor task 1407
2023-07-03 11:05:17.717 worker_log:584 22560 MainThread [INFO]  Received executor task 1418
2023-07-03 11:06:22.418 worker_log:602 22560 MainThread [INFO]  Completed executor task 1418
2023-07-03 11:06:22.419 worker_log:613 22560 MainThread [INFO]  All processing finished for executor task 1418
2023-07-03 11:06:50.694 worker_log:584 22560 MainThread [INFO]  Received executor task 1441
2023-07-03 11:07:35.739 worker_log:602 22560 MainThread [INFO]  Completed executor task 1441
2023-07-03 11:07:35.739 worker_log:613 22560 MainThread [INFO]  All processing finished for executor task 1441
2023-07-03 11:08:51.716 worker_log:584 22560 MainThread [INFO]  Received executor task 1461
2023-07-03 11:09:12.590 worker_log:602 22560 MainThread [INFO]  Completed executor task 1461
2023-07-03 11:09:12.591 worker_log:613 22560 MainThread [INFO]  All processing finished for executor task 1461
2023-07-03 11:09:50.638 worker_log:584 22560 MainThread [INFO]  Received executor task 1479
2023-07-03 11:10:44.262 worker_log:602 22560 MainThread [INFO]  Completed executor task 1479
2023-07-03 11:10:44.262 worker_log:613 22560 MainThread [INFO]  All processing finished for executor task 1479
2023-07-03 11:12:31.752 worker_log:584 22560 MainThread [INFO]  Received executor task 1496
2023-07-03 11:12:49.272 worker_log:602 22560 MainThread [INFO]  Completed executor task 1496
2023-07-03 11:12:49.272 worker_log:613 22560 MainThread [INFO]  All processing finished for executor task 1496
2023-07-03 11:14:01.673 worker_log:584 22560 MainThread [INFO]  Received executor task 1512
2023-07-03 11:14:09.292 worker_log:602 22560 MainThread [INFO]  Completed executor task 1512
2023-07-03 11:14:09.292 worker_log:613 22560 MainThread [INFO]  All processing finished for executor task 1512
2023-07-03 11:14:29.733 worker_log:584 22560 MainThread [INFO]  Received executor task 1528
2023-07-03 11:14:47.744 worker_log:602 22560 MainThread [INFO]  Completed executor task 1528
2023-07-03 11:14:47.745 worker_log:613 22560 MainThread [INFO]  All processing finished for executor task 1528
2023-07-03 11:15:27.700 worker_log:584 22560 MainThread [INFO]  Received executor task 1544
2023-07-03 11:17:42.396 worker_log:602 22560 MainThread [INFO]  Completed executor task 1544
2023-07-03 11:17:42.396 worker_log:613 22560 MainThread [INFO]  All processing finished for executor task 1544
2023-07-03 11:17:49.713 worker_log:584 22560 MainThread [INFO]  Received executor task 1583
2023-07-03 11:18:10.757 worker_log:602 22560 MainThread [INFO]  Completed executor task 1583
2023-07-03 11:18:10.757 worker_log:613 22560 MainThread [INFO]  All processing finished for executor task 1583
2023-07-03 11:18:18.731 worker_log:584 22560 MainThread [INFO]  Received executor task 1592
2023-07-03 11:18:37.657 worker_log:602 22560 MainThread [INFO]  Completed executor task 1592
2023-07-03 11:18:37.657 worker_log:613 22560 MainThread [INFO]  All processing finished for executor task 1592
2023-07-03 11:19:18.712 worker_log:584 22560 MainThread [INFO]  Received executor task 1604
2023-07-03 11:19:42.382 worker_log:602 22560 MainThread [INFO]  Completed executor task 1604
2023-07-03 11:19:42.383 worker_log:613 22560 MainThread [INFO]  All processing finished for executor task 1604
2023-07-03 11:20:43.860 worker_log:584 22560 MainThread [INFO]  Received executor task 1616
2023-07-03 11:21:08.792 worker_log:602 22560 MainThread [INFO]  Completed executor task 1616
2023-07-03 11:21:08.792 worker_log:613 22560 MainThread [INFO]  All processing finished for executor task 1616
2023-07-03 11:21:10.745 worker_log:584 22560 MainThread [INFO]  Received executor task 1631
2023-07-03 11:21:43.866 worker_log:602 22560 MainThread [INFO]  Completed executor task 1631
2023-07-03 11:21:43.867 worker_log:613 22560 MainThread [INFO]  All processing finished for executor task 1631
2023-07-03 11:21:43.888 worker_log:584 22560 MainThread [INFO]  Received executor task 1644
2023-07-03 11:22:00.027 worker_log:602 22560 MainThread [INFO]  Completed executor task 1644
2023-07-03 11:22:00.028 worker_log:613 22560 MainThread [INFO]  All processing finished for executor task 1644
2023-07-03 11:22:09.714 worker_log:584 22560 MainThread [INFO]  Received executor task 1651
2023-07-03 11:22:31.532 worker_log:602 22560 MainThread [INFO]  Completed executor task 1651
2023-07-03 11:22:31.533 worker_log:613 22560 MainThread [INFO]  All processing finished for executor task 1651
2023-07-03 11:23:07.709 worker_log:584 22560 MainThread [INFO]  Received executor task 1663
2023-07-03 11:23:21.400 worker_log:602 22560 MainThread [INFO]  Completed executor task 1663
2023-07-03 11:23:21.401 worker_log:613 22560 MainThread [INFO]  All processing finished for executor task 1663
2023-07-03 11:23:37.702 worker_log:584 22560 MainThread [INFO]  Received executor task 1677
2023-07-03 11:23:51.117 worker_log:602 22560 MainThread [INFO]  Completed executor task 1677
2023-07-03 11:23:51.117 worker_log:613 22560 MainThread [INFO]  All processing finished for executor task 1677
2023-07-03 11:24:04.711 worker_log:584 22560 MainThread [INFO]  Received executor task 1690
2023-07-03 11:24:19.651 worker_log:602 22560 MainThread [INFO]  Completed executor task 1690
2023-07-03 11:24:19.651 worker_log:613 22560 MainThread [INFO]  All processing finished for executor task 1690
2023-07-03 11:24:32.720 worker_log:584 22560 MainThread [INFO]  Received executor task 1699
2023-07-03 11:24:55.585 worker_log:602 22560 MainThread [INFO]  Completed executor task 1699
2023-07-03 11:24:55.585 worker_log:613 22560 MainThread [INFO]  All processing finished for executor task 1699
2023-07-03 11:26:04.702 worker_log:584 22560 MainThread [INFO]  Received executor task 1713
2023-07-03 11:26:44.707 worker_log:602 22560 MainThread [INFO]  Completed executor task 1713
2023-07-03 11:26:44.707 worker_log:613 22560 MainThread [INFO]  All processing finished for executor task 1713
2023-07-03 11:27:32.807 worker_log:584 22560 MainThread [INFO]  Received executor task 1735
2023-07-03 11:28:24.353 worker_log:602 22560 MainThread [INFO]  Completed executor task 1735
2023-07-03 11:28:24.353 worker_log:613 22560 MainThread [INFO]  All processing finished for executor task 1735
2023-07-03 11:28:24.366 worker_log:584 22560 MainThread [INFO]  Received executor task 1750
2023-07-03 11:28:46.166 worker_log:602 22560 MainThread [INFO]  Completed executor task 1750
2023-07-03 11:28:46.167 worker_log:613 22560 MainThread [INFO]  All processing finished for executor task 1750
2023-07-03 11:28:46.178 worker_log:584 22560 MainThread [INFO]  Received executor task 1757
2023-07-03 11:29:29.971 worker_log:602 22560 MainThread [INFO]  Completed executor task 1757
2023-07-03 11:29:29.971 worker_log:613 22560 MainThread [INFO]  All processing finished for executor task 1757
2023-07-03 11:30:00.729 worker_log:584 22560 MainThread [INFO]  Received executor task 1783
2023-07-03 11:30:19.941 worker_log:602 22560 MainThread [INFO]  Completed executor task 1783
2023-07-03 11:30:19.941 worker_log:613 22560 MainThread [INFO]  All processing finished for executor task 1783
2023-07-03 11:32:58.698 worker_log:584 22560 MainThread [INFO]  Received executor task 1801
2023-07-03 11:33:35.056 worker_log:602 22560 MainThread [INFO]  Completed executor task 1801
2023-07-03 11:33:35.057 worker_log:613 22560 MainThread [INFO]  All processing finished for executor task 1801
2023-07-03 11:33:35.068 worker_log:584 22560 MainThread [INFO]  Received executor task 1810
2023-07-03 11:34:41.395 worker_log:602 22560 MainThread [INFO]  Completed executor task 1810
2023-07-03 11:34:41.395 worker_log:613 22560 MainThread [INFO]  All processing finished for executor task 1810
2023-07-03 11:35:00.766 worker_log:584 22560 MainThread [INFO]  Received executor task 1835
2023-07-03 11:35:25.139 worker_log:602 22560 MainThread [INFO]  Completed executor task 1835
2023-07-03 11:35:25.140 worker_log:613 22560 MainThread [INFO]  All processing finished for executor task 1835
2023-07-03 11:36:56.685 worker_log:584 22560 MainThread [INFO]  Received executor task 1854
2023-07-03 11:37:26.084 worker_log:602 22560 MainThread [INFO]  Completed executor task 1854
2023-07-03 11:37:26.085 worker_log:613 22560 MainThread [INFO]  All processing finished for executor task 1854
2023-07-03 11:37:26.733 worker_log:584 22560 MainThread [INFO]  Received executor task 1872
2023-07-03 11:37:55.595 worker_log:602 22560 MainThread [INFO]  Completed executor task 1872
2023-07-03 11:37:55.596 worker_log:613 22560 MainThread [INFO]  All processing finished for executor task 1872
2023-07-03 11:37:55.607 worker_log:584 22560 MainThread [INFO]  Received executor task 1879
2023-07-03 11:38:09.588 worker_log:602 22560 MainThread [INFO]  Completed executor task 1879
2023-07-03 11:38:09.589 worker_log:613 22560 MainThread [INFO]  All processing finished for executor task 1879
2023-07-03 11:38:23.720 worker_log:584 22560 MainThread [INFO]  Received executor task 1884
2023-07-03 11:39:34.819 worker_log:602 22560 MainThread [INFO]  Completed executor task 1884
2023-07-03 11:39:34.819 worker_log:613 22560 MainThread [INFO]  All processing finished for executor task 1884
2023-07-03 11:39:34.832 worker_log:584 22560 MainThread [INFO]  Received executor task 1909
2023-07-03 11:39:57.423 worker_log:602 22560 MainThread [INFO]  Completed executor task 1909
2023-07-03 11:39:57.424 worker_log:613 22560 MainThread [INFO]  All processing finished for executor task 1909
2023-07-03 11:40:28.714 worker_log:584 22560 MainThread [INFO]  Received executor task 1920
2023-07-03 11:41:00.569 worker_log:602 22560 MainThread [INFO]  Completed executor task 1920
2023-07-03 11:41:00.570 worker_log:613 22560 MainThread [INFO]  All processing finished for executor task 1920
2023-07-03 11:41:26.814 worker_log:584 22560 MainThread [INFO]  Received executor task 1939
2023-07-03 11:41:40.575 worker_log:602 22560 MainThread [INFO]  Completed executor task 1939
2023-07-03 11:41:40.575 worker_log:613 22560 MainThread [INFO]  All processing finished for executor task 1939
2023-07-03 11:41:54.727 worker_log:584 22560 MainThread [INFO]  Received executor task 1954
2023-07-03 11:42:17.012 worker_log:602 22560 MainThread [INFO]  Completed executor task 1954
2023-07-03 11:42:17.013 worker_log:613 22560 MainThread [INFO]  All processing finished for executor task 1954
2023-07-03 11:42:23.740 worker_log:584 22560 MainThread [INFO]  Received executor task 1963
2023-07-03 11:42:43.985 worker_log:602 22560 MainThread [INFO]  Completed executor task 1963
2023-07-03 11:42:43.985 worker_log:613 22560 MainThread [INFO]  All processing finished for executor task 1963
2023-07-03 11:43:27.695 worker_log:584 22560 MainThread [INFO]  Received executor task 1979
2023-07-03 11:43:50.815 worker_log:602 22560 MainThread [INFO]  Completed executor task 1979
2023-07-03 11:43:50.815 worker_log:613 22560 MainThread [INFO]  All processing finished for executor task 1979
2023-07-03 11:44:52.721 worker_log:584 22560 MainThread [INFO]  Received executor task 1997
2023-07-03 11:45:13.095 worker_log:602 22560 MainThread [INFO]  Completed executor task 1997
2023-07-03 11:45:13.095 worker_log:613 22560 MainThread [INFO]  All processing finished for executor task 1997
2023-07-03 11:45:21.733 worker_log:584 22560 MainThread [INFO]  Received executor task 2012
2023-07-03 11:45:46.158 worker_log:602 22560 MainThread [INFO]  Completed executor task 2012
2023-07-03 11:45:46.159 worker_log:613 22560 MainThread [INFO]  All processing finished for executor task 2012
2023-07-03 11:46:45.711 worker_log:584 22560 MainThread [INFO]  Received executor task 2027
2023-07-03 11:47:51.188 worker_log:602 22560 MainThread [INFO]  Completed executor task 2027
2023-07-03 11:47:51.189 worker_log:613 22560 MainThread [INFO]  All processing finished for executor task 2027
2023-07-03 11:48:11.680 worker_log:584 22560 MainThread [INFO]  Received executor task 2050
2023-07-03 11:49:36.644 worker_log:602 22560 MainThread [INFO]  Completed executor task 2050
2023-07-03 11:49:36.644 worker_log:613 22560 MainThread [INFO]  All processing finished for executor task 2050
2023-07-03 11:50:33.699 worker_log:584 22560 MainThread [INFO]  Received executor task 2069
2023-07-03 11:51:48.260 worker_log:602 22560 MainThread [INFO]  Completed executor task 2069
2023-07-03 11:51:48.260 worker_log:613 22560 MainThread [INFO]  All processing finished for executor task 2069
2023-07-03 11:51:48.271 worker_log:584 22560 MainThread [INFO]  Received executor task 2095
2023-07-03 11:52:07.307 worker_log:602 22560 MainThread [INFO]  Completed executor task 2095
2023-07-03 11:52:07.307 worker_log:613 22560 MainThread [INFO]  All processing finished for executor task 2095
2023-07-03 11:52:07.318 worker_log:584 22560 MainThread [INFO]  Received executor task 2103
2023-07-03 11:52:58.750 worker_log:602 22560 MainThread [INFO]  Completed executor task 2103
2023-07-03 11:52:58.750 worker_log:613 22560 MainThread [INFO]  All processing finished for executor task 2103
2023-07-03 11:53:44.745 worker_log:584 22560 MainThread [INFO]  Received executor task 2121
2023-07-03 11:54:23.526 worker_log:602 22560 MainThread [INFO]  Completed executor task 2121
2023-07-03 11:54:23.526 worker_log:613 22560 MainThread [INFO]  All processing finished for executor task 2121
2023-07-03 11:54:50.747 worker_log:584 22560 MainThread [INFO]  Received executor task 2141
2023-07-03 11:55:29.489 worker_log:602 22560 MainThread [INFO]  Completed executor task 2141
2023-07-03 11:55:29.490 worker_log:613 22560 MainThread [INFO]  All processing finished for executor task 2141
2023-07-03 11:55:48.741 worker_log:584 22560 MainThread [INFO]  Received executor task 2160
2023-07-03 11:56:35.559 worker_log:602 22560 MainThread [INFO]  Completed executor task 2160
2023-07-03 11:56:35.559 worker_log:613 22560 MainThread [INFO]  All processing finished for executor task 2160
2023-07-03 11:57:44.714 worker_log:584 22560 MainThread [INFO]  Received executor task 2179
2023-07-03 11:58:03.912 worker_log:602 22560 MainThread [INFO]  Completed executor task 2179
2023-07-03 11:58:03.912 worker_log:613 22560 MainThread [INFO]  All processing finished for executor task 2179
2023-07-03 11:58:43.699 worker_log:584 22560 MainThread [INFO]  Received executor task 2200
2023-07-03 12:00:11.807 worker_log:602 22560 MainThread [INFO]  Completed executor task 2200
2023-07-03 12:00:11.808 worker_log:613 22560 MainThread [INFO]  All processing finished for executor task 2200
2023-07-03 12:00:36.829 worker_log:584 22560 MainThread [INFO]  Received executor task 2235
2023-07-03 12:00:53.532 worker_log:602 22560 MainThread [INFO]  Completed executor task 2235
2023-07-03 12:00:53.532 worker_log:613 22560 MainThread [INFO]  All processing finished for executor task 2235
2023-07-03 12:01:36.701 worker_log:584 22560 MainThread [INFO]  Received executor task 2255
2023-07-03 12:02:01.423 worker_log:602 22560 MainThread [INFO]  Completed executor task 2255
2023-07-03 12:02:01.423 worker_log:613 22560 MainThread [INFO]  All processing finished for executor task 2255
2023-07-03 12:02:33.747 worker_log:584 22560 MainThread [INFO]  Received executor task 2271
2023-07-03 12:03:08.167 worker_log:602 22560 MainThread [INFO]  Completed executor task 2271
2023-07-03 12:03:08.168 worker_log:613 22560 MainThread [INFO]  All processing finished for executor task 2271
2023-07-03 12:03:08.180 worker_log:584 22560 MainThread [INFO]  Received executor task 2281
2023-07-03 12:03:52.387 worker_log:602 22560 MainThread [INFO]  Completed executor task 2281
2023-07-03 12:03:52.387 worker_log:613 22560 MainThread [INFO]  All processing finished for executor task 2281
2023-07-03 12:03:52.400 worker_log:584 22560 MainThread [INFO]  Received executor task 2293
2023-07-03 12:04:03.213 worker_log:602 22560 MainThread [INFO]  Completed executor task 2293
2023-07-03 12:04:03.214 worker_log:613 22560 MainThread [INFO]  All processing finished for executor task 2293
2023-07-03 12:04:30.707 worker_log:584 22560 MainThread [INFO]  Received executor task 2299
2023-07-03 12:05:20.159 worker_log:602 22560 MainThread [INFO]  Completed executor task 2299
2023-07-03 12:05:20.159 worker_log:613 22560 MainThread [INFO]  All processing finished for executor task 2299
2023-07-03 12:06:52.718 worker_log:584 22560 MainThread [INFO]  Received executor task 2316
2023-07-03 12:07:18.315 worker_log:602 22560 MainThread [INFO]  Completed executor task 2316
2023-07-03 12:07:18.315 worker_log:613 22560 MainThread [INFO]  All processing finished for executor task 2316
2023-07-03 12:08:46.696 worker_log:584 22560 MainThread [INFO]  Received executor task 2335
2023-07-03 12:09:10.887 worker_log:602 22560 MainThread [INFO]  Completed executor task 2335
2023-07-03 12:09:10.887 worker_log:613 22560 MainThread [INFO]  All processing finished for executor task 2335
2023-07-03 12:09:16.707 worker_log:584 22560 MainThread [INFO]  Received executor task 2348
2023-07-03 12:09:33.265 worker_log:602 22560 MainThread [INFO]  Completed executor task 2348
2023-07-03 12:09:33.266 worker_log:613 22560 MainThread [INFO]  All processing finished for executor task 2348
2023-07-03 12:10:14.733 worker_log:584 22560 MainThread [INFO]  Received executor task 2357
2023-07-03 12:10:28.698 worker_log:602 22560 MainThread [INFO]  Completed executor task 2357
2023-07-03 12:10:28.698 worker_log:613 22560 MainThread [INFO]  All processing finished for executor task 2357
2023-07-03 12:11:47.670 worker_log:584 22560 MainThread [INFO]  Received executor task 2374
2023-07-03 12:12:00.335 worker_log:602 22560 MainThread [INFO]  Completed executor task 2374
2023-07-03 12:12:00.335 worker_log:613 22560 MainThread [INFO]  All processing finished for executor task 2374
2023-07-03 12:12:16.710 worker_log:584 22560 MainThread [INFO]  Received executor task 2393
2023-07-03 12:12:39.865 worker_log:602 22560 MainThread [INFO]  Completed executor task 2393
2023-07-03 12:12:39.866 worker_log:613 22560 MainThread [INFO]  All processing finished for executor task 2393
2023-07-03 12:12:44.712 worker_log:584 22560 MainThread [INFO]  Received executor task 2402
2023-07-03 12:13:11.057 worker_log:602 22560 MainThread [INFO]  Completed executor task 2402
2023-07-03 12:13:11.057 worker_log:613 22560 MainThread [INFO]  All processing finished for executor task 2402
2023-07-03 12:16:32.708 worker_log:584 22560 MainThread [INFO]  Received executor task 2412
2023-07-03 12:16:54.905 worker_log:602 22560 MainThread [INFO]  Completed executor task 2412
2023-07-03 12:16:54.906 worker_log:613 22560 MainThread [INFO]  All processing finished for executor task 2412
2023-07-03 12:17:33.704 worker_log:584 22560 MainThread [INFO]  Received executor task 2426
2023-07-03 12:18:59.501 worker_log:602 22560 MainThread [INFO]  Completed executor task 2426
2023-07-03 12:18:59.502 worker_log:613 22560 MainThread [INFO]  All processing finished for executor task 2426
2023-07-03 12:19:01.717 worker_log:584 22560 MainThread [INFO]  Received executor task 2461
2023-07-03 12:19:36.626 worker_log:602 22560 MainThread [INFO]  Completed executor task 2461
2023-07-03 12:19:36.627 worker_log:613 22560 MainThread [INFO]  All processing finished for executor task 2461
2023-07-03 12:19:57.736 worker_log:584 22560 MainThread [INFO]  Received executor task 2479
2023-07-03 12:20:11.171 worker_log:602 22560 MainThread [INFO]  Completed executor task 2479
2023-07-03 12:20:11.172 worker_log:613 22560 MainThread [INFO]  All processing finished for executor task 2479
2023-07-03 12:20:26.721 worker_log:584 22560 MainThread [INFO]  Received executor task 2491
2023-07-03 12:20:44.322 worker_log:602 22560 MainThread [INFO]  Completed executor task 2491
2023-07-03 12:20:44.322 worker_log:613 22560 MainThread [INFO]  All processing finished for executor task 2491
2023-07-03 12:21:01.700 worker_log:584 22560 MainThread [INFO]  Received executor task 2500
2023-07-03 12:21:28.943 worker_log:602 22560 MainThread [INFO]  Completed executor task 2500
2023-07-03 12:21:28.943 worker_log:613 22560 MainThread [INFO]  All processing finished for executor task 2500
2023-07-03 12:21:58.740 worker_log:584 22560 MainThread [INFO]  Received executor task 2517
2023-07-03 12:22:12.564 worker_log:602 22560 MainThread [INFO]  Completed executor task 2517
2023-07-03 12:22:12.564 worker_log:613 22560 MainThread [INFO]  All processing finished for executor task 2517
2023-07-03 12:23:08.713 worker_log:584 22560 MainThread [INFO]  Received executor task 2533
2023-07-03 12:23:37.110 worker_log:602 22560 MainThread [INFO]  Completed executor task 2533
2023-07-03 12:23:37.110 worker_log:613 22560 MainThread [INFO]  All processing finished for executor task 2533
2023-07-03 12:24:12.746 worker_log:584 22560 MainThread [INFO]  Received executor task 2544
2023-07-03 12:25:08.435 worker_log:602 22560 MainThread [INFO]  Completed executor task 2544
2023-07-03 12:25:08.435 worker_log:613 22560 MainThread [INFO]  All processing finished for executor task 2544
2023-07-03 12:25:09.710 worker_log:584 22560 MainThread [INFO]  Received executor task 2572
2023-07-03 12:25:37.405 worker_log:602 22560 MainThread [INFO]  Completed executor task 2572
2023-07-03 12:25:37.405 worker_log:613 22560 MainThread [INFO]  All processing finished for executor task 2572
2023-07-03 12:27:03.736 worker_log:584 22560 MainThread [INFO]  Received executor task 2581
2023-07-03 12:28:17.738 worker_log:602 22560 MainThread [INFO]  Completed executor task 2581
2023-07-03 12:28:17.738 worker_log:613 22560 MainThread [INFO]  All processing finished for executor task 2581
2023-07-03 12:29:26.713 worker_log:584 22560 MainThread [INFO]  Received executor task 2606
2023-07-03 12:29:59.942 worker_log:602 22560 MainThread [INFO]  Completed executor task 2606
2023-07-03 12:29:59.942 worker_log:613 22560 MainThread [INFO]  All processing finished for executor task 2606
2023-07-03 12:30:53.714 worker_log:584 22560 MainThread [INFO]  Received executor task 2625
2023-07-03 12:31:09.019 worker_log:602 22560 MainThread [INFO]  Completed executor task 2625
2023-07-03 12:31:09.019 worker_log:613 22560 MainThread [INFO]  All processing finished for executor task 2625
2023-07-03 12:31:50.700 worker_log:584 22560 MainThread [INFO]  Received executor task 2636
2023-07-03 12:32:07.546 worker_log:602 22560 MainThread [INFO]  Completed executor task 2636
2023-07-03 12:32:07.546 worker_log:613 22560 MainThread [INFO]  All processing finished for executor task 2636
2023-07-03 12:32:18.700 worker_log:584 22560 MainThread [INFO]  Received executor task 2650
2023-07-03 12:33:07.317 worker_log:602 22560 MainThread [INFO]  Completed executor task 2650
2023-07-03 12:33:07.317 worker_log:613 22560 MainThread [INFO]  All processing finished for executor task 2650
2023-07-03 12:33:43.712 worker_log:584 22560 MainThread [INFO]  Received executor task 2667
2023-07-03 12:34:26.858 worker_log:602 22560 MainThread [INFO]  Completed executor task 2667
2023-07-03 12:34:26.858 worker_log:613 22560 MainThread [INFO]  All processing finished for executor task 2667
2023-07-03 12:35:40.722 worker_log:584 22560 MainThread [INFO]  Received executor task 2685
2023-07-03 12:35:54.117 worker_log:602 22560 MainThread [INFO]  Completed executor task 2685
2023-07-03 12:35:54.117 worker_log:613 22560 MainThread [INFO]  All processing finished for executor task 2685
2023-07-03 12:36:36.981 worker_log:584 22560 MainThread [INFO]  Received executor task 2697
2023-07-03 12:37:08.997 worker_log:602 22560 MainThread [INFO]  Completed executor task 2697
2023-07-03 12:37:08.998 worker_log:613 22560 MainThread [INFO]  All processing finished for executor task 2697
2023-07-03 12:37:34.700 worker_log:584 22560 MainThread [INFO]  Received executor task 2708
2023-07-03 12:38:16.012 worker_log:602 22560 MainThread [INFO]  Completed executor task 2708
2023-07-03 12:38:16.013 worker_log:613 22560 MainThread [INFO]  All processing finished for executor task 2708
2023-07-03 12:39:26.660 worker_log:584 22560 MainThread [INFO]  Received executor task 2719
2023-07-03 12:39:36.240 worker_log:602 22560 MainThread [INFO]  Completed executor task 2719
2023-07-03 12:39:36.241 worker_log:613 22560 MainThread [INFO]  All processing finished for executor task 2719
2023-07-03 12:40:24.785 worker_log:584 22560 MainThread [INFO]  Received executor task 2731
2023-07-03 12:41:08.125 worker_log:602 22560 MainThread [INFO]  Completed executor task 2731
2023-07-03 12:41:08.125 worker_log:613 22560 MainThread [INFO]  All processing finished for executor task 2731
2023-07-03 12:41:49.737 worker_log:584 22560 MainThread [INFO]  Received executor task 2757
2023-07-03 12:42:44.614 worker_log:602 22560 MainThread [INFO]  Completed executor task 2757
2023-07-03 12:42:44.614 worker_log:613 22560 MainThread [INFO]  All processing finished for executor task 2757
2023-07-03 12:43:20.694 worker_log:584 22560 MainThread [INFO]  Received executor task 2774
2023-07-03 12:44:05.750 worker_log:602 22560 MainThread [INFO]  Completed executor task 2774
2023-07-03 12:44:05.751 worker_log:613 22560 MainThread [INFO]  All processing finished for executor task 2774
2023-07-03 12:44:18.714 worker_log:584 22560 MainThread [INFO]  Received executor task 2788
2023-07-03 12:44:57.848 worker_log:602 22560 MainThread [INFO]  Completed executor task 2788
2023-07-03 12:44:57.855 worker_log:613 22560 MainThread [INFO]  All processing finished for executor task 2788
