2023-07-03 09:08:17.504 worker_log:538 22575 MainThread [INFO]  Worker 10 started
2023-07-03 09:10:01.818 worker_log:584 22575 MainThread [INFO]  Received executor task 11
2023-07-03 09:10:30.944 worker_log:602 22575 MainThread [INFO]  Completed executor task 11
2023-07-03 09:10:30.945 worker_log:613 22575 MainThread [INFO]  All processing finished for executor task 11
2023-07-03 09:10:38.700 worker_log:584 22575 MainThread [INFO]  Received executor task 29
2023-07-03 09:11:30.337 worker_log:602 22575 MainThread [INFO]  Completed executor task 29
2023-07-03 09:11:30.337 worker_log:613 22575 MainThread [INFO]  All processing finished for executor task 29
2023-07-03 09:11:32.724 worker_log:584 22575 MainThread [INFO]  Received executor task 43
2023-07-03 09:12:20.121 worker_log:602 22575 MainThread [INFO]  Completed executor task 43
2023-07-03 09:12:20.121 worker_log:613 22575 MainThread [INFO]  All processing finished for executor task 43
2023-07-03 09:12:20.132 worker_log:584 22575 MainThread [INFO]  Received executor task 54
2023-07-03 09:13:08.611 worker_log:602 22575 MainThread [INFO]  Completed executor task 54
2023-07-03 09:13:08.611 worker_log:613 22575 MainThread [INFO]  All processing finished for executor task 54
2023-07-03 09:13:29.704 worker_log:584 22575 MainThread [INFO]  Received executor task 70
2023-07-03 09:14:09.937 worker_log:602 22575 MainThread [INFO]  Completed executor task 70
2023-07-03 09:14:09.937 worker_log:613 22575 MainThread [INFO]  All processing finished for executor task 70
2023-07-03 09:15:31.699 worker_log:584 22575 MainThread [INFO]  Received executor task 89
2023-07-03 09:16:19.667 worker_log:602 22575 MainThread [INFO]  Completed executor task 89
2023-07-03 09:16:19.668 worker_log:613 22575 MainThread [INFO]  All processing finished for executor task 89
2023-07-03 09:16:34.679 worker_log:584 22575 MainThread [INFO]  Received executor task 108
2023-07-03 09:17:02.109 worker_log:602 22575 MainThread [INFO]  Completed executor task 108
2023-07-03 09:17:02.109 worker_log:613 22575 MainThread [INFO]  All processing finished for executor task 108
2023-07-03 09:17:07.681 worker_log:584 22575 MainThread [INFO]  Received executor task 118
2023-07-03 09:17:18.431 worker_log:602 22575 MainThread [INFO]  Completed executor task 118
2023-07-03 09:17:18.432 worker_log:613 22575 MainThread [INFO]  All processing finished for executor task 118
2023-07-03 09:17:38.679 worker_log:584 22575 MainThread [INFO]  Received executor task 122
2023-07-03 09:18:07.118 worker_log:602 22575 MainThread [INFO]  Completed executor task 122
2023-07-03 09:18:07.118 worker_log:613 22575 MainThread [INFO]  All processing finished for executor task 122
2023-07-03 09:19:38.710 worker_log:584 22575 MainThread [INFO]  Received executor task 136
2023-07-03 09:20:27.033 worker_log:602 22575 MainThread [INFO]  Completed executor task 136
2023-07-03 09:20:27.034 worker_log:613 22575 MainThread [INFO]  All processing finished for executor task 136
2023-07-03 09:24:08.686 worker_log:584 22575 MainThread [INFO]  Received executor task 151
2023-07-03 09:24:18.112 worker_log:602 22575 MainThread [INFO]  Completed executor task 151
2023-07-03 09:24:18.112 worker_log:613 22575 MainThread [INFO]  All processing finished for executor task 151
2023-07-03 09:25:06.673 worker_log:584 22575 MainThread [INFO]  Received executor task 170
2023-07-03 09:25:58.403 worker_log:602 22575 MainThread [INFO]  Completed executor task 170
2023-07-03 09:25:58.403 worker_log:613 22575 MainThread [INFO]  All processing finished for executor task 170
2023-07-03 09:26:06.705 worker_log:584 22575 MainThread [INFO]  Received executor task 188
2023-07-03 09:26:21.893 worker_log:602 22575 MainThread [INFO]  Completed executor task 188
2023-07-03 09:26:21.894 worker_log:613 22575 MainThread [INFO]  All processing finished for executor task 188
2023-07-03 09:27:03.685 worker_log:584 22575 MainThread [INFO]  Received executor task 202
2023-07-03 09:27:16.590 worker_log:602 22575 MainThread [INFO]  Completed executor task 202
2023-07-03 09:27:16.591 worker_log:613 22575 MainThread [INFO]  All processing finished for executor task 202
2023-07-03 09:27:34.705 worker_log:584 22575 MainThread [INFO]  Received executor task 218
2023-07-03 09:27:55.500 worker_log:602 22575 MainThread [INFO]  Completed executor task 218
2023-07-03 09:27:55.500 worker_log:613 22575 MainThread [INFO]  All processing finished for executor task 218
2023-07-03 09:29:00.703 worker_log:584 22575 MainThread [INFO]  Received executor task 232
2023-07-03 09:29:38.194 worker_log:602 22575 MainThread [INFO]  Completed executor task 232
2023-07-03 09:29:38.195 worker_log:613 22575 MainThread [INFO]  All processing finished for executor task 232
2023-07-03 09:29:59.658 worker_log:584 22575 MainThread [INFO]  Received executor task 250
2023-07-03 09:30:47.344 worker_log:602 22575 MainThread [INFO]  Completed executor task 250
2023-07-03 09:30:47.345 worker_log:613 22575 MainThread [INFO]  All processing finished for executor task 250
2023-07-03 09:33:25.709 worker_log:584 22575 MainThread [INFO]  Received executor task 268
2023-07-03 09:33:50.706 worker_log:602 22575 MainThread [INFO]  Completed executor task 268
2023-07-03 09:33:50.706 worker_log:613 22575 MainThread [INFO]  All processing finished for executor task 268
2023-07-03 09:34:23.696 worker_log:584 22575 MainThread [INFO]  Received executor task 281
2023-07-03 09:34:48.834 worker_log:602 22575 MainThread [INFO]  Completed executor task 281
2023-07-03 09:34:48.835 worker_log:613 22575 MainThread [INFO]  All processing finished for executor task 281
2023-07-03 09:36:20.709 worker_log:584 22575 MainThread [INFO]  Received executor task 302
2023-07-03 09:36:49.425 worker_log:602 22575 MainThread [INFO]  Completed executor task 302
2023-07-03 09:36:49.426 worker_log:613 22575 MainThread [INFO]  All processing finished for executor task 302
2023-07-03 09:37:17.687 worker_log:584 22575 MainThread [INFO]  Received executor task 321
2023-07-03 09:37:56.971 worker_log:602 22575 MainThread [INFO]  Completed executor task 321
2023-07-03 09:37:56.972 worker_log:613 22575 MainThread [INFO]  All processing finished for executor task 321
2023-07-03 09:38:15.675 worker_log:584 22575 MainThread [INFO]  Received executor task 338
2023-07-03 09:38:50.243 worker_log:602 22575 MainThread [INFO]  Completed executor task 338
2023-07-03 09:38:50.243 worker_log:613 22575 MainThread [INFO]  All processing finished for executor task 338
2023-07-03 09:39:48.701 worker_log:584 22575 MainThread [INFO]  Received executor task 354
2023-07-03 09:40:36.270 worker_log:602 22575 MainThread [INFO]  Completed executor task 354
2023-07-03 09:40:36.271 worker_log:613 22575 MainThread [INFO]  All processing finished for executor task 354
2023-07-03 09:42:38.677 worker_log:584 22575 MainThread [INFO]  Received executor task 370
2023-07-03 09:43:38.352 worker_log:602 22575 MainThread [INFO]  Completed executor task 370
2023-07-03 09:43:38.352 worker_log:613 22575 MainThread [INFO]  All processing finished for executor task 370
2023-07-03 09:44:04.716 worker_log:584 22575 MainThread [INFO]  Received executor task 388
2023-07-03 09:44:28.214 worker_log:602 22575 MainThread [INFO]  Completed executor task 388
2023-07-03 09:44:28.214 worker_log:613 22575 MainThread [INFO]  All processing finished for executor task 388
2023-07-03 09:44:34.725 worker_log:584 22575 MainThread [INFO]  Received executor task 397
2023-07-03 09:45:21.325 worker_log:602 22575 MainThread [INFO]  Completed executor task 397
2023-07-03 09:45:21.326 worker_log:613 22575 MainThread [INFO]  All processing finished for executor task 397
2023-07-03 09:46:09.712 worker_log:584 22575 MainThread [INFO]  Received executor task 407
2023-07-03 09:46:29.451 worker_log:602 22575 MainThread [INFO]  Completed executor task 407
2023-07-03 09:46:29.452 worker_log:613 22575 MainThread [INFO]  All processing finished for executor task 407
2023-07-03 09:47:39.711 worker_log:584 22575 MainThread [INFO]  Received executor task 415
2023-07-03 09:48:15.207 worker_log:602 22575 MainThread [INFO]  Completed executor task 415
2023-07-03 09:48:15.207 worker_log:613 22575 MainThread [INFO]  All processing finished for executor task 415
2023-07-03 09:48:15.219 worker_log:584 22575 MainThread [INFO]  Received executor task 426
2023-07-03 09:48:47.556 worker_log:602 22575 MainThread [INFO]  Completed executor task 426
2023-07-03 09:48:47.557 worker_log:613 22575 MainThread [INFO]  All processing finished for executor task 426
2023-07-03 09:48:47.568 worker_log:584 22575 MainThread [INFO]  Received executor task 439
2023-07-03 09:49:25.182 worker_log:602 22575 MainThread [INFO]  Completed executor task 439
2023-07-03 09:49:25.183 worker_log:613 22575 MainThread [INFO]  All processing finished for executor task 439
2023-07-03 09:49:37.684 worker_log:584 22575 MainThread [INFO]  Received executor task 455
2023-07-03 09:50:03.474 worker_log:602 22575 MainThread [INFO]  Completed executor task 455
2023-07-03 09:50:03.475 worker_log:613 22575 MainThread [INFO]  All processing finished for executor task 455
2023-07-03 09:50:08.714 worker_log:584 22575 MainThread [INFO]  Received executor task 467
2023-07-03 09:50:49.862 worker_log:602 22575 MainThread [INFO]  Completed executor task 467
2023-07-03 09:50:49.863 worker_log:613 22575 MainThread [INFO]  All processing finished for executor task 467
2023-07-03 09:51:06.713 worker_log:584 22575 MainThread [INFO]  Received executor task 482
2023-07-03 09:51:28.699 worker_log:602 22575 MainThread [INFO]  Completed executor task 482
2023-07-03 09:51:28.699 worker_log:613 22575 MainThread [INFO]  All processing finished for executor task 482
2023-07-03 09:52:04.707 worker_log:584 22575 MainThread [INFO]  Received executor task 499
2023-07-03 09:52:34.009 worker_log:602 22575 MainThread [INFO]  Completed executor task 499
2023-07-03 09:52:34.009 worker_log:613 22575 MainThread [INFO]  All processing finished for executor task 499
2023-07-03 09:53:03.698 worker_log:584 22575 MainThread [INFO]  Received executor task 516
2023-07-03 09:53:57.171 worker_log:602 22575 MainThread [INFO]  Completed executor task 516
2023-07-03 09:53:57.171 worker_log:613 22575 MainThread [INFO]  All processing finished for executor task 516
2023-07-03 09:55:29.705 worker_log:584 22575 MainThread [INFO]  Received executor task 531
2023-07-03 09:56:16.205 worker_log:602 22575 MainThread [INFO]  Completed executor task 531
2023-07-03 09:56:16.206 worker_log:613 22575 MainThread [INFO]  All processing finished for executor task 531
2023-07-03 09:56:16.217 worker_log:584 22575 MainThread [INFO]  Received executor task 543
2023-07-03 09:57:10.480 worker_log:602 22575 MainThread [INFO]  Completed executor task 543
2023-07-03 09:57:10.480 worker_log:613 22575 MainThread [INFO]  All processing finished for executor task 543
2023-07-03 09:57:10.492 worker_log:584 22575 MainThread [INFO]  Received executor task 558
2023-07-03 09:57:35.640 worker_log:602 22575 MainThread [INFO]  Completed executor task 558
2023-07-03 09:57:35.640 worker_log:613 22575 MainThread [INFO]  All processing finished for executor task 558
2023-07-03 09:57:41.703 worker_log:584 22575 MainThread [INFO]  Received executor task 570
2023-07-03 09:58:09.746 worker_log:602 22575 MainThread [INFO]  Completed executor task 570
2023-07-03 09:58:09.746 worker_log:613 22575 MainThread [INFO]  All processing finished for executor task 570
2023-07-03 09:59:11.703 worker_log:584 22575 MainThread [INFO]  Received executor task 586
2023-07-03 09:59:39.615 worker_log:602 22575 MainThread [INFO]  Completed executor task 586
2023-07-03 09:59:39.616 worker_log:613 22575 MainThread [INFO]  All processing finished for executor task 586
2023-07-03 10:02:22.686 worker_log:584 22575 MainThread [INFO]  Received executor task 602
2023-07-03 10:03:08.174 worker_log:602 22575 MainThread [INFO]  Completed executor task 602
2023-07-03 10:03:08.174 worker_log:613 22575 MainThread [INFO]  All processing finished for executor task 602
2023-07-03 10:04:19.709 worker_log:584 22575 MainThread [INFO]  Received executor task 624
2023-07-03 10:04:37.274 worker_log:602 22575 MainThread [INFO]  Completed executor task 624
2023-07-03 10:04:37.275 worker_log:613 22575 MainThread [INFO]  All processing finished for executor task 624
2023-07-03 10:05:24.670 worker_log:584 22575 MainThread [INFO]  Received executor task 641
2023-07-03 10:07:03.431 worker_log:602 22575 MainThread [INFO]  Completed executor task 641
2023-07-03 10:07:03.432 worker_log:613 22575 MainThread [INFO]  All processing finished for executor task 641
2023-07-03 10:07:53.682 worker_log:584 22575 MainThread [INFO]  Received executor task 673
2023-07-03 10:08:25.197 worker_log:602 22575 MainThread [INFO]  Completed executor task 673
2023-07-03 10:08:25.197 worker_log:613 22575 MainThread [INFO]  All processing finished for executor task 673
2023-07-03 10:09:23.684 worker_log:584 22575 MainThread [INFO]  Received executor task 687
2023-07-03 10:10:22.769 worker_log:602 22575 MainThread [INFO]  Completed executor task 687
2023-07-03 10:10:22.769 worker_log:613 22575 MainThread [INFO]  All processing finished for executor task 687
2023-07-03 10:12:17.697 worker_log:584 22575 MainThread [INFO]  Received executor task 713
2023-07-03 10:13:15.632 worker_log:602 22575 MainThread [INFO]  Completed executor task 713
2023-07-03 10:13:15.633 worker_log:613 22575 MainThread [INFO]  All processing finished for executor task 713
2023-07-03 10:14:42.704 worker_log:584 22575 MainThread [INFO]  Received executor task 735
2023-07-03 10:15:53.805 worker_log:602 22575 MainThread [INFO]  Completed executor task 735
2023-07-03 10:15:53.806 worker_log:613 22575 MainThread [INFO]  All processing finished for executor task 735
2023-07-03 10:16:17.690 worker_log:584 22575 MainThread [INFO]  Received executor task 761
2023-07-03 10:16:57.617 worker_log:602 22575 MainThread [INFO]  Completed executor task 761
2023-07-03 10:16:57.617 worker_log:613 22575 MainThread [INFO]  All processing finished for executor task 761
2023-07-03 10:17:17.790 worker_log:584 22575 MainThread [INFO]  Received executor task 777
2023-07-03 10:17:30.390 worker_log:602 22575 MainThread [INFO]  Completed executor task 777
2023-07-03 10:17:30.390 worker_log:613 22575 MainThread [INFO]  All processing finished for executor task 777
2023-07-03 10:17:52.716 worker_log:584 22575 MainThread [INFO]  Received executor task 786
2023-07-03 10:18:13.808 worker_log:602 22575 MainThread [INFO]  Completed executor task 786
2023-07-03 10:18:13.808 worker_log:613 22575 MainThread [INFO]  All processing finished for executor task 786
2023-07-03 10:19:20.715 worker_log:584 22575 MainThread [INFO]  Received executor task 802
2023-07-03 10:19:44.649 worker_log:602 22575 MainThread [INFO]  Completed executor task 802
2023-07-03 10:19:44.649 worker_log:613 22575 MainThread [INFO]  All processing finished for executor task 802
2023-07-03 10:20:47.755 worker_log:584 22575 MainThread [INFO]  Received executor task 820
2023-07-03 10:21:08.634 worker_log:602 22575 MainThread [INFO]  Completed executor task 820
2023-07-03 10:21:08.634 worker_log:613 22575 MainThread [INFO]  All processing finished for executor task 820
2023-07-03 10:21:46.989 worker_log:584 22575 MainThread [INFO]  Received executor task 840
2023-07-03 10:22:22.279 worker_log:602 22575 MainThread [INFO]  Completed executor task 840
2023-07-03 10:22:22.280 worker_log:613 22575 MainThread [INFO]  All processing finished for executor task 840
2023-07-03 10:23:16.692 worker_log:584 22575 MainThread [INFO]  Received executor task 859
2023-07-03 10:23:43.189 worker_log:602 22575 MainThread [INFO]  Completed executor task 859
2023-07-03 10:23:43.189 worker_log:613 22575 MainThread [INFO]  All processing finished for executor task 859
2023-07-03 10:24:15.718 worker_log:584 22575 MainThread [INFO]  Received executor task 881
2023-07-03 10:24:36.817 worker_log:602 22575 MainThread [INFO]  Completed executor task 881
2023-07-03 10:24:36.817 worker_log:613 22575 MainThread [INFO]  All processing finished for executor task 881
2023-07-03 10:24:45.720 worker_log:584 22575 MainThread [INFO]  Received executor task 894
2023-07-03 10:25:10.135 worker_log:602 22575 MainThread [INFO]  Completed executor task 894
2023-07-03 10:25:10.135 worker_log:613 22575 MainThread [INFO]  All processing finished for executor task 894
2023-07-03 10:25:58.699 worker_log:584 22575 MainThread [INFO]  Received executor task 910
2023-07-03 10:27:06.862 worker_log:602 22575 MainThread [INFO]  Completed executor task 910
2023-07-03 10:27:06.863 worker_log:613 22575 MainThread [INFO]  All processing finished for executor task 910
2023-07-03 10:27:06.874 worker_log:584 22575 MainThread [INFO]  Received executor task 934
2023-07-03 10:28:13.617 worker_log:602 22575 MainThread [INFO]  Completed executor task 934
2023-07-03 10:28:13.618 worker_log:613 22575 MainThread [INFO]  All processing finished for executor task 934
2023-07-03 10:29:33.707 worker_log:584 22575 MainThread [INFO]  Received executor task 950
2023-07-03 10:30:18.187 worker_log:602 22575 MainThread [INFO]  Completed executor task 950
2023-07-03 10:30:18.187 worker_log:613 22575 MainThread [INFO]  All processing finished for executor task 950
2023-07-03 10:33:06.713 worker_log:584 22575 MainThread [INFO]  Received executor task 969
2023-07-03 10:33:22.126 worker_log:602 22575 MainThread [INFO]  Completed executor task 969
2023-07-03 10:33:22.127 worker_log:613 22575 MainThread [INFO]  All processing finished for executor task 969
2023-07-03 10:34:47.711 worker_log:584 22575 MainThread [INFO]  Received executor task 985
2023-07-03 10:35:21.790 worker_log:602 22575 MainThread [INFO]  Completed executor task 985
2023-07-03 10:35:21.790 worker_log:613 22575 MainThread [INFO]  All processing finished for executor task 985
2023-07-03 10:36:22.720 worker_log:584 22575 MainThread [INFO]  Received executor task 999
2023-07-03 10:36:56.351 worker_log:602 22575 MainThread [INFO]  Completed executor task 999
2023-07-03 10:36:56.351 worker_log:613 22575 MainThread [INFO]  All processing finished for executor task 999
2023-07-03 10:37:20.725 worker_log:584 22575 MainThread [INFO]  Received executor task 1019
2023-07-03 10:37:29.104 worker_log:602 22575 MainThread [INFO]  Completed executor task 1019
2023-07-03 10:37:29.105 worker_log:613 22575 MainThread [INFO]  All processing finished for executor task 1019
2023-07-03 10:38:18.698 worker_log:584 22575 MainThread [INFO]  Received executor task 1036
2023-07-03 10:39:16.436 worker_log:602 22575 MainThread [INFO]  Completed executor task 1036
2023-07-03 10:39:16.437 worker_log:613 22575 MainThread [INFO]  All processing finished for executor task 1036
2023-07-03 10:42:02.707 worker_log:584 22575 MainThread [INFO]  Received executor task 1059
2023-07-03 10:42:16.434 worker_log:602 22575 MainThread [INFO]  Completed executor task 1059
2023-07-03 10:42:16.434 worker_log:613 22575 MainThread [INFO]  All processing finished for executor task 1059
2023-07-03 10:42:33.697 worker_log:584 22575 MainThread [INFO]  Received executor task 1073
2023-07-03 10:43:24.395 worker_log:602 22575 MainThread [INFO]  Completed executor task 1073
2023-07-03 10:43:24.396 worker_log:613 22575 MainThread [INFO]  All processing finished for executor task 1073
2023-07-03 10:44:02.676 worker_log:584 22575 MainThread [INFO]  Received executor task 1094
2023-07-03 10:45:15.885 worker_log:602 22575 MainThread [INFO]  Completed executor task 1094
2023-07-03 10:45:15.886 worker_log:613 22575 MainThread [INFO]  All processing finished for executor task 1094
2023-07-03 10:45:41.690 worker_log:584 22575 MainThread [INFO]  Received executor task 1119
2023-07-03 10:46:14.232 worker_log:602 22575 MainThread [INFO]  Completed executor task 1119
2023-07-03 10:46:14.233 worker_log:613 22575 MainThread [INFO]  All processing finished for executor task 1119
2023-07-03 10:46:14.244 worker_log:584 22575 MainThread [INFO]  Received executor task 1134
2023-07-03 10:47:05.017 worker_log:602 22575 MainThread [INFO]  Completed executor task 1134
2023-07-03 10:47:05.017 worker_log:613 22575 MainThread [INFO]  All processing finished for executor task 1134
2023-07-03 10:47:46.744 worker_log:584 22575 MainThread [INFO]  Received executor task 1148
2023-07-03 10:48:10.334 worker_log:602 22575 MainThread [INFO]  Completed executor task 1148
2023-07-03 10:48:10.334 worker_log:613 22575 MainThread [INFO]  All processing finished for executor task 1148
2023-07-03 10:48:46.512 worker_log:584 22575 MainThread [INFO]  Received executor task 1160
2023-07-03 10:48:59.283 worker_log:602 22575 MainThread [INFO]  Completed executor task 1160
2023-07-03 10:48:59.284 worker_log:613 22575 MainThread [INFO]  All processing finished for executor task 1160
2023-07-03 10:49:14.724 worker_log:584 22575 MainThread [INFO]  Received executor task 1177
2023-07-03 10:49:44.131 worker_log:602 22575 MainThread [INFO]  Completed executor task 1177
2023-07-03 10:49:44.132 worker_log:613 22575 MainThread [INFO]  All processing finished for executor task 1177
2023-07-03 10:49:44.143 worker_log:584 22575 MainThread [INFO]  Received executor task 1187
2023-07-03 10:50:13.567 worker_log:602 22575 MainThread [INFO]  Completed executor task 1187
2023-07-03 10:50:13.568 worker_log:613 22575 MainThread [INFO]  All processing finished for executor task 1187
2023-07-03 10:50:13.580 worker_log:584 22575 MainThread [INFO]  Received executor task 1197
2023-07-03 10:50:52.063 worker_log:602 22575 MainThread [INFO]  Completed executor task 1197
2023-07-03 10:50:52.064 worker_log:613 22575 MainThread [INFO]  All processing finished for executor task 1197
2023-07-03 10:50:52.076 worker_log:584 22575 MainThread [INFO]  Received executor task 1209
2023-07-03 10:51:04.565 worker_log:602 22575 MainThread [INFO]  Completed executor task 1209
2023-07-03 10:51:04.565 worker_log:613 22575 MainThread [INFO]  All processing finished for executor task 1209
2023-07-03 10:51:10.757 worker_log:584 22575 MainThread [INFO]  Received executor task 1212
2023-07-03 10:51:22.561 worker_log:602 22575 MainThread [INFO]  Completed executor task 1212
2023-07-03 10:51:22.562 worker_log:613 22575 MainThread [INFO]  All processing finished for executor task 1212
2023-07-03 10:54:09.688 worker_log:584 22575 MainThread [INFO]  Received executor task 1220
2023-07-03 10:54:36.163 worker_log:602 22575 MainThread [INFO]  Completed executor task 1220
2023-07-03 10:54:36.164 worker_log:613 22575 MainThread [INFO]  All processing finished for executor task 1220
2023-07-03 10:56:11.674 worker_log:584 22575 MainThread [INFO]  Received executor task 1240
2023-07-03 10:58:10.788 worker_log:602 22575 MainThread [INFO]  Completed executor task 1240
2023-07-03 10:58:10.789 worker_log:613 22575 MainThread [INFO]  All processing finished for executor task 1240
2023-07-03 10:58:38.679 worker_log:584 22575 MainThread [INFO]  Received executor task 1290
2023-07-03 10:58:50.159 worker_log:602 22575 MainThread [INFO]  Completed executor task 1290
2023-07-03 10:58:50.159 worker_log:613 22575 MainThread [INFO]  All processing finished for executor task 1290
2023-07-03 10:58:50.171 worker_log:584 22575 MainThread [INFO]  Received executor task 1299
2023-07-03 10:59:03.253 worker_log:602 22575 MainThread [INFO]  Completed executor task 1299
2023-07-03 10:59:03.253 worker_log:613 22575 MainThread [INFO]  All processing finished for executor task 1299
2023-07-03 10:59:56.706 worker_log:584 22575 MainThread [INFO]  Received executor task 1312
2023-07-03 11:00:14.422 worker_log:602 22575 MainThread [INFO]  Completed executor task 1312
2023-07-03 11:00:14.422 worker_log:613 22575 MainThread [INFO]  All processing finished for executor task 1312
2023-07-03 11:00:25.739 worker_log:584 22575 MainThread [INFO]  Received executor task 1328
2023-07-03 11:00:43.554 worker_log:602 22575 MainThread [INFO]  Completed executor task 1328
2023-07-03 11:00:43.554 worker_log:613 22575 MainThread [INFO]  All processing finished for executor task 1328
2023-07-03 11:01:24.699 worker_log:584 22575 MainThread [INFO]  Received executor task 1334
2023-07-03 11:01:54.004 worker_log:602 22575 MainThread [INFO]  Completed executor task 1334
2023-07-03 11:01:54.004 worker_log:613 22575 MainThread [INFO]  All processing finished for executor task 1334
2023-07-03 11:02:23.704 worker_log:584 22575 MainThread [INFO]  Received executor task 1350
2023-07-03 11:03:15.667 worker_log:602 22575 MainThread [INFO]  Completed executor task 1350
2023-07-03 11:03:15.668 worker_log:613 22575 MainThread [INFO]  All processing finished for executor task 1350
2023-07-03 11:03:15.679 worker_log:584 22575 MainThread [INFO]  Received executor task 1368
2023-07-03 11:04:40.970 worker_log:602 22575 MainThread [INFO]  Completed executor task 1368
2023-07-03 11:04:40.971 worker_log:613 22575 MainThread [INFO]  All processing finished for executor task 1368
2023-07-03 11:04:47.707 worker_log:584 22575 MainThread [INFO]  Received executor task 1408
2023-07-03 11:05:32.303 worker_log:602 22575 MainThread [INFO]  Completed executor task 1408
2023-07-03 11:05:32.303 worker_log:613 22575 MainThread [INFO]  All processing finished for executor task 1408
2023-07-03 11:05:51.697 worker_log:584 22575 MainThread [INFO]  Received executor task 1425
2023-07-03 11:06:17.399 worker_log:602 22575 MainThread [INFO]  Completed executor task 1425
2023-07-03 11:06:17.400 worker_log:613 22575 MainThread [INFO]  All processing finished for executor task 1425
2023-07-03 11:06:50.653 worker_log:584 22575 MainThread [INFO]  Received executor task 1439
2023-07-03 11:07:22.811 worker_log:602 22575 MainThread [INFO]  Completed executor task 1439
2023-07-03 11:07:22.811 worker_log:613 22575 MainThread [INFO]  All processing finished for executor task 1439
2023-07-03 11:07:22.822 worker_log:584 22575 MainThread [INFO]  Received executor task 1455
2023-07-03 11:07:43.188 worker_log:602 22575 MainThread [INFO]  Completed executor task 1455
2023-07-03 11:07:43.188 worker_log:613 22575 MainThread [INFO]  All processing finished for executor task 1455
2023-07-03 11:08:51.716 worker_log:584 22575 MainThread [INFO]  Received executor task 1462
2023-07-03 11:09:27.119 worker_log:602 22575 MainThread [INFO]  Completed executor task 1462
2023-07-03 11:09:27.120 worker_log:613 22575 MainThread [INFO]  All processing finished for executor task 1462
2023-07-03 11:11:20.662 worker_log:584 22575 MainThread [INFO]  Received executor task 1482
2023-07-03 11:11:39.248 worker_log:602 22575 MainThread [INFO]  Completed executor task 1482
2023-07-03 11:11:39.249 worker_log:613 22575 MainThread [INFO]  All processing finished for executor task 1482
2023-07-03 11:12:31.754 worker_log:584 22575 MainThread [INFO]  Received executor task 1501
2023-07-03 11:12:51.776 worker_log:602 22575 MainThread [INFO]  Completed executor task 1501
2023-07-03 11:12:51.776 worker_log:613 22575 MainThread [INFO]  All processing finished for executor task 1501
2023-07-03 11:14:01.713 worker_log:584 22575 MainThread [INFO]  Received executor task 1513
2023-07-03 11:14:09.337 worker_log:602 22575 MainThread [INFO]  Completed executor task 1513
2023-07-03 11:14:09.337 worker_log:613 22575 MainThread [INFO]  All processing finished for executor task 1513
2023-07-03 11:14:29.733 worker_log:584 22575 MainThread [INFO]  Received executor task 1529
2023-07-03 11:15:11.824 worker_log:602 22575 MainThread [INFO]  Completed executor task 1529
2023-07-03 11:15:11.824 worker_log:613 22575 MainThread [INFO]  All processing finished for executor task 1529
2023-07-03 11:15:56.708 worker_log:584 22575 MainThread [INFO]  Received executor task 1547
2023-07-03 11:17:31.412 worker_log:602 22575 MainThread [INFO]  Completed executor task 1547
2023-07-03 11:17:31.412 worker_log:613 22575 MainThread [INFO]  All processing finished for executor task 1547
2023-07-03 11:17:31.424 worker_log:584 22575 MainThread [INFO]  Received executor task 1574
2023-07-03 11:17:58.352 worker_log:602 22575 MainThread [INFO]  Completed executor task 1574
2023-07-03 11:17:58.353 worker_log:613 22575 MainThread [INFO]  All processing finished for executor task 1574
2023-07-03 11:18:18.730 worker_log:584 22575 MainThread [INFO]  Received executor task 1588
2023-07-03 11:18:46.732 worker_log:602 22575 MainThread [INFO]  Completed executor task 1588
2023-07-03 11:18:46.732 worker_log:613 22575 MainThread [INFO]  All processing finished for executor task 1588
2023-07-03 11:19:45.711 worker_log:584 22575 MainThread [INFO]  Received executor task 1608
2023-07-03 11:20:03.207 worker_log:602 22575 MainThread [INFO]  Completed executor task 1608
2023-07-03 11:20:03.207 worker_log:613 22575 MainThread [INFO]  All processing finished for executor task 1608
2023-07-03 11:20:43.861 worker_log:584 22575 MainThread [INFO]  Received executor task 1623
2023-07-03 11:21:24.180 worker_log:602 22575 MainThread [INFO]  Completed executor task 1623
2023-07-03 11:21:24.180 worker_log:613 22575 MainThread [INFO]  All processing finished for executor task 1623
2023-07-03 11:21:40.712 worker_log:584 22575 MainThread [INFO]  Received executor task 1637
2023-07-03 11:22:10.273 worker_log:602 22575 MainThread [INFO]  Completed executor task 1637
2023-07-03 11:22:10.273 worker_log:613 22575 MainThread [INFO]  All processing finished for executor task 1637
2023-07-03 11:22:38.698 worker_log:584 22575 MainThread [INFO]  Received executor task 1656
2023-07-03 11:23:20.253 worker_log:602 22575 MainThread [INFO]  Completed executor task 1656
2023-07-03 11:23:20.254 worker_log:613 22575 MainThread [INFO]  All processing finished for executor task 1656
2023-07-03 11:23:37.701 worker_log:584 22575 MainThread [INFO]  Received executor task 1672
2023-07-03 11:23:58.343 worker_log:602 22575 MainThread [INFO]  Completed executor task 1672
2023-07-03 11:23:58.344 worker_log:613 22575 MainThread [INFO]  All processing finished for executor task 1672
2023-07-03 11:24:32.720 worker_log:584 22575 MainThread [INFO]  Received executor task 1693
2023-07-03 11:24:49.848 worker_log:602 22575 MainThread [INFO]  Completed executor task 1693
2023-07-03 11:24:49.849 worker_log:613 22575 MainThread [INFO]  All processing finished for executor task 1693
2023-07-03 11:25:30.733 worker_log:584 22575 MainThread [INFO]  Received executor task 1709
2023-07-03 11:25:46.432 worker_log:602 22575 MainThread [INFO]  Completed executor task 1709
2023-07-03 11:25:46.433 worker_log:613 22575 MainThread [INFO]  All processing finished for executor task 1709
2023-07-03 11:26:04.702 worker_log:584 22575 MainThread [INFO]  Received executor task 1720
2023-07-03 11:26:38.201 worker_log:602 22575 MainThread [INFO]  Completed executor task 1720
2023-07-03 11:26:38.202 worker_log:613 22575 MainThread [INFO]  All processing finished for executor task 1720
2023-07-03 11:27:02.705 worker_log:584 22575 MainThread [INFO]  Received executor task 1730
2023-07-03 11:27:21.860 worker_log:602 22575 MainThread [INFO]  Completed executor task 1730
2023-07-03 11:27:21.860 worker_log:613 22575 MainThread [INFO]  All processing finished for executor task 1730
2023-07-03 11:27:32.810 worker_log:584 22575 MainThread [INFO]  Received executor task 1739
2023-07-03 11:29:21.431 worker_log:602 22575 MainThread [INFO]  Completed executor task 1739
2023-07-03 11:29:21.431 worker_log:613 22575 MainThread [INFO]  All processing finished for executor task 1739
2023-07-03 11:29:30.711 worker_log:584 22575 MainThread [INFO]  Received executor task 1777
2023-07-03 11:30:11.780 worker_log:602 22575 MainThread [INFO]  Completed executor task 1777
2023-07-03 11:30:11.781 worker_log:613 22575 MainThread [INFO]  All processing finished for executor task 1777
2023-07-03 11:32:58.698 worker_log:584 22575 MainThread [INFO]  Received executor task 1797
2023-07-03 11:33:55.781 worker_log:602 22575 MainThread [INFO]  Completed executor task 1797
2023-07-03 11:33:55.782 worker_log:613 22575 MainThread [INFO]  All processing finished for executor task 1797
2023-07-03 11:34:01.713 worker_log:584 22575 MainThread [INFO]  Received executor task 1818
2023-07-03 11:34:36.748 worker_log:602 22575 MainThread [INFO]  Completed executor task 1818
2023-07-03 11:34:36.749 worker_log:613 22575 MainThread [INFO]  All processing finished for executor task 1818
2023-07-03 11:34:36.760 worker_log:584 22575 MainThread [INFO]  Received executor task 1831
2023-07-03 11:35:08.474 worker_log:602 22575 MainThread [INFO]  Completed executor task 1831
2023-07-03 11:35:08.475 worker_log:613 22575 MainThread [INFO]  All processing finished for executor task 1831
2023-07-03 11:36:00.698 worker_log:584 22575 MainThread [INFO]  Received executor task 1848
2023-07-03 11:36:58.278 worker_log:602 22575 MainThread [INFO]  Completed executor task 1848
2023-07-03 11:36:58.279 worker_log:613 22575 MainThread [INFO]  All processing finished for executor task 1848
2023-07-03 11:37:26.723 worker_log:584 22575 MainThread [INFO]  Received executor task 1866
2023-07-03 11:38:50.509 worker_log:602 22575 MainThread [INFO]  Completed executor task 1866
2023-07-03 11:38:50.509 worker_log:613 22575 MainThread [INFO]  All processing finished for executor task 1866
2023-07-03 11:38:51.708 worker_log:584 22575 MainThread [INFO]  Received executor task 1898
2023-07-03 11:40:29.348 worker_log:602 22575 MainThread [INFO]  Completed executor task 1898
2023-07-03 11:40:29.348 worker_log:613 22575 MainThread [INFO]  All processing finished for executor task 1898
2023-07-03 11:40:58.723 worker_log:584 22575 MainThread [INFO]  Received executor task 1928
2023-07-03 11:41:09.832 worker_log:602 22575 MainThread [INFO]  Completed executor task 1928
2023-07-03 11:41:09.833 worker_log:613 22575 MainThread [INFO]  All processing finished for executor task 1928
2023-07-03 11:41:26.814 worker_log:584 22575 MainThread [INFO]  Received executor task 1942
2023-07-03 11:41:47.326 worker_log:602 22575 MainThread [INFO]  Completed executor task 1942
2023-07-03 11:41:47.326 worker_log:613 22575 MainThread [INFO]  All processing finished for executor task 1942
2023-07-03 11:42:23.725 worker_log:584 22575 MainThread [INFO]  Received executor task 1957
2023-07-03 11:42:34.539 worker_log:602 22575 MainThread [INFO]  Completed executor task 1957
2023-07-03 11:42:34.539 worker_log:613 22575 MainThread [INFO]  All processing finished for executor task 1957
2023-07-03 11:43:27.686 worker_log:584 22575 MainThread [INFO]  Received executor task 1976
2023-07-03 11:43:49.744 worker_log:602 22575 MainThread [INFO]  Completed executor task 1976
2023-07-03 11:43:49.745 worker_log:613 22575 MainThread [INFO]  All processing finished for executor task 1976
2023-07-03 11:44:52.680 worker_log:584 22575 MainThread [INFO]  Received executor task 1995
2023-07-03 11:45:15.868 worker_log:602 22575 MainThread [INFO]  Completed executor task 1995
2023-07-03 11:45:15.869 worker_log:613 22575 MainThread [INFO]  All processing finished for executor task 1995
2023-07-03 11:45:48.663 worker_log:584 22575 MainThread [INFO]  Received executor task 2015
2023-07-03 11:46:16.715 worker_log:602 22575 MainThread [INFO]  Completed executor task 2015
2023-07-03 11:46:16.715 worker_log:613 22575 MainThread [INFO]  All processing finished for executor task 2015
2023-07-03 11:47:14.699 worker_log:584 22575 MainThread [INFO]  Received executor task 2036
2023-07-03 11:48:10.657 worker_log:602 22575 MainThread [INFO]  Completed executor task 2036
2023-07-03 11:48:10.657 worker_log:613 22575 MainThread [INFO]  All processing finished for executor task 2036
2023-07-03 11:48:38.683 worker_log:584 22575 MainThread [INFO]  Received executor task 2057
2023-07-03 11:49:37.562 worker_log:602 22575 MainThread [INFO]  Completed executor task 2057
2023-07-03 11:49:37.562 worker_log:613 22575 MainThread [INFO]  All processing finished for executor task 2057
2023-07-03 11:50:33.699 worker_log:584 22575 MainThread [INFO]  Received executor task 2070
2023-07-03 11:51:29.065 worker_log:602 22575 MainThread [INFO]  Completed executor task 2070
2023-07-03 11:51:29.065 worker_log:613 22575 MainThread [INFO]  All processing finished for executor task 2070
2023-07-03 11:51:32.727 worker_log:584 22575 MainThread [INFO]  Received executor task 2089
2023-07-03 11:51:58.107 worker_log:602 22575 MainThread [INFO]  Completed executor task 2089
2023-07-03 11:51:58.107 worker_log:613 22575 MainThread [INFO]  All processing finished for executor task 2089
2023-07-03 11:52:01.718 worker_log:584 22575 MainThread [INFO]  Received executor task 2099
2023-07-03 11:52:33.848 worker_log:602 22575 MainThread [INFO]  Completed executor task 2099
2023-07-03 11:52:33.849 worker_log:613 22575 MainThread [INFO]  All processing finished for executor task 2099
2023-07-03 11:53:44.745 worker_log:584 22575 MainThread [INFO]  Received executor task 2117
2023-07-03 11:54:13.528 worker_log:602 22575 MainThread [INFO]  Completed executor task 2117
2023-07-03 11:54:13.528 worker_log:613 22575 MainThread [INFO]  All processing finished for executor task 2117
2023-07-03 11:54:50.747 worker_log:584 22575 MainThread [INFO]  Received executor task 2140
2023-07-03 11:55:15.017 worker_log:602 22575 MainThread [INFO]  Completed executor task 2140
2023-07-03 11:55:15.017 worker_log:613 22575 MainThread [INFO]  All processing finished for executor task 2140
2023-07-03 11:55:48.741 worker_log:584 22575 MainThread [INFO]  Received executor task 2157
2023-07-03 11:56:23.641 worker_log:602 22575 MainThread [INFO]  Completed executor task 2157
2023-07-03 11:56:23.642 worker_log:613 22575 MainThread [INFO]  All processing finished for executor task 2157
2023-07-03 11:57:17.722 worker_log:584 22575 MainThread [INFO]  Received executor task 2175
2023-07-03 11:57:46.033 worker_log:602 22575 MainThread [INFO]  Completed executor task 2175
2023-07-03 11:57:46.034 worker_log:613 22575 MainThread [INFO]  All processing finished for executor task 2175
2023-07-03 11:58:13.734 worker_log:584 22575 MainThread [INFO]  Received executor task 2187
2023-07-03 11:58:45.669 worker_log:602 22575 MainThread [INFO]  Completed executor task 2187
2023-07-03 11:58:45.670 worker_log:613 22575 MainThread [INFO]  All processing finished for executor task 2187
2023-07-03 11:59:11.732 worker_log:584 22575 MainThread [INFO]  Received executor task 2205
2023-07-03 11:59:33.224 worker_log:602 22575 MainThread [INFO]  Completed executor task 2205
2023-07-03 11:59:33.225 worker_log:613 22575 MainThread [INFO]  All processing finished for executor task 2205
2023-07-03 11:59:40.734 worker_log:584 22575 MainThread [INFO]  Received executor task 2218
2023-07-03 11:59:55.268 worker_log:602 22575 MainThread [INFO]  Completed executor task 2218
2023-07-03 11:59:55.269 worker_log:613 22575 MainThread [INFO]  All processing finished for executor task 2218
2023-07-03 12:00:07.739 worker_log:584 22575 MainThread [INFO]  Received executor task 2227
2023-07-03 12:00:25.684 worker_log:602 22575 MainThread [INFO]  Completed executor task 2227
2023-07-03 12:00:25.685 worker_log:613 22575 MainThread [INFO]  All processing finished for executor task 2227
2023-07-03 12:01:06.753 worker_log:584 22575 MainThread [INFO]  Received executor task 2245
2023-07-03 12:01:15.725 worker_log:602 22575 MainThread [INFO]  Completed executor task 2245
2023-07-03 12:01:15.725 worker_log:613 22575 MainThread [INFO]  All processing finished for executor task 2245
2023-07-03 12:01:36.711 worker_log:584 22575 MainThread [INFO]  Received executor task 2260
2023-07-03 12:02:23.927 worker_log:602 22575 MainThread [INFO]  Completed executor task 2260
2023-07-03 12:02:23.928 worker_log:613 22575 MainThread [INFO]  All processing finished for executor task 2260
2023-07-03 12:03:03.762 worker_log:584 22575 MainThread [INFO]  Received executor task 2276
2023-07-03 12:04:20.131 worker_log:602 22575 MainThread [INFO]  Completed executor task 2276
2023-07-03 12:04:20.132 worker_log:613 22575 MainThread [INFO]  All processing finished for executor task 2276
2023-07-03 12:06:24.531 worker_log:584 22575 MainThread [INFO]  Received executor task 2307
2023-07-03 12:06:43.814 worker_log:602 22575 MainThread [INFO]  Completed executor task 2307
2023-07-03 12:06:43.814 worker_log:613 22575 MainThread [INFO]  All processing finished for executor task 2307
2023-07-03 12:06:52.728 worker_log:584 22575 MainThread [INFO]  Received executor task 2323
2023-07-03 12:07:17.369 worker_log:602 22575 MainThread [INFO]  Completed executor task 2323
2023-07-03 12:07:17.369 worker_log:613 22575 MainThread [INFO]  All processing finished for executor task 2323
2023-07-03 12:08:46.655 worker_log:584 22575 MainThread [INFO]  Received executor task 2334
2023-07-03 12:09:36.903 worker_log:602 22575 MainThread [INFO]  Completed executor task 2334
2023-07-03 12:09:36.904 worker_log:613 22575 MainThread [INFO]  All processing finished for executor task 2334
2023-07-03 12:10:14.733 worker_log:584 22575 MainThread [INFO]  Received executor task 2359
2023-07-03 12:10:22.446 worker_log:602 22575 MainThread [INFO]  Completed executor task 2359
2023-07-03 12:10:22.447 worker_log:613 22575 MainThread [INFO]  All processing finished for executor task 2359
2023-07-03 12:11:12.709 worker_log:584 22575 MainThread [INFO]  Received executor task 2371
2023-07-03 12:11:48.694 worker_log:602 22575 MainThread [INFO]  Completed executor task 2371
2023-07-03 12:11:48.694 worker_log:613 22575 MainThread [INFO]  All processing finished for executor task 2371
2023-07-03 12:12:16.710 worker_log:584 22575 MainThread [INFO]  Received executor task 2389
2023-07-03 12:12:40.659 worker_log:602 22575 MainThread [INFO]  Completed executor task 2389
2023-07-03 12:12:40.660 worker_log:613 22575 MainThread [INFO]  All processing finished for executor task 2389
2023-07-03 12:12:44.712 worker_log:584 22575 MainThread [INFO]  Received executor task 2403
2023-07-03 12:13:30.301 worker_log:602 22575 MainThread [INFO]  Completed executor task 2403
2023-07-03 12:13:30.302 worker_log:613 22575 MainThread [INFO]  All processing finished for executor task 2403
2023-07-03 12:16:59.738 worker_log:584 22575 MainThread [INFO]  Received executor task 2418
2023-07-03 12:17:12.602 worker_log:602 22575 MainThread [INFO]  Completed executor task 2418
2023-07-03 12:17:12.602 worker_log:613 22575 MainThread [INFO]  All processing finished for executor task 2418
2023-07-03 12:17:33.705 worker_log:584 22575 MainThread [INFO]  Received executor task 2433
2023-07-03 12:18:20.388 worker_log:602 22575 MainThread [INFO]  Completed executor task 2433
2023-07-03 12:18:20.389 worker_log:613 22575 MainThread [INFO]  All processing finished for executor task 2433
2023-07-03 12:18:31.695 worker_log:584 22575 MainThread [INFO]  Received executor task 2445
2023-07-03 12:18:51.224 worker_log:602 22575 MainThread [INFO]  Completed executor task 2445
2023-07-03 12:18:51.225 worker_log:613 22575 MainThread [INFO]  All processing finished for executor task 2445
2023-07-03 12:19:01.717 worker_log:584 22575 MainThread [INFO]  Received executor task 2456
2023-07-03 12:19:25.549 worker_log:602 22575 MainThread [INFO]  Completed executor task 2456
2023-07-03 12:19:25.550 worker_log:613 22575 MainThread [INFO]  All processing finished for executor task 2456
2023-07-03 12:19:29.719 worker_log:584 22575 MainThread [INFO]  Received executor task 2469
2023-07-03 12:19:42.787 worker_log:602 22575 MainThread [INFO]  Completed executor task 2469
2023-07-03 12:19:42.788 worker_log:613 22575 MainThread [INFO]  All processing finished for executor task 2469
2023-07-03 12:20:26.671 worker_log:584 22575 MainThread [INFO]  Received executor task 2484
2023-07-03 12:21:02.112 worker_log:602 22575 MainThread [INFO]  Completed executor task 2484
2023-07-03 12:21:02.112 worker_log:613 22575 MainThread [INFO]  All processing finished for executor task 2484
2023-07-03 12:21:29.713 worker_log:584 22575 MainThread [INFO]  Received executor task 2506
2023-07-03 12:21:51.194 worker_log:602 22575 MainThread [INFO]  Completed executor task 2506
2023-07-03 12:21:51.195 worker_log:613 22575 MainThread [INFO]  All processing finished for executor task 2506
2023-07-03 12:23:08.652 worker_log:584 22575 MainThread [INFO]  Received executor task 2524
2023-07-03 12:23:35.524 worker_log:602 22575 MainThread [INFO]  Completed executor task 2524
2023-07-03 12:23:35.525 worker_log:613 22575 MainThread [INFO]  All processing finished for executor task 2524
2023-07-03 12:23:44.732 worker_log:584 22575 MainThread [INFO]  Received executor task 2542
2023-07-03 12:24:24.579 worker_log:602 22575 MainThread [INFO]  Completed executor task 2542
2023-07-03 12:24:24.579 worker_log:613 22575 MainThread [INFO]  All processing finished for executor task 2542
2023-07-03 12:24:24.591 worker_log:584 22575 MainThread [INFO]  Received executor task 2552
2023-07-03 12:25:16.051 worker_log:602 22575 MainThread [INFO]  Completed executor task 2552
2023-07-03 12:25:16.051 worker_log:613 22575 MainThread [INFO]  All processing finished for executor task 2552
2023-07-03 12:27:03.735 worker_log:584 22575 MainThread [INFO]  Received executor task 2575
2023-07-03 12:27:33.087 worker_log:602 22575 MainThread [INFO]  Completed executor task 2575
2023-07-03 12:27:33.087 worker_log:613 22575 MainThread [INFO]  All processing finished for executor task 2575
2023-07-03 12:27:33.098 worker_log:584 22575 MainThread [INFO]  Received executor task 2591
2023-07-03 12:28:00.137 worker_log:602 22575 MainThread [INFO]  Completed executor task 2591
2023-07-03 12:28:00.138 worker_log:613 22575 MainThread [INFO]  All processing finished for executor task 2591
2023-07-03 12:28:57.710 worker_log:584 22575 MainThread [INFO]  Received executor task 2597
2023-07-03 12:29:34.975 worker_log:602 22575 MainThread [INFO]  Completed executor task 2597
2023-07-03 12:29:34.976 worker_log:613 22575 MainThread [INFO]  All processing finished for executor task 2597
2023-07-03 12:30:24.807 worker_log:584 22575 MainThread [INFO]  Received executor task 2615
2023-07-03 12:31:03.583 worker_log:602 22575 MainThread [INFO]  Completed executor task 2615
2023-07-03 12:31:03.584 worker_log:613 22575 MainThread [INFO]  All processing finished for executor task 2615
2023-07-03 12:31:03.596 worker_log:584 22575 MainThread [INFO]  Received executor task 2633
2023-07-03 12:31:31.533 worker_log:602 22575 MainThread [INFO]  Completed executor task 2633
2023-07-03 12:31:31.533 worker_log:613 22575 MainThread [INFO]  All processing finished for executor task 2633
2023-07-03 12:32:18.699 worker_log:584 22575 MainThread [INFO]  Received executor task 2647
2023-07-03 12:32:46.038 worker_log:602 22575 MainThread [INFO]  Completed executor task 2647
2023-07-03 12:32:46.039 worker_log:613 22575 MainThread [INFO]  All processing finished for executor task 2647
2023-07-03 12:33:13.704 worker_log:584 22575 MainThread [INFO]  Received executor task 2660
2023-07-03 12:33:43.355 worker_log:602 22575 MainThread [INFO]  Completed executor task 2660
2023-07-03 12:33:43.356 worker_log:613 22575 MainThread [INFO]  All processing finished for executor task 2660
2023-07-03 12:33:43.712 worker_log:584 22575 MainThread [INFO]  Received executor task 2672
2023-07-03 12:34:23.564 worker_log:602 22575 MainThread [INFO]  Completed executor task 2672
2023-07-03 12:34:23.565 worker_log:613 22575 MainThread [INFO]  All processing finished for executor task 2672
2023-07-03 12:35:40.723 worker_log:584 22575 MainThread [INFO]  Received executor task 2684
2023-07-03 12:35:56.637 worker_log:602 22575 MainThread [INFO]  Completed executor task 2684
2023-07-03 12:35:56.637 worker_log:613 22575 MainThread [INFO]  All processing finished for executor task 2684
2023-07-03 12:37:34.648 worker_log:584 22575 MainThread [INFO]  Received executor task 2699
2023-07-03 12:38:55.325 worker_log:602 22575 MainThread [INFO]  Completed executor task 2699
2023-07-03 12:38:55.325 worker_log:613 22575 MainThread [INFO]  All processing finished for executor task 2699
2023-07-03 12:39:26.711 worker_log:584 22575 MainThread [INFO]  Received executor task 2723
2023-07-03 12:39:38.810 worker_log:602 22575 MainThread [INFO]  Completed executor task 2723
2023-07-03 12:39:38.811 worker_log:613 22575 MainThread [INFO]  All processing finished for executor task 2723
2023-07-03 12:40:24.786 worker_log:584 22575 MainThread [INFO]  Received executor task 2738
2023-07-03 12:40:51.439 worker_log:602 22575 MainThread [INFO]  Completed executor task 2738
2023-07-03 12:40:51.439 worker_log:613 22575 MainThread [INFO]  All processing finished for executor task 2738
2023-07-03 12:41:49.727 worker_log:584 22575 MainThread [INFO]  Received executor task 2750
2023-07-03 12:42:22.215 worker_log:602 22575 MainThread [INFO]  Completed executor task 2750
2023-07-03 12:42:22.215 worker_log:613 22575 MainThread [INFO]  All processing finished for executor task 2750
2023-07-03 12:42:22.230 worker_log:584 22575 MainThread [INFO]  Received executor task 2768
2023-07-03 12:42:48.360 worker_log:602 22575 MainThread [INFO]  Completed executor task 2768
2023-07-03 12:42:48.361 worker_log:613 22575 MainThread [INFO]  All processing finished for executor task 2768
2023-07-03 12:43:20.694 worker_log:584 22575 MainThread [INFO]  Received executor task 2777
2023-07-03 12:43:54.264 worker_log:602 22575 MainThread [INFO]  Completed executor task 2777
2023-07-03 12:43:54.265 worker_log:613 22575 MainThread [INFO]  All processing finished for executor task 2777
2023-07-03 12:44:18.713 worker_log:584 22575 MainThread [INFO]  Received executor task 2785
2023-07-03 12:44:47.168 worker_log:602 22575 MainThread [INFO]  Completed executor task 2785
2023-07-03 12:44:47.177 worker_log:613 22575 MainThread [INFO]  All processing finished for executor task 2785
2023-07-03 12:44:47.181 worker_log:584 22575 MainThread [INFO]  Received executor task 2798
2023-07-03 12:45:37.760 worker_log:602 22575 MainThread [INFO]  Completed executor task 2798
2023-07-03 12:45:37.771 worker_log:613 22575 MainThread [INFO]  All processing finished for executor task 2798
