2023-07-03 09:08:17.509 worker_log:538 22587 MainThread [INFO]  Worker 14 started
2023-07-03 09:10:01.820 worker_log:584 22587 MainThread [INFO]  Received executor task 15
2023-07-03 09:10:28.578 worker_log:602 22587 MainThread [INFO]  Completed executor task 15
2023-07-03 09:10:28.579 worker_log:613 22587 MainThread [INFO]  All processing finished for executor task 15
2023-07-03 09:10:38.700 worker_log:584 22587 MainThread [INFO]  Received executor task 28
2023-07-03 09:11:09.039 worker_log:602 22587 MainThread [INFO]  Completed executor task 28
2023-07-03 09:11:09.039 worker_log:613 22587 MainThread [INFO]  All processing finished for executor task 28
2023-07-03 09:11:09.051 worker_log:584 22587 MainThread [INFO]  Received executor task 34
2023-07-03 09:12:09.240 worker_log:602 22587 MainThread [INFO]  Completed executor task 34
2023-07-03 09:12:09.241 worker_log:613 22587 MainThread [INFO]  All processing finished for executor task 34
2023-07-03 09:12:09.252 worker_log:584 22587 MainThread [INFO]  Received executor task 52
2023-07-03 09:13:12.345 worker_log:602 22587 MainThread [INFO]  Completed executor task 52
2023-07-03 09:13:12.346 worker_log:613 22587 MainThread [INFO]  All processing finished for executor task 52
2023-07-03 09:13:29.704 worker_log:584 22587 MainThread [INFO]  Received executor task 74
2023-07-03 09:13:55.014 worker_log:602 22587 MainThread [INFO]  Completed executor task 74
2023-07-03 09:13:55.014 worker_log:613 22587 MainThread [INFO]  All processing finished for executor task 74
2023-07-03 09:14:00.683 worker_log:584 22587 MainThread [INFO]  Received executor task 85
2023-07-03 09:14:50.990 worker_log:602 22587 MainThread [INFO]  Completed executor task 85
2023-07-03 09:14:50.991 worker_log:613 22587 MainThread [INFO]  All processing finished for executor task 85
2023-07-03 09:15:31.700 worker_log:584 22587 MainThread [INFO]  Received executor task 95
2023-07-03 09:16:04.031 worker_log:602 22587 MainThread [INFO]  Completed executor task 95
2023-07-03 09:16:04.032 worker_log:613 22587 MainThread [INFO]  All processing finished for executor task 95
2023-07-03 09:16:34.679 worker_log:584 22587 MainThread [INFO]  Received executor task 107
2023-07-03 09:16:57.991 worker_log:602 22587 MainThread [INFO]  Completed executor task 107
2023-07-03 09:16:57.991 worker_log:613 22587 MainThread [INFO]  All processing finished for executor task 107
2023-07-03 09:17:07.681 worker_log:584 22587 MainThread [INFO]  Received executor task 115
2023-07-03 09:17:26.627 worker_log:602 22587 MainThread [INFO]  Completed executor task 115
2023-07-03 09:17:26.628 worker_log:613 22587 MainThread [INFO]  All processing finished for executor task 115
2023-07-03 09:19:38.700 worker_log:584 22587 MainThread [INFO]  Received executor task 131
2023-07-03 09:19:57.922 worker_log:602 22587 MainThread [INFO]  Completed executor task 131
2023-07-03 09:19:57.922 worker_log:613 22587 MainThread [INFO]  All processing finished for executor task 131
2023-07-03 09:20:07.796 worker_log:584 22587 MainThread [INFO]  Received executor task 146
2023-07-03 09:21:42.894 worker_log:602 22587 MainThread [INFO]  Completed executor task 146
2023-07-03 09:21:42.894 worker_log:613 22587 MainThread [INFO]  All processing finished for executor task 146
2023-07-03 09:24:37.755 worker_log:584 22587 MainThread [INFO]  Received executor task 165
2023-07-03 09:25:25.325 worker_log:602 22587 MainThread [INFO]  Completed executor task 165
2023-07-03 09:25:25.326 worker_log:613 22587 MainThread [INFO]  All processing finished for executor task 165
2023-07-03 09:25:35.738 worker_log:584 22587 MainThread [INFO]  Received executor task 177
2023-07-03 09:26:05.043 worker_log:602 22587 MainThread [INFO]  Completed executor task 177
2023-07-03 09:26:05.043 worker_log:613 22587 MainThread [INFO]  All processing finished for executor task 177
2023-07-03 09:26:34.702 worker_log:584 22587 MainThread [INFO]  Received executor task 193
2023-07-03 09:26:46.018 worker_log:602 22587 MainThread [INFO]  Completed executor task 193
2023-07-03 09:26:46.018 worker_log:613 22587 MainThread [INFO]  All processing finished for executor task 193
2023-07-03 09:27:03.695 worker_log:584 22587 MainThread [INFO]  Received executor task 207
2023-07-03 09:27:27.797 worker_log:602 22587 MainThread [INFO]  Completed executor task 207
2023-07-03 09:27:27.798 worker_log:613 22587 MainThread [INFO]  All processing finished for executor task 207
2023-07-03 09:28:01.686 worker_log:584 22587 MainThread [INFO]  Received executor task 223
2023-07-03 09:29:31.768 worker_log:602 22587 MainThread [INFO]  Completed executor task 223
2023-07-03 09:29:31.769 worker_log:613 22587 MainThread [INFO]  All processing finished for executor task 223
2023-07-03 09:29:31.780 worker_log:584 22587 MainThread [INFO]  Received executor task 249
2023-07-03 09:29:59.282 worker_log:602 22587 MainThread [INFO]  Completed executor task 249
2023-07-03 09:29:59.283 worker_log:613 22587 MainThread [INFO]  All processing finished for executor task 249
2023-07-03 09:33:25.698 worker_log:584 22587 MainThread [INFO]  Received executor task 261
2023-07-03 09:33:51.428 worker_log:602 22587 MainThread [INFO]  Completed executor task 261
2023-07-03 09:33:51.429 worker_log:613 22587 MainThread [INFO]  All processing finished for executor task 261
2023-07-03 09:34:23.696 worker_log:584 22587 MainThread [INFO]  Received executor task 282
2023-07-03 09:34:39.671 worker_log:602 22587 MainThread [INFO]  Completed executor task 282
2023-07-03 09:34:39.672 worker_log:613 22587 MainThread [INFO]  All processing finished for executor task 282
2023-07-03 09:34:54.698 worker_log:584 22587 MainThread [INFO]  Received executor task 297
2023-07-03 09:35:28.883 worker_log:602 22587 MainThread [INFO]  Completed executor task 297
2023-07-03 09:35:28.883 worker_log:613 22587 MainThread [INFO]  All processing finished for executor task 297
2023-07-03 09:36:20.719 worker_log:584 22587 MainThread [INFO]  Received executor task 307
2023-07-03 09:36:45.626 worker_log:602 22587 MainThread [INFO]  Completed executor task 307
2023-07-03 09:36:45.626 worker_log:613 22587 MainThread [INFO]  All processing finished for executor task 307
2023-07-03 09:37:17.666 worker_log:584 22587 MainThread [INFO]  Received executor task 318
2023-07-03 09:38:37.087 worker_log:602 22587 MainThread [INFO]  Completed executor task 318
2023-07-03 09:38:37.087 worker_log:613 22587 MainThread [INFO]  All processing finished for executor task 318
2023-07-03 09:39:48.670 worker_log:584 22587 MainThread [INFO]  Received executor task 351
2023-07-03 09:40:23.201 worker_log:602 22587 MainThread [INFO]  Completed executor task 351
2023-07-03 09:40:23.201 worker_log:613 22587 MainThread [INFO]  All processing finished for executor task 351
2023-07-03 09:42:00.713 worker_log:584 22587 MainThread [INFO]  Received executor task 369
2023-07-03 09:42:36.210 worker_log:602 22587 MainThread [INFO]  Completed executor task 369
2023-07-03 09:42:36.211 worker_log:613 22587 MainThread [INFO]  All processing finished for executor task 369
2023-07-03 09:44:04.716 worker_log:584 22587 MainThread [INFO]  Received executor task 383
2023-07-03 09:45:18.830 worker_log:602 22587 MainThread [INFO]  Completed executor task 383
2023-07-03 09:45:18.831 worker_log:613 22587 MainThread [INFO]  All processing finished for executor task 383
2023-07-03 09:46:09.712 worker_log:584 22587 MainThread [INFO]  Received executor task 406
2023-07-03 09:46:52.561 worker_log:602 22587 MainThread [INFO]  Completed executor task 406
2023-07-03 09:46:52.561 worker_log:613 22587 MainThread [INFO]  All processing finished for executor task 406
2023-07-03 09:48:09.796 worker_log:584 22587 MainThread [INFO]  Received executor task 420
2023-07-03 09:48:38.977 worker_log:602 22587 MainThread [INFO]  Completed executor task 420
2023-07-03 09:48:38.978 worker_log:613 22587 MainThread [INFO]  All processing finished for executor task 420
2023-07-03 09:48:39.700 worker_log:584 22587 MainThread [INFO]  Received executor task 435
2023-07-03 09:49:44.319 worker_log:602 22587 MainThread [INFO]  Completed executor task 435
2023-07-03 09:49:44.320 worker_log:613 22587 MainThread [INFO]  All processing finished for executor task 435
2023-07-03 09:50:08.709 worker_log:584 22587 MainThread [INFO]  Received executor task 464
2023-07-03 09:50:36.137 worker_log:602 22587 MainThread [INFO]  Completed executor task 464
2023-07-03 09:50:36.137 worker_log:613 22587 MainThread [INFO]  All processing finished for executor task 464
2023-07-03 09:51:06.712 worker_log:584 22587 MainThread [INFO]  Received executor task 479
2023-07-03 09:51:21.318 worker_log:602 22587 MainThread [INFO]  Completed executor task 479
2023-07-03 09:51:21.319 worker_log:613 22587 MainThread [INFO]  All processing finished for executor task 479
2023-07-03 09:51:34.703 worker_log:584 22587 MainThread [INFO]  Received executor task 493
2023-07-03 09:51:58.165 worker_log:602 22587 MainThread [INFO]  Completed executor task 493
2023-07-03 09:51:58.165 worker_log:613 22587 MainThread [INFO]  All processing finished for executor task 493
2023-07-03 09:53:03.697 worker_log:584 22587 MainThread [INFO]  Received executor task 512
2023-07-03 09:53:51.882 worker_log:602 22587 MainThread [INFO]  Completed executor task 512
2023-07-03 09:53:51.883 worker_log:613 22587 MainThread [INFO]  All processing finished for executor task 512
2023-07-03 09:55:29.705 worker_log:584 22587 MainThread [INFO]  Received executor task 530
2023-07-03 09:56:41.453 worker_log:602 22587 MainThread [INFO]  Completed executor task 530
2023-07-03 09:56:41.453 worker_log:613 22587 MainThread [INFO]  All processing finished for executor task 530
2023-07-03 09:56:41.465 worker_log:584 22587 MainThread [INFO]  Received executor task 551
2023-07-03 09:57:15.415 worker_log:602 22587 MainThread [INFO]  Completed executor task 551
2023-07-03 09:57:15.416 worker_log:613 22587 MainThread [INFO]  All processing finished for executor task 551
2023-07-03 09:57:15.428 worker_log:584 22587 MainThread [INFO]  Received executor task 561
2023-07-03 09:57:34.856 worker_log:602 22587 MainThread [INFO]  Completed executor task 561
2023-07-03 09:57:34.856 worker_log:613 22587 MainThread [INFO]  All processing finished for executor task 561
2023-07-03 09:57:41.703 worker_log:584 22587 MainThread [INFO]  Received executor task 569
2023-07-03 09:58:14.113 worker_log:602 22587 MainThread [INFO]  Completed executor task 569
2023-07-03 09:58:14.114 worker_log:613 22587 MainThread [INFO]  All processing finished for executor task 569
2023-07-03 09:59:11.704 worker_log:584 22587 MainThread [INFO]  Received executor task 588
2023-07-03 09:59:52.062 worker_log:602 22587 MainThread [INFO]  Completed executor task 588
2023-07-03 09:59:52.063 worker_log:613 22587 MainThread [INFO]  All processing finished for executor task 588
2023-07-03 10:02:22.717 worker_log:584 22587 MainThread [INFO]  Received executor task 604
2023-07-03 10:03:31.338 worker_log:602 22587 MainThread [INFO]  Completed executor task 604
2023-07-03 10:03:31.338 worker_log:613 22587 MainThread [INFO]  All processing finished for executor task 604
2023-07-03 10:04:49.686 worker_log:584 22587 MainThread [INFO]  Received executor task 633
2023-07-03 10:05:30.537 worker_log:602 22587 MainThread [INFO]  Completed executor task 633
2023-07-03 10:05:30.537 worker_log:613 22587 MainThread [INFO]  All processing finished for executor task 633
2023-07-03 10:06:24.838 worker_log:584 22587 MainThread [INFO]  Received executor task 655
2023-07-03 10:07:03.133 worker_log:602 22587 MainThread [INFO]  Completed executor task 655
2023-07-03 10:07:03.134 worker_log:613 22587 MainThread [INFO]  All processing finished for executor task 655
2023-07-03 10:07:53.682 worker_log:584 22587 MainThread [INFO]  Received executor task 672
2023-07-03 10:08:49.799 worker_log:602 22587 MainThread [INFO]  Completed executor task 672
2023-07-03 10:08:49.799 worker_log:613 22587 MainThread [INFO]  All processing finished for executor task 672
2023-07-03 10:09:52.710 worker_log:584 22587 MainThread [INFO]  Received executor task 692
2023-07-03 10:10:24.108 worker_log:602 22587 MainThread [INFO]  Completed executor task 692
2023-07-03 10:10:24.109 worker_log:613 22587 MainThread [INFO]  All processing finished for executor task 692
2023-07-03 10:12:17.697 worker_log:584 22587 MainThread [INFO]  Received executor task 714
2023-07-03 10:12:30.465 worker_log:602 22587 MainThread [INFO]  Completed executor task 714
2023-07-03 10:12:30.465 worker_log:613 22587 MainThread [INFO]  All processing finished for executor task 714
2023-07-03 10:13:44.703 worker_log:584 22587 MainThread [INFO]  Received executor task 726
2023-07-03 10:14:44.680 worker_log:602 22587 MainThread [INFO]  Completed executor task 726
2023-07-03 10:14:44.680 worker_log:613 22587 MainThread [INFO]  All processing finished for executor task 726
2023-07-03 10:15:12.697 worker_log:584 22587 MainThread [INFO]  Received executor task 742
2023-07-03 10:15:52.082 worker_log:602 22587 MainThread [INFO]  Completed executor task 742
2023-07-03 10:15:52.082 worker_log:613 22587 MainThread [INFO]  All processing finished for executor task 742
2023-07-03 10:15:52.095 worker_log:584 22587 MainThread [INFO]  Received executor task 759
2023-07-03 10:16:16.297 worker_log:602 22587 MainThread [INFO]  Completed executor task 759
2023-07-03 10:16:16.298 worker_log:613 22587 MainThread [INFO]  All processing finished for executor task 759
2023-07-03 10:17:17.759 worker_log:584 22587 MainThread [INFO]  Received executor task 769
2023-07-03 10:17:32.496 worker_log:602 22587 MainThread [INFO]  Completed executor task 769
2023-07-03 10:17:32.496 worker_log:613 22587 MainThread [INFO]  All processing finished for executor task 769
2023-07-03 10:17:52.716 worker_log:584 22587 MainThread [INFO]  Received executor task 788
2023-07-03 10:18:17.079 worker_log:602 22587 MainThread [INFO]  Completed executor task 788
2023-07-03 10:18:17.079 worker_log:613 22587 MainThread [INFO]  All processing finished for executor task 788
2023-07-03 10:19:20.715 worker_log:584 22587 MainThread [INFO]  Received executor task 803
2023-07-03 10:19:44.234 worker_log:602 22587 MainThread [INFO]  Completed executor task 803
2023-07-03 10:19:44.234 worker_log:613 22587 MainThread [INFO]  All processing finished for executor task 803
2023-07-03 10:20:47.735 worker_log:584 22587 MainThread [INFO]  Received executor task 818
2023-07-03 10:21:01.139 worker_log:602 22587 MainThread [INFO]  Completed executor task 818
2023-07-03 10:21:01.140 worker_log:613 22587 MainThread [INFO]  All processing finished for executor task 818
2023-07-03 10:21:17.710 worker_log:584 22587 MainThread [INFO]  Received executor task 836
2023-07-03 10:21:41.535 worker_log:602 22587 MainThread [INFO]  Completed executor task 836
2023-07-03 10:21:41.536 worker_log:613 22587 MainThread [INFO]  All processing finished for executor task 836
2023-07-03 10:22:45.711 worker_log:584 22587 MainThread [INFO]  Received executor task 850
2023-07-03 10:23:09.599 worker_log:602 22587 MainThread [INFO]  Completed executor task 850
2023-07-03 10:23:09.599 worker_log:613 22587 MainThread [INFO]  All processing finished for executor task 850
2023-07-03 10:23:46.708 worker_log:584 22587 MainThread [INFO]  Received executor task 871
2023-07-03 10:24:03.426 worker_log:602 22587 MainThread [INFO]  Completed executor task 871
2023-07-03 10:24:03.426 worker_log:613 22587 MainThread [INFO]  All processing finished for executor task 871
2023-07-03 10:24:45.720 worker_log:584 22587 MainThread [INFO]  Received executor task 890
2023-07-03 10:25:01.422 worker_log:602 22587 MainThread [INFO]  Completed executor task 890
2023-07-03 10:25:01.422 worker_log:613 22587 MainThread [INFO]  All processing finished for executor task 890
2023-07-03 10:25:22.705 worker_log:584 22587 MainThread [INFO]  Received executor task 905
2023-07-03 10:25:40.866 worker_log:602 22587 MainThread [INFO]  Completed executor task 905
2023-07-03 10:25:40.866 worker_log:613 22587 MainThread [INFO]  All processing finished for executor task 905
2023-07-03 10:26:28.705 worker_log:584 22587 MainThread [INFO]  Received executor task 917
2023-07-03 10:26:54.270 worker_log:602 22587 MainThread [INFO]  Completed executor task 917
2023-07-03 10:26:54.270 worker_log:613 22587 MainThread [INFO]  All processing finished for executor task 917
2023-07-03 10:26:58.691 worker_log:584 22587 MainThread [INFO]  Received executor task 931
2023-07-03 10:27:59.167 worker_log:602 22587 MainThread [INFO]  Completed executor task 931
2023-07-03 10:27:59.168 worker_log:613 22587 MainThread [INFO]  All processing finished for executor task 931
2023-07-03 10:29:33.707 worker_log:584 22587 MainThread [INFO]  Received executor task 948
2023-07-03 10:30:15.133 worker_log:602 22587 MainThread [INFO]  Completed executor task 948
2023-07-03 10:30:15.134 worker_log:613 22587 MainThread [INFO]  All processing finished for executor task 948
2023-07-03 10:33:06.713 worker_log:584 22587 MainThread [INFO]  Received executor task 967
2023-07-03 10:33:31.424 worker_log:602 22587 MainThread [INFO]  Completed executor task 967
2023-07-03 10:33:31.425 worker_log:613 22587 MainThread [INFO]  All processing finished for executor task 967
2023-07-03 10:35:22.691 worker_log:584 22587 MainThread [INFO]  Received executor task 987
2023-07-03 10:36:08.358 worker_log:602 22587 MainThread [INFO]  Completed executor task 987
2023-07-03 10:36:08.358 worker_log:613 22587 MainThread [INFO]  All processing finished for executor task 987
2023-07-03 10:36:50.697 worker_log:584 22587 MainThread [INFO]  Received executor task 1008
2023-07-03 10:37:27.453 worker_log:602 22587 MainThread [INFO]  Completed executor task 1008
2023-07-03 10:37:27.454 worker_log:613 22587 MainThread [INFO]  All processing finished for executor task 1008
2023-07-03 10:37:50.765 worker_log:584 22587 MainThread [INFO]  Received executor task 1029
2023-07-03 10:38:42.063 worker_log:602 22587 MainThread [INFO]  Completed executor task 1029
2023-07-03 10:38:42.064 worker_log:613 22587 MainThread [INFO]  All processing finished for executor task 1029
2023-07-03 10:40:03.712 worker_log:584 22587 MainThread [INFO]  Received executor task 1047
2023-07-03 10:40:15.918 worker_log:602 22587 MainThread [INFO]  Completed executor task 1047
2023-07-03 10:40:15.918 worker_log:613 22587 MainThread [INFO]  All processing finished for executor task 1047
2023-07-03 10:42:02.707 worker_log:584 22587 MainThread [INFO]  Received executor task 1062
2023-07-03 10:42:16.345 worker_log:602 22587 MainThread [INFO]  Completed executor task 1062
2023-07-03 10:42:16.345 worker_log:613 22587 MainThread [INFO]  All processing finished for executor task 1062
2023-07-03 10:42:33.697 worker_log:584 22587 MainThread [INFO]  Received executor task 1072
2023-07-03 10:43:12.914 worker_log:602 22587 MainThread [INFO]  Completed executor task 1072
2023-07-03 10:43:12.915 worker_log:613 22587 MainThread [INFO]  All processing finished for executor task 1072
2023-07-03 10:43:33.742 worker_log:584 22587 MainThread [INFO]  Received executor task 1088
2023-07-03 10:44:15.643 worker_log:602 22587 MainThread [INFO]  Completed executor task 1088
2023-07-03 10:44:15.643 worker_log:613 22587 MainThread [INFO]  All processing finished for executor task 1088
2023-07-03 10:45:10.777 worker_log:584 22587 MainThread [INFO]  Received executor task 1107
2023-07-03 10:46:00.037 worker_log:602 22587 MainThread [INFO]  Completed executor task 1107
2023-07-03 10:46:00.037 worker_log:613 22587 MainThread [INFO]  All processing finished for executor task 1107
2023-07-03 10:46:11.714 worker_log:584 22587 MainThread [INFO]  Received executor task 1127
2023-07-03 10:46:32.967 worker_log:602 22587 MainThread [INFO]  Completed executor task 1127
2023-07-03 10:46:32.967 worker_log:613 22587 MainThread [INFO]  All processing finished for executor task 1127
2023-07-03 10:47:46.703 worker_log:584 22587 MainThread [INFO]  Received executor task 1140
2023-07-03 10:49:08.359 worker_log:602 22587 MainThread [INFO]  Completed executor task 1140
2023-07-03 10:49:08.359 worker_log:613 22587 MainThread [INFO]  All processing finished for executor task 1140
2023-07-03 10:49:42.723 worker_log:584 22587 MainThread [INFO]  Received executor task 1182
2023-07-03 10:50:17.977 worker_log:602 22587 MainThread [INFO]  Completed executor task 1182
2023-07-03 10:50:17.978 worker_log:613 22587 MainThread [INFO]  All processing finished for executor task 1182
2023-07-03 10:50:41.684 worker_log:584 22587 MainThread [INFO]  Received executor task 1200
2023-07-03 10:51:11.476 worker_log:602 22587 MainThread [INFO]  Completed executor task 1200
2023-07-03 10:51:11.477 worker_log:613 22587 MainThread [INFO]  All processing finished for executor task 1200
2023-07-03 10:51:11.488 worker_log:584 22587 MainThread [INFO]  Received executor task 1215
2023-07-03 10:51:53.412 worker_log:602 22587 MainThread [INFO]  Completed executor task 1215
2023-07-03 10:51:53.412 worker_log:613 22587 MainThread [INFO]  All processing finished for executor task 1215
2023-07-03 10:55:06.712 worker_log:584 22587 MainThread [INFO]  Received executor task 1234
2023-07-03 10:55:42.652 worker_log:602 22587 MainThread [INFO]  Completed executor task 1234
2023-07-03 10:55:42.652 worker_log:613 22587 MainThread [INFO]  All processing finished for executor task 1234
2023-07-03 10:56:11.705 worker_log:584 22587 MainThread [INFO]  Received executor task 1248
2023-07-03 10:56:46.596 worker_log:602 22587 MainThread [INFO]  Completed executor task 1248
2023-07-03 10:56:46.597 worker_log:613 22587 MainThread [INFO]  All processing finished for executor task 1248
2023-07-03 10:56:46.608 worker_log:584 22587 MainThread [INFO]  Received executor task 1256
2023-07-03 10:57:24.612 worker_log:602 22587 MainThread [INFO]  Completed executor task 1256
2023-07-03 10:57:24.613 worker_log:613 22587 MainThread [INFO]  All processing finished for executor task 1256
2023-07-03 10:57:40.624 worker_log:584 22587 MainThread [INFO]  Received executor task 1272
2023-07-03 10:57:57.097 worker_log:602 22587 MainThread [INFO]  Completed executor task 1272
2023-07-03 10:57:57.097 worker_log:613 22587 MainThread [INFO]  All processing finished for executor task 1272
2023-07-03 10:58:09.696 worker_log:584 22587 MainThread [INFO]  Received executor task 1281
2023-07-03 10:58:30.632 worker_log:602 22587 MainThread [INFO]  Completed executor task 1281
2023-07-03 10:58:30.633 worker_log:613 22587 MainThread [INFO]  All processing finished for executor task 1281
2023-07-03 10:58:38.710 worker_log:584 22587 MainThread [INFO]  Received executor task 1295
2023-07-03 10:58:48.465 worker_log:602 22587 MainThread [INFO]  Completed executor task 1295
2023-07-03 10:58:48.466 worker_log:613 22587 MainThread [INFO]  All processing finished for executor task 1295
2023-07-03 10:58:48.477 worker_log:584 22587 MainThread [INFO]  Received executor task 1296
2023-07-03 10:58:57.308 worker_log:602 22587 MainThread [INFO]  Completed executor task 1296
2023-07-03 10:58:57.308 worker_log:613 22587 MainThread [INFO]  All processing finished for executor task 1296
2023-07-03 10:59:06.690 worker_log:584 22587 MainThread [INFO]  Received executor task 1306
2023-07-03 10:59:39.195 worker_log:602 22587 MainThread [INFO]  Completed executor task 1306
2023-07-03 10:59:39.196 worker_log:613 22587 MainThread [INFO]  All processing finished for executor task 1306
2023-07-03 11:00:25.688 worker_log:584 22587 MainThread [INFO]  Received executor task 1319
2023-07-03 11:01:09.051 worker_log:602 22587 MainThread [INFO]  Completed executor task 1319
2023-07-03 11:01:09.052 worker_log:613 22587 MainThread [INFO]  All processing finished for executor task 1319
2023-07-03 11:01:54.724 worker_log:584 22587 MainThread [INFO]  Received executor task 1344
2023-07-03 11:02:09.172 worker_log:602 22587 MainThread [INFO]  Completed executor task 1344
2023-07-03 11:02:09.172 worker_log:613 22587 MainThread [INFO]  All processing finished for executor task 1344
2023-07-03 11:02:23.705 worker_log:584 22587 MainThread [INFO]  Received executor task 1358
2023-07-03 11:03:20.042 worker_log:602 22587 MainThread [INFO]  Completed executor task 1358
2023-07-03 11:03:20.043 worker_log:613 22587 MainThread [INFO]  All processing finished for executor task 1358
2023-07-03 11:03:21.681 worker_log:584 22587 MainThread [INFO]  Received executor task 1369
2023-07-03 11:03:51.297 worker_log:602 22587 MainThread [INFO]  Completed executor task 1369
2023-07-03 11:03:51.297 worker_log:613 22587 MainThread [INFO]  All processing finished for executor task 1369
2023-07-03 11:03:51.308 worker_log:584 22587 MainThread [INFO]  Received executor task 1378
2023-07-03 11:04:43.963 worker_log:602 22587 MainThread [INFO]  Completed executor task 1378
2023-07-03 11:04:43.964 worker_log:613 22587 MainThread [INFO]  All processing finished for executor task 1378
2023-07-03 11:05:17.717 worker_log:584 22587 MainThread [INFO]  Received executor task 1410
2023-07-03 11:05:42.827 worker_log:602 22587 MainThread [INFO]  Completed executor task 1410
2023-07-03 11:05:42.828 worker_log:613 22587 MainThread [INFO]  All processing finished for executor task 1410
2023-07-03 11:06:21.700 worker_log:584 22587 MainThread [INFO]  Received executor task 1431
2023-07-03 11:06:59.825 worker_log:602 22587 MainThread [INFO]  Completed executor task 1431
2023-07-03 11:06:59.826 worker_log:613 22587 MainThread [INFO]  All processing finished for executor task 1431
2023-07-03 11:07:19.712 worker_log:584 22587 MainThread [INFO]  Received executor task 1450
2023-07-03 11:07:28.486 worker_log:602 22587 MainThread [INFO]  Completed executor task 1450
2023-07-03 11:07:28.487 worker_log:613 22587 MainThread [INFO]  All processing finished for executor task 1450
2023-07-03 11:07:28.499 worker_log:584 22587 MainThread [INFO]  Received executor task 1457
2023-07-03 11:07:51.018 worker_log:602 22587 MainThread [INFO]  Completed executor task 1457
2023-07-03 11:07:51.018 worker_log:613 22587 MainThread [INFO]  All processing finished for executor task 1457
2023-07-03 11:08:51.717 worker_log:584 22587 MainThread [INFO]  Received executor task 1468
2023-07-03 11:09:13.136 worker_log:602 22587 MainThread [INFO]  Completed executor task 1468
2023-07-03 11:09:13.136 worker_log:613 22587 MainThread [INFO]  All processing finished for executor task 1468
2023-07-03 11:09:50.678 worker_log:584 22587 MainThread [INFO]  Received executor task 1480
2023-07-03 11:10:35.391 worker_log:602 22587 MainThread [INFO]  Completed executor task 1480
2023-07-03 11:10:35.392 worker_log:613 22587 MainThread [INFO]  All processing finished for executor task 1480
2023-07-03 11:12:31.752 worker_log:584 22587 MainThread [INFO]  Received executor task 1495
2023-07-03 11:12:57.972 worker_log:602 22587 MainThread [INFO]  Completed executor task 1495
2023-07-03 11:12:57.972 worker_log:613 22587 MainThread [INFO]  All processing finished for executor task 1495
2023-07-03 11:14:01.723 worker_log:584 22587 MainThread [INFO]  Received executor task 1516
2023-07-03 11:14:12.789 worker_log:602 22587 MainThread [INFO]  Completed executor task 1516
2023-07-03 11:14:12.790 worker_log:613 22587 MainThread [INFO]  All processing finished for executor task 1516
2023-07-03 11:14:29.743 worker_log:584 22587 MainThread [INFO]  Received executor task 1531
2023-07-03 11:14:51.871 worker_log:602 22587 MainThread [INFO]  Completed executor task 1531
2023-07-03 11:14:51.872 worker_log:613 22587 MainThread [INFO]  All processing finished for executor task 1531
2023-07-03 11:15:56.657 worker_log:584 22587 MainThread [INFO]  Received executor task 1545
2023-07-03 11:17:11.120 worker_log:602 22587 MainThread [INFO]  Completed executor task 1545
2023-07-03 11:17:11.121 worker_log:613 22587 MainThread [INFO]  All processing finished for executor task 1545
2023-07-03 11:17:11.132 worker_log:584 22587 MainThread [INFO]  Received executor task 1563
2023-07-03 11:17:38.142 worker_log:602 22587 MainThread [INFO]  Completed executor task 1563
2023-07-03 11:17:38.143 worker_log:613 22587 MainThread [INFO]  All processing finished for executor task 1563
2023-07-03 11:17:49.711 worker_log:584 22587 MainThread [INFO]  Received executor task 1580
2023-07-03 11:18:15.039 worker_log:602 22587 MainThread [INFO]  Completed executor task 1580
2023-07-03 11:18:15.040 worker_log:613 22587 MainThread [INFO]  All processing finished for executor task 1580
2023-07-03 11:19:18.661 worker_log:584 22587 MainThread [INFO]  Received executor task 1595
2023-07-03 11:19:41.004 worker_log:602 22587 MainThread [INFO]  Completed executor task 1595
2023-07-03 11:19:41.005 worker_log:613 22587 MainThread [INFO]  All processing finished for executor task 1595
2023-07-03 11:20:43.810 worker_log:584 22587 MainThread [INFO]  Received executor task 1615
2023-07-03 11:21:14.958 worker_log:602 22587 MainThread [INFO]  Completed executor task 1615
2023-07-03 11:21:14.958 worker_log:613 22587 MainThread [INFO]  All processing finished for executor task 1615
2023-07-03 11:21:14.970 worker_log:584 22587 MainThread [INFO]  Received executor task 1634
2023-07-03 11:22:11.484 worker_log:602 22587 MainThread [INFO]  Completed executor task 1634
2023-07-03 11:22:11.484 worker_log:613 22587 MainThread [INFO]  All processing finished for executor task 1634
2023-07-03 11:22:38.698 worker_log:584 22587 MainThread [INFO]  Received executor task 1657
2023-07-03 11:23:20.261 worker_log:602 22587 MainThread [INFO]  Completed executor task 1657
2023-07-03 11:23:20.262 worker_log:613 22587 MainThread [INFO]  All processing finished for executor task 1657
2023-07-03 11:23:37.701 worker_log:584 22587 MainThread [INFO]  Received executor task 1673
2023-07-03 11:23:52.982 worker_log:602 22587 MainThread [INFO]  Completed executor task 1673
2023-07-03 11:23:52.982 worker_log:613 22587 MainThread [INFO]  All processing finished for executor task 1673
2023-07-03 11:24:32.669 worker_log:584 22587 MainThread [INFO]  Received executor task 1691
2023-07-03 11:24:42.471 worker_log:602 22587 MainThread [INFO]  Completed executor task 1691
2023-07-03 11:24:42.471 worker_log:613 22587 MainThread [INFO]  All processing finished for executor task 1691
2023-07-03 11:25:30.733 worker_log:584 22587 MainThread [INFO]  Received executor task 1707
2023-07-03 11:25:39.831 worker_log:602 22587 MainThread [INFO]  Completed executor task 1707
2023-07-03 11:25:39.832 worker_log:613 22587 MainThread [INFO]  All processing finished for executor task 1707
2023-07-03 11:26:04.702 worker_log:584 22587 MainThread [INFO]  Received executor task 1717
2023-07-03 11:26:33.841 worker_log:602 22587 MainThread [INFO]  Completed executor task 1717
2023-07-03 11:26:33.842 worker_log:613 22587 MainThread [INFO]  All processing finished for executor task 1717
2023-07-03 11:27:02.705 worker_log:584 22587 MainThread [INFO]  Received executor task 1729
2023-07-03 11:27:38.295 worker_log:602 22587 MainThread [INFO]  Completed executor task 1729
2023-07-03 11:27:38.296 worker_log:613 22587 MainThread [INFO]  All processing finished for executor task 1729
2023-07-03 11:28:02.710 worker_log:584 22587 MainThread [INFO]  Received executor task 1744
2023-07-03 11:28:46.606 worker_log:602 22587 MainThread [INFO]  Completed executor task 1744
2023-07-03 11:28:46.606 worker_log:613 22587 MainThread [INFO]  All processing finished for executor task 1744
2023-07-03 11:28:46.617 worker_log:584 22587 MainThread [INFO]  Received executor task 1759
2023-07-03 11:29:18.108 worker_log:602 22587 MainThread [INFO]  Completed executor task 1759
2023-07-03 11:29:18.109 worker_log:613 22587 MainThread [INFO]  All processing finished for executor task 1759
2023-07-03 11:29:30.711 worker_log:584 22587 MainThread [INFO]  Received executor task 1776
2023-07-03 11:29:49.806 worker_log:602 22587 MainThread [INFO]  Completed executor task 1776
2023-07-03 11:29:49.806 worker_log:613 22587 MainThread [INFO]  All processing finished for executor task 1776
2023-07-03 11:32:58.657 worker_log:584 22587 MainThread [INFO]  Received executor task 1793
2023-07-03 11:33:44.268 worker_log:602 22587 MainThread [INFO]  Completed executor task 1793
2023-07-03 11:33:44.268 worker_log:613 22587 MainThread [INFO]  All processing finished for executor task 1793
2023-07-03 11:33:44.280 worker_log:584 22587 MainThread [INFO]  Received executor task 1812
2023-07-03 11:34:13.497 worker_log:602 22587 MainThread [INFO]  Completed executor task 1812
2023-07-03 11:34:13.497 worker_log:613 22587 MainThread [INFO]  All processing finished for executor task 1812
2023-07-03 11:34:31.743 worker_log:584 22587 MainThread [INFO]  Received executor task 1825
2023-07-03 11:34:48.566 worker_log:602 22587 MainThread [INFO]  Completed executor task 1825
2023-07-03 11:34:48.566 worker_log:613 22587 MainThread [INFO]  All processing finished for executor task 1825
2023-07-03 11:35:00.766 worker_log:584 22587 MainThread [INFO]  Received executor task 1838
2023-07-03 11:35:17.250 worker_log:602 22587 MainThread [INFO]  Completed executor task 1838
2023-07-03 11:35:17.251 worker_log:613 22587 MainThread [INFO]  All processing finished for executor task 1838
2023-07-03 11:36:00.698 worker_log:584 22587 MainThread [INFO]  Received executor task 1850
2023-07-03 11:36:34.555 worker_log:602 22587 MainThread [INFO]  Completed executor task 1850
2023-07-03 11:36:34.556 worker_log:613 22587 MainThread [INFO]  All processing finished for executor task 1850
2023-07-03 11:36:56.695 worker_log:584 22587 MainThread [INFO]  Received executor task 1862
2023-07-03 11:37:24.766 worker_log:602 22587 MainThread [INFO]  Completed executor task 1862
2023-07-03 11:37:24.766 worker_log:613 22587 MainThread [INFO]  All processing finished for executor task 1862
2023-07-03 11:37:26.724 worker_log:584 22587 MainThread [INFO]  Received executor task 1870
2023-07-03 11:38:03.744 worker_log:602 22587 MainThread [INFO]  Completed executor task 1870
2023-07-03 11:38:03.744 worker_log:613 22587 MainThread [INFO]  All processing finished for executor task 1870
2023-07-03 11:38:03.756 worker_log:584 22587 MainThread [INFO]  Received executor task 1882
2023-07-03 11:38:41.915 worker_log:602 22587 MainThread [INFO]  Completed executor task 1882
2023-07-03 11:38:41.916 worker_log:613 22587 MainThread [INFO]  All processing finished for executor task 1882
2023-07-03 11:38:51.708 worker_log:584 22587 MainThread [INFO]  Received executor task 1897
2023-07-03 11:39:36.504 worker_log:602 22587 MainThread [INFO]  Completed executor task 1897
2023-07-03 11:39:36.504 worker_log:613 22587 MainThread [INFO]  All processing finished for executor task 1897
2023-07-03 11:39:36.515 worker_log:584 22587 MainThread [INFO]  Received executor task 1911
2023-07-03 11:40:03.405 worker_log:602 22587 MainThread [INFO]  Completed executor task 1911
2023-07-03 11:40:03.406 worker_log:613 22587 MainThread [INFO]  All processing finished for executor task 1911
2023-07-03 11:40:58.671 worker_log:584 22587 MainThread [INFO]  Received executor task 1925
2023-07-03 11:41:13.771 worker_log:602 22587 MainThread [INFO]  Completed executor task 1925
2023-07-03 11:41:13.772 worker_log:613 22587 MainThread [INFO]  All processing finished for executor task 1925
2023-07-03 11:41:54.716 worker_log:584 22587 MainThread [INFO]  Received executor task 1946
2023-07-03 11:42:31.366 worker_log:602 22587 MainThread [INFO]  Completed executor task 1946
2023-07-03 11:42:31.367 worker_log:613 22587 MainThread [INFO]  All processing finished for executor task 1946
2023-07-03 11:42:53.722 worker_log:584 22587 MainThread [INFO]  Received executor task 1973
2023-07-03 11:43:35.458 worker_log:602 22587 MainThread [INFO]  Completed executor task 1973
2023-07-03 11:43:35.459 worker_log:613 22587 MainThread [INFO]  All processing finished for executor task 1973
2023-07-03 11:43:56.704 worker_log:584 22587 MainThread [INFO]  Received executor task 1990
2023-07-03 11:44:11.589 worker_log:602 22587 MainThread [INFO]  Completed executor task 1990
2023-07-03 11:44:11.590 worker_log:613 22587 MainThread [INFO]  All processing finished for executor task 1990
2023-07-03 11:44:52.731 worker_log:584 22587 MainThread [INFO]  Received executor task 2004
2023-07-03 11:45:25.185 worker_log:602 22587 MainThread [INFO]  Completed executor task 2004
2023-07-03 11:45:25.185 worker_log:613 22587 MainThread [INFO]  All processing finished for executor task 2004
2023-07-03 11:45:48.704 worker_log:584 22587 MainThread [INFO]  Received executor task 2018
2023-07-03 11:46:16.202 worker_log:602 22587 MainThread [INFO]  Completed executor task 2018
2023-07-03 11:46:16.202 worker_log:613 22587 MainThread [INFO]  All processing finished for executor task 2018
2023-07-03 11:47:14.649 worker_log:584 22587 MainThread [INFO]  Received executor task 2035
2023-07-03 11:48:08.441 worker_log:602 22587 MainThread [INFO]  Completed executor task 2035
2023-07-03 11:48:08.441 worker_log:613 22587 MainThread [INFO]  All processing finished for executor task 2035
2023-07-03 11:48:38.683 worker_log:584 22587 MainThread [INFO]  Received executor task 2056
2023-07-03 11:49:35.848 worker_log:602 22587 MainThread [INFO]  Completed executor task 2056
2023-07-03 11:49:35.848 worker_log:613 22587 MainThread [INFO]  All processing finished for executor task 2056
2023-07-03 11:50:33.699 worker_log:584 22587 MainThread [INFO]  Received executor task 2068
2023-07-03 11:51:50.898 worker_log:602 22587 MainThread [INFO]  Completed executor task 2068
2023-07-03 11:51:50.898 worker_log:613 22587 MainThread [INFO]  All processing finished for executor task 2068
2023-07-03 11:52:01.677 worker_log:584 22587 MainThread [INFO]  Received executor task 2096
2023-07-03 11:52:30.104 worker_log:602 22587 MainThread [INFO]  Completed executor task 2096
2023-07-03 11:52:30.105 worker_log:613 22587 MainThread [INFO]  All processing finished for executor task 2096
2023-07-03 11:53:09.710 worker_log:584 22587 MainThread [INFO]  Received executor task 2114
2023-07-03 11:53:27.352 worker_log:602 22587 MainThread [INFO]  Completed executor task 2114
2023-07-03 11:53:27.353 worker_log:613 22587 MainThread [INFO]  All processing finished for executor task 2114
2023-07-03 11:53:44.746 worker_log:584 22587 MainThread [INFO]  Received executor task 2124
2023-07-03 11:54:02.957 worker_log:602 22587 MainThread [INFO]  Completed executor task 2124
2023-07-03 11:54:02.958 worker_log:613 22587 MainThread [INFO]  All processing finished for executor task 2124
2023-07-03 11:54:13.896 worker_log:584 22587 MainThread [INFO]  Received executor task 2134
2023-07-03 11:54:46.027 worker_log:602 22587 MainThread [INFO]  Completed executor task 2134
2023-07-03 11:54:46.027 worker_log:613 22587 MainThread [INFO]  All processing finished for executor task 2134
2023-07-03 11:55:21.700 worker_log:584 22587 MainThread [INFO]  Received executor task 2149
2023-07-03 11:55:39.059 worker_log:602 22587 MainThread [INFO]  Completed executor task 2149
2023-07-03 11:55:39.059 worker_log:613 22587 MainThread [INFO]  All processing finished for executor task 2149
2023-07-03 11:55:48.751 worker_log:584 22587 MainThread [INFO]  Received executor task 2163
2023-07-03 11:56:41.643 worker_log:602 22587 MainThread [INFO]  Completed executor task 2163
2023-07-03 11:56:41.644 worker_log:613 22587 MainThread [INFO]  All processing finished for executor task 2163
2023-07-03 11:57:44.714 worker_log:584 22587 MainThread [INFO]  Received executor task 2181
2023-07-03 11:57:59.605 worker_log:602 22587 MainThread [INFO]  Completed executor task 2181
2023-07-03 11:57:59.605 worker_log:613 22587 MainThread [INFO]  All processing finished for executor task 2181
2023-07-03 11:58:43.658 worker_log:584 22587 MainThread [INFO]  Received executor task 2196
2023-07-03 11:59:46.858 worker_log:602 22587 MainThread [INFO]  Completed executor task 2196
2023-07-03 11:59:46.858 worker_log:613 22587 MainThread [INFO]  All processing finished for executor task 2196
2023-07-03 12:00:07.738 worker_log:584 22587 MainThread [INFO]  Received executor task 2226
2023-07-03 12:00:33.080 worker_log:602 22587 MainThread [INFO]  Completed executor task 2226
2023-07-03 12:00:33.080 worker_log:613 22587 MainThread [INFO]  All processing finished for executor task 2226
2023-07-03 12:01:06.763 worker_log:584 22587 MainThread [INFO]  Received executor task 2248
2023-07-03 12:01:27.015 worker_log:602 22587 MainThread [INFO]  Completed executor task 2248
2023-07-03 12:01:27.015 worker_log:613 22587 MainThread [INFO]  All processing finished for executor task 2248
2023-07-03 12:02:33.736 worker_log:584 22587 MainThread [INFO]  Received executor task 2265
2023-07-03 12:03:21.153 worker_log:602 22587 MainThread [INFO]  Completed executor task 2265
2023-07-03 12:03:21.153 worker_log:613 22587 MainThread [INFO]  All processing finished for executor task 2265
2023-07-03 12:03:32.674 worker_log:584 22587 MainThread [INFO]  Received executor task 2284
2023-07-03 12:04:03.279 worker_log:602 22587 MainThread [INFO]  Completed executor task 2284
2023-07-03 12:04:03.280 worker_log:613 22587 MainThread [INFO]  All processing finished for executor task 2284
2023-07-03 12:04:30.707 worker_log:584 22587 MainThread [INFO]  Received executor task 2300
2023-07-03 12:05:26.731 worker_log:602 22587 MainThread [INFO]  Completed executor task 2300
2023-07-03 12:05:26.732 worker_log:613 22587 MainThread [INFO]  All processing finished for executor task 2300
2023-07-03 12:06:52.728 worker_log:584 22587 MainThread [INFO]  Received executor task 2318
2023-07-03 12:07:06.194 worker_log:602 22587 MainThread [INFO]  Completed executor task 2318
2023-07-03 12:07:06.194 worker_log:613 22587 MainThread [INFO]  All processing finished for executor task 2318
2023-07-03 12:08:17.698 worker_log:584 22587 MainThread [INFO]  Received executor task 2330
2023-07-03 12:08:55.170 worker_log:602 22587 MainThread [INFO]  Completed executor task 2330
2023-07-03 12:08:55.170 worker_log:613 22587 MainThread [INFO]  All processing finished for executor task 2330
2023-07-03 12:08:55.182 worker_log:584 22587 MainThread [INFO]  Received executor task 2342
2023-07-03 12:09:40.259 worker_log:602 22587 MainThread [INFO]  Completed executor task 2342
2023-07-03 12:09:40.260 worker_log:613 22587 MainThread [INFO]  All processing finished for executor task 2342
2023-07-03 12:10:14.734 worker_log:584 22587 MainThread [INFO]  Received executor task 2362
2023-07-03 12:10:45.542 worker_log:602 22587 MainThread [INFO]  Completed executor task 2362
2023-07-03 12:10:45.542 worker_log:613 22587 MainThread [INFO]  All processing finished for executor task 2362
2023-07-03 12:11:47.731 worker_log:584 22587 MainThread [INFO]  Received executor task 2379
2023-07-03 12:12:02.503 worker_log:602 22587 MainThread [INFO]  Completed executor task 2379
2023-07-03 12:12:02.503 worker_log:613 22587 MainThread [INFO]  All processing finished for executor task 2379
2023-07-03 12:12:44.660 worker_log:584 22587 MainThread [INFO]  Received executor task 2394
2023-07-03 12:13:06.401 worker_log:602 22587 MainThread [INFO]  Completed executor task 2394
2023-07-03 12:13:06.401 worker_log:613 22587 MainThread [INFO]  All processing finished for executor task 2394
2023-07-03 12:16:32.698 worker_log:584 22587 MainThread [INFO]  Received executor task 2411
2023-07-03 12:16:59.360 worker_log:602 22587 MainThread [INFO]  Completed executor task 2411
2023-07-03 12:16:59.361 worker_log:613 22587 MainThread [INFO]  All processing finished for executor task 2411
2023-07-03 12:17:33.704 worker_log:584 22587 MainThread [INFO]  Received executor task 2428
2023-07-03 12:18:24.347 worker_log:602 22587 MainThread [INFO]  Completed executor task 2428
2023-07-03 12:18:24.347 worker_log:613 22587 MainThread [INFO]  All processing finished for executor task 2428
2023-07-03 12:18:31.705 worker_log:584 22587 MainThread [INFO]  Received executor task 2446
2023-07-03 12:19:28.969 worker_log:602 22587 MainThread [INFO]  Completed executor task 2446
2023-07-03 12:19:28.969 worker_log:613 22587 MainThread [INFO]  All processing finished for executor task 2446
2023-07-03 12:19:29.720 worker_log:584 22587 MainThread [INFO]  Received executor task 2472
2023-07-03 12:19:40.747 worker_log:602 22587 MainThread [INFO]  Completed executor task 2472
2023-07-03 12:19:40.747 worker_log:613 22587 MainThread [INFO]  All processing finished for executor task 2472
2023-07-03 12:19:57.736 worker_log:584 22587 MainThread [INFO]  Received executor task 2482
2023-07-03 12:20:13.461 worker_log:602 22587 MainThread [INFO]  Completed executor task 2482
2023-07-03 12:20:13.461 worker_log:613 22587 MainThread [INFO]  All processing finished for executor task 2482
2023-07-03 12:20:26.721 worker_log:584 22587 MainThread [INFO]  Received executor task 2492
2023-07-03 12:21:09.645 worker_log:602 22587 MainThread [INFO]  Completed executor task 2492
2023-07-03 12:21:09.645 worker_log:613 22587 MainThread [INFO]  All processing finished for executor task 2492
2023-07-03 12:21:29.713 worker_log:584 22587 MainThread [INFO]  Received executor task 2509
2023-07-03 12:21:46.991 worker_log:602 22587 MainThread [INFO]  Completed executor task 2509
2023-07-03 12:21:46.992 worker_log:613 22587 MainThread [INFO]  All processing finished for executor task 2509
2023-07-03 12:21:58.739 worker_log:584 22587 MainThread [INFO]  Received executor task 2522
2023-07-03 12:22:26.898 worker_log:602 22587 MainThread [INFO]  Completed executor task 2522
2023-07-03 12:22:26.899 worker_log:613 22587 MainThread [INFO]  All processing finished for executor task 2522
2023-07-03 12:23:44.722 worker_log:584 22587 MainThread [INFO]  Received executor task 2539
2023-07-03 12:25:00.923 worker_log:602 22587 MainThread [INFO]  Completed executor task 2539
2023-07-03 12:25:00.924 worker_log:613 22587 MainThread [INFO]  All processing finished for executor task 2539
2023-07-03 12:25:09.700 worker_log:584 22587 MainThread [INFO]  Received executor task 2566
2023-07-03 12:25:43.494 worker_log:602 22587 MainThread [INFO]  Completed executor task 2566
2023-07-03 12:25:43.494 worker_log:613 22587 MainThread [INFO]  All processing finished for executor task 2566
2023-07-03 12:27:32.733 worker_log:584 22587 MainThread [INFO]  Received executor task 2585
2023-07-03 12:27:59.914 worker_log:602 22587 MainThread [INFO]  Completed executor task 2585
2023-07-03 12:27:59.914 worker_log:613 22587 MainThread [INFO]  All processing finished for executor task 2585
2023-07-03 12:28:57.710 worker_log:584 22587 MainThread [INFO]  Received executor task 2596
2023-07-03 12:30:04.100 worker_log:602 22587 MainThread [INFO]  Completed executor task 2596
2023-07-03 12:30:04.101 worker_log:613 22587 MainThread [INFO]  All processing finished for executor task 2596
2023-07-03 12:30:53.714 worker_log:584 22587 MainThread [INFO]  Received executor task 2626
2023-07-03 12:31:18.615 worker_log:602 22587 MainThread [INFO]  Completed executor task 2626
2023-07-03 12:31:18.615 worker_log:613 22587 MainThread [INFO]  All processing finished for executor task 2626
2023-07-03 12:32:18.689 worker_log:584 22587 MainThread [INFO]  Received executor task 2646
2023-07-03 12:33:01.838 worker_log:602 22587 MainThread [INFO]  Completed executor task 2646
2023-07-03 12:33:01.839 worker_log:613 22587 MainThread [INFO]  All processing finished for executor task 2646
2023-07-03 12:33:13.704 worker_log:584 22587 MainThread [INFO]  Received executor task 2663
2023-07-03 12:33:47.976 worker_log:602 22587 MainThread [INFO]  Completed executor task 2663
2023-07-03 12:33:47.977 worker_log:613 22587 MainThread [INFO]  All processing finished for executor task 2663
2023-07-03 12:34:13.654 worker_log:584 22587 MainThread [INFO]  Received executor task 2674
2023-07-03 12:35:15.705 worker_log:602 22587 MainThread [INFO]  Completed executor task 2674
2023-07-03 12:35:15.706 worker_log:613 22587 MainThread [INFO]  All processing finished for executor task 2674
2023-07-03 12:36:36.971 worker_log:584 22587 MainThread [INFO]  Received executor task 2691
2023-07-03 12:37:26.191 worker_log:602 22587 MainThread [INFO]  Completed executor task 2691
2023-07-03 12:37:26.191 worker_log:613 22587 MainThread [INFO]  All processing finished for executor task 2691
2023-07-03 12:38:59.676 worker_log:584 22587 MainThread [INFO]  Received executor task 2712
2023-07-03 12:39:43.941 worker_log:602 22587 MainThread [INFO]  Completed executor task 2712
2023-07-03 12:39:43.942 worker_log:613 22587 MainThread [INFO]  All processing finished for executor task 2712
2023-07-03 12:40:52.705 worker_log:584 22587 MainThread [INFO]  Received executor task 2744
2023-07-03 12:41:09.384 worker_log:602 22587 MainThread [INFO]  Completed executor task 2744
2023-07-03 12:41:09.384 worker_log:613 22587 MainThread [INFO]  All processing finished for executor task 2744
2023-07-03 12:42:16.642 worker_log:584 22587 MainThread [INFO]  Received executor task 2759
2023-07-03 12:42:51.662 worker_log:602 22587 MainThread [INFO]  Completed executor task 2759
2023-07-03 12:42:51.662 worker_log:613 22587 MainThread [INFO]  All processing finished for executor task 2759
2023-07-03 12:44:18.662 worker_log:584 22587 MainThread [INFO]  Received executor task 2779
2023-07-03 12:45:25.359 worker_log:602 22587 MainThread [INFO]  Completed executor task 2779
2023-07-03 12:45:25.367 worker_log:613 22587 MainThread [INFO]  All processing finished for executor task 2779
