2023-07-03 09:08:17.507 worker_log:538 22581 MainThread [INFO]  Worker 12 started
2023-07-03 09:10:01.819 worker_log:584 22581 MainThread [INFO]  Received executor task 13
2023-07-03 09:11:23.139 worker_log:602 22581 MainThread [INFO]  Completed executor task 13
2023-07-03 09:11:23.140 worker_log:613 22581 MainThread [INFO]  All processing finished for executor task 13
2023-07-03 09:11:32.723 worker_log:584 22581 MainThread [INFO]  Received executor task 42
2023-07-03 09:12:01.482 worker_log:602 22581 MainThread [INFO]  Completed executor task 42
2023-07-03 09:12:01.483 worker_log:613 22581 MainThread [INFO]  All processing finished for executor task 42
2023-07-03 09:12:01.488 worker_log:584 22581 MainThread [INFO]  Received executor task 49
2023-07-03 09:12:45.716 worker_log:602 22581 MainThread [INFO]  Completed executor task 49
2023-07-03 09:12:45.717 worker_log:613 22581 MainThread [INFO]  All processing finished for executor task 49
2023-07-03 09:12:57.687 worker_log:584 22581 MainThread [INFO]  Received executor task 63
2023-07-03 09:13:03.771 worker_log:602 22581 MainThread [INFO]  Completed executor task 63
2023-07-03 09:13:03.771 worker_log:613 22581 MainThread [INFO]  All processing finished for executor task 63
2023-07-03 09:13:29.693 worker_log:584 22581 MainThread [INFO]  Received executor task 67
2023-07-03 09:13:47.854 worker_log:602 22581 MainThread [INFO]  Completed executor task 67
2023-07-03 09:13:47.855 worker_log:613 22581 MainThread [INFO]  All processing finished for executor task 67
2023-07-03 09:14:00.682 worker_log:584 22581 MainThread [INFO]  Received executor task 82
2023-07-03 09:15:03.663 worker_log:602 22581 MainThread [INFO]  Completed executor task 82
2023-07-03 09:15:03.663 worker_log:613 22581 MainThread [INFO]  All processing finished for executor task 82
2023-07-03 09:16:06.702 worker_log:584 22581 MainThread [INFO]  Received executor task 98
2023-07-03 09:17:19.195 worker_log:602 22581 MainThread [INFO]  Completed executor task 98
2023-07-03 09:17:19.196 worker_log:613 22581 MainThread [INFO]  All processing finished for executor task 98
2023-07-03 09:17:38.679 worker_log:584 22581 MainThread [INFO]  Received executor task 123
2023-07-03 09:18:08.814 worker_log:602 22581 MainThread [INFO]  Completed executor task 123
2023-07-03 09:18:08.815 worker_log:613 22581 MainThread [INFO]  All processing finished for executor task 123
2023-07-03 09:19:38.710 worker_log:584 22581 MainThread [INFO]  Received executor task 137
2023-07-03 09:20:00.405 worker_log:602 22581 MainThread [INFO]  Completed executor task 137
2023-07-03 09:20:00.405 worker_log:613 22581 MainThread [INFO]  All processing finished for executor task 137
2023-07-03 09:20:07.796 worker_log:584 22581 MainThread [INFO]  Received executor task 147
2023-07-03 09:21:00.850 worker_log:602 22581 MainThread [INFO]  Completed executor task 147
2023-07-03 09:21:00.851 worker_log:613 22581 MainThread [INFO]  All processing finished for executor task 147
2023-07-03 09:24:08.696 worker_log:584 22581 MainThread [INFO]  Received executor task 156
2023-07-03 09:24:33.415 worker_log:602 22581 MainThread [INFO]  Completed executor task 156
2023-07-03 09:24:33.416 worker_log:613 22581 MainThread [INFO]  All processing finished for executor task 156
2023-07-03 09:25:35.738 worker_log:584 22581 MainThread [INFO]  Received executor task 175
2023-07-03 09:26:00.285 worker_log:602 22581 MainThread [INFO]  Completed executor task 175
2023-07-03 09:26:00.286 worker_log:613 22581 MainThread [INFO]  All processing finished for executor task 175
2023-07-03 09:26:06.705 worker_log:584 22581 MainThread [INFO]  Received executor task 189
2023-07-03 09:26:20.456 worker_log:602 22581 MainThread [INFO]  Completed executor task 189
2023-07-03 09:26:20.456 worker_log:613 22581 MainThread [INFO]  All processing finished for executor task 189
2023-07-03 09:27:03.685 worker_log:584 22581 MainThread [INFO]  Received executor task 201
2023-07-03 09:27:15.002 worker_log:602 22581 MainThread [INFO]  Completed executor task 201
2023-07-03 09:27:15.002 worker_log:613 22581 MainThread [INFO]  All processing finished for executor task 201
2023-07-03 09:27:34.705 worker_log:584 22581 MainThread [INFO]  Received executor task 216
2023-07-03 09:27:51.107 worker_log:602 22581 MainThread [INFO]  Completed executor task 216
2023-07-03 09:27:51.108 worker_log:613 22581 MainThread [INFO]  All processing finished for executor task 216
2023-07-03 09:28:30.779 worker_log:584 22581 MainThread [INFO]  Received executor task 229
2023-07-03 09:29:29.038 worker_log:602 22581 MainThread [INFO]  Completed executor task 229
2023-07-03 09:29:29.039 worker_log:613 22581 MainThread [INFO]  All processing finished for executor task 229
2023-07-03 09:29:31.701 worker_log:584 22581 MainThread [INFO]  Received executor task 247
2023-07-03 09:29:45.927 worker_log:602 22581 MainThread [INFO]  Completed executor task 247
2023-07-03 09:29:45.928 worker_log:613 22581 MainThread [INFO]  All processing finished for executor task 247
2023-07-03 09:29:59.689 worker_log:584 22581 MainThread [INFO]  Received executor task 252
2023-07-03 09:30:57.021 worker_log:602 22581 MainThread [INFO]  Completed executor task 252
2023-07-03 09:30:57.021 worker_log:613 22581 MainThread [INFO]  All processing finished for executor task 252
2023-07-03 09:33:54.697 worker_log:584 22581 MainThread [INFO]  Received executor task 271
2023-07-03 09:34:24.298 worker_log:602 22581 MainThread [INFO]  Completed executor task 271
2023-07-03 09:34:24.299 worker_log:613 22581 MainThread [INFO]  All processing finished for executor task 271
2023-07-03 09:34:24.310 worker_log:584 22581 MainThread [INFO]  Received executor task 287
2023-07-03 09:34:42.404 worker_log:602 22581 MainThread [INFO]  Completed executor task 287
2023-07-03 09:34:42.404 worker_log:613 22581 MainThread [INFO]  All processing finished for executor task 287
2023-07-03 09:36:20.688 worker_log:584 22581 MainThread [INFO]  Received executor task 298
2023-07-03 09:36:54.504 worker_log:602 22581 MainThread [INFO]  Completed executor task 298
2023-07-03 09:36:54.505 worker_log:613 22581 MainThread [INFO]  All processing finished for executor task 298
2023-07-03 09:37:17.697 worker_log:584 22581 MainThread [INFO]  Received executor task 323
2023-07-03 09:37:52.868 worker_log:602 22581 MainThread [INFO]  Completed executor task 323
2023-07-03 09:37:52.868 worker_log:613 22581 MainThread [INFO]  All processing finished for executor task 323
2023-07-03 09:37:52.879 worker_log:584 22581 MainThread [INFO]  Received executor task 336
2023-07-03 09:38:30.506 worker_log:602 22581 MainThread [INFO]  Completed executor task 336
2023-07-03 09:38:30.507 worker_log:613 22581 MainThread [INFO]  All processing finished for executor task 336
2023-07-03 09:39:18.713 worker_log:584 22581 MainThread [INFO]  Received executor task 350
2023-07-03 09:39:45.154 worker_log:602 22581 MainThread [INFO]  Completed executor task 350
2023-07-03 09:39:45.154 worker_log:613 22581 MainThread [INFO]  All processing finished for executor task 350
2023-07-03 09:42:00.702 worker_log:584 22581 MainThread [INFO]  Received executor task 363
2023-07-03 09:42:16.466 worker_log:602 22581 MainThread [INFO]  Completed executor task 363
2023-07-03 09:42:16.467 worker_log:613 22581 MainThread [INFO]  All processing finished for executor task 363
2023-07-03 09:43:35.711 worker_log:584 22581 MainThread [INFO]  Received executor task 378
2023-07-03 09:44:16.420 worker_log:602 22581 MainThread [INFO]  Completed executor task 378
2023-07-03 09:44:16.421 worker_log:613 22581 MainThread [INFO]  All processing finished for executor task 378
2023-07-03 09:44:34.724 worker_log:584 22581 MainThread [INFO]  Received executor task 392
2023-07-03 09:45:28.055 worker_log:602 22581 MainThread [INFO]  Completed executor task 392
2023-07-03 09:45:28.056 worker_log:613 22581 MainThread [INFO]  All processing finished for executor task 392
2023-07-03 09:47:39.670 worker_log:584 22581 MainThread [INFO]  Received executor task 410
2023-07-03 09:48:31.695 worker_log:602 22581 MainThread [INFO]  Completed executor task 410
2023-07-03 09:48:31.695 worker_log:613 22581 MainThread [INFO]  All processing finished for executor task 410
2023-07-03 09:48:31.708 worker_log:584 22581 MainThread [INFO]  Received executor task 429
2023-07-03 09:49:00.811 worker_log:602 22581 MainThread [INFO]  Completed executor task 429
2023-07-03 09:49:00.812 worker_log:613 22581 MainThread [INFO]  All processing finished for executor task 429
2023-07-03 09:49:08.715 worker_log:584 22581 MainThread [INFO]  Received executor task 443
2023-07-03 09:49:28.677 worker_log:602 22581 MainThread [INFO]  Completed executor task 443
2023-07-03 09:49:28.678 worker_log:613 22581 MainThread [INFO]  All processing finished for executor task 443
2023-07-03 09:50:08.688 worker_log:584 22581 MainThread [INFO]  Received executor task 459
2023-07-03 09:51:19.550 worker_log:602 22581 MainThread [INFO]  Completed executor task 459
2023-07-03 09:51:19.550 worker_log:613 22581 MainThread [INFO]  All processing finished for executor task 459
2023-07-03 09:51:34.703 worker_log:584 22581 MainThread [INFO]  Received executor task 489
2023-07-03 09:51:56.076 worker_log:602 22581 MainThread [INFO]  Completed executor task 489
2023-07-03 09:51:56.076 worker_log:613 22581 MainThread [INFO]  All processing finished for executor task 489
2023-07-03 09:53:03.697 worker_log:584 22581 MainThread [INFO]  Received executor task 510
2023-07-03 09:54:26.874 worker_log:602 22581 MainThread [INFO]  Completed executor task 510
2023-07-03 09:54:26.874 worker_log:613 22581 MainThread [INFO]  All processing finished for executor task 510
2023-07-03 09:56:06.716 worker_log:584 22581 MainThread [INFO]  Received executor task 541
2023-07-03 09:56:52.195 worker_log:602 22581 MainThread [INFO]  Completed executor task 541
2023-07-03 09:56:52.196 worker_log:613 22581 MainThread [INFO]  All processing finished for executor task 541
2023-07-03 09:56:52.211 worker_log:584 22581 MainThread [INFO]  Received executor task 552
2023-07-03 09:57:28.525 worker_log:602 22581 MainThread [INFO]  Completed executor task 552
2023-07-03 09:57:28.526 worker_log:613 22581 MainThread [INFO]  All processing finished for executor task 552
2023-07-03 09:57:41.703 worker_log:584 22581 MainThread [INFO]  Received executor task 568
2023-07-03 09:58:14.025 worker_log:602 22581 MainThread [INFO]  Completed executor task 568
2023-07-03 09:58:14.026 worker_log:613 22581 MainThread [INFO]  All processing finished for executor task 568
2023-07-03 09:59:11.704 worker_log:584 22581 MainThread [INFO]  Received executor task 587
2023-07-03 09:59:59.388 worker_log:602 22581 MainThread [INFO]  Completed executor task 587
2023-07-03 09:59:59.388 worker_log:613 22581 MainThread [INFO]  All processing finished for executor task 587
2023-07-03 10:02:22.722 worker_log:584 22581 MainThread [INFO]  Received executor task 606
2023-07-03 10:03:03.055 worker_log:602 22581 MainThread [INFO]  Completed executor task 606
2023-07-03 10:03:03.055 worker_log:613 22581 MainThread [INFO]  All processing finished for executor task 606
2023-07-03 10:04:19.708 worker_log:584 22581 MainThread [INFO]  Received executor task 622
2023-07-03 10:04:31.647 worker_log:602 22581 MainThread [INFO]  Completed executor task 622
2023-07-03 10:04:31.647 worker_log:613 22581 MainThread [INFO]  All processing finished for executor task 622
2023-07-03 10:04:49.697 worker_log:584 22581 MainThread [INFO]  Received executor task 640
2023-07-03 10:05:26.657 worker_log:602 22581 MainThread [INFO]  Completed executor task 640
2023-07-03 10:05:26.658 worker_log:613 22581 MainThread [INFO]  All processing finished for executor task 640
2023-07-03 10:06:24.838 worker_log:584 22581 MainThread [INFO]  Received executor task 654
2023-07-03 10:07:03.590 worker_log:602 22581 MainThread [INFO]  Completed executor task 654
2023-07-03 10:07:03.590 worker_log:613 22581 MainThread [INFO]  All processing finished for executor task 654
2023-07-03 10:07:53.692 worker_log:584 22581 MainThread [INFO]  Received executor task 674
2023-07-03 10:09:16.121 worker_log:602 22581 MainThread [INFO]  Completed executor task 674
2023-07-03 10:09:16.121 worker_log:613 22581 MainThread [INFO]  All processing finished for executor task 674
2023-07-03 10:09:52.710 worker_log:584 22581 MainThread [INFO]  Received executor task 697
2023-07-03 10:10:16.122 worker_log:602 22581 MainThread [INFO]  Completed executor task 697
2023-07-03 10:10:16.123 worker_log:613 22581 MainThread [INFO]  All processing finished for executor task 697
2023-07-03 10:12:17.666 worker_log:584 22581 MainThread [INFO]  Received executor task 710
2023-07-03 10:13:13.633 worker_log:602 22581 MainThread [INFO]  Completed executor task 710
2023-07-03 10:13:13.634 worker_log:613 22581 MainThread [INFO]  All processing finished for executor task 710
2023-07-03 10:14:42.704 worker_log:584 22581 MainThread [INFO]  Received executor task 733
2023-07-03 10:15:26.510 worker_log:602 22581 MainThread [INFO]  Completed executor task 733
2023-07-03 10:15:26.511 worker_log:613 22581 MainThread [INFO]  All processing finished for executor task 733
2023-07-03 10:15:48.695 worker_log:584 22581 MainThread [INFO]  Received executor task 752
2023-07-03 10:16:03.401 worker_log:602 22581 MainThread [INFO]  Completed executor task 752
2023-07-03 10:16:03.401 worker_log:613 22581 MainThread [INFO]  All processing finished for executor task 752
2023-07-03 10:16:17.691 worker_log:584 22581 MainThread [INFO]  Received executor task 764
2023-07-03 10:17:15.684 worker_log:602 22581 MainThread [INFO]  Completed executor task 764
2023-07-03 10:17:15.685 worker_log:613 22581 MainThread [INFO]  All processing finished for executor task 764
2023-07-03 10:17:52.705 worker_log:584 22581 MainThread [INFO]  Received executor task 781
2023-07-03 10:17:59.026 worker_log:602 22581 MainThread [INFO]  Completed executor task 781
2023-07-03 10:17:59.026 worker_log:613 22581 MainThread [INFO]  All processing finished for executor task 781
2023-07-03 10:18:22.699 worker_log:584 22581 MainThread [INFO]  Received executor task 795
2023-07-03 10:18:41.881 worker_log:602 22581 MainThread [INFO]  Completed executor task 795
2023-07-03 10:18:41.882 worker_log:613 22581 MainThread [INFO]  All processing finished for executor task 795
2023-07-03 10:19:20.725 worker_log:584 22581 MainThread [INFO]  Received executor task 808
2023-07-03 10:19:47.834 worker_log:602 22581 MainThread [INFO]  Completed executor task 808
2023-07-03 10:19:47.835 worker_log:613 22581 MainThread [INFO]  All processing finished for executor task 808
2023-07-03 10:20:47.765 worker_log:584 22581 MainThread [INFO]  Received executor task 821
2023-07-03 10:21:13.708 worker_log:602 22581 MainThread [INFO]  Completed executor task 821
2023-07-03 10:21:13.709 worker_log:613 22581 MainThread [INFO]  All processing finished for executor task 821
2023-07-03 10:21:46.989 worker_log:584 22581 MainThread [INFO]  Received executor task 841
2023-07-03 10:22:18.232 worker_log:602 22581 MainThread [INFO]  Completed executor task 841
2023-07-03 10:22:18.232 worker_log:613 22581 MainThread [INFO]  All processing finished for executor task 841
2023-07-03 10:22:45.712 worker_log:584 22581 MainThread [INFO]  Received executor task 855
2023-07-03 10:23:08.829 worker_log:602 22581 MainThread [INFO]  Completed executor task 855
2023-07-03 10:23:08.830 worker_log:613 22581 MainThread [INFO]  All processing finished for executor task 855
2023-07-03 10:23:46.708 worker_log:584 22581 MainThread [INFO]  Received executor task 869
2023-07-03 10:23:55.731 worker_log:602 22581 MainThread [INFO]  Completed executor task 869
2023-07-03 10:23:55.731 worker_log:613 22581 MainThread [INFO]  All processing finished for executor task 869
2023-07-03 10:24:15.718 worker_log:584 22581 MainThread [INFO]  Received executor task 884
2023-07-03 10:24:58.312 worker_log:602 22581 MainThread [INFO]  Completed executor task 884
2023-07-03 10:24:58.312 worker_log:613 22581 MainThread [INFO]  All processing finished for executor task 884
2023-07-03 10:25:22.704 worker_log:584 22581 MainThread [INFO]  Received executor task 902
2023-07-03 10:25:42.884 worker_log:602 22581 MainThread [INFO]  Completed executor task 902
2023-07-03 10:25:42.885 worker_log:613 22581 MainThread [INFO]  All processing finished for executor task 902
2023-07-03 10:26:28.726 worker_log:584 22581 MainThread [INFO]  Received executor task 920
2023-07-03 10:27:14.569 worker_log:602 22581 MainThread [INFO]  Completed executor task 920
2023-07-03 10:27:14.570 worker_log:613 22581 MainThread [INFO]  All processing finished for executor task 920
2023-07-03 10:28:55.680 worker_log:584 22581 MainThread [INFO]  Received executor task 937
2023-07-03 10:29:19.788 worker_log:602 22581 MainThread [INFO]  Completed executor task 937
2023-07-03 10:29:19.788 worker_log:613 22581 MainThread [INFO]  All processing finished for executor task 937
2023-07-03 10:29:33.708 worker_log:584 22581 MainThread [INFO]  Received executor task 955
2023-07-03 10:30:17.467 worker_log:602 22581 MainThread [INFO]  Completed executor task 955
2023-07-03 10:30:17.468 worker_log:613 22581 MainThread [INFO]  All processing finished for executor task 955
2023-07-03 10:33:06.713 worker_log:584 22581 MainThread [INFO]  Received executor task 968
2023-07-03 10:33:34.221 worker_log:602 22581 MainThread [INFO]  Completed executor task 968
2023-07-03 10:33:34.222 worker_log:613 22581 MainThread [INFO]  All processing finished for executor task 968
2023-07-03 10:35:22.691 worker_log:584 22581 MainThread [INFO]  Received executor task 989
2023-07-03 10:36:06.056 worker_log:602 22581 MainThread [INFO]  Completed executor task 989
2023-07-03 10:36:06.057 worker_log:613 22581 MainThread [INFO]  All processing finished for executor task 989
2023-07-03 10:36:50.697 worker_log:584 22581 MainThread [INFO]  Received executor task 1007
2023-07-03 10:37:16.510 worker_log:602 22581 MainThread [INFO]  Completed executor task 1007
2023-07-03 10:37:16.511 worker_log:613 22581 MainThread [INFO]  All processing finished for executor task 1007
2023-07-03 10:37:20.725 worker_log:584 22581 MainThread [INFO]  Received executor task 1023
2023-07-03 10:37:29.187 worker_log:602 22581 MainThread [INFO]  Completed executor task 1023
2023-07-03 10:37:29.187 worker_log:613 22581 MainThread [INFO]  All processing finished for executor task 1023
2023-07-03 10:38:18.698 worker_log:584 22581 MainThread [INFO]  Received executor task 1037
2023-07-03 10:38:50.107 worker_log:602 22581 MainThread [INFO]  Completed executor task 1037
2023-07-03 10:38:50.108 worker_log:613 22581 MainThread [INFO]  All processing finished for executor task 1037
2023-07-03 10:40:03.713 worker_log:584 22581 MainThread [INFO]  Received executor task 1052
2023-07-03 10:40:26.523 worker_log:602 22581 MainThread [INFO]  Completed executor task 1052
2023-07-03 10:40:26.523 worker_log:613 22581 MainThread [INFO]  All processing finished for executor task 1052
2023-07-03 10:42:33.686 worker_log:584 22581 MainThread [INFO]  Received executor task 1067
2023-07-03 10:42:58.708 worker_log:602 22581 MainThread [INFO]  Completed executor task 1067
2023-07-03 10:42:58.709 worker_log:613 22581 MainThread [INFO]  All processing finished for executor task 1067
2023-07-03 10:43:04.708 worker_log:584 22581 MainThread [INFO]  Received executor task 1083
2023-07-03 10:43:21.946 worker_log:602 22581 MainThread [INFO]  Completed executor task 1083
2023-07-03 10:43:21.946 worker_log:613 22581 MainThread [INFO]  All processing finished for executor task 1083
2023-07-03 10:43:33.743 worker_log:584 22581 MainThread [INFO]  Received executor task 1092
2023-07-03 10:44:05.341 worker_log:602 22581 MainThread [INFO]  Completed executor task 1092
2023-07-03 10:44:05.342 worker_log:613 22581 MainThread [INFO]  All processing finished for executor task 1092
2023-07-03 10:44:39.716 worker_log:584 22581 MainThread [INFO]  Received executor task 1104
2023-07-03 10:45:30.421 worker_log:602 22581 MainThread [INFO]  Completed executor task 1104
2023-07-03 10:45:30.422 worker_log:613 22581 MainThread [INFO]  All processing finished for executor task 1104
2023-07-03 10:45:41.691 worker_log:584 22581 MainThread [INFO]  Received executor task 1120
2023-07-03 10:46:04.802 worker_log:602 22581 MainThread [INFO]  Completed executor task 1120
2023-07-03 10:46:04.803 worker_log:613 22581 MainThread [INFO]  All processing finished for executor task 1120
2023-07-03 10:46:11.714 worker_log:584 22581 MainThread [INFO]  Received executor task 1129
2023-07-03 10:46:43.939 worker_log:602 22581 MainThread [INFO]  Completed executor task 1129
2023-07-03 10:46:43.940 worker_log:613 22581 MainThread [INFO]  All processing finished for executor task 1129
2023-07-03 10:47:46.733 worker_log:584 22581 MainThread [INFO]  Received executor task 1143
2023-07-03 10:48:00.045 worker_log:602 22581 MainThread [INFO]  Completed executor task 1143
2023-07-03 10:48:00.046 worker_log:613 22581 MainThread [INFO]  All processing finished for executor task 1143
2023-07-03 10:48:15.722 worker_log:584 22581 MainThread [INFO]  Received executor task 1158
2023-07-03 10:48:38.444 worker_log:602 22581 MainThread [INFO]  Completed executor task 1158
2023-07-03 10:48:38.444 worker_log:613 22581 MainThread [INFO]  All processing finished for executor task 1158
2023-07-03 10:49:14.714 worker_log:584 22581 MainThread [INFO]  Received executor task 1171
2023-07-03 10:49:39.900 worker_log:602 22581 MainThread [INFO]  Completed executor task 1171
2023-07-03 10:49:39.901 worker_log:613 22581 MainThread [INFO]  All processing finished for executor task 1171
2023-07-03 10:49:42.728 worker_log:584 22581 MainThread [INFO]  Received executor task 1186
2023-07-03 10:50:32.072 worker_log:602 22581 MainThread [INFO]  Completed executor task 1186
2023-07-03 10:50:32.072 worker_log:613 22581 MainThread [INFO]  All processing finished for executor task 1186
2023-07-03 10:50:41.714 worker_log:584 22581 MainThread [INFO]  Received executor task 1204
2023-07-03 10:51:03.962 worker_log:602 22581 MainThread [INFO]  Completed executor task 1204
2023-07-03 10:51:03.963 worker_log:613 22581 MainThread [INFO]  All processing finished for executor task 1204
2023-07-03 10:51:10.757 worker_log:584 22581 MainThread [INFO]  Received executor task 1211
2023-07-03 10:51:23.793 worker_log:602 22581 MainThread [INFO]  Completed executor task 1211
2023-07-03 10:51:23.794 worker_log:613 22581 MainThread [INFO]  All processing finished for executor task 1211
2023-07-03 10:54:09.709 worker_log:584 22581 MainThread [INFO]  Received executor task 1222
2023-07-03 10:54:56.008 worker_log:602 22581 MainThread [INFO]  Completed executor task 1222
2023-07-03 10:54:56.009 worker_log:613 22581 MainThread [INFO]  All processing finished for executor task 1222
2023-07-03 10:56:11.704 worker_log:584 22581 MainThread [INFO]  Received executor task 1245
2023-07-03 10:57:25.011 worker_log:602 22581 MainThread [INFO]  Completed executor task 1245
2023-07-03 10:57:25.012 worker_log:613 22581 MainThread [INFO]  All processing finished for executor task 1245
2023-07-03 10:57:40.624 worker_log:584 22581 MainThread [INFO]  Received executor task 1273
2023-07-03 10:57:57.067 worker_log:602 22581 MainThread [INFO]  Completed executor task 1273
2023-07-03 10:57:57.068 worker_log:613 22581 MainThread [INFO]  All processing finished for executor task 1273
2023-07-03 10:58:09.686 worker_log:584 22581 MainThread [INFO]  Received executor task 1280
2023-07-03 10:58:49.353 worker_log:602 22581 MainThread [INFO]  Completed executor task 1280
2023-07-03 10:58:49.354 worker_log:613 22581 MainThread [INFO]  All processing finished for executor task 1280
2023-07-03 10:58:49.365 worker_log:584 22581 MainThread [INFO]  Received executor task 1298
2023-07-03 10:59:03.151 worker_log:602 22581 MainThread [INFO]  Completed executor task 1298
2023-07-03 10:59:03.152 worker_log:613 22581 MainThread [INFO]  All processing finished for executor task 1298
2023-07-03 10:59:56.706 worker_log:584 22581 MainThread [INFO]  Received executor task 1311
2023-07-03 11:00:10.559 worker_log:602 22581 MainThread [INFO]  Completed executor task 1311
2023-07-03 11:00:10.559 worker_log:613 22581 MainThread [INFO]  All processing finished for executor task 1311
2023-07-03 11:00:25.739 worker_log:584 22581 MainThread [INFO]  Received executor task 1325
2023-07-03 11:00:53.634 worker_log:602 22581 MainThread [INFO]  Completed executor task 1325
2023-07-03 11:00:53.635 worker_log:613 22581 MainThread [INFO]  All processing finished for executor task 1325
2023-07-03 11:01:54.723 worker_log:584 22581 MainThread [INFO]  Received executor task 1340
2023-07-03 11:02:03.697 worker_log:602 22581 MainThread [INFO]  Completed executor task 1340
2023-07-03 11:02:03.698 worker_log:613 22581 MainThread [INFO]  All processing finished for executor task 1340
2023-07-03 11:02:23.705 worker_log:584 22581 MainThread [INFO]  Received executor task 1354
2023-07-03 11:03:34.425 worker_log:602 22581 MainThread [INFO]  Completed executor task 1354
2023-07-03 11:03:34.426 worker_log:613 22581 MainThread [INFO]  All processing finished for executor task 1354
2023-07-03 11:03:34.437 worker_log:584 22581 MainThread [INFO]  Received executor task 1372
2023-07-03 11:03:59.603 worker_log:602 22581 MainThread [INFO]  Completed executor task 1372
2023-07-03 11:03:59.604 worker_log:613 22581 MainThread [INFO]  All processing finished for executor task 1372
2023-07-03 11:03:59.615 worker_log:584 22581 MainThread [INFO]  Received executor task 1380
2023-07-03 11:04:20.504 worker_log:602 22581 MainThread [INFO]  Completed executor task 1380
2023-07-03 11:04:20.505 worker_log:613 22581 MainThread [INFO]  All processing finished for executor task 1380
2023-07-03 11:04:20.516 worker_log:584 22581 MainThread [INFO]  Received executor task 1392
2023-07-03 11:04:36.337 worker_log:602 22581 MainThread [INFO]  Completed executor task 1392
2023-07-03 11:04:36.338 worker_log:613 22581 MainThread [INFO]  All processing finished for executor task 1392
2023-07-03 11:04:47.707 worker_log:584 22581 MainThread [INFO]  Received executor task 1404
2023-07-03 11:05:18.159 worker_log:602 22581 MainThread [INFO]  Completed executor task 1404
2023-07-03 11:05:18.160 worker_log:613 22581 MainThread [INFO]  All processing finished for executor task 1404
2023-07-03 11:05:51.656 worker_log:584 22581 MainThread [INFO]  Received executor task 1419
2023-07-03 11:06:17.670 worker_log:602 22581 MainThread [INFO]  Completed executor task 1419
2023-07-03 11:06:17.670 worker_log:613 22581 MainThread [INFO]  All processing finished for executor task 1419
2023-07-03 11:06:50.694 worker_log:584 22581 MainThread [INFO]  Received executor task 1440
2023-07-03 11:07:56.191 worker_log:602 22581 MainThread [INFO]  Completed executor task 1440
2023-07-03 11:07:56.192 worker_log:613 22581 MainThread [INFO]  All processing finished for executor task 1440
2023-07-03 11:09:22.723 worker_log:584 22581 MainThread [INFO]  Received executor task 1471
2023-07-03 11:09:42.731 worker_log:602 22581 MainThread [INFO]  Completed executor task 1471
2023-07-03 11:09:42.731 worker_log:613 22581 MainThread [INFO]  All processing finished for executor task 1471
2023-07-03 11:11:20.713 worker_log:584 22581 MainThread [INFO]  Received executor task 1491
2023-07-03 11:11:42.748 worker_log:602 22581 MainThread [INFO]  Completed executor task 1491
2023-07-03 11:11:42.749 worker_log:613 22581 MainThread [INFO]  All processing finished for executor task 1491
2023-07-03 11:13:32.652 worker_log:584 22581 MainThread [INFO]  Received executor task 1502
2023-07-03 11:13:59.481 worker_log:602 22581 MainThread [INFO]  Completed executor task 1502
2023-07-03 11:13:59.482 worker_log:613 22581 MainThread [INFO]  All processing finished for executor task 1502
2023-07-03 11:14:29.692 worker_log:584 22581 MainThread [INFO]  Received executor task 1522
2023-07-03 11:14:37.611 worker_log:602 22581 MainThread [INFO]  Completed executor task 1522
2023-07-03 11:14:37.611 worker_log:613 22581 MainThread [INFO]  All processing finished for executor task 1522
2023-07-03 11:15:27.700 worker_log:584 22581 MainThread [INFO]  Received executor task 1538
2023-07-03 11:16:35.405 worker_log:602 22581 MainThread [INFO]  Completed executor task 1538
2023-07-03 11:16:35.406 worker_log:613 22581 MainThread [INFO]  All processing finished for executor task 1538
2023-07-03 11:16:53.698 worker_log:584 22581 MainThread [INFO]  Received executor task 1557
2023-07-03 11:17:14.817 worker_log:602 22581 MainThread [INFO]  Completed executor task 1557
2023-07-03 11:17:14.818 worker_log:613 22581 MainThread [INFO]  All processing finished for executor task 1557
2023-07-03 11:17:14.829 worker_log:584 22581 MainThread [INFO]  Received executor task 1564
2023-07-03 11:17:26.304 worker_log:602 22581 MainThread [INFO]  Completed executor task 1564
2023-07-03 11:17:26.304 worker_log:613 22581 MainThread [INFO]  All processing finished for executor task 1564
2023-07-03 11:17:26.315 worker_log:584 22581 MainThread [INFO]  Received executor task 1570
2023-07-03 11:17:58.735 worker_log:602 22581 MainThread [INFO]  Completed executor task 1570
2023-07-03 11:17:58.736 worker_log:613 22581 MainThread [INFO]  All processing finished for executor task 1570
2023-07-03 11:18:18.730 worker_log:584 22581 MainThread [INFO]  Received executor task 1589
2023-07-03 11:18:43.566 worker_log:602 22581 MainThread [INFO]  Completed executor task 1589
2023-07-03 11:18:43.567 worker_log:613 22581 MainThread [INFO]  All processing finished for executor task 1589
2023-07-03 11:19:45.711 worker_log:584 22581 MainThread [INFO]  Received executor task 1607
2023-07-03 11:20:03.815 worker_log:602 22581 MainThread [INFO]  Completed executor task 1607
2023-07-03 11:20:03.815 worker_log:613 22581 MainThread [INFO]  All processing finished for executor task 1607
2023-07-03 11:20:43.861 worker_log:584 22581 MainThread [INFO]  Received executor task 1624
2023-07-03 11:21:17.095 worker_log:602 22581 MainThread [INFO]  Completed executor task 1624
2023-07-03 11:21:17.095 worker_log:613 22581 MainThread [INFO]  All processing finished for executor task 1624
2023-07-03 11:21:40.672 worker_log:584 22581 MainThread [INFO]  Received executor task 1635
2023-07-03 11:22:03.983 worker_log:602 22581 MainThread [INFO]  Completed executor task 1635
2023-07-03 11:22:03.984 worker_log:613 22581 MainThread [INFO]  All processing finished for executor task 1635
2023-07-03 11:22:09.724 worker_log:584 22581 MainThread [INFO]  Received executor task 1652
2023-07-03 11:22:35.583 worker_log:602 22581 MainThread [INFO]  Completed executor task 1652
2023-07-03 11:22:35.584 worker_log:613 22581 MainThread [INFO]  All processing finished for executor task 1652
2023-07-03 11:23:07.709 worker_log:584 22581 MainThread [INFO]  Received executor task 1664
2023-07-03 11:23:31.118 worker_log:602 22581 MainThread [INFO]  Completed executor task 1664
2023-07-03 11:23:31.119 worker_log:613 22581 MainThread [INFO]  All processing finished for executor task 1664
2023-07-03 11:23:37.702 worker_log:584 22581 MainThread [INFO]  Received executor task 1680
2023-07-03 11:23:45.976 worker_log:602 22581 MainThread [INFO]  Completed executor task 1680
2023-07-03 11:23:45.977 worker_log:613 22581 MainThread [INFO]  All processing finished for executor task 1680
2023-07-03 11:24:04.710 worker_log:584 22581 MainThread [INFO]  Received executor task 1684
2023-07-03 11:24:27.873 worker_log:602 22581 MainThread [INFO]  Completed executor task 1684
2023-07-03 11:24:27.873 worker_log:613 22581 MainThread [INFO]  All processing finished for executor task 1684
2023-07-03 11:25:30.733 worker_log:584 22581 MainThread [INFO]  Received executor task 1703
2023-07-03 11:25:52.661 worker_log:602 22581 MainThread [INFO]  Completed executor task 1703
2023-07-03 11:25:52.661 worker_log:613 22581 MainThread [INFO]  All processing finished for executor task 1703
2023-07-03 11:27:02.694 worker_log:584 22581 MainThread [INFO]  Received executor task 1722
2023-07-03 11:27:53.873 worker_log:602 22581 MainThread [INFO]  Completed executor task 1722
2023-07-03 11:27:53.873 worker_log:613 22581 MainThread [INFO]  All processing finished for executor task 1722
2023-07-03 11:28:02.710 worker_log:584 22581 MainThread [INFO]  Received executor task 1746
2023-07-03 11:28:49.696 worker_log:602 22581 MainThread [INFO]  Completed executor task 1746
2023-07-03 11:28:49.697 worker_log:613 22581 MainThread [INFO]  All processing finished for executor task 1746
2023-07-03 11:28:49.708 worker_log:584 22581 MainThread [INFO]  Received executor task 1760
2023-07-03 11:29:05.363 worker_log:602 22581 MainThread [INFO]  Completed executor task 1760
2023-07-03 11:29:05.364 worker_log:613 22581 MainThread [INFO]  All processing finished for executor task 1760
2023-07-03 11:29:05.365 worker_log:584 22581 MainThread [INFO]  Received executor task 1767
2023-07-03 11:29:21.837 worker_log:602 22581 MainThread [INFO]  Completed executor task 1767
2023-07-03 11:29:21.838 worker_log:613 22581 MainThread [INFO]  All processing finished for executor task 1767
2023-07-03 11:29:30.711 worker_log:584 22581 MainThread [INFO]  Received executor task 1778
2023-07-03 11:29:44.548 worker_log:602 22581 MainThread [INFO]  Completed executor task 1778
2023-07-03 11:29:44.549 worker_log:613 22581 MainThread [INFO]  All processing finished for executor task 1778
2023-07-03 11:32:28.698 worker_log:584 22581 MainThread [INFO]  Received executor task 1792
2023-07-03 11:32:48.875 worker_log:602 22581 MainThread [INFO]  Completed executor task 1792
2023-07-03 11:32:48.876 worker_log:613 22581 MainThread [INFO]  All processing finished for executor task 1792
2023-07-03 11:33:26.721 worker_log:584 22581 MainThread [INFO]  Received executor task 1807
2023-07-03 11:33:54.184 worker_log:602 22581 MainThread [INFO]  Completed executor task 1807
2023-07-03 11:33:54.184 worker_log:613 22581 MainThread [INFO]  All processing finished for executor task 1807
2023-07-03 11:34:01.713 worker_log:584 22581 MainThread [INFO]  Received executor task 1816
2023-07-03 11:35:04.596 worker_log:602 22581 MainThread [INFO]  Completed executor task 1816
2023-07-03 11:35:04.597 worker_log:613 22581 MainThread [INFO]  All processing finished for executor task 1816
2023-07-03 11:36:00.698 worker_log:584 22581 MainThread [INFO]  Received executor task 1845
2023-07-03 11:36:31.697 worker_log:602 22581 MainThread [INFO]  Completed executor task 1845
2023-07-03 11:36:31.697 worker_log:613 22581 MainThread [INFO]  All processing finished for executor task 1845
2023-07-03 11:36:56.695 worker_log:584 22581 MainThread [INFO]  Received executor task 1861
2023-07-03 11:37:28.500 worker_log:602 22581 MainThread [INFO]  Completed executor task 1861
2023-07-03 11:37:28.500 worker_log:613 22581 MainThread [INFO]  All processing finished for executor task 1861
2023-07-03 11:37:54.710 worker_log:584 22581 MainThread [INFO]  Received executor task 1874
2023-07-03 11:38:34.105 worker_log:602 22581 MainThread [INFO]  Completed executor task 1874
2023-07-03 11:38:34.105 worker_log:613 22581 MainThread [INFO]  All processing finished for executor task 1874
2023-07-03 11:38:51.708 worker_log:584 22581 MainThread [INFO]  Received executor task 1896
2023-07-03 11:39:33.886 worker_log:602 22581 MainThread [INFO]  Completed executor task 1896
2023-07-03 11:39:33.887 worker_log:613 22581 MainThread [INFO]  All processing finished for executor task 1896
2023-07-03 11:39:33.898 worker_log:584 22581 MainThread [INFO]  Received executor task 1908
2023-07-03 11:39:59.018 worker_log:602 22581 MainThread [INFO]  Completed executor task 1908
2023-07-03 11:39:59.018 worker_log:613 22581 MainThread [INFO]  All processing finished for executor task 1908
2023-07-03 11:40:28.714 worker_log:584 22581 MainThread [INFO]  Received executor task 1923
2023-07-03 11:41:07.016 worker_log:602 22581 MainThread [INFO]  Completed executor task 1923
2023-07-03 11:41:07.017 worker_log:613 22581 MainThread [INFO]  All processing finished for executor task 1923
2023-07-03 11:41:26.814 worker_log:584 22581 MainThread [INFO]  Received executor task 1940
2023-07-03 11:41:50.282 worker_log:602 22581 MainThread [INFO]  Completed executor task 1940
2023-07-03 11:41:50.283 worker_log:613 22581 MainThread [INFO]  All processing finished for executor task 1940
2023-07-03 11:42:23.735 worker_log:584 22581 MainThread [INFO]  Received executor task 1960
2023-07-03 11:42:39.417 worker_log:602 22581 MainThread [INFO]  Completed executor task 1960
2023-07-03 11:42:39.417 worker_log:613 22581 MainThread [INFO]  All processing finished for executor task 1960
2023-07-03 11:43:27.684 worker_log:584 22581 MainThread [INFO]  Received executor task 1977
2023-07-03 11:43:50.313 worker_log:602 22581 MainThread [INFO]  Completed executor task 1977
2023-07-03 11:43:50.313 worker_log:613 22581 MainThread [INFO]  All processing finished for executor task 1977
2023-07-03 11:44:52.721 worker_log:584 22581 MainThread [INFO]  Received executor task 1996
2023-07-03 11:45:11.243 worker_log:602 22581 MainThread [INFO]  Completed executor task 1996
2023-07-03 11:45:11.244 worker_log:613 22581 MainThread [INFO]  All processing finished for executor task 1996
2023-07-03 11:45:21.723 worker_log:584 22581 MainThread [INFO]  Received executor task 2011
2023-07-03 11:45:44.590 worker_log:602 22581 MainThread [INFO]  Completed executor task 2011
2023-07-03 11:45:44.590 worker_log:613 22581 MainThread [INFO]  All processing finished for executor task 2011
2023-07-03 11:46:45.711 worker_log:584 22581 MainThread [INFO]  Received executor task 2026
2023-07-03 11:47:50.965 worker_log:602 22581 MainThread [INFO]  Completed executor task 2026
2023-07-03 11:47:50.965 worker_log:613 22581 MainThread [INFO]  All processing finished for executor task 2026
2023-07-03 11:48:11.680 worker_log:584 22581 MainThread [INFO]  Received executor task 2049
2023-07-03 11:49:00.810 worker_log:602 22581 MainThread [INFO]  Completed executor task 2049
2023-07-03 11:49:00.810 worker_log:613 22581 MainThread [INFO]  All processing finished for executor task 2049
2023-07-03 11:49:00.821 worker_log:584 22581 MainThread [INFO]  Received executor task 2061
2023-07-03 11:50:30.392 worker_log:602 22581 MainThread [INFO]  Completed executor task 2061
2023-07-03 11:50:30.393 worker_log:613 22581 MainThread [INFO]  All processing finished for executor task 2061
2023-07-03 11:51:02.722 worker_log:584 22581 MainThread [INFO]  Received executor task 2079
2023-07-03 11:51:37.920 worker_log:602 22581 MainThread [INFO]  Completed executor task 2079
2023-07-03 11:51:37.920 worker_log:613 22581 MainThread [INFO]  All processing finished for executor task 2079
2023-07-03 11:51:37.931 worker_log:584 22581 MainThread [INFO]  Received executor task 2090
2023-07-03 11:52:02.465 worker_log:602 22581 MainThread [INFO]  Completed executor task 2090
2023-07-03 11:52:02.465 worker_log:613 22581 MainThread [INFO]  All processing finished for executor task 2090
2023-07-03 11:52:02.477 worker_log:584 22581 MainThread [INFO]  Received executor task 2101
2023-07-03 11:52:29.062 worker_log:602 22581 MainThread [INFO]  Completed executor task 2101
2023-07-03 11:52:29.063 worker_log:613 22581 MainThread [INFO]  All processing finished for executor task 2101
2023-07-03 11:53:09.700 worker_log:584 22581 MainThread [INFO]  Received executor task 2113
2023-07-03 11:53:32.573 worker_log:602 22581 MainThread [INFO]  Completed executor task 2113
2023-07-03 11:53:32.573 worker_log:613 22581 MainThread [INFO]  All processing finished for executor task 2113
2023-07-03 11:54:13.895 worker_log:584 22581 MainThread [INFO]  Received executor task 2128
2023-07-03 11:54:38.033 worker_log:602 22581 MainThread [INFO]  Completed executor task 2128
2023-07-03 11:54:38.033 worker_log:613 22581 MainThread [INFO]  All processing finished for executor task 2128
2023-07-03 11:54:50.757 worker_log:584 22581 MainThread [INFO]  Received executor task 2145
2023-07-03 11:55:40.586 worker_log:602 22581 MainThread [INFO]  Completed executor task 2145
2023-07-03 11:55:40.587 worker_log:613 22581 MainThread [INFO]  All processing finished for executor task 2145
2023-07-03 11:55:48.751 worker_log:584 22581 MainThread [INFO]  Received executor task 2164
2023-07-03 11:56:25.157 worker_log:602 22581 MainThread [INFO]  Completed executor task 2164
2023-07-03 11:56:25.158 worker_log:613 22581 MainThread [INFO]  All processing finished for executor task 2164
2023-07-03 11:57:44.664 worker_log:584 22581 MainThread [INFO]  Received executor task 2176
2023-07-03 11:57:53.004 worker_log:602 22581 MainThread [INFO]  Completed executor task 2176
2023-07-03 11:57:53.004 worker_log:613 22581 MainThread [INFO]  All processing finished for executor task 2176
2023-07-03 11:58:13.734 worker_log:584 22581 MainThread [INFO]  Received executor task 2192
2023-07-03 11:58:47.940 worker_log:602 22581 MainThread [INFO]  Completed executor task 2192
2023-07-03 11:58:47.940 worker_log:613 22581 MainThread [INFO]  All processing finished for executor task 2192
2023-07-03 11:59:11.733 worker_log:584 22581 MainThread [INFO]  Received executor task 2208
2023-07-03 11:59:36.646 worker_log:602 22581 MainThread [INFO]  Completed executor task 2208
2023-07-03 11:59:36.646 worker_log:613 22581 MainThread [INFO]  All processing finished for executor task 2208
2023-07-03 11:59:40.734 worker_log:584 22581 MainThread [INFO]  Received executor task 2220
2023-07-03 12:00:08.907 worker_log:602 22581 MainThread [INFO]  Completed executor task 2220
2023-07-03 12:00:08.907 worker_log:613 22581 MainThread [INFO]  All processing finished for executor task 2220
2023-07-03 12:00:08.918 worker_log:584 22581 MainThread [INFO]  Received executor task 2233
2023-07-03 12:00:27.338 worker_log:602 22581 MainThread [INFO]  Completed executor task 2233
2023-07-03 12:00:27.338 worker_log:613 22581 MainThread [INFO]  All processing finished for executor task 2233
2023-07-03 12:01:06.763 worker_log:584 22581 MainThread [INFO]  Received executor task 2246
2023-07-03 12:01:26.228 worker_log:602 22581 MainThread [INFO]  Completed executor task 2246
2023-07-03 12:01:26.228 worker_log:613 22581 MainThread [INFO]  All processing finished for executor task 2246
2023-07-03 12:01:36.711 worker_log:584 22581 MainThread [INFO]  Received executor task 2263
2023-07-03 12:02:13.046 worker_log:602 22581 MainThread [INFO]  Completed executor task 2263
2023-07-03 12:02:13.047 worker_log:613 22581 MainThread [INFO]  All processing finished for executor task 2263
2023-07-03 12:03:03.752 worker_log:584 22581 MainThread [INFO]  Received executor task 2275
2023-07-03 12:04:59.380 worker_log:602 22581 MainThread [INFO]  Completed executor task 2275
2023-07-03 12:04:59.381 worker_log:613 22581 MainThread [INFO]  All processing finished for executor task 2275
2023-07-03 12:06:24.531 worker_log:584 22581 MainThread [INFO]  Received executor task 2309
2023-07-03 12:06:42.407 worker_log:602 22581 MainThread [INFO]  Completed executor task 2309
2023-07-03 12:06:42.407 worker_log:613 22581 MainThread [INFO]  All processing finished for executor task 2309
2023-07-03 12:06:52.728 worker_log:584 22581 MainThread [INFO]  Received executor task 2321
2023-07-03 12:07:20.092 worker_log:602 22581 MainThread [INFO]  Completed executor task 2321
2023-07-03 12:07:20.092 worker_log:613 22581 MainThread [INFO]  All processing finished for executor task 2321
2023-07-03 12:08:46.696 worker_log:584 22581 MainThread [INFO]  Received executor task 2337
2023-07-03 12:09:12.104 worker_log:602 22581 MainThread [INFO]  Completed executor task 2337
2023-07-03 12:09:12.104 worker_log:613 22581 MainThread [INFO]  All processing finished for executor task 2337
2023-07-03 12:09:16.704 worker_log:584 22581 MainThread [INFO]  Received executor task 2350
2023-07-03 12:09:48.012 worker_log:602 22581 MainThread [INFO]  Completed executor task 2350
2023-07-03 12:09:48.013 worker_log:613 22581 MainThread [INFO]  All processing finished for executor task 2350
2023-07-03 12:11:12.708 worker_log:584 22581 MainThread [INFO]  Received executor task 2367
2023-07-03 12:11:32.454 worker_log:602 22581 MainThread [INFO]  Completed executor task 2367
2023-07-03 12:11:32.454 worker_log:613 22581 MainThread [INFO]  All processing finished for executor task 2367
2023-07-03 12:12:16.710 worker_log:584 22581 MainThread [INFO]  Received executor task 2386
2023-07-03 12:12:47.984 worker_log:602 22581 MainThread [INFO]  Completed executor task 2386
2023-07-03 12:12:47.985 worker_log:613 22581 MainThread [INFO]  All processing finished for executor task 2386
2023-07-03 12:16:32.698 worker_log:584 22581 MainThread [INFO]  Received executor task 2407
2023-07-03 12:16:51.640 worker_log:602 22581 MainThread [INFO]  Completed executor task 2407
2023-07-03 12:16:51.640 worker_log:613 22581 MainThread [INFO]  All processing finished for executor task 2407
2023-07-03 12:17:33.653 worker_log:584 22581 MainThread [INFO]  Received executor task 2424
2023-07-03 12:18:30.796 worker_log:602 22581 MainThread [INFO]  Completed executor task 2424
2023-07-03 12:18:30.797 worker_log:613 22581 MainThread [INFO]  All processing finished for executor task 2424
2023-07-03 12:18:31.706 worker_log:584 22581 MainThread [INFO]  Received executor task 2449
2023-07-03 12:19:02.910 worker_log:602 22581 MainThread [INFO]  Completed executor task 2449
2023-07-03 12:19:02.910 worker_log:613 22581 MainThread [INFO]  All processing finished for executor task 2449
2023-07-03 12:19:29.709 worker_log:584 22581 MainThread [INFO]  Received executor task 2465
2023-07-03 12:19:34.691 worker_log:602 22581 MainThread [INFO]  Completed executor task 2465
2023-07-03 12:19:34.692 worker_log:613 22581 MainThread [INFO]  All processing finished for executor task 2465
2023-07-03 12:19:57.735 worker_log:584 22581 MainThread [INFO]  Received executor task 2476
2023-07-03 12:20:13.689 worker_log:602 22581 MainThread [INFO]  Completed executor task 2476
2023-07-03 12:20:13.689 worker_log:613 22581 MainThread [INFO]  All processing finished for executor task 2476
2023-07-03 12:20:26.721 worker_log:584 22581 MainThread [INFO]  Received executor task 2493
2023-07-03 12:20:59.248 worker_log:602 22581 MainThread [INFO]  Completed executor task 2493
2023-07-03 12:20:59.248 worker_log:613 22581 MainThread [INFO]  All processing finished for executor task 2493
2023-07-03 12:21:29.692 worker_log:584 22581 MainThread [INFO]  Received executor task 2504
2023-07-03 12:21:43.556 worker_log:602 22581 MainThread [INFO]  Completed executor task 2504
2023-07-03 12:21:43.557 worker_log:613 22581 MainThread [INFO]  All processing finished for executor task 2504
2023-07-03 12:21:58.739 worker_log:584 22581 MainThread [INFO]  Received executor task 2520
2023-07-03 12:22:23.548 worker_log:602 22581 MainThread [INFO]  Completed executor task 2520
2023-07-03 12:22:23.549 worker_log:613 22581 MainThread [INFO]  All processing finished for executor task 2520
2023-07-03 12:23:44.722 worker_log:584 22581 MainThread [INFO]  Received executor task 2538
2023-07-03 12:24:28.024 worker_log:602 22581 MainThread [INFO]  Completed executor task 2538
2023-07-03 12:24:28.025 worker_log:613 22581 MainThread [INFO]  All processing finished for executor task 2538
2023-07-03 12:24:41.730 worker_log:584 22581 MainThread [INFO]  Received executor task 2555
2023-07-03 12:24:56.866 worker_log:602 22581 MainThread [INFO]  Completed executor task 2555
2023-07-03 12:24:56.866 worker_log:613 22581 MainThread [INFO]  All processing finished for executor task 2555
2023-07-03 12:24:56.877 worker_log:584 22581 MainThread [INFO]  Received executor task 2563
2023-07-03 12:25:39.370 worker_log:602 22581 MainThread [INFO]  Completed executor task 2563
2023-07-03 12:25:39.370 worker_log:613 22581 MainThread [INFO]  All processing finished for executor task 2563
2023-07-03 12:27:03.736 worker_log:584 22581 MainThread [INFO]  Received executor task 2582
2023-07-03 12:28:01.936 worker_log:602 22581 MainThread [INFO]  Completed executor task 2582
2023-07-03 12:28:01.937 worker_log:613 22581 MainThread [INFO]  All processing finished for executor task 2582
2023-07-03 12:28:57.710 worker_log:584 22581 MainThread [INFO]  Received executor task 2599
2023-07-03 12:29:39.315 worker_log:602 22581 MainThread [INFO]  Completed executor task 2599
2023-07-03 12:29:39.316 worker_log:613 22581 MainThread [INFO]  All processing finished for executor task 2599
2023-07-03 12:30:24.807 worker_log:584 22581 MainThread [INFO]  Received executor task 2616
2023-07-03 12:31:57.530 worker_log:602 22581 MainThread [INFO]  Completed executor task 2616
2023-07-03 12:31:57.531 worker_log:613 22581 MainThread [INFO]  All processing finished for executor task 2616
2023-07-03 12:32:18.700 worker_log:584 22581 MainThread [INFO]  Received executor task 2649
2023-07-03 12:32:48.599 worker_log:602 22581 MainThread [INFO]  Completed executor task 2649
2023-07-03 12:32:48.600 worker_log:613 22581 MainThread [INFO]  All processing finished for executor task 2649
2023-07-03 12:33:13.704 worker_log:584 22581 MainThread [INFO]  Received executor task 2661
2023-07-03 12:33:42.962 worker_log:602 22581 MainThread [INFO]  Completed executor task 2661
2023-07-03 12:33:42.962 worker_log:613 22581 MainThread [INFO]  All processing finished for executor task 2661
2023-07-03 12:33:43.712 worker_log:584 22581 MainThread [INFO]  Received executor task 2671
2023-07-03 12:35:01.756 worker_log:602 22581 MainThread [INFO]  Completed executor task 2671
2023-07-03 12:35:01.757 worker_log:613 22581 MainThread [INFO]  All processing finished for executor task 2671
2023-07-03 12:36:36.940 worker_log:584 22581 MainThread [INFO]  Received executor task 2689
2023-07-03 12:37:22.093 worker_log:602 22581 MainThread [INFO]  Completed executor task 2689
2023-07-03 12:37:22.094 worker_log:613 22581 MainThread [INFO]  All processing finished for executor task 2689
2023-07-03 12:38:59.676 worker_log:584 22581 MainThread [INFO]  Received executor task 2710
2023-07-03 12:39:38.614 worker_log:602 22581 MainThread [INFO]  Completed executor task 2710
2023-07-03 12:39:38.615 worker_log:613 22581 MainThread [INFO]  All processing finished for executor task 2710
2023-07-03 12:40:24.786 worker_log:584 22581 MainThread [INFO]  Received executor task 2737
2023-07-03 12:40:42.452 worker_log:602 22581 MainThread [INFO]  Completed executor task 2737
2023-07-03 12:40:42.453 worker_log:613 22581 MainThread [INFO]  All processing finished for executor task 2737
2023-07-03 12:40:52.714 worker_log:584 22581 MainThread [INFO]  Received executor task 2746
2023-07-03 12:41:14.936 worker_log:602 22581 MainThread [INFO]  Completed executor task 2746
2023-07-03 12:41:14.937 worker_log:613 22581 MainThread [INFO]  All processing finished for executor task 2746
2023-07-03 12:42:16.692 worker_log:584 22581 MainThread [INFO]  Received executor task 2761
2023-07-03 12:42:44.985 worker_log:602 22581 MainThread [INFO]  Completed executor task 2761
2023-07-03 12:42:44.985 worker_log:613 22581 MainThread [INFO]  All processing finished for executor task 2761
2023-07-03 12:43:20.694 worker_log:584 22581 MainThread [INFO]  Received executor task 2775
2023-07-03 12:44:13.100 worker_log:602 22581 MainThread [INFO]  Completed executor task 2775
2023-07-03 12:44:13.100 worker_log:613 22581 MainThread [INFO]  All processing finished for executor task 2775
2023-07-03 12:44:46.708 worker_log:584 22581 MainThread [INFO]  Received executor task 2791
2023-07-03 12:46:05.760 worker_log:602 22581 MainThread [INFO]  Completed executor task 2791
2023-07-03 12:46:05.765 worker_log:613 22581 MainThread [INFO]  All processing finished for executor task 2791
