2023-07-03 09:08:17.494 worker_log:538 22552 MainThread [INFO]  Worker 2 started
2023-07-03 09:09:36.775 worker_log:584 22552 MainThread [INFO]  Received executor task 3
2023-07-03 09:09:55.908 worker_log:602 22552 MainThread [INFO]  Completed executor task 3
2023-07-03 09:09:55.909 worker_log:613 22552 MainThread [INFO]  All processing finished for executor task 3
2023-07-03 09:10:38.689 worker_log:584 22552 MainThread [INFO]  Received executor task 22
2023-07-03 09:11:15.480 worker_log:602 22552 MainThread [INFO]  Completed executor task 22
2023-07-03 09:11:15.480 worker_log:613 22552 MainThread [INFO]  All processing finished for executor task 22
2023-07-03 09:11:15.491 worker_log:584 22552 MainThread [INFO]  Received executor task 37
2023-07-03 09:13:08.459 worker_log:602 22552 MainThread [INFO]  Completed executor task 37
2023-07-03 09:13:08.460 worker_log:613 22552 MainThread [INFO]  All processing finished for executor task 37
2023-07-03 09:13:29.705 worker_log:584 22552 MainThread [INFO]  Received executor task 69
2023-07-03 09:14:01.179 worker_log:602 22552 MainThread [INFO]  Completed executor task 69
2023-07-03 09:14:01.180 worker_log:613 22552 MainThread [INFO]  All processing finished for executor task 69
2023-07-03 09:15:31.689 worker_log:584 22552 MainThread [INFO]  Received executor task 87
2023-07-03 09:15:59.107 worker_log:602 22552 MainThread [INFO]  Completed executor task 87
2023-07-03 09:15:59.107 worker_log:613 22552 MainThread [INFO]  All processing finished for executor task 87
2023-07-03 09:16:06.713 worker_log:584 22552 MainThread [INFO]  Received executor task 104
2023-07-03 09:16:42.842 worker_log:602 22552 MainThread [INFO]  Completed executor task 104
2023-07-03 09:16:42.842 worker_log:613 22552 MainThread [INFO]  All processing finished for executor task 104
2023-07-03 09:17:07.681 worker_log:584 22552 MainThread [INFO]  Received executor task 113
2023-07-03 09:17:20.548 worker_log:602 22552 MainThread [INFO]  Completed executor task 113
2023-07-03 09:17:20.548 worker_log:613 22552 MainThread [INFO]  All processing finished for executor task 113
2023-07-03 09:17:38.679 worker_log:584 22552 MainThread [INFO]  Received executor task 125
2023-07-03 09:18:06.122 worker_log:602 22552 MainThread [INFO]  Completed executor task 125
2023-07-03 09:18:06.123 worker_log:613 22552 MainThread [INFO]  All processing finished for executor task 125
2023-07-03 09:19:38.710 worker_log:584 22552 MainThread [INFO]  Received executor task 135
2023-07-03 09:20:48.420 worker_log:602 22552 MainThread [INFO]  Completed executor task 135
2023-07-03 09:20:48.421 worker_log:613 22552 MainThread [INFO]  All processing finished for executor task 135
2023-07-03 09:24:08.686 worker_log:584 22552 MainThread [INFO]  Received executor task 154
2023-07-03 09:24:17.881 worker_log:602 22552 MainThread [INFO]  Completed executor task 154
2023-07-03 09:24:17.882 worker_log:613 22552 MainThread [INFO]  All processing finished for executor task 154
2023-07-03 09:24:37.763 worker_log:584 22552 MainThread [INFO]  Received executor task 169
2023-07-03 09:26:21.997 worker_log:602 22552 MainThread [INFO]  Completed executor task 169
2023-07-03 09:26:21.998 worker_log:613 22552 MainThread [INFO]  All processing finished for executor task 169
2023-07-03 09:27:03.685 worker_log:584 22552 MainThread [INFO]  Received executor task 204
2023-07-03 09:27:13.098 worker_log:602 22552 MainThread [INFO]  Completed executor task 204
2023-07-03 09:27:13.098 worker_log:613 22552 MainThread [INFO]  All processing finished for executor task 204
2023-07-03 09:27:34.704 worker_log:584 22552 MainThread [INFO]  Received executor task 214
2023-07-03 09:27:51.016 worker_log:602 22552 MainThread [INFO]  Completed executor task 214
2023-07-03 09:27:51.016 worker_log:613 22552 MainThread [INFO]  All processing finished for executor task 214
2023-07-03 09:28:01.697 worker_log:584 22552 MainThread [INFO]  Received executor task 228
2023-07-03 09:29:07.460 worker_log:602 22552 MainThread [INFO]  Completed executor task 228
2023-07-03 09:29:07.461 worker_log:613 22552 MainThread [INFO]  All processing finished for executor task 228
2023-07-03 09:29:07.472 worker_log:584 22552 MainThread [INFO]  Received executor task 238
2023-07-03 09:29:53.197 worker_log:602 22552 MainThread [INFO]  Completed executor task 238
2023-07-03 09:29:53.197 worker_log:613 22552 MainThread [INFO]  All processing finished for executor task 238
2023-07-03 09:33:25.678 worker_log:584 22552 MainThread [INFO]  Received executor task 259
2023-07-03 09:33:40.805 worker_log:602 22552 MainThread [INFO]  Completed executor task 259
2023-07-03 09:33:40.806 worker_log:613 22552 MainThread [INFO]  All processing finished for executor task 259
2023-07-03 09:33:54.697 worker_log:584 22552 MainThread [INFO]  Received executor task 275
2023-07-03 09:34:43.345 worker_log:602 22552 MainThread [INFO]  Completed executor task 275
2023-07-03 09:34:43.345 worker_log:613 22552 MainThread [INFO]  All processing finished for executor task 275
2023-07-03 09:36:20.708 worker_log:584 22552 MainThread [INFO]  Received executor task 300
2023-07-03 09:36:50.217 worker_log:602 22552 MainThread [INFO]  Completed executor task 300
2023-07-03 09:36:50.218 worker_log:613 22552 MainThread [INFO]  All processing finished for executor task 300
2023-07-03 09:37:17.697 worker_log:584 22552 MainThread [INFO]  Received executor task 322
2023-07-03 09:38:06.190 worker_log:602 22552 MainThread [INFO]  Completed executor task 322
2023-07-03 09:38:06.191 worker_log:613 22552 MainThread [INFO]  All processing finished for executor task 322
2023-07-03 09:39:18.682 worker_log:584 22552 MainThread [INFO]  Received executor task 341
2023-07-03 09:39:40.903 worker_log:602 22552 MainThread [INFO]  Completed executor task 341
2023-07-03 09:39:40.903 worker_log:613 22552 MainThread [INFO]  All processing finished for executor task 341
2023-07-03 09:42:00.682 worker_log:584 22552 MainThread [INFO]  Received executor task 360
2023-07-03 09:42:26.072 worker_log:602 22552 MainThread [INFO]  Completed executor task 360
2023-07-03 09:42:26.073 worker_log:613 22552 MainThread [INFO]  All processing finished for executor task 360
2023-07-03 09:44:04.705 worker_log:584 22552 MainThread [INFO]  Received executor task 381
2023-07-03 09:44:26.164 worker_log:602 22552 MainThread [INFO]  Completed executor task 381
2023-07-03 09:44:26.164 worker_log:613 22552 MainThread [INFO]  All processing finished for executor task 381
2023-07-03 09:44:34.724 worker_log:584 22552 MainThread [INFO]  Received executor task 395
2023-07-03 09:45:48.524 worker_log:602 22552 MainThread [INFO]  Completed executor task 395
2023-07-03 09:45:48.525 worker_log:613 22552 MainThread [INFO]  All processing finished for executor task 395
2023-07-03 09:47:39.700 worker_log:584 22552 MainThread [INFO]  Received executor task 412
2023-07-03 09:48:41.898 worker_log:602 22552 MainThread [INFO]  Completed executor task 412
2023-07-03 09:48:41.899 worker_log:613 22552 MainThread [INFO]  All processing finished for executor task 412
2023-07-03 09:48:41.912 worker_log:584 22552 MainThread [INFO]  Received executor task 436
2023-07-03 09:49:08.924 worker_log:602 22552 MainThread [INFO]  Completed executor task 436
2023-07-03 09:49:08.925 worker_log:613 22552 MainThread [INFO]  All processing finished for executor task 436
2023-07-03 09:49:08.936 worker_log:584 22552 MainThread [INFO]  Received executor task 445
2023-07-03 09:49:20.379 worker_log:602 22552 MainThread [INFO]  Completed executor task 445
2023-07-03 09:49:20.379 worker_log:613 22552 MainThread [INFO]  All processing finished for executor task 445
2023-07-03 09:49:37.663 worker_log:584 22552 MainThread [INFO]  Received executor task 450
2023-07-03 09:49:59.904 worker_log:602 22552 MainThread [INFO]  Completed executor task 450
2023-07-03 09:49:59.905 worker_log:613 22552 MainThread [INFO]  All processing finished for executor task 450
2023-07-03 09:50:08.714 worker_log:584 22552 MainThread [INFO]  Received executor task 466
2023-07-03 09:50:49.695 worker_log:602 22552 MainThread [INFO]  Completed executor task 466
2023-07-03 09:50:49.695 worker_log:613 22552 MainThread [INFO]  All processing finished for executor task 466
2023-07-03 09:51:06.713 worker_log:584 22552 MainThread [INFO]  Received executor task 481
2023-07-03 09:51:26.195 worker_log:602 22552 MainThread [INFO]  Completed executor task 481
2023-07-03 09:51:26.196 worker_log:613 22552 MainThread [INFO]  All processing finished for executor task 481
2023-07-03 09:51:34.703 worker_log:584 22552 MainThread [INFO]  Received executor task 496
2023-07-03 09:51:57.008 worker_log:602 22552 MainThread [INFO]  Completed executor task 496
2023-07-03 09:51:57.008 worker_log:613 22552 MainThread [INFO]  All processing finished for executor task 496
2023-07-03 09:53:03.697 worker_log:584 22552 MainThread [INFO]  Received executor task 511
2023-07-03 09:53:29.855 worker_log:602 22552 MainThread [INFO]  Completed executor task 511
2023-07-03 09:53:29.856 worker_log:613 22552 MainThread [INFO]  All processing finished for executor task 511
2023-07-03 09:53:33.701 worker_log:584 22552 MainThread [INFO]  Received executor task 523
2023-07-03 09:54:15.422 worker_log:602 22552 MainThread [INFO]  Completed executor task 523
2023-07-03 09:54:15.422 worker_log:613 22552 MainThread [INFO]  All processing finished for executor task 523
2023-07-03 09:56:06.716 worker_log:584 22552 MainThread [INFO]  Received executor task 539
2023-07-03 09:57:08.596 worker_log:602 22552 MainThread [INFO]  Completed executor task 539
2023-07-03 09:57:08.596 worker_log:613 22552 MainThread [INFO]  All processing finished for executor task 539
2023-07-03 09:57:08.608 worker_log:584 22552 MainThread [INFO]  Received executor task 556
2023-07-03 09:57:22.177 worker_log:602 22552 MainThread [INFO]  Completed executor task 556
2023-07-03 09:57:22.178 worker_log:613 22552 MainThread [INFO]  All processing finished for executor task 556
2023-07-03 09:57:22.189 worker_log:584 22552 MainThread [INFO]  Received executor task 564
2023-07-03 09:57:49.343 worker_log:602 22552 MainThread [INFO]  Completed executor task 564
2023-07-03 09:57:49.344 worker_log:613 22552 MainThread [INFO]  All processing finished for executor task 564
2023-07-03 09:58:40.701 worker_log:584 22552 MainThread [INFO]  Received executor task 577
2023-07-03 09:59:13.328 worker_log:602 22552 MainThread [INFO]  Completed executor task 577
2023-07-03 09:59:13.329 worker_log:613 22552 MainThread [INFO]  All processing finished for executor task 577
2023-07-03 10:01:51.721 worker_log:584 22552 MainThread [INFO]  Received executor task 599
2023-07-03 10:02:47.545 worker_log:602 22552 MainThread [INFO]  Completed executor task 599
2023-07-03 10:02:47.546 worker_log:613 22552 MainThread [INFO]  All processing finished for executor task 599
2023-07-03 10:02:53.680 worker_log:584 22552 MainThread [INFO]  Received executor task 620
2023-07-03 10:04:08.623 worker_log:602 22552 MainThread [INFO]  Completed executor task 620
2023-07-03 10:04:08.624 worker_log:613 22552 MainThread [INFO]  All processing finished for executor task 620
2023-07-03 10:04:49.697 worker_log:584 22552 MainThread [INFO]  Received executor task 636
2023-07-03 10:05:14.170 worker_log:602 22552 MainThread [INFO]  Completed executor task 636
2023-07-03 10:05:14.170 worker_log:613 22552 MainThread [INFO]  All processing finished for executor task 636
2023-07-03 10:05:24.701 worker_log:584 22552 MainThread [INFO]  Received executor task 649
2023-07-03 10:06:30.815 worker_log:602 22552 MainThread [INFO]  Completed executor task 649
2023-07-03 10:06:30.815 worker_log:613 22552 MainThread [INFO]  All processing finished for executor task 649
2023-07-03 10:06:54.711 worker_log:584 22552 MainThread [INFO]  Received executor task 664
2023-07-03 10:07:33.163 worker_log:602 22552 MainThread [INFO]  Completed executor task 664
2023-07-03 10:07:33.164 worker_log:613 22552 MainThread [INFO]  All processing finished for executor task 664
2023-07-03 10:08:23.689 worker_log:584 22552 MainThread [INFO]  Received executor task 680
2023-07-03 10:09:08.563 worker_log:602 22552 MainThread [INFO]  Completed executor task 680
2023-07-03 10:09:08.564 worker_log:613 22552 MainThread [INFO]  All processing finished for executor task 680
2023-07-03 10:09:52.710 worker_log:584 22552 MainThread [INFO]  Received executor task 695
2023-07-03 10:10:11.959 worker_log:602 22552 MainThread [INFO]  Completed executor task 695
2023-07-03 10:10:11.960 worker_log:613 22552 MainThread [INFO]  All processing finished for executor task 695
2023-07-03 10:11:48.709 worker_log:584 22552 MainThread [INFO]  Received executor task 706
2023-07-03 10:12:14.825 worker_log:602 22552 MainThread [INFO]  Completed executor task 706
2023-07-03 10:12:14.825 worker_log:613 22552 MainThread [INFO]  All processing finished for executor task 706
2023-07-03 10:13:44.693 worker_log:584 22552 MainThread [INFO]  Received executor task 722
2023-07-03 10:14:40.205 worker_log:602 22552 MainThread [INFO]  Completed executor task 722
2023-07-03 10:14:40.205 worker_log:613 22552 MainThread [INFO]  All processing finished for executor task 722
2023-07-03 10:15:12.667 worker_log:584 22552 MainThread [INFO]  Received executor task 741
2023-07-03 10:15:49.704 worker_log:602 22552 MainThread [INFO]  Completed executor task 741
2023-07-03 10:15:49.704 worker_log:613 22552 MainThread [INFO]  All processing finished for executor task 741
2023-07-03 10:15:49.717 worker_log:584 22552 MainThread [INFO]  Received executor task 758
2023-07-03 10:16:33.170 worker_log:602 22552 MainThread [INFO]  Completed executor task 758
2023-07-03 10:16:33.171 worker_log:613 22552 MainThread [INFO]  All processing finished for executor task 758
2023-07-03 10:17:17.779 worker_log:584 22552 MainThread [INFO]  Received executor task 773
2023-07-03 10:17:38.642 worker_log:602 22552 MainThread [INFO]  Completed executor task 773
2023-07-03 10:17:38.642 worker_log:613 22552 MainThread [INFO]  All processing finished for executor task 773
2023-07-03 10:18:22.699 worker_log:584 22552 MainThread [INFO]  Received executor task 792
2023-07-03 10:18:50.494 worker_log:602 22552 MainThread [INFO]  Completed executor task 792
2023-07-03 10:18:50.495 worker_log:613 22552 MainThread [INFO]  All processing finished for executor task 792
2023-07-03 10:19:49.692 worker_log:584 22552 MainThread [INFO]  Received executor task 812
2023-07-03 10:20:41.904 worker_log:602 22552 MainThread [INFO]  Completed executor task 812
2023-07-03 10:20:41.905 worker_log:613 22552 MainThread [INFO]  All processing finished for executor task 812
2023-07-03 10:21:17.679 worker_log:584 22552 MainThread [INFO]  Received executor task 828
2023-07-03 10:21:28.023 worker_log:602 22552 MainThread [INFO]  Completed executor task 828
2023-07-03 10:21:28.023 worker_log:613 22552 MainThread [INFO]  All processing finished for executor task 828
2023-07-03 10:21:46.989 worker_log:584 22552 MainThread [INFO]  Received executor task 843
2023-07-03 10:22:35.506 worker_log:602 22552 MainThread [INFO]  Completed executor task 843
2023-07-03 10:22:35.507 worker_log:613 22552 MainThread [INFO]  All processing finished for executor task 843
2023-07-03 10:23:16.692 worker_log:584 22552 MainThread [INFO]  Received executor task 861
2023-07-03 10:23:42.625 worker_log:602 22552 MainThread [INFO]  Completed executor task 861
2023-07-03 10:23:42.625 worker_log:613 22552 MainThread [INFO]  All processing finished for executor task 861
2023-07-03 10:24:15.718 worker_log:584 22552 MainThread [INFO]  Received executor task 880
2023-07-03 10:24:44.323 worker_log:602 22552 MainThread [INFO]  Completed executor task 880
2023-07-03 10:24:44.323 worker_log:613 22552 MainThread [INFO]  All processing finished for executor task 880
2023-07-03 10:25:22.704 worker_log:584 22552 MainThread [INFO]  Received executor task 898
2023-07-03 10:25:44.143 worker_log:602 22552 MainThread [INFO]  Completed executor task 898
2023-07-03 10:25:44.144 worker_log:613 22552 MainThread [INFO]  All processing finished for executor task 898
2023-07-03 10:26:28.726 worker_log:584 22552 MainThread [INFO]  Received executor task 921
2023-07-03 10:26:49.211 worker_log:602 22552 MainThread [INFO]  Completed executor task 921
2023-07-03 10:26:49.211 worker_log:613 22552 MainThread [INFO]  All processing finished for executor task 921
2023-07-03 10:26:58.691 worker_log:584 22552 MainThread [INFO]  Received executor task 928
2023-07-03 10:27:54.776 worker_log:602 22552 MainThread [INFO]  Completed executor task 928
2023-07-03 10:27:54.776 worker_log:613 22552 MainThread [INFO]  All processing finished for executor task 928
2023-07-03 10:29:33.676 worker_log:584 22552 MainThread [INFO]  Received executor task 947
2023-07-03 10:30:08.727 worker_log:602 22552 MainThread [INFO]  Completed executor task 947
2023-07-03 10:30:08.727 worker_log:613 22552 MainThread [INFO]  All processing finished for executor task 947
2023-07-03 10:31:39.706 worker_log:584 22552 MainThread [INFO]  Received executor task 964
2023-07-03 10:32:05.919 worker_log:602 22552 MainThread [INFO]  Completed executor task 964
2023-07-03 10:32:05.919 worker_log:613 22552 MainThread [INFO]  All processing finished for executor task 964
2023-07-03 10:34:47.710 worker_log:584 22552 MainThread [INFO]  Received executor task 980
2023-07-03 10:35:20.186 worker_log:602 22552 MainThread [INFO]  Completed executor task 980
2023-07-03 10:35:20.186 worker_log:613 22552 MainThread [INFO]  All processing finished for executor task 980
2023-07-03 10:36:22.720 worker_log:584 22552 MainThread [INFO]  Received executor task 998
2023-07-03 10:36:45.425 worker_log:602 22552 MainThread [INFO]  Completed executor task 998
2023-07-03 10:36:45.425 worker_log:613 22552 MainThread [INFO]  All processing finished for executor task 998
2023-07-03 10:37:20.694 worker_log:584 22552 MainThread [INFO]  Received executor task 1015
2023-07-03 10:37:28.274 worker_log:602 22552 MainThread [INFO]  Completed executor task 1015
2023-07-03 10:37:28.275 worker_log:613 22552 MainThread [INFO]  All processing finished for executor task 1015
2023-07-03 10:37:50.765 worker_log:584 22552 MainThread [INFO]  Received executor task 1031
2023-07-03 10:38:43.367 worker_log:602 22552 MainThread [INFO]  Completed executor task 1031
2023-07-03 10:38:43.367 worker_log:613 22552 MainThread [INFO]  All processing finished for executor task 1031
2023-07-03 10:40:03.712 worker_log:584 22552 MainThread [INFO]  Received executor task 1048
2023-07-03 10:40:11.782 worker_log:602 22552 MainThread [INFO]  Completed executor task 1048
2023-07-03 10:40:11.782 worker_log:613 22552 MainThread [INFO]  All processing finished for executor task 1048
2023-07-03 10:42:02.707 worker_log:584 22552 MainThread [INFO]  Received executor task 1061
2023-07-03 10:42:35.329 worker_log:602 22552 MainThread [INFO]  Completed executor task 1061
2023-07-03 10:42:35.329 worker_log:613 22552 MainThread [INFO]  All processing finished for executor task 1061
2023-07-03 10:43:04.698 worker_log:584 22552 MainThread [INFO]  Received executor task 1079
2023-07-03 10:43:31.803 worker_log:602 22552 MainThread [INFO]  Completed executor task 1079
2023-07-03 10:43:31.803 worker_log:613 22552 MainThread [INFO]  All processing finished for executor task 1079
2023-07-03 10:44:02.697 worker_log:584 22552 MainThread [INFO]  Received executor task 1098
2023-07-03 10:44:30.820 worker_log:602 22552 MainThread [INFO]  Completed executor task 1098
2023-07-03 10:44:30.821 worker_log:613 22552 MainThread [INFO]  All processing finished for executor task 1098
2023-07-03 10:45:10.777 worker_log:584 22552 MainThread [INFO]  Received executor task 1110
2023-07-03 10:45:54.924 worker_log:602 22552 MainThread [INFO]  Completed executor task 1110
2023-07-03 10:45:54.924 worker_log:613 22552 MainThread [INFO]  All processing finished for executor task 1110
2023-07-03 10:46:11.693 worker_log:584 22552 MainThread [INFO]  Received executor task 1125
2023-07-03 10:46:37.901 worker_log:602 22552 MainThread [INFO]  Completed executor task 1125
2023-07-03 10:46:37.901 worker_log:613 22552 MainThread [INFO]  All processing finished for executor task 1125
2023-07-03 10:47:46.733 worker_log:584 22552 MainThread [INFO]  Received executor task 1141
2023-07-03 10:48:12.851 worker_log:602 22552 MainThread [INFO]  Completed executor task 1141
2023-07-03 10:48:12.852 worker_log:613 22552 MainThread [INFO]  All processing finished for executor task 1141
2023-07-03 10:48:46.532 worker_log:584 22552 MainThread [INFO]  Received executor task 1162
2023-07-03 10:49:01.751 worker_log:602 22552 MainThread [INFO]  Completed executor task 1162
2023-07-03 10:49:01.751 worker_log:613 22552 MainThread [INFO]  All processing finished for executor task 1162
2023-07-03 10:49:14.724 worker_log:584 22552 MainThread [INFO]  Received executor task 1178
2023-07-03 10:50:31.323 worker_log:602 22552 MainThread [INFO]  Completed executor task 1178
2023-07-03 10:50:31.323 worker_log:613 22552 MainThread [INFO]  All processing finished for executor task 1178
2023-07-03 10:50:41.704 worker_log:584 22552 MainThread [INFO]  Received executor task 1203
2023-07-03 10:51:08.584 worker_log:602 22552 MainThread [INFO]  Completed executor task 1203
2023-07-03 10:51:08.585 worker_log:613 22552 MainThread [INFO]  All processing finished for executor task 1203
2023-07-03 10:51:10.757 worker_log:584 22552 MainThread [INFO]  Received executor task 1213
2023-07-03 10:51:34.495 worker_log:602 22552 MainThread [INFO]  Completed executor task 1213
2023-07-03 10:51:34.496 worker_log:613 22552 MainThread [INFO]  All processing finished for executor task 1213
2023-07-03 10:55:06.682 worker_log:584 22552 MainThread [INFO]  Received executor task 1230
2023-07-03 10:55:38.148 worker_log:602 22552 MainThread [INFO]  Completed executor task 1230
2023-07-03 10:55:38.148 worker_log:613 22552 MainThread [INFO]  All processing finished for executor task 1230
2023-07-03 10:56:11.705 worker_log:584 22552 MainThread [INFO]  Received executor task 1247
2023-07-03 10:57:01.388 worker_log:602 22552 MainThread [INFO]  Completed executor task 1247
2023-07-03 10:57:01.388 worker_log:613 22552 MainThread [INFO]  All processing finished for executor task 1247
2023-07-03 10:57:10.724 worker_log:584 22552 MainThread [INFO]  Received executor task 1264
2023-07-03 10:58:17.748 worker_log:602 22552 MainThread [INFO]  Completed executor task 1264
2023-07-03 10:58:17.749 worker_log:613 22552 MainThread [INFO]  All processing finished for executor task 1264
2023-07-03 10:58:38.710 worker_log:584 22552 MainThread [INFO]  Received executor task 1293
2023-07-03 10:58:52.096 worker_log:602 22552 MainThread [INFO]  Completed executor task 1293
2023-07-03 10:58:52.096 worker_log:613 22552 MainThread [INFO]  All processing finished for executor task 1293
2023-07-03 10:59:06.689 worker_log:584 22552 MainThread [INFO]  Received executor task 1301
2023-07-03 10:59:38.878 worker_log:602 22552 MainThread [INFO]  Completed executor task 1301
2023-07-03 10:59:38.878 worker_log:613 22552 MainThread [INFO]  All processing finished for executor task 1301
2023-07-03 10:59:56.707 worker_log:584 22552 MainThread [INFO]  Received executor task 1318
2023-07-03 11:00:17.743 worker_log:602 22552 MainThread [INFO]  Completed executor task 1318
2023-07-03 11:00:17.744 worker_log:613 22552 MainThread [INFO]  All processing finished for executor task 1318
2023-07-03 11:01:24.699 worker_log:584 22552 MainThread [INFO]  Received executor task 1330
2023-07-03 11:01:50.823 worker_log:602 22552 MainThread [INFO]  Completed executor task 1330
2023-07-03 11:01:50.823 worker_log:613 22552 MainThread [INFO]  All processing finished for executor task 1330
2023-07-03 11:01:54.724 worker_log:584 22552 MainThread [INFO]  Received executor task 1348
2023-07-03 11:02:21.712 worker_log:602 22552 MainThread [INFO]  Completed executor task 1348
2023-07-03 11:02:21.713 worker_log:613 22552 MainThread [INFO]  All processing finished for executor task 1348
2023-07-03 11:02:52.682 worker_log:584 22552 MainThread [INFO]  Received executor task 1364
2023-07-03 11:04:12.995 worker_log:602 22552 MainThread [INFO]  Completed executor task 1364
2023-07-03 11:04:12.996 worker_log:613 22552 MainThread [INFO]  All processing finished for executor task 1364
2023-07-03 11:04:18.679 worker_log:584 22552 MainThread [INFO]  Received executor task 1389
2023-07-03 11:04:33.125 worker_log:602 22552 MainThread [INFO]  Completed executor task 1389
2023-07-03 11:04:33.125 worker_log:613 22552 MainThread [INFO]  All processing finished for executor task 1389
2023-07-03 11:04:47.706 worker_log:584 22552 MainThread [INFO]  Received executor task 1401
2023-07-03 11:05:22.014 worker_log:602 22552 MainThread [INFO]  Completed executor task 1401
2023-07-03 11:05:22.015 worker_log:613 22552 MainThread [INFO]  All processing finished for executor task 1401
2023-07-03 11:05:51.697 worker_log:584 22552 MainThread [INFO]  Received executor task 1421
2023-07-03 11:06:00.545 worker_log:602 22552 MainThread [INFO]  Completed executor task 1421
2023-07-03 11:06:00.545 worker_log:613 22552 MainThread [INFO]  All processing finished for executor task 1421
2023-07-03 11:06:21.701 worker_log:584 22552 MainThread [INFO]  Received executor task 1434
2023-07-03 11:07:10.519 worker_log:602 22552 MainThread [INFO]  Completed executor task 1434
2023-07-03 11:07:10.520 worker_log:613 22552 MainThread [INFO]  All processing finished for executor task 1434
2023-07-03 11:07:19.725 worker_log:584 22552 MainThread [INFO]  Received executor task 1453
2023-07-03 11:07:57.124 worker_log:602 22552 MainThread [INFO]  Completed executor task 1453
2023-07-03 11:07:57.124 worker_log:613 22552 MainThread [INFO]  All processing finished for executor task 1453
2023-07-03 11:09:22.723 worker_log:584 22552 MainThread [INFO]  Received executor task 1472
2023-07-03 11:09:53.045 worker_log:602 22552 MainThread [INFO]  Completed executor task 1472
2023-07-03 11:09:53.046 worker_log:613 22552 MainThread [INFO]  All processing finished for executor task 1472
2023-07-03 11:12:31.752 worker_log:584 22552 MainThread [INFO]  Received executor task 1494
2023-07-03 11:12:45.907 worker_log:602 22552 MainThread [INFO]  Completed executor task 1494
2023-07-03 11:12:45.907 worker_log:613 22552 MainThread [INFO]  All processing finished for executor task 1494
2023-07-03 11:13:32.713 worker_log:584 22552 MainThread [INFO]  Received executor task 1511
2023-07-03 11:14:04.887 worker_log:602 22552 MainThread [INFO]  Completed executor task 1511
2023-07-03 11:14:04.888 worker_log:613 22552 MainThread [INFO]  All processing finished for executor task 1511
2023-07-03 11:14:29.733 worker_log:584 22552 MainThread [INFO]  Received executor task 1526
2023-07-03 11:14:47.647 worker_log:602 22552 MainThread [INFO]  Completed executor task 1526
2023-07-03 11:14:47.648 worker_log:613 22552 MainThread [INFO]  All processing finished for executor task 1526
2023-07-03 11:15:27.700 worker_log:584 22552 MainThread [INFO]  Received executor task 1543
2023-07-03 11:16:11.620 worker_log:602 22552 MainThread [INFO]  Completed executor task 1543
2023-07-03 11:16:11.621 worker_log:613 22552 MainThread [INFO]  All processing finished for executor task 1543
2023-07-03 11:16:11.633 worker_log:584 22552 MainThread [INFO]  Received executor task 1552
2023-07-03 11:17:44.738 worker_log:602 22552 MainThread [INFO]  Completed executor task 1552
2023-07-03 11:17:44.739 worker_log:613 22552 MainThread [INFO]  All processing finished for executor task 1552
2023-07-03 11:17:49.713 worker_log:584 22552 MainThread [INFO]  Received executor task 1584
2023-07-03 11:18:16.666 worker_log:602 22552 MainThread [INFO]  Completed executor task 1584
2023-07-03 11:18:16.667 worker_log:613 22552 MainThread [INFO]  All processing finished for executor task 1584
2023-07-03 11:19:18.702 worker_log:584 22552 MainThread [INFO]  Received executor task 1596
2023-07-03 11:19:42.526 worker_log:602 22552 MainThread [INFO]  Completed executor task 1596
2023-07-03 11:19:42.527 worker_log:613 22552 MainThread [INFO]  All processing finished for executor task 1596
2023-07-03 11:20:43.861 worker_log:584 22552 MainThread [INFO]  Received executor task 1617
2023-07-03 11:21:26.379 worker_log:602 22552 MainThread [INFO]  Completed executor task 1617
2023-07-03 11:21:26.379 worker_log:613 22552 MainThread [INFO]  All processing finished for executor task 1617
2023-07-03 11:21:40.712 worker_log:584 22552 MainThread [INFO]  Received executor task 1639
2023-07-03 11:21:52.363 worker_log:602 22552 MainThread [INFO]  Completed executor task 1639
2023-07-03 11:21:52.364 worker_log:613 22552 MainThread [INFO]  All processing finished for executor task 1639
2023-07-03 11:22:09.714 worker_log:584 22552 MainThread [INFO]  Received executor task 1647
2023-07-03 11:23:06.262 worker_log:602 22552 MainThread [INFO]  Completed executor task 1647
2023-07-03 11:23:06.262 worker_log:613 22552 MainThread [INFO]  All processing finished for executor task 1647
2023-07-03 11:23:07.710 worker_log:584 22552 MainThread [INFO]  Received executor task 1669
2023-07-03 11:23:38.662 worker_log:602 22552 MainThread [INFO]  Completed executor task 1669
2023-07-03 11:23:38.662 worker_log:613 22552 MainThread [INFO]  All processing finished for executor task 1669
2023-07-03 11:24:04.710 worker_log:584 22552 MainThread [INFO]  Received executor task 1682
2023-07-03 11:24:20.789 worker_log:602 22552 MainThread [INFO]  Completed executor task 1682
2023-07-03 11:24:20.789 worker_log:613 22552 MainThread [INFO]  All processing finished for executor task 1682
2023-07-03 11:24:32.720 worker_log:584 22552 MainThread [INFO]  Received executor task 1700
2023-07-03 11:25:04.874 worker_log:602 22552 MainThread [INFO]  Completed executor task 1700
2023-07-03 11:25:04.875 worker_log:613 22552 MainThread [INFO]  All processing finished for executor task 1700
2023-07-03 11:26:04.702 worker_log:584 22552 MainThread [INFO]  Received executor task 1716
2023-07-03 11:26:33.104 worker_log:602 22552 MainThread [INFO]  Completed executor task 1716
2023-07-03 11:26:33.104 worker_log:613 22552 MainThread [INFO]  All processing finished for executor task 1716
2023-07-03 11:27:02.705 worker_log:584 22552 MainThread [INFO]  Received executor task 1728
2023-07-03 11:27:18.515 worker_log:602 22552 MainThread [INFO]  Completed executor task 1728
2023-07-03 11:27:18.515 worker_log:613 22552 MainThread [INFO]  All processing finished for executor task 1728
2023-07-03 11:27:32.808 worker_log:584 22552 MainThread [INFO]  Received executor task 1738
2023-07-03 11:28:15.389 worker_log:602 22552 MainThread [INFO]  Completed executor task 1738
2023-07-03 11:28:15.389 worker_log:613 22552 MainThread [INFO]  All processing finished for executor task 1738
2023-07-03 11:28:15.400 worker_log:584 22552 MainThread [INFO]  Received executor task 1747
2023-07-03 11:29:01.217 worker_log:602 22552 MainThread [INFO]  Completed executor task 1747
2023-07-03 11:29:01.217 worker_log:613 22552 MainThread [INFO]  All processing finished for executor task 1747
2023-07-03 11:29:01.228 worker_log:584 22552 MainThread [INFO]  Received executor task 1766
2023-07-03 11:29:21.886 worker_log:602 22552 MainThread [INFO]  Completed executor task 1766
2023-07-03 11:29:21.886 worker_log:613 22552 MainThread [INFO]  All processing finished for executor task 1766
2023-07-03 11:29:30.711 worker_log:584 22552 MainThread [INFO]  Received executor task 1779
2023-07-03 11:29:56.777 worker_log:602 22552 MainThread [INFO]  Completed executor task 1779
2023-07-03 11:29:56.778 worker_log:613 22552 MainThread [INFO]  All processing finished for executor task 1779
2023-07-03 11:32:58.698 worker_log:584 22552 MainThread [INFO]  Received executor task 1794
2023-07-03 11:33:52.039 worker_log:602 22552 MainThread [INFO]  Completed executor task 1794
2023-07-03 11:33:52.039 worker_log:613 22552 MainThread [INFO]  All processing finished for executor task 1794
2023-07-03 11:34:01.713 worker_log:584 22552 MainThread [INFO]  Received executor task 1814
2023-07-03 11:34:36.832 worker_log:602 22552 MainThread [INFO]  Completed executor task 1814
2023-07-03 11:34:36.832 worker_log:613 22552 MainThread [INFO]  All processing finished for executor task 1814
2023-07-03 11:34:36.843 worker_log:584 22552 MainThread [INFO]  Received executor task 1832
2023-07-03 11:34:45.999 worker_log:602 22552 MainThread [INFO]  Completed executor task 1832
2023-07-03 11:34:46.000 worker_log:613 22552 MainThread [INFO]  All processing finished for executor task 1832
2023-07-03 11:35:00.766 worker_log:584 22552 MainThread [INFO]  Received executor task 1837
2023-07-03 11:35:38.451 worker_log:602 22552 MainThread [INFO]  Completed executor task 1837
2023-07-03 11:35:38.451 worker_log:613 22552 MainThread [INFO]  All processing finished for executor task 1837
2023-07-03 11:36:56.695 worker_log:584 22552 MainThread [INFO]  Received executor task 1858
2023-07-03 11:37:34.778 worker_log:602 22552 MainThread [INFO]  Completed executor task 1858
2023-07-03 11:37:34.779 worker_log:613 22552 MainThread [INFO]  All processing finished for executor task 1858
2023-07-03 11:37:54.710 worker_log:584 22552 MainThread [INFO]  Received executor task 1876
2023-07-03 11:38:20.999 worker_log:602 22552 MainThread [INFO]  Completed executor task 1876
2023-07-03 11:38:20.999 worker_log:613 22552 MainThread [INFO]  All processing finished for executor task 1876
2023-07-03 11:38:23.751 worker_log:584 22552 MainThread [INFO]  Received executor task 1890
2023-07-03 11:39:11.133 worker_log:602 22552 MainThread [INFO]  Completed executor task 1890
2023-07-03 11:39:11.134 worker_log:613 22552 MainThread [INFO]  All processing finished for executor task 1890
2023-07-03 11:39:11.145 worker_log:584 22552 MainThread [INFO]  Received executor task 1902
2023-07-03 11:40:03.172 worker_log:602 22552 MainThread [INFO]  Completed executor task 1902
2023-07-03 11:40:03.173 worker_log:613 22552 MainThread [INFO]  All processing finished for executor task 1902
2023-07-03 11:40:28.715 worker_log:584 22552 MainThread [INFO]  Received executor task 1924
2023-07-03 11:40:56.992 worker_log:602 22552 MainThread [INFO]  Completed executor task 1924
2023-07-03 11:40:56.992 worker_log:613 22552 MainThread [INFO]  All processing finished for executor task 1924
2023-07-03 11:41:26.814 worker_log:584 22552 MainThread [INFO]  Received executor task 1937
2023-07-03 11:41:35.620 worker_log:602 22552 MainThread [INFO]  Completed executor task 1937
2023-07-03 11:41:35.621 worker_log:613 22552 MainThread [INFO]  All processing finished for executor task 1937
2023-07-03 11:41:54.726 worker_log:584 22552 MainThread [INFO]  Received executor task 1951
2023-07-03 11:42:25.173 worker_log:602 22552 MainThread [INFO]  Completed executor task 1951
2023-07-03 11:42:25.174 worker_log:613 22552 MainThread [INFO]  All processing finished for executor task 1951
2023-07-03 11:42:53.668 worker_log:584 22552 MainThread [INFO]  Received executor task 1965
2023-07-03 11:43:17.589 worker_log:602 22552 MainThread [INFO]  Completed executor task 1965
2023-07-03 11:43:17.590 worker_log:613 22552 MainThread [INFO]  All processing finished for executor task 1965
2023-07-03 11:43:56.663 worker_log:584 22552 MainThread [INFO]  Received executor task 1985
2023-07-03 11:44:11.700 worker_log:602 22552 MainThread [INFO]  Completed executor task 1985
2023-07-03 11:44:11.700 worker_log:613 22552 MainThread [INFO]  All processing finished for executor task 1985
2023-07-03 11:45:21.682 worker_log:584 22552 MainThread [INFO]  Received executor task 2005
2023-07-03 11:45:32.500 worker_log:602 22552 MainThread [INFO]  Completed executor task 2005
2023-07-03 11:45:32.500 worker_log:613 22552 MainThread [INFO]  All processing finished for executor task 2005
2023-07-03 11:45:48.714 worker_log:584 22552 MainThread [INFO]  Received executor task 2020
2023-07-03 11:46:32.885 worker_log:602 22552 MainThread [INFO]  Completed executor task 2020
2023-07-03 11:46:32.885 worker_log:613 22552 MainThread [INFO]  All processing finished for executor task 2020
2023-07-03 11:47:14.699 worker_log:584 22552 MainThread [INFO]  Received executor task 2037
2023-07-03 11:47:48.979 worker_log:602 22552 MainThread [INFO]  Completed executor task 2037
2023-07-03 11:47:48.980 worker_log:613 22552 MainThread [INFO]  All processing finished for executor task 2037
2023-07-03 11:48:11.680 worker_log:584 22552 MainThread [INFO]  Received executor task 2047
2023-07-03 11:49:13.343 worker_log:602 22552 MainThread [INFO]  Completed executor task 2047
2023-07-03 11:49:13.344 worker_log:613 22552 MainThread [INFO]  All processing finished for executor task 2047
2023-07-03 11:49:13.355 worker_log:584 22552 MainThread [INFO]  Received executor task 2064
2023-07-03 11:49:58.284 worker_log:602 22552 MainThread [INFO]  Completed executor task 2064
2023-07-03 11:49:58.284 worker_log:613 22552 MainThread [INFO]  All processing finished for executor task 2064
2023-07-03 11:51:02.722 worker_log:584 22552 MainThread [INFO]  Received executor task 2077
2023-07-03 11:51:47.139 worker_log:602 22552 MainThread [INFO]  Completed executor task 2077
2023-07-03 11:51:47.139 worker_log:613 22552 MainThread [INFO]  All processing finished for executor task 2077
2023-07-03 11:51:47.150 worker_log:584 22552 MainThread [INFO]  Received executor task 2092
2023-07-03 11:52:31.351 worker_log:602 22552 MainThread [INFO]  Completed executor task 2092
2023-07-03 11:52:31.351 worker_log:613 22552 MainThread [INFO]  All processing finished for executor task 2092
2023-07-03 11:53:09.710 worker_log:584 22552 MainThread [INFO]  Received executor task 2115
2023-07-03 11:53:29.915 worker_log:602 22552 MainThread [INFO]  Completed executor task 2115
2023-07-03 11:53:29.916 worker_log:613 22552 MainThread [INFO]  All processing finished for executor task 2115
2023-07-03 11:53:44.746 worker_log:584 22552 MainThread [INFO]  Received executor task 2125
2023-07-03 11:54:05.976 worker_log:602 22552 MainThread [INFO]  Completed executor task 2125
2023-07-03 11:54:05.977 worker_log:613 22552 MainThread [INFO]  All processing finished for executor task 2125
2023-07-03 11:54:50.695 worker_log:584 22552 MainThread [INFO]  Received executor task 2136
2023-07-03 11:55:12.829 worker_log:602 22552 MainThread [INFO]  Completed executor task 2136
2023-07-03 11:55:12.830 worker_log:613 22552 MainThread [INFO]  All processing finished for executor task 2136
2023-07-03 11:55:21.702 worker_log:584 22552 MainThread [INFO]  Received executor task 2155
2023-07-03 11:55:34.681 worker_log:602 22552 MainThread [INFO]  Completed executor task 2155
2023-07-03 11:55:34.682 worker_log:613 22552 MainThread [INFO]  All processing finished for executor task 2155
2023-07-03 11:55:48.751 worker_log:584 22552 MainThread [INFO]  Received executor task 2162
2023-07-03 11:56:36.498 worker_log:602 22552 MainThread [INFO]  Completed executor task 2162
2023-07-03 11:56:36.499 worker_log:613 22552 MainThread [INFO]  All processing finished for executor task 2162
2023-07-03 11:57:44.714 worker_log:584 22552 MainThread [INFO]  Received executor task 2180
2023-07-03 11:57:57.461 worker_log:602 22552 MainThread [INFO]  Completed executor task 2180
2023-07-03 11:57:57.461 worker_log:613 22552 MainThread [INFO]  All processing finished for executor task 2180
2023-07-03 11:58:13.734 worker_log:584 22552 MainThread [INFO]  Received executor task 2194
2023-07-03 11:58:46.849 worker_log:602 22552 MainThread [INFO]  Completed executor task 2194
2023-07-03 11:58:46.849 worker_log:613 22552 MainThread [INFO]  All processing finished for executor task 2194
2023-07-03 11:59:11.733 worker_log:584 22552 MainThread [INFO]  Received executor task 2207
2023-07-03 11:59:40.075 worker_log:602 22552 MainThread [INFO]  Completed executor task 2207
2023-07-03 11:59:40.075 worker_log:613 22552 MainThread [INFO]  All processing finished for executor task 2207
2023-07-03 12:00:07.688 worker_log:584 22552 MainThread [INFO]  Received executor task 2224
2023-07-03 12:00:15.445 worker_log:602 22552 MainThread [INFO]  Completed executor task 2224
2023-07-03 12:00:15.445 worker_log:613 22552 MainThread [INFO]  All processing finished for executor task 2224
2023-07-03 12:00:36.829 worker_log:584 22552 MainThread [INFO]  Received executor task 2238
2023-07-03 12:00:51.697 worker_log:602 22552 MainThread [INFO]  Completed executor task 2238
2023-07-03 12:00:51.698 worker_log:613 22552 MainThread [INFO]  All processing finished for executor task 2238
2023-07-03 12:01:06.764 worker_log:584 22552 MainThread [INFO]  Received executor task 2253
2023-07-03 12:01:23.796 worker_log:602 22552 MainThread [INFO]  Completed executor task 2253
2023-07-03 12:01:23.796 worker_log:613 22552 MainThread [INFO]  All processing finished for executor task 2253
2023-07-03 12:01:36.711 worker_log:584 22552 MainThread [INFO]  Received executor task 2262
2023-07-03 12:02:05.122 worker_log:602 22552 MainThread [INFO]  Completed executor task 2262
2023-07-03 12:02:05.122 worker_log:613 22552 MainThread [INFO]  All processing finished for executor task 2262
2023-07-03 12:02:33.747 worker_log:584 22552 MainThread [INFO]  Received executor task 2273
2023-07-03 12:03:39.454 worker_log:602 22552 MainThread [INFO]  Completed executor task 2273
2023-07-03 12:03:39.454 worker_log:613 22552 MainThread [INFO]  All processing finished for executor task 2273
2023-07-03 12:03:39.465 worker_log:584 22552 MainThread [INFO]  Received executor task 2290
2023-07-03 12:04:02.257 worker_log:602 22552 MainThread [INFO]  Completed executor task 2290
2023-07-03 12:04:02.257 worker_log:613 22552 MainThread [INFO]  All processing finished for executor task 2290
2023-07-03 12:04:30.706 worker_log:584 22552 MainThread [INFO]  Received executor task 2296
2023-07-03 12:05:03.690 worker_log:602 22552 MainThread [INFO]  Completed executor task 2296
2023-07-03 12:05:03.691 worker_log:613 22552 MainThread [INFO]  All processing finished for executor task 2296
2023-07-03 12:06:24.531 worker_log:584 22552 MainThread [INFO]  Received executor task 2310
2023-07-03 12:07:02.329 worker_log:602 22552 MainThread [INFO]  Completed executor task 2310
2023-07-03 12:07:02.329 worker_log:613 22552 MainThread [INFO]  All processing finished for executor task 2310
2023-07-03 12:08:17.698 worker_log:584 22552 MainThread [INFO]  Received executor task 2329
2023-07-03 12:08:55.369 worker_log:602 22552 MainThread [INFO]  Completed executor task 2329
2023-07-03 12:08:55.370 worker_log:613 22552 MainThread [INFO]  All processing finished for executor task 2329
2023-07-03 12:08:55.382 worker_log:584 22552 MainThread [INFO]  Received executor task 2343
2023-07-03 12:09:12.891 worker_log:602 22552 MainThread [INFO]  Completed executor task 2343
2023-07-03 12:09:12.892 worker_log:613 22552 MainThread [INFO]  All processing finished for executor task 2343
2023-07-03 12:09:16.705 worker_log:584 22552 MainThread [INFO]  Received executor task 2351
2023-07-03 12:09:38.115 worker_log:602 22552 MainThread [INFO]  Completed executor task 2351
2023-07-03 12:09:38.116 worker_log:613 22552 MainThread [INFO]  All processing finished for executor task 2351
2023-07-03 12:10:14.734 worker_log:584 22552 MainThread [INFO]  Received executor task 2360
2023-07-03 12:10:21.948 worker_log:602 22552 MainThread [INFO]  Completed executor task 2360
2023-07-03 12:10:21.948 worker_log:613 22552 MainThread [INFO]  All processing finished for executor task 2360
2023-07-03 12:11:12.708 worker_log:584 22552 MainThread [INFO]  Received executor task 2370
2023-07-03 12:11:45.153 worker_log:602 22552 MainThread [INFO]  Completed executor task 2370
2023-07-03 12:11:45.153 worker_log:613 22552 MainThread [INFO]  All processing finished for executor task 2370
2023-07-03 12:12:16.710 worker_log:584 22552 MainThread [INFO]  Received executor task 2388
2023-07-03 12:13:34.837 worker_log:602 22552 MainThread [INFO]  Completed executor task 2388
2023-07-03 12:13:34.837 worker_log:613 22552 MainThread [INFO]  All processing finished for executor task 2388
2023-07-03 12:16:59.738 worker_log:584 22552 MainThread [INFO]  Received executor task 2419
2023-07-03 12:17:13.292 worker_log:602 22552 MainThread [INFO]  Completed executor task 2419
2023-07-03 12:17:13.292 worker_log:613 22552 MainThread [INFO]  All processing finished for executor task 2419
2023-07-03 12:18:02.719 worker_log:584 22552 MainThread [INFO]  Received executor task 2435
2023-07-03 12:18:53.590 worker_log:602 22552 MainThread [INFO]  Completed executor task 2435
2023-07-03 12:18:53.591 worker_log:613 22552 MainThread [INFO]  All processing finished for executor task 2435
2023-07-03 12:19:01.717 worker_log:584 22552 MainThread [INFO]  Received executor task 2458
2023-07-03 12:19:25.977 worker_log:602 22552 MainThread [INFO]  Completed executor task 2458
2023-07-03 12:19:25.977 worker_log:613 22552 MainThread [INFO]  All processing finished for executor task 2458
2023-07-03 12:19:29.732 worker_log:584 22552 MainThread [INFO]  Received executor task 2470
2023-07-03 12:19:38.287 worker_log:602 22552 MainThread [INFO]  Completed executor task 2470
2023-07-03 12:19:38.288 worker_log:613 22552 MainThread [INFO]  All processing finished for executor task 2470
2023-07-03 12:19:57.736 worker_log:584 22552 MainThread [INFO]  Received executor task 2480
2023-07-03 12:20:30.862 worker_log:602 22552 MainThread [INFO]  Completed executor task 2480
2023-07-03 12:20:30.862 worker_log:613 22552 MainThread [INFO]  All processing finished for executor task 2480
2023-07-03 12:21:01.700 worker_log:584 22552 MainThread [INFO]  Received executor task 2498
2023-07-03 12:21:16.724 worker_log:602 22552 MainThread [INFO]  Completed executor task 2498
2023-07-03 12:21:16.724 worker_log:613 22552 MainThread [INFO]  All processing finished for executor task 2498
2023-07-03 12:21:29.723 worker_log:584 22552 MainThread [INFO]  Received executor task 2512
2023-07-03 12:21:58.170 worker_log:602 22552 MainThread [INFO]  Completed executor task 2512
2023-07-03 12:21:58.171 worker_log:613 22552 MainThread [INFO]  All processing finished for executor task 2512
2023-07-03 12:23:08.703 worker_log:584 22552 MainThread [INFO]  Received executor task 2526
2023-07-03 12:23:35.758 worker_log:602 22552 MainThread [INFO]  Completed executor task 2526
2023-07-03 12:23:35.759 worker_log:613 22552 MainThread [INFO]  All processing finished for executor task 2526
2023-07-03 12:23:44.732 worker_log:584 22552 MainThread [INFO]  Received executor task 2543
2023-07-03 12:25:09.702 worker_log:602 22552 MainThread [INFO]  Completed executor task 2543
2023-07-03 12:25:09.703 worker_log:613 22552 MainThread [INFO]  All processing finished for executor task 2543
2023-07-03 12:25:09.714 worker_log:584 22552 MainThread [INFO]  Received executor task 2573
2023-07-03 12:26:03.660 worker_log:602 22552 MainThread [INFO]  Completed executor task 2573
2023-07-03 12:26:03.660 worker_log:613 22552 MainThread [INFO]  All processing finished for executor task 2573
2023-07-03 12:27:32.733 worker_log:584 22552 MainThread [INFO]  Received executor task 2587
2023-07-03 12:28:23.256 worker_log:602 22552 MainThread [INFO]  Completed executor task 2587
2023-07-03 12:28:23.257 worker_log:613 22552 MainThread [INFO]  All processing finished for executor task 2587
2023-07-03 12:29:26.722 worker_log:584 22552 MainThread [INFO]  Received executor task 2608
2023-07-03 12:29:49.568 worker_log:602 22552 MainThread [INFO]  Completed executor task 2608
2023-07-03 12:29:49.569 worker_log:613 22552 MainThread [INFO]  All processing finished for executor task 2608
2023-07-03 12:30:24.817 worker_log:584 22552 MainThread [INFO]  Received executor task 2618
2023-07-03 12:31:12.556 worker_log:602 22552 MainThread [INFO]  Completed executor task 2618
2023-07-03 12:31:12.557 worker_log:613 22552 MainThread [INFO]  All processing finished for executor task 2618
2023-07-03 12:31:50.701 worker_log:584 22552 MainThread [INFO]  Received executor task 2640
2023-07-03 12:32:17.525 worker_log:602 22552 MainThread [INFO]  Completed executor task 2640
2023-07-03 12:32:17.525 worker_log:613 22552 MainThread [INFO]  All processing finished for executor task 2640
2023-07-03 12:33:13.653 worker_log:584 22552 MainThread [INFO]  Received executor task 2654
2023-07-03 12:33:48.192 worker_log:602 22552 MainThread [INFO]  Completed executor task 2654
2023-07-03 12:33:48.192 worker_log:613 22552 MainThread [INFO]  All processing finished for executor task 2654
2023-07-03 12:34:13.685 worker_log:584 22552 MainThread [INFO]  Received executor task 2675
2023-07-03 12:35:12.417 worker_log:602 22552 MainThread [INFO]  Completed executor task 2675
2023-07-03 12:35:12.417 worker_log:613 22552 MainThread [INFO]  All processing finished for executor task 2675
2023-07-03 12:36:36.971 worker_log:584 22552 MainThread [INFO]  Received executor task 2690
2023-07-03 12:37:41.128 worker_log:602 22552 MainThread [INFO]  Completed executor task 2690
2023-07-03 12:37:41.128 worker_log:613 22552 MainThread [INFO]  All processing finished for executor task 2690
2023-07-03 12:38:59.676 worker_log:584 22552 MainThread [INFO]  Received executor task 2713
2023-07-03 12:39:22.935 worker_log:602 22552 MainThread [INFO]  Completed executor task 2713
2023-07-03 12:39:22.935 worker_log:613 22552 MainThread [INFO]  All processing finished for executor task 2713
2023-07-03 12:39:26.711 worker_log:584 22552 MainThread [INFO]  Received executor task 2727
2023-07-03 12:39:36.288 worker_log:602 22552 MainThread [INFO]  Completed executor task 2727
2023-07-03 12:39:36.289 worker_log:613 22552 MainThread [INFO]  All processing finished for executor task 2727
2023-07-03 12:40:24.785 worker_log:584 22552 MainThread [INFO]  Received executor task 2732
2023-07-03 12:40:43.257 worker_log:602 22552 MainThread [INFO]  Completed executor task 2732
2023-07-03 12:40:43.257 worker_log:613 22552 MainThread [INFO]  All processing finished for executor task 2732
2023-07-03 12:40:52.714 worker_log:584 22552 MainThread [INFO]  Received executor task 2747
2023-07-03 12:41:18.917 worker_log:602 22552 MainThread [INFO]  Completed executor task 2747
2023-07-03 12:41:18.917 worker_log:613 22552 MainThread [INFO]  All processing finished for executor task 2747
2023-07-03 12:42:16.693 worker_log:584 22552 MainThread [INFO]  Received executor task 2763
2023-07-03 12:42:55.469 worker_log:602 22552 MainThread [INFO]  Completed executor task 2763
2023-07-03 12:42:55.470 worker_log:613 22552 MainThread [INFO]  All processing finished for executor task 2763
2023-07-03 12:44:18.713 worker_log:584 22552 MainThread [INFO]  Received executor task 2781
2023-07-03 12:45:05.109 worker_log:602 22552 MainThread [INFO]  Completed executor task 2781
2023-07-03 12:45:05.113 worker_log:613 22552 MainThread [INFO]  All processing finished for executor task 2781
