2023-07-03 09:08:17.493 worker_log:538 22550 MainThread [INFO]  Worker 1 started
2023-07-03 09:09:36.774 worker_log:584 22550 MainThread [INFO]  Received executor task 2
2023-07-03 09:09:58.935 worker_log:602 22550 MainThread [INFO]  Completed executor task 2
2023-07-03 09:09:58.936 worker_log:613 22550 MainThread [INFO]  All processing finished for executor task 2
2023-07-03 09:10:38.690 worker_log:584 22550 MainThread [INFO]  Received executor task 24
2023-07-03 09:11:10.422 worker_log:602 22550 MainThread [INFO]  Completed executor task 24
2023-07-03 09:11:10.422 worker_log:613 22550 MainThread [INFO]  All processing finished for executor task 24
2023-07-03 09:11:10.433 worker_log:584 22550 MainThread [INFO]  Received executor task 35
2023-07-03 09:11:58.104 worker_log:602 22550 MainThread [INFO]  Completed executor task 35
2023-07-03 09:11:58.104 worker_log:613 22550 MainThread [INFO]  All processing finished for executor task 35
2023-07-03 09:11:58.116 worker_log:584 22550 MainThread [INFO]  Received executor task 47
2023-07-03 09:12:38.672 worker_log:602 22550 MainThread [INFO]  Completed executor task 47
2023-07-03 09:12:38.672 worker_log:613 22550 MainThread [INFO]  All processing finished for executor task 47
2023-07-03 09:12:57.687 worker_log:584 22550 MainThread [INFO]  Received executor task 61
2023-07-03 09:13:07.587 worker_log:602 22550 MainThread [INFO]  Completed executor task 61
2023-07-03 09:13:07.587 worker_log:613 22550 MainThread [INFO]  All processing finished for executor task 61
2023-07-03 09:13:29.693 worker_log:584 22550 MainThread [INFO]  Received executor task 68
2023-07-03 09:13:58.425 worker_log:602 22550 MainThread [INFO]  Completed executor task 68
2023-07-03 09:13:58.426 worker_log:613 22550 MainThread [INFO]  All processing finished for executor task 68
2023-07-03 09:15:31.669 worker_log:584 22550 MainThread [INFO]  Received executor task 86
2023-07-03 09:16:21.964 worker_log:602 22550 MainThread [INFO]  Completed executor task 86
2023-07-03 09:16:21.964 worker_log:613 22550 MainThread [INFO]  All processing finished for executor task 86
2023-07-03 09:17:07.660 worker_log:584 22550 MainThread [INFO]  Received executor task 109
2023-07-03 09:17:16.027 worker_log:602 22550 MainThread [INFO]  Completed executor task 109
2023-07-03 09:17:16.027 worker_log:613 22550 MainThread [INFO]  All processing finished for executor task 109
2023-07-03 09:17:38.679 worker_log:584 22550 MainThread [INFO]  Received executor task 120
2023-07-03 09:18:14.042 worker_log:602 22550 MainThread [INFO]  Completed executor task 120
2023-07-03 09:18:14.042 worker_log:613 22550 MainThread [INFO]  All processing finished for executor task 120
2023-07-03 09:20:07.795 worker_log:584 22550 MainThread [INFO]  Received executor task 142
2023-07-03 09:21:19.153 worker_log:602 22550 MainThread [INFO]  Completed executor task 142
2023-07-03 09:21:19.154 worker_log:613 22550 MainThread [INFO]  All processing finished for executor task 142
2023-07-03 09:24:37.731 worker_log:584 22550 MainThread [INFO]  Received executor task 160
2023-07-03 09:25:43.230 worker_log:602 22550 MainThread [INFO]  Completed executor task 160
2023-07-03 09:25:43.230 worker_log:613 22550 MainThread [INFO]  All processing finished for executor task 160
2023-07-03 09:26:06.694 worker_log:584 22550 MainThread [INFO]  Received executor task 183
2023-07-03 09:26:37.150 worker_log:602 22550 MainThread [INFO]  Completed executor task 183
2023-07-03 09:26:37.151 worker_log:613 22550 MainThread [INFO]  All processing finished for executor task 183
2023-07-03 09:27:03.695 worker_log:584 22550 MainThread [INFO]  Received executor task 205
2023-07-03 09:27:20.685 worker_log:602 22550 MainThread [INFO]  Completed executor task 205
2023-07-03 09:27:20.686 worker_log:613 22550 MainThread [INFO]  All processing finished for executor task 205
2023-07-03 09:28:01.666 worker_log:584 22550 MainThread [INFO]  Received executor task 220
2023-07-03 09:28:42.275 worker_log:602 22550 MainThread [INFO]  Completed executor task 220
2023-07-03 09:28:42.276 worker_log:613 22550 MainThread [INFO]  All processing finished for executor task 220
2023-07-03 09:29:00.713 worker_log:584 22550 MainThread [INFO]  Received executor task 236
2023-07-03 09:29:23.279 worker_log:602 22550 MainThread [INFO]  Completed executor task 236
2023-07-03 09:29:23.280 worker_log:613 22550 MainThread [INFO]  All processing finished for executor task 236
2023-07-03 09:29:31.691 worker_log:584 22550 MainThread [INFO]  Received executor task 245
2023-07-03 09:30:49.352 worker_log:602 22550 MainThread [INFO]  Completed executor task 245
2023-07-03 09:30:49.353 worker_log:613 22550 MainThread [INFO]  All processing finished for executor task 245
2023-07-03 09:33:54.677 worker_log:584 22550 MainThread [INFO]  Received executor task 269
2023-07-03 09:34:30.547 worker_log:602 22550 MainThread [INFO]  Completed executor task 269
2023-07-03 09:34:30.548 worker_log:613 22550 MainThread [INFO]  All processing finished for executor task 269
2023-07-03 09:34:54.687 worker_log:584 22550 MainThread [INFO]  Received executor task 290
2023-07-03 09:35:26.939 worker_log:602 22550 MainThread [INFO]  Completed executor task 290
2023-07-03 09:35:26.939 worker_log:613 22550 MainThread [INFO]  All processing finished for executor task 290
2023-07-03 09:36:20.719 worker_log:584 22550 MainThread [INFO]  Received executor task 306
2023-07-03 09:36:49.288 worker_log:602 22550 MainThread [INFO]  Completed executor task 306
2023-07-03 09:36:49.288 worker_log:613 22550 MainThread [INFO]  All processing finished for executor task 306
2023-07-03 09:37:17.687 worker_log:584 22550 MainThread [INFO]  Received executor task 320
2023-07-03 09:38:02.815 worker_log:602 22550 MainThread [INFO]  Completed executor task 320
2023-07-03 09:38:02.815 worker_log:613 22550 MainThread [INFO]  All processing finished for executor task 320
2023-07-03 09:38:15.696 worker_log:584 22550 MainThread [INFO]  Received executor task 340
2023-07-03 09:39:06.231 worker_log:602 22550 MainThread [INFO]  Completed executor task 340
2023-07-03 09:39:06.232 worker_log:613 22550 MainThread [INFO]  All processing finished for executor task 340
2023-07-03 09:39:48.701 worker_log:584 22550 MainThread [INFO]  Received executor task 356
2023-07-03 09:40:53.219 worker_log:602 22550 MainThread [INFO]  Completed executor task 356
2023-07-03 09:40:53.219 worker_log:613 22550 MainThread [INFO]  All processing finished for executor task 356
2023-07-03 09:43:35.711 worker_log:584 22550 MainThread [INFO]  Received executor task 375
2023-07-03 09:44:09.790 worker_log:602 22550 MainThread [INFO]  Completed executor task 375
2023-07-03 09:44:09.791 worker_log:613 22550 MainThread [INFO]  All processing finished for executor task 375
2023-07-03 09:44:34.714 worker_log:584 22550 MainThread [INFO]  Received executor task 390
2023-07-03 09:46:30.507 worker_log:602 22550 MainThread [INFO]  Completed executor task 390
2023-07-03 09:46:30.508 worker_log:613 22550 MainThread [INFO]  All processing finished for executor task 390
2023-07-03 09:47:39.711 worker_log:584 22550 MainThread [INFO]  Received executor task 416
2023-07-03 09:49:19.140 worker_log:602 22550 MainThread [INFO]  Completed executor task 416
2023-07-03 09:49:19.140 worker_log:613 22550 MainThread [INFO]  All processing finished for executor task 416
2023-07-03 09:49:19.152 worker_log:584 22550 MainThread [INFO]  Received executor task 449
2023-07-03 09:49:32.102 worker_log:602 22550 MainThread [INFO]  Completed executor task 449
2023-07-03 09:49:32.103 worker_log:613 22550 MainThread [INFO]  All processing finished for executor task 449
2023-07-03 09:50:08.709 worker_log:584 22550 MainThread [INFO]  Received executor task 462
2023-07-03 09:50:33.972 worker_log:602 22550 MainThread [INFO]  Completed executor task 462
2023-07-03 09:50:33.973 worker_log:613 22550 MainThread [INFO]  All processing finished for executor task 462
2023-07-03 09:51:06.682 worker_log:584 22550 MainThread [INFO]  Received executor task 478
2023-07-03 09:51:24.073 worker_log:602 22550 MainThread [INFO]  Completed executor task 478
2023-07-03 09:51:24.074 worker_log:613 22550 MainThread [INFO]  All processing finished for executor task 478
2023-07-03 09:51:34.703 worker_log:584 22550 MainThread [INFO]  Received executor task 494
2023-07-03 09:51:47.140 worker_log:602 22550 MainThread [INFO]  Completed executor task 494
2023-07-03 09:51:47.141 worker_log:613 22550 MainThread [INFO]  All processing finished for executor task 494
2023-07-03 09:52:04.707 worker_log:584 22550 MainThread [INFO]  Received executor task 502
2023-07-03 09:52:36.967 worker_log:602 22550 MainThread [INFO]  Completed executor task 502
2023-07-03 09:52:36.967 worker_log:613 22550 MainThread [INFO]  All processing finished for executor task 502
2023-07-03 09:53:33.700 worker_log:584 22550 MainThread [INFO]  Received executor task 518
2023-07-03 09:54:09.128 worker_log:602 22550 MainThread [INFO]  Completed executor task 518
2023-07-03 09:54:09.128 worker_log:613 22550 MainThread [INFO]  All processing finished for executor task 518
2023-07-03 09:55:29.705 worker_log:584 22550 MainThread [INFO]  Received executor task 536
2023-07-03 09:56:41.078 worker_log:602 22550 MainThread [INFO]  Completed executor task 536
2023-07-03 09:56:41.079 worker_log:613 22550 MainThread [INFO]  All processing finished for executor task 536
2023-07-03 09:56:41.091 worker_log:584 22550 MainThread [INFO]  Received executor task 550
2023-07-03 09:57:11.745 worker_log:602 22550 MainThread [INFO]  Completed executor task 550
2023-07-03 09:57:11.745 worker_log:613 22550 MainThread [INFO]  All processing finished for executor task 550
2023-07-03 09:57:11.756 worker_log:584 22550 MainThread [INFO]  Received executor task 559
2023-07-03 09:57:26.707 worker_log:602 22550 MainThread [INFO]  Completed executor task 559
2023-07-03 09:57:26.707 worker_log:613 22550 MainThread [INFO]  All processing finished for executor task 559
2023-07-03 09:57:41.703 worker_log:584 22550 MainThread [INFO]  Received executor task 567
2023-07-03 09:58:02.141 worker_log:602 22550 MainThread [INFO]  Completed executor task 567
2023-07-03 09:58:02.141 worker_log:613 22550 MainThread [INFO]  All processing finished for executor task 567
2023-07-03 09:58:40.712 worker_log:584 22550 MainThread [INFO]  Received executor task 584
2023-07-03 09:59:07.163 worker_log:602 22550 MainThread [INFO]  Completed executor task 584
2023-07-03 09:59:07.163 worker_log:613 22550 MainThread [INFO]  All processing finished for executor task 584
2023-07-03 10:01:51.720 worker_log:584 22550 MainThread [INFO]  Received executor task 594
2023-07-03 10:02:25.554 worker_log:602 22550 MainThread [INFO]  Completed executor task 594
2023-07-03 10:02:25.554 worker_log:613 22550 MainThread [INFO]  All processing finished for executor task 594
2023-07-03 10:02:25.565 worker_log:584 22550 MainThread [INFO]  Received executor task 609
2023-07-03 10:02:41.086 worker_log:602 22550 MainThread [INFO]  Completed executor task 609
2023-07-03 10:02:41.086 worker_log:613 22550 MainThread [INFO]  All processing finished for executor task 609
2023-07-03 10:02:53.679 worker_log:584 22550 MainThread [INFO]  Received executor task 614
2023-07-03 10:03:23.814 worker_log:602 22550 MainThread [INFO]  Completed executor task 614
2023-07-03 10:03:23.815 worker_log:613 22550 MainThread [INFO]  All processing finished for executor task 614
2023-07-03 10:04:19.709 worker_log:584 22550 MainThread [INFO]  Received executor task 629
2023-07-03 10:04:58.149 worker_log:602 22550 MainThread [INFO]  Completed executor task 629
2023-07-03 10:04:58.149 worker_log:613 22550 MainThread [INFO]  All processing finished for executor task 629
2023-07-03 10:05:24.691 worker_log:584 22550 MainThread [INFO]  Received executor task 645
2023-07-03 10:05:57.005 worker_log:602 22550 MainThread [INFO]  Completed executor task 645
2023-07-03 10:05:57.006 worker_log:613 22550 MainThread [INFO]  All processing finished for executor task 645
2023-07-03 10:06:24.838 worker_log:584 22550 MainThread [INFO]  Received executor task 658
2023-07-03 10:06:56.495 worker_log:602 22550 MainThread [INFO]  Completed executor task 658
2023-07-03 10:06:56.495 worker_log:613 22550 MainThread [INFO]  All processing finished for executor task 658
2023-07-03 10:07:53.682 worker_log:584 22550 MainThread [INFO]  Received executor task 671
2023-07-03 10:08:19.110 worker_log:602 22550 MainThread [INFO]  Completed executor task 671
2023-07-03 10:08:19.110 worker_log:613 22550 MainThread [INFO]  All processing finished for executor task 671
2023-07-03 10:09:23.654 worker_log:584 22550 MainThread [INFO]  Received executor task 685
2023-07-03 10:10:06.250 worker_log:602 22550 MainThread [INFO]  Completed executor task 685
2023-07-03 10:10:06.250 worker_log:613 22550 MainThread [INFO]  All processing finished for executor task 685
2023-07-03 10:11:48.709 worker_log:584 22550 MainThread [INFO]  Received executor task 705
2023-07-03 10:12:00.733 worker_log:602 22550 MainThread [INFO]  Completed executor task 705
2023-07-03 10:12:00.733 worker_log:613 22550 MainThread [INFO]  All processing finished for executor task 705
2023-07-03 10:12:17.697 worker_log:584 22550 MainThread [INFO]  Received executor task 717
2023-07-03 10:12:33.358 worker_log:602 22550 MainThread [INFO]  Completed executor task 717
2023-07-03 10:12:33.359 worker_log:613 22550 MainThread [INFO]  All processing finished for executor task 717
2023-07-03 10:13:44.704 worker_log:584 22550 MainThread [INFO]  Received executor task 729
2023-07-03 10:14:36.160 worker_log:602 22550 MainThread [INFO]  Completed executor task 729
2023-07-03 10:14:36.161 worker_log:613 22550 MainThread [INFO]  All processing finished for executor task 729
2023-07-03 10:14:42.714 worker_log:584 22550 MainThread [INFO]  Received executor task 740
2023-07-03 10:15:13.633 worker_log:602 22550 MainThread [INFO]  Completed executor task 740
2023-07-03 10:15:13.634 worker_log:613 22550 MainThread [INFO]  All processing finished for executor task 740
2023-07-03 10:15:13.645 worker_log:584 22550 MainThread [INFO]  Received executor task 746
2023-07-03 10:15:42.375 worker_log:602 22550 MainThread [INFO]  Completed executor task 746
2023-07-03 10:15:42.375 worker_log:613 22550 MainThread [INFO]  All processing finished for executor task 746
2023-07-03 10:15:48.695 worker_log:584 22550 MainThread [INFO]  Received executor task 755
2023-07-03 10:16:16.410 worker_log:602 22550 MainThread [INFO]  Completed executor task 755
2023-07-03 10:16:16.410 worker_log:613 22550 MainThread [INFO]  All processing finished for executor task 755
2023-07-03 10:17:17.779 worker_log:584 22550 MainThread [INFO]  Received executor task 770
2023-07-03 10:17:38.080 worker_log:602 22550 MainThread [INFO]  Completed executor task 770
2023-07-03 10:17:38.081 worker_log:613 22550 MainThread [INFO]  All processing finished for executor task 770
2023-07-03 10:18:22.699 worker_log:584 22550 MainThread [INFO]  Received executor task 791
2023-07-03 10:18:44.516 worker_log:602 22550 MainThread [INFO]  Completed executor task 791
2023-07-03 10:18:44.516 worker_log:613 22550 MainThread [INFO]  All processing finished for executor task 791
2023-07-03 10:19:49.692 worker_log:584 22550 MainThread [INFO]  Received executor task 810
2023-07-03 10:20:19.489 worker_log:602 22550 MainThread [INFO]  Completed executor task 810
2023-07-03 10:20:19.489 worker_log:613 22550 MainThread [INFO]  All processing finished for executor task 810
2023-07-03 10:20:47.765 worker_log:584 22550 MainThread [INFO]  Received executor task 825
2023-07-03 10:21:17.048 worker_log:602 22550 MainThread [INFO]  Completed executor task 825
2023-07-03 10:21:17.049 worker_log:613 22550 MainThread [INFO]  All processing finished for executor task 825
2023-07-03 10:21:46.989 worker_log:584 22550 MainThread [INFO]  Received executor task 842
2023-07-03 10:22:19.485 worker_log:602 22550 MainThread [INFO]  Completed executor task 842
2023-07-03 10:22:19.485 worker_log:613 22550 MainThread [INFO]  All processing finished for executor task 842
2023-07-03 10:22:45.712 worker_log:584 22550 MainThread [INFO]  Received executor task 856
2023-07-03 10:23:06.606 worker_log:602 22550 MainThread [INFO]  Completed executor task 856
2023-07-03 10:23:06.606 worker_log:613 22550 MainThread [INFO]  All processing finished for executor task 856
2023-07-03 10:23:46.698 worker_log:584 22550 MainThread [INFO]  Received executor task 868
2023-07-03 10:23:57.880 worker_log:602 22550 MainThread [INFO]  Completed executor task 868
2023-07-03 10:23:57.880 worker_log:613 22550 MainThread [INFO]  All processing finished for executor task 868
2023-07-03 10:24:45.689 worker_log:584 22550 MainThread [INFO]  Received executor task 887
2023-07-03 10:25:04.140 worker_log:602 22550 MainThread [INFO]  Completed executor task 887
2023-07-03 10:25:04.140 worker_log:613 22550 MainThread [INFO]  All processing finished for executor task 887
2023-07-03 10:25:58.699 worker_log:584 22550 MainThread [INFO]  Received executor task 908
2023-07-03 10:27:38.337 worker_log:602 22550 MainThread [INFO]  Completed executor task 908
2023-07-03 10:27:38.337 worker_log:613 22550 MainThread [INFO]  All processing finished for executor task 908
2023-07-03 10:28:55.710 worker_log:584 22550 MainThread [INFO]  Received executor task 942
2023-07-03 10:29:24.709 worker_log:602 22550 MainThread [INFO]  Completed executor task 942
2023-07-03 10:29:24.709 worker_log:613 22550 MainThread [INFO]  All processing finished for executor task 942
2023-07-03 10:31:39.705 worker_log:584 22550 MainThread [INFO]  Received executor task 957
2023-07-03 10:32:00.412 worker_log:602 22550 MainThread [INFO]  Completed executor task 957
2023-07-03 10:32:00.413 worker_log:613 22550 MainThread [INFO]  All processing finished for executor task 957
2023-07-03 10:34:47.700 worker_log:584 22550 MainThread [INFO]  Received executor task 977
2023-07-03 10:35:08.614 worker_log:602 22550 MainThread [INFO]  Completed executor task 977
2023-07-03 10:35:08.614 worker_log:613 22550 MainThread [INFO]  All processing finished for executor task 977
2023-07-03 10:35:22.701 worker_log:584 22550 MainThread [INFO]  Received executor task 993
2023-07-03 10:36:00.557 worker_log:602 22550 MainThread [INFO]  Completed executor task 993
2023-07-03 10:36:00.558 worker_log:613 22550 MainThread [INFO]  All processing finished for executor task 993
2023-07-03 10:36:50.677 worker_log:584 22550 MainThread [INFO]  Received executor task 1005
2023-07-03 10:37:25.584 worker_log:602 22550 MainThread [INFO]  Completed executor task 1005
2023-07-03 10:37:25.585 worker_log:613 22550 MainThread [INFO]  All processing finished for executor task 1005
2023-07-03 10:37:50.765 worker_log:584 22550 MainThread [INFO]  Received executor task 1028
2023-07-03 10:38:23.272 worker_log:602 22550 MainThread [INFO]  Completed executor task 1028
2023-07-03 10:38:23.273 worker_log:613 22550 MainThread [INFO]  All processing finished for executor task 1028
2023-07-03 10:38:23.284 worker_log:584 22550 MainThread [INFO]  Received executor task 1041
2023-07-03 10:38:47.436 worker_log:602 22550 MainThread [INFO]  Completed executor task 1041
2023-07-03 10:38:47.436 worker_log:613 22550 MainThread [INFO]  All processing finished for executor task 1041
2023-07-03 10:40:03.712 worker_log:584 22550 MainThread [INFO]  Received executor task 1050
2023-07-03 10:40:37.247 worker_log:602 22550 MainThread [INFO]  Completed executor task 1050
2023-07-03 10:40:37.248 worker_log:613 22550 MainThread [INFO]  All processing finished for executor task 1050
2023-07-03 10:42:33.696 worker_log:584 22550 MainThread [INFO]  Received executor task 1070
2023-07-03 10:43:08.003 worker_log:602 22550 MainThread [INFO]  Completed executor task 1070
2023-07-03 10:43:08.003 worker_log:613 22550 MainThread [INFO]  All processing finished for executor task 1070
2023-07-03 10:43:33.742 worker_log:584 22550 MainThread [INFO]  Received executor task 1085
2023-07-03 10:44:02.421 worker_log:602 22550 MainThread [INFO]  Completed executor task 1085
2023-07-03 10:44:02.421 worker_log:613 22550 MainThread [INFO]  All processing finished for executor task 1085
2023-07-03 10:44:02.698 worker_log:584 22550 MainThread [INFO]  Received executor task 1102
2023-07-03 10:44:55.451 worker_log:602 22550 MainThread [INFO]  Completed executor task 1102
2023-07-03 10:44:55.451 worker_log:613 22550 MainThread [INFO]  All processing finished for executor task 1102
2023-07-03 10:45:41.690 worker_log:584 22550 MainThread [INFO]  Received executor task 1117
2023-07-03 10:46:08.456 worker_log:602 22550 MainThread [INFO]  Completed executor task 1117
2023-07-03 10:46:08.457 worker_log:613 22550 MainThread [INFO]  All processing finished for executor task 1117
2023-07-03 10:46:11.737 worker_log:584 22550 MainThread [INFO]  Received executor task 1131
2023-07-03 10:47:02.315 worker_log:602 22550 MainThread [INFO]  Completed executor task 1131
2023-07-03 10:47:02.315 worker_log:613 22550 MainThread [INFO]  All processing finished for executor task 1131
2023-07-03 10:47:46.743 worker_log:584 22550 MainThread [INFO]  Received executor task 1147
2023-07-03 10:48:10.735 worker_log:602 22550 MainThread [INFO]  Completed executor task 1147
2023-07-03 10:48:10.736 worker_log:613 22550 MainThread [INFO]  All processing finished for executor task 1147
2023-07-03 10:48:46.532 worker_log:584 22550 MainThread [INFO]  Received executor task 1161
2023-07-03 10:48:55.446 worker_log:602 22550 MainThread [INFO]  Completed executor task 1161
2023-07-03 10:48:55.447 worker_log:613 22550 MainThread [INFO]  All processing finished for executor task 1161
2023-07-03 10:49:14.724 worker_log:584 22550 MainThread [INFO]  Received executor task 1176
2023-07-03 10:49:50.200 worker_log:602 22550 MainThread [INFO]  Completed executor task 1176
2023-07-03 10:49:50.201 worker_log:613 22550 MainThread [INFO]  All processing finished for executor task 1176
2023-07-03 10:50:11.707 worker_log:584 22550 MainThread [INFO]  Received executor task 1190
2023-07-03 10:50:41.291 worker_log:602 22550 MainThread [INFO]  Completed executor task 1190
2023-07-03 10:50:41.291 worker_log:613 22550 MainThread [INFO]  All processing finished for executor task 1190
2023-07-03 10:50:41.715 worker_log:584 22550 MainThread [INFO]  Received executor task 1207
2023-07-03 10:51:36.721 worker_log:602 22550 MainThread [INFO]  Completed executor task 1207
2023-07-03 10:51:36.721 worker_log:613 22550 MainThread [INFO]  All processing finished for executor task 1207
2023-07-03 10:55:06.712 worker_log:584 22550 MainThread [INFO]  Received executor task 1232
2023-07-03 10:55:50.842 worker_log:602 22550 MainThread [INFO]  Completed executor task 1232
2023-07-03 10:55:50.842 worker_log:613 22550 MainThread [INFO]  All processing finished for executor task 1232
2023-07-03 10:56:41.722 worker_log:584 22550 MainThread [INFO]  Received executor task 1254
2023-07-03 10:57:00.068 worker_log:602 22550 MainThread [INFO]  Completed executor task 1254
2023-07-03 10:57:00.068 worker_log:613 22550 MainThread [INFO]  All processing finished for executor task 1254
2023-07-03 10:57:10.723 worker_log:584 22550 MainThread [INFO]  Received executor task 1262
2023-07-03 10:59:02.322 worker_log:602 22550 MainThread [INFO]  Completed executor task 1262
2023-07-03 10:59:02.322 worker_log:613 22550 MainThread [INFO]  All processing finished for executor task 1262
2023-07-03 10:59:56.655 worker_log:584 22550 MainThread [INFO]  Received executor task 1309
2023-07-03 11:00:10.994 worker_log:602 22550 MainThread [INFO]  Completed executor task 1309
2023-07-03 11:00:10.994 worker_log:613 22550 MainThread [INFO]  All processing finished for executor task 1309
2023-07-03 11:00:25.739 worker_log:584 22550 MainThread [INFO]  Received executor task 1326
2023-07-03 11:00:51.068 worker_log:602 22550 MainThread [INFO]  Completed executor task 1326
2023-07-03 11:00:51.069 worker_log:613 22550 MainThread [INFO]  All processing finished for executor task 1326
2023-07-03 11:01:24.700 worker_log:584 22550 MainThread [INFO]  Received executor task 1337
2023-07-03 11:02:10.600 worker_log:602 22550 MainThread [INFO]  Completed executor task 1337
2023-07-03 11:02:10.600 worker_log:613 22550 MainThread [INFO]  All processing finished for executor task 1337
2023-07-03 11:02:52.672 worker_log:584 22550 MainThread [INFO]  Received executor task 1360
2023-07-03 11:04:06.022 worker_log:602 22550 MainThread [INFO]  Completed executor task 1360
2023-07-03 11:04:06.023 worker_log:613 22550 MainThread [INFO]  All processing finished for executor task 1360
2023-07-03 11:04:06.034 worker_log:584 22550 MainThread [INFO]  Received executor task 1384
2023-07-03 11:04:19.886 worker_log:602 22550 MainThread [INFO]  Completed executor task 1384
2023-07-03 11:04:19.887 worker_log:613 22550 MainThread [INFO]  All processing finished for executor task 1384
2023-07-03 11:04:19.898 worker_log:584 22550 MainThread [INFO]  Received executor task 1391
2023-07-03 11:04:33.284 worker_log:602 22550 MainThread [INFO]  Completed executor task 1391
2023-07-03 11:04:33.285 worker_log:613 22550 MainThread [INFO]  All processing finished for executor task 1391
2023-07-03 11:04:47.706 worker_log:584 22550 MainThread [INFO]  Received executor task 1402
2023-07-03 11:05:12.306 worker_log:602 22550 MainThread [INFO]  Completed executor task 1402
2023-07-03 11:05:12.307 worker_log:613 22550 MainThread [INFO]  All processing finished for executor task 1402
2023-07-03 11:05:17.718 worker_log:584 22550 MainThread [INFO]  Received executor task 1417
2023-07-03 11:05:42.643 worker_log:602 22550 MainThread [INFO]  Completed executor task 1417
2023-07-03 11:05:42.644 worker_log:613 22550 MainThread [INFO]  All processing finished for executor task 1417
2023-07-03 11:06:21.700 worker_log:584 22550 MainThread [INFO]  Received executor task 1430
2023-07-03 11:06:59.776 worker_log:602 22550 MainThread [INFO]  Completed executor task 1430
2023-07-03 11:06:59.777 worker_log:613 22550 MainThread [INFO]  All processing finished for executor task 1430
2023-07-03 11:07:19.671 worker_log:584 22550 MainThread [INFO]  Received executor task 1449
2023-07-03 11:07:52.218 worker_log:602 22550 MainThread [INFO]  Completed executor task 1449
2023-07-03 11:07:52.219 worker_log:613 22550 MainThread [INFO]  All processing finished for executor task 1449
2023-07-03 11:09:22.671 worker_log:584 22550 MainThread [INFO]  Received executor task 1469
2023-07-03 11:09:44.015 worker_log:602 22550 MainThread [INFO]  Completed executor task 1469
2023-07-03 11:09:44.015 worker_log:613 22550 MainThread [INFO]  All processing finished for executor task 1469
2023-07-03 11:12:31.711 worker_log:584 22550 MainThread [INFO]  Received executor task 1492
2023-07-03 11:12:45.171 worker_log:602 22550 MainThread [INFO]  Completed executor task 1492
2023-07-03 11:12:45.171 worker_log:613 22550 MainThread [INFO]  All processing finished for executor task 1492
2023-07-03 11:13:32.713 worker_log:584 22550 MainThread [INFO]  Received executor task 1510
2023-07-03 11:14:06.105 worker_log:602 22550 MainThread [INFO]  Completed executor task 1510
2023-07-03 11:14:06.105 worker_log:613 22550 MainThread [INFO]  All processing finished for executor task 1510
2023-07-03 11:14:29.733 worker_log:584 22550 MainThread [INFO]  Received executor task 1527
2023-07-03 11:14:47.576 worker_log:602 22550 MainThread [INFO]  Completed executor task 1527
2023-07-03 11:14:47.577 worker_log:613 22550 MainThread [INFO]  All processing finished for executor task 1527
2023-07-03 11:15:27.700 worker_log:584 22550 MainThread [INFO]  Received executor task 1542
2023-07-03 11:16:21.008 worker_log:602 22550 MainThread [INFO]  Completed executor task 1542
2023-07-03 11:16:21.008 worker_log:613 22550 MainThread [INFO]  All processing finished for executor task 1542
2023-07-03 11:16:53.658 worker_log:584 22550 MainThread [INFO]  Received executor task 1555
2023-07-03 11:17:50.468 worker_log:602 22550 MainThread [INFO]  Completed executor task 1555
2023-07-03 11:17:50.468 worker_log:613 22550 MainThread [INFO]  All processing finished for executor task 1555
2023-07-03 11:18:18.730 worker_log:584 22550 MainThread [INFO]  Received executor task 1586
2023-07-03 11:18:38.172 worker_log:602 22550 MainThread [INFO]  Completed executor task 1586
2023-07-03 11:18:38.173 worker_log:613 22550 MainThread [INFO]  All processing finished for executor task 1586
2023-07-03 11:19:45.671 worker_log:584 22550 MainThread [INFO]  Received executor task 1605
2023-07-03 11:20:01.915 worker_log:602 22550 MainThread [INFO]  Completed executor task 1605
2023-07-03 11:20:01.916 worker_log:613 22550 MainThread [INFO]  All processing finished for executor task 1605
2023-07-03 11:20:43.861 worker_log:584 22550 MainThread [INFO]  Received executor task 1621
2023-07-03 11:21:17.232 worker_log:602 22550 MainThread [INFO]  Completed executor task 1621
2023-07-03 11:21:17.233 worker_log:613 22550 MainThread [INFO]  All processing finished for executor task 1621
2023-07-03 11:21:40.712 worker_log:584 22550 MainThread [INFO]  Received executor task 1636
2023-07-03 11:21:50.415 worker_log:602 22550 MainThread [INFO]  Completed executor task 1636
2023-07-03 11:21:50.415 worker_log:613 22550 MainThread [INFO]  All processing finished for executor task 1636
2023-07-03 11:22:09.714 worker_log:584 22550 MainThread [INFO]  Received executor task 1646
2023-07-03 11:22:47.900 worker_log:602 22550 MainThread [INFO]  Completed executor task 1646
2023-07-03 11:22:47.900 worker_log:613 22550 MainThread [INFO]  All processing finished for executor task 1646
2023-07-03 11:23:07.709 worker_log:584 22550 MainThread [INFO]  Received executor task 1667
2023-07-03 11:23:20.424 worker_log:602 22550 MainThread [INFO]  Completed executor task 1667
2023-07-03 11:23:20.425 worker_log:613 22550 MainThread [INFO]  All processing finished for executor task 1667
2023-07-03 11:23:37.701 worker_log:584 22550 MainThread [INFO]  Received executor task 1674
2023-07-03 11:23:50.314 worker_log:602 22550 MainThread [INFO]  Completed executor task 1674
2023-07-03 11:23:50.314 worker_log:613 22550 MainThread [INFO]  All processing finished for executor task 1674
2023-07-03 11:24:04.711 worker_log:584 22550 MainThread [INFO]  Received executor task 1689
2023-07-03 11:24:23.721 worker_log:602 22550 MainThread [INFO]  Completed executor task 1689
2023-07-03 11:24:23.721 worker_log:613 22550 MainThread [INFO]  All processing finished for executor task 1689
2023-07-03 11:25:30.681 worker_log:584 22550 MainThread [INFO]  Received executor task 1701
2023-07-03 11:25:46.981 worker_log:602 22550 MainThread [INFO]  Completed executor task 1701
2023-07-03 11:25:46.982 worker_log:613 22550 MainThread [INFO]  All processing finished for executor task 1701
2023-07-03 11:27:02.664 worker_log:584 22550 MainThread [INFO]  Received executor task 1721
2023-07-03 11:27:27.130 worker_log:602 22550 MainThread [INFO]  Completed executor task 1721
2023-07-03 11:27:27.130 worker_log:613 22550 MainThread [INFO]  All processing finished for executor task 1721
2023-07-03 11:28:02.710 worker_log:584 22550 MainThread [INFO]  Received executor task 1742
2023-07-03 11:28:57.539 worker_log:602 22550 MainThread [INFO]  Completed executor task 1742
2023-07-03 11:28:57.540 worker_log:613 22550 MainThread [INFO]  All processing finished for executor task 1742
2023-07-03 11:28:58.756 worker_log:584 22550 MainThread [INFO]  Received executor task 1763
2023-07-03 11:29:24.564 worker_log:602 22550 MainThread [INFO]  Completed executor task 1763
2023-07-03 11:29:24.565 worker_log:613 22550 MainThread [INFO]  All processing finished for executor task 1763
2023-07-03 11:29:30.712 worker_log:584 22550 MainThread [INFO]  Received executor task 1780
2023-07-03 11:30:07.834 worker_log:602 22550 MainThread [INFO]  Completed executor task 1780
2023-07-03 11:30:07.834 worker_log:613 22550 MainThread [INFO]  All processing finished for executor task 1780
2023-07-03 11:32:58.698 worker_log:584 22550 MainThread [INFO]  Received executor task 1795
2023-07-03 11:33:43.697 worker_log:602 22550 MainThread [INFO]  Completed executor task 1795
2023-07-03 11:33:43.697 worker_log:613 22550 MainThread [INFO]  All processing finished for executor task 1795
2023-07-03 11:33:43.708 worker_log:584 22550 MainThread [INFO]  Received executor task 1811
2023-07-03 11:34:38.267 worker_log:602 22550 MainThread [INFO]  Completed executor task 1811
2023-07-03 11:34:38.268 worker_log:613 22550 MainThread [INFO]  All processing finished for executor task 1811
2023-07-03 11:35:00.765 worker_log:584 22550 MainThread [INFO]  Received executor task 1834
2023-07-03 11:35:22.183 worker_log:602 22550 MainThread [INFO]  Completed executor task 1834
2023-07-03 11:35:22.183 worker_log:613 22550 MainThread [INFO]  All processing finished for executor task 1834
2023-07-03 11:36:00.698 worker_log:584 22550 MainThread [INFO]  Received executor task 1852
2023-07-03 11:36:37.976 worker_log:602 22550 MainThread [INFO]  Completed executor task 1852
2023-07-03 11:36:37.977 worker_log:613 22550 MainThread [INFO]  All processing finished for executor task 1852
2023-07-03 11:37:26.673 worker_log:584 22550 MainThread [INFO]  Received executor task 1863
2023-07-03 11:38:18.817 worker_log:602 22550 MainThread [INFO]  Completed executor task 1863
2023-07-03 11:38:18.818 worker_log:613 22550 MainThread [INFO]  All processing finished for executor task 1863
2023-07-03 11:38:23.730 worker_log:584 22550 MainThread [INFO]  Received executor task 1888
2023-07-03 11:39:01.483 worker_log:602 22550 MainThread [INFO]  Completed executor task 1888
2023-07-03 11:39:01.483 worker_log:613 22550 MainThread [INFO]  All processing finished for executor task 1888
2023-07-03 11:39:01.494 worker_log:584 22550 MainThread [INFO]  Received executor task 1901
2023-07-03 11:40:23.244 worker_log:602 22550 MainThread [INFO]  Completed executor task 1901
2023-07-03 11:40:23.244 worker_log:613 22550 MainThread [INFO]  All processing finished for executor task 1901
2023-07-03 11:40:58.723 worker_log:584 22550 MainThread [INFO]  Received executor task 1927
2023-07-03 11:41:10.744 worker_log:602 22550 MainThread [INFO]  Completed executor task 1927
2023-07-03 11:41:10.744 worker_log:613 22550 MainThread [INFO]  All processing finished for executor task 1927
2023-07-03 11:41:26.815 worker_log:584 22550 MainThread [INFO]  Received executor task 1944
2023-07-03 11:41:47.773 worker_log:602 22550 MainThread [INFO]  Completed executor task 1944
2023-07-03 11:41:47.773 worker_log:613 22550 MainThread [INFO]  All processing finished for executor task 1944
2023-07-03 11:42:23.725 worker_log:584 22550 MainThread [INFO]  Received executor task 1958
2023-07-03 11:42:44.205 worker_log:602 22550 MainThread [INFO]  Completed executor task 1958
2023-07-03 11:42:44.205 worker_log:613 22550 MainThread [INFO]  All processing finished for executor task 1958
2023-07-03 11:43:27.695 worker_log:584 22550 MainThread [INFO]  Received executor task 1980
2023-07-03 11:43:55.931 worker_log:602 22550 MainThread [INFO]  Completed executor task 1980
2023-07-03 11:43:55.931 worker_log:613 22550 MainThread [INFO]  All processing finished for executor task 1980
2023-07-03 11:44:52.721 worker_log:584 22550 MainThread [INFO]  Received executor task 1999
2023-07-03 11:45:22.377 worker_log:602 22550 MainThread [INFO]  Completed executor task 1999
2023-07-03 11:45:22.378 worker_log:613 22550 MainThread [INFO]  All processing finished for executor task 1999
2023-07-03 11:45:48.704 worker_log:584 22550 MainThread [INFO]  Received executor task 2016
2023-07-03 11:46:37.008 worker_log:602 22550 MainThread [INFO]  Completed executor task 2016
2023-07-03 11:46:37.009 worker_log:613 22550 MainThread [INFO]  All processing finished for executor task 2016
2023-07-03 11:47:14.700 worker_log:584 22550 MainThread [INFO]  Received executor task 2039
2023-07-03 11:47:58.774 worker_log:602 22550 MainThread [INFO]  Completed executor task 2039
2023-07-03 11:47:58.774 worker_log:613 22550 MainThread [INFO]  All processing finished for executor task 2039
2023-07-03 11:48:11.690 worker_log:584 22550 MainThread [INFO]  Received executor task 2053
2023-07-03 11:49:10.575 worker_log:602 22550 MainThread [INFO]  Completed executor task 2053
2023-07-03 11:49:10.575 worker_log:613 22550 MainThread [INFO]  All processing finished for executor task 2053
2023-07-03 11:49:10.586 worker_log:584 22550 MainThread [INFO]  Received executor task 2063
2023-07-03 11:49:42.476 worker_log:602 22550 MainThread [INFO]  Completed executor task 2063
2023-07-03 11:49:42.476 worker_log:613 22550 MainThread [INFO]  All processing finished for executor task 2063
2023-07-03 11:50:33.700 worker_log:584 22550 MainThread [INFO]  Received executor task 2074
2023-07-03 11:51:21.682 worker_log:602 22550 MainThread [INFO]  Completed executor task 2074
2023-07-03 11:51:21.683 worker_log:613 22550 MainThread [INFO]  All processing finished for executor task 2074
2023-07-03 11:51:32.676 worker_log:584 22550 MainThread [INFO]  Received executor task 2086
2023-07-03 11:52:11.772 worker_log:602 22550 MainThread [INFO]  Completed executor task 2086
2023-07-03 11:52:11.772 worker_log:613 22550 MainThread [INFO]  All processing finished for executor task 2086
2023-07-03 11:53:09.649 worker_log:584 22550 MainThread [INFO]  Received executor task 2106
2023-07-03 11:53:23.270 worker_log:602 22550 MainThread [INFO]  Completed executor task 2106
2023-07-03 11:53:23.271 worker_log:613 22550 MainThread [INFO]  All processing finished for executor task 2106
2023-07-03 11:53:44.746 worker_log:584 22550 MainThread [INFO]  Received executor task 2122
2023-07-03 11:53:56.912 worker_log:602 22550 MainThread [INFO]  Completed executor task 2122
2023-07-03 11:53:56.912 worker_log:613 22550 MainThread [INFO]  All processing finished for executor task 2122
2023-07-03 11:54:13.895 worker_log:584 22550 MainThread [INFO]  Received executor task 2131
2023-07-03 11:54:40.906 worker_log:602 22550 MainThread [INFO]  Completed executor task 2131
2023-07-03 11:54:40.906 worker_log:613 22550 MainThread [INFO]  All processing finished for executor task 2131
2023-07-03 11:55:21.699 worker_log:584 22550 MainThread [INFO]  Received executor task 2147
2023-07-03 11:55:48.496 worker_log:602 22550 MainThread [INFO]  Completed executor task 2147
2023-07-03 11:55:48.497 worker_log:613 22550 MainThread [INFO]  All processing finished for executor task 2147
2023-07-03 11:57:17.721 worker_log:584 22550 MainThread [INFO]  Received executor task 2167
2023-07-03 11:57:30.788 worker_log:602 22550 MainThread [INFO]  Completed executor task 2167
2023-07-03 11:57:30.788 worker_log:613 22550 MainThread [INFO]  All processing finished for executor task 2167
2023-07-03 11:57:44.724 worker_log:584 22550 MainThread [INFO]  Received executor task 2183
2023-07-03 11:58:03.842 worker_log:602 22550 MainThread [INFO]  Completed executor task 2183
2023-07-03 11:58:03.843 worker_log:613 22550 MainThread [INFO]  All processing finished for executor task 2183
2023-07-03 11:58:43.698 worker_log:584 22550 MainThread [INFO]  Received executor task 2199
2023-07-03 12:00:17.105 worker_log:602 22550 MainThread [INFO]  Completed executor task 2199
2023-07-03 12:00:17.105 worker_log:613 22550 MainThread [INFO]  All processing finished for executor task 2199
2023-07-03 12:00:36.829 worker_log:584 22550 MainThread [INFO]  Received executor task 2239
2023-07-03 12:00:52.692 worker_log:602 22550 MainThread [INFO]  Completed executor task 2239
2023-07-03 12:00:52.693 worker_log:613 22550 MainThread [INFO]  All processing finished for executor task 2239
2023-07-03 12:01:36.660 worker_log:584 22550 MainThread [INFO]  Received executor task 2254
2023-07-03 12:01:59.091 worker_log:602 22550 MainThread [INFO]  Completed executor task 2254
2023-07-03 12:01:59.092 worker_log:613 22550 MainThread [INFO]  All processing finished for executor task 2254
2023-07-03 12:02:33.737 worker_log:584 22550 MainThread [INFO]  Received executor task 2270
2023-07-03 12:03:35.213 worker_log:602 22550 MainThread [INFO]  Completed executor task 2270
2023-07-03 12:03:35.213 worker_log:613 22550 MainThread [INFO]  All processing finished for executor task 2270
2023-07-03 12:03:35.224 worker_log:584 22550 MainThread [INFO]  Received executor task 2289
2023-07-03 12:04:09.837 worker_log:602 22550 MainThread [INFO]  Completed executor task 2289
2023-07-03 12:04:09.837 worker_log:613 22550 MainThread [INFO]  All processing finished for executor task 2289
2023-07-03 12:06:24.531 worker_log:584 22550 MainThread [INFO]  Received executor task 2305
2023-07-03 12:06:43.571 worker_log:602 22550 MainThread [INFO]  Completed executor task 2305
2023-07-03 12:06:43.571 worker_log:613 22550 MainThread [INFO]  All processing finished for executor task 2305
2023-07-03 12:06:52.728 worker_log:584 22550 MainThread [INFO]  Received executor task 2322
2023-07-03 12:07:31.147 worker_log:602 22550 MainThread [INFO]  Completed executor task 2322
2023-07-03 12:07:31.147 worker_log:613 22550 MainThread [INFO]  All processing finished for executor task 2322
2023-07-03 12:08:46.696 worker_log:584 22550 MainThread [INFO]  Received executor task 2338
2023-07-03 12:09:24.499 worker_log:602 22550 MainThread [INFO]  Completed executor task 2338
2023-07-03 12:09:24.500 worker_log:613 22550 MainThread [INFO]  All processing finished for executor task 2338
2023-07-03 12:09:24.511 worker_log:584 22550 MainThread [INFO]  Received executor task 2353
2023-07-03 12:10:14.650 worker_log:602 22550 MainThread [INFO]  Completed executor task 2353
2023-07-03 12:10:14.651 worker_log:613 22550 MainThread [INFO]  All processing finished for executor task 2353
2023-07-03 12:11:12.708 worker_log:584 22550 MainThread [INFO]  Received executor task 2369
2023-07-03 12:11:26.831 worker_log:602 22550 MainThread [INFO]  Completed executor task 2369
2023-07-03 12:11:26.832 worker_log:613 22550 MainThread [INFO]  All processing finished for executor task 2369
2023-07-03 12:11:47.731 worker_log:584 22550 MainThread [INFO]  Received executor task 2383
2023-07-03 12:11:57.537 worker_log:602 22550 MainThread [INFO]  Completed executor task 2383
2023-07-03 12:11:57.538 worker_log:613 22550 MainThread [INFO]  All processing finished for executor task 2383
2023-07-03 12:12:16.710 worker_log:584 22550 MainThread [INFO]  Received executor task 2390
2023-07-03 12:12:51.599 worker_log:602 22550 MainThread [INFO]  Completed executor task 2390
2023-07-03 12:12:51.600 worker_log:613 22550 MainThread [INFO]  All processing finished for executor task 2390
2023-07-03 12:16:32.698 worker_log:584 22550 MainThread [INFO]  Received executor task 2408
2023-07-03 12:16:46.487 worker_log:602 22550 MainThread [INFO]  Completed executor task 2408
2023-07-03 12:16:46.487 worker_log:613 22550 MainThread [INFO]  All processing finished for executor task 2408
2023-07-03 12:16:59.738 worker_log:584 22550 MainThread [INFO]  Received executor task 2422
2023-07-03 12:17:12.681 worker_log:602 22550 MainThread [INFO]  Completed executor task 2422
2023-07-03 12:17:12.681 worker_log:613 22550 MainThread [INFO]  All processing finished for executor task 2422
2023-07-03 12:18:02.689 worker_log:584 22550 MainThread [INFO]  Received executor task 2434
2023-07-03 12:18:25.690 worker_log:602 22550 MainThread [INFO]  Completed executor task 2434
2023-07-03 12:18:25.691 worker_log:613 22550 MainThread [INFO]  All processing finished for executor task 2434
2023-07-03 12:18:31.705 worker_log:584 22550 MainThread [INFO]  Received executor task 2447
2023-07-03 12:19:29.404 worker_log:602 22550 MainThread [INFO]  Completed executor task 2447
2023-07-03 12:19:29.404 worker_log:613 22550 MainThread [INFO]  All processing finished for executor task 2447
2023-07-03 12:19:29.720 worker_log:584 22550 MainThread [INFO]  Received executor task 2473
2023-07-03 12:19:43.492 worker_log:602 22550 MainThread [INFO]  Completed executor task 2473
2023-07-03 12:19:43.492 worker_log:613 22550 MainThread [INFO]  All processing finished for executor task 2473
2023-07-03 12:20:26.711 worker_log:584 22550 MainThread [INFO]  Received executor task 2486
2023-07-03 12:20:56.641 worker_log:602 22550 MainThread [INFO]  Completed executor task 2486
2023-07-03 12:20:56.641 worker_log:613 22550 MainThread [INFO]  All processing finished for executor task 2486
2023-07-03 12:21:01.700 worker_log:584 22550 MainThread [INFO]  Received executor task 2503
2023-07-03 12:21:26.983 worker_log:602 22550 MainThread [INFO]  Completed executor task 2503
2023-07-03 12:21:26.984 worker_log:613 22550 MainThread [INFO]  All processing finished for executor task 2503
2023-07-03 12:21:58.738 worker_log:584 22550 MainThread [INFO]  Received executor task 2516
2023-07-03 12:22:08.131 worker_log:602 22550 MainThread [INFO]  Completed executor task 2516
2023-07-03 12:22:08.132 worker_log:613 22550 MainThread [INFO]  All processing finished for executor task 2516
2023-07-03 12:23:08.704 worker_log:584 22550 MainThread [INFO]  Received executor task 2529
2023-07-03 12:23:33.649 worker_log:602 22550 MainThread [INFO]  Completed executor task 2529
2023-07-03 12:23:33.649 worker_log:613 22550 MainThread [INFO]  All processing finished for executor task 2529
2023-07-03 12:23:44.722 worker_log:584 22550 MainThread [INFO]  Received executor task 2540
2023-07-03 12:24:28.497 worker_log:602 22550 MainThread [INFO]  Completed executor task 2540
2023-07-03 12:24:28.498 worker_log:613 22550 MainThread [INFO]  All processing finished for executor task 2540
2023-07-03 12:24:41.730 worker_log:584 22550 MainThread [INFO]  Received executor task 2556
2023-07-03 12:25:01.744 worker_log:602 22550 MainThread [INFO]  Completed executor task 2556
2023-07-03 12:25:01.744 worker_log:613 22550 MainThread [INFO]  All processing finished for executor task 2556
2023-07-03 12:25:09.700 worker_log:584 22550 MainThread [INFO]  Received executor task 2567
2023-07-03 12:25:28.425 worker_log:602 22550 MainThread [INFO]  Completed executor task 2567
2023-07-03 12:25:28.425 worker_log:613 22550 MainThread [INFO]  All processing finished for executor task 2567
2023-07-03 12:27:03.736 worker_log:584 22550 MainThread [INFO]  Received executor task 2578
2023-07-03 12:27:48.009 worker_log:602 22550 MainThread [INFO]  Completed executor task 2578
2023-07-03 12:27:48.010 worker_log:613 22550 MainThread [INFO]  All processing finished for executor task 2578
2023-07-03 12:28:57.710 worker_log:584 22550 MainThread [INFO]  Received executor task 2595
2023-07-03 12:29:31.239 worker_log:602 22550 MainThread [INFO]  Completed executor task 2595
2023-07-03 12:29:31.239 worker_log:613 22550 MainThread [INFO]  All processing finished for executor task 2595
2023-07-03 12:29:31.252 worker_log:584 22550 MainThread [INFO]  Received executor task 2610
2023-07-03 12:30:08.242 worker_log:602 22550 MainThread [INFO]  Completed executor task 2610
2023-07-03 12:30:08.243 worker_log:613 22550 MainThread [INFO]  All processing finished for executor task 2610
2023-07-03 12:30:53.714 worker_log:584 22550 MainThread [INFO]  Received executor task 2627
2023-07-03 12:31:11.353 worker_log:602 22550 MainThread [INFO]  Completed executor task 2627
2023-07-03 12:31:11.353 worker_log:613 22550 MainThread [INFO]  All processing finished for executor task 2627
2023-07-03 12:31:50.701 worker_log:584 22550 MainThread [INFO]  Received executor task 2639
2023-07-03 12:32:19.434 worker_log:602 22550 MainThread [INFO]  Completed executor task 2639
2023-07-03 12:32:19.434 worker_log:613 22550 MainThread [INFO]  All processing finished for executor task 2639
2023-07-03 12:33:13.694 worker_log:584 22550 MainThread [INFO]  Received executor task 2655
2023-07-03 12:33:52.283 worker_log:602 22550 MainThread [INFO]  Completed executor task 2655
2023-07-03 12:33:52.283 worker_log:613 22550 MainThread [INFO]  All processing finished for executor task 2655
2023-07-03 12:34:42.777 worker_log:584 22550 MainThread [INFO]  Received executor task 2677
2023-07-03 12:36:07.235 worker_log:602 22550 MainThread [INFO]  Completed executor task 2677
2023-07-03 12:36:07.236 worker_log:613 22550 MainThread [INFO]  All processing finished for executor task 2677
2023-07-03 12:37:34.699 worker_log:584 22550 MainThread [INFO]  Received executor task 2704
2023-07-03 12:38:10.584 worker_log:602 22550 MainThread [INFO]  Completed executor task 2704
2023-07-03 12:38:10.584 worker_log:613 22550 MainThread [INFO]  All processing finished for executor task 2704
2023-07-03 12:38:59.687 worker_log:584 22550 MainThread [INFO]  Received executor task 2717
2023-07-03 12:39:29.261 worker_log:602 22550 MainThread [INFO]  Completed executor task 2717
2023-07-03 12:39:29.262 worker_log:613 22550 MainThread [INFO]  All processing finished for executor task 2717
2023-07-03 12:40:24.744 worker_log:584 22550 MainThread [INFO]  Received executor task 2729
2023-07-03 12:40:50.225 worker_log:602 22550 MainThread [INFO]  Completed executor task 2729
2023-07-03 12:40:50.225 worker_log:613 22550 MainThread [INFO]  All processing finished for executor task 2729
2023-07-03 12:41:49.681 worker_log:584 22550 MainThread [INFO]  Received executor task 2749
2023-07-03 12:43:06.844 worker_log:602 22550 MainThread [INFO]  Completed executor task 2749
2023-07-03 12:43:06.844 worker_log:613 22550 MainThread [INFO]  All processing finished for executor task 2749
2023-07-03 12:44:18.713 worker_log:584 22550 MainThread [INFO]  Received executor task 2783
2023-07-03 12:44:55.833 worker_log:602 22550 MainThread [INFO]  Completed executor task 2783
2023-07-03 12:44:55.837 worker_log:613 22550 MainThread [INFO]  All processing finished for executor task 2783
