2023-07-07 11:34:21.273 parsl:692 2868 MainThread [INFO]  Python version: 3.9.17 (main, Jul  5 2023, 20:41:20) 
[GCC 11.2.0]
2023-07-07 11:34:21.273 parsl:693 2868 MainThread [INFO]  Debug logging: False
2023-07-07 11:34:21.273 parsl:694 2868 MainThread [INFO]  Log dir: /mnt/media/MDStream/WLGenerator/local/runinfo/004/HighThroughputExecutor
2023-07-07 11:34:21.273 parsl:695 2868 MainThread [INFO]  Manager ID: e42ebcb2dd70
2023-07-07 11:34:21.273 parsl:696 2868 MainThread [INFO]  Block ID: 0
2023-07-07 11:34:21.273 parsl:697 2868 MainThread [INFO]  cores_per_worker: 1.0
2023-07-07 11:34:21.273 parsl:698 2868 MainThread [INFO]  mem_per_worker: None
2023-07-07 11:34:21.273 parsl:699 2868 MainThread [INFO]  task_port: 54975
2023-07-07 11:34:21.273 parsl:700 2868 MainThread [INFO]  result_port: 54956
2023-07-07 11:34:21.273 parsl:701 2868 MainThread [INFO]  addresses: 192.168.1.2,128.110.96.17,node-1.jliu1721-161156.lsucloud-pg0.apt.emulab.net,127.0.0.1
2023-07-07 11:34:21.273 parsl:702 2868 MainThread [INFO]  max_workers: inf
2023-07-07 11:34:21.274 parsl:703 2868 MainThread [INFO]  poll_period: 10
2023-07-07 11:34:21.274 parsl:704 2868 MainThread [INFO]  address_probe_timeout: 30
2023-07-07 11:34:21.274 parsl:705 2868 MainThread [INFO]  Prefetch capacity: 0
2023-07-07 11:34:21.274 parsl:706 2868 MainThread [INFO]  Heartbeat threshold: 120
2023-07-07 11:34:21.274 parsl:707 2868 MainThread [INFO]  Heartbeat period: 30
2023-07-07 11:34:21.274 parsl:708 2868 MainThread [INFO]  CPU affinity: none
2023-07-07 11:34:21.274 parsl:709 2868 MainThread [INFO]  Accelerators: 
2023-07-07 11:34:21.274 parsl:710 2868 MainThread [INFO]  Start method: fork
2023-07-07 11:34:21.274 parsl:133 2868 MainThread [INFO]  Manager started
2023-07-07 11:34:21.275 parsl.executors.high_throughput.probe:47 2868 MainThread [INFO]  Connected to interchange on 192.168.1.2
2023-07-07 11:34:21.277 parsl:140 2868 MainThread [INFO]  Connection to Interchange successful on 192.168.1.2
2023-07-07 11:34:21.277 parsl:143 2868 MainThread [INFO]  Task url : tcp://192.168.1.2:54975
2023-07-07 11:34:21.277 parsl:144 2868 MainThread [INFO]  Result url : tcp://192.168.1.2:54956
2023-07-07 11:34:21.277 parsl:162 2868 MainThread [INFO]  Manager connected to interchange
2023-07-07 11:34:21.278 parsl:218 2868 MainThread [INFO]  Manager will spawn 16 workers
2023-07-07 11:34:21.310 parsl:258 2868 Task-Puller [INFO]  starting
2023-07-07 11:34:21.311 parsl:456 2868 MainThread [INFO]  Loop start
2023-07-07 11:34:51.315 parsl:354 2868 Result-Pusher [INFO]  Sending heartbeat via results connection: last_result_beat=1688747661.3110836 heartbeat_period=30 seconds
2023-07-07 11:35:21.321 parsl:354 2868 Result-Pusher [INFO]  Sending heartbeat via results connection: last_result_beat=1688747691.3159933 heartbeat_period=30 seconds
2023-07-07 11:35:51.322 parsl:354 2868 Result-Pusher [INFO]  Sending heartbeat via results connection: last_result_beat=1688747721.3220727 heartbeat_period=30 seconds
2023-07-07 11:36:21.322 parsl:354 2868 Result-Pusher [INFO]  Sending heartbeat via results connection: last_result_beat=1688747751.322443 heartbeat_period=30 seconds
2023-07-07 11:36:51.330 parsl:354 2868 Result-Pusher [INFO]  Sending heartbeat via results connection: last_result_beat=1688747781.3228123 heartbeat_period=30 seconds
2023-07-07 11:37:21.331 parsl:354 2868 Result-Pusher [INFO]  Sending heartbeat via results connection: last_result_beat=1688747811.331127 heartbeat_period=30 seconds
2023-07-07 11:37:51.336 parsl:354 2868 Result-Pusher [INFO]  Sending heartbeat via results connection: last_result_beat=1688747841.332069 heartbeat_period=30 seconds
2023-07-07 11:38:21.338 parsl:354 2868 Result-Pusher [INFO]  Sending heartbeat via results connection: last_result_beat=1688747871.3365207 heartbeat_period=30 seconds
2023-07-07 11:38:51.344 parsl:354 2868 Result-Pusher [INFO]  Sending heartbeat via results connection: last_result_beat=1688747901.3390622 heartbeat_period=30 seconds
2023-07-07 11:39:21.351 parsl:354 2868 Result-Pusher [INFO]  Sending heartbeat via results connection: last_result_beat=1688747931.3448243 heartbeat_period=30 seconds
2023-07-07 11:39:51.357 parsl:354 2868 Result-Pusher [INFO]  Sending heartbeat via results connection: last_result_beat=1688747961.3518422 heartbeat_period=30 seconds
2023-07-07 11:40:21.366 parsl:354 2868 Result-Pusher [INFO]  Sending heartbeat via results connection: last_result_beat=1688747991.3579526 heartbeat_period=30 seconds
2023-07-07 11:40:51.369 parsl:354 2868 Result-Pusher [INFO]  Sending heartbeat via results connection: last_result_beat=1688748021.3664398 heartbeat_period=30 seconds
2023-07-07 11:41:21.370 parsl:354 2868 Result-Pusher [INFO]  Sending heartbeat via results connection: last_result_beat=1688748051.3699298 heartbeat_period=30 seconds
2023-07-07 11:41:51.378 parsl:354 2868 Result-Pusher [INFO]  Sending heartbeat via results connection: last_result_beat=1688748081.3702137 heartbeat_period=30 seconds
2023-07-07 11:42:21.387 parsl:354 2868 Result-Pusher [INFO]  Sending heartbeat via results connection: last_result_beat=1688748111.3785012 heartbeat_period=30 seconds
2023-07-07 11:42:51.392 parsl:354 2868 Result-Pusher [INFO]  Sending heartbeat via results connection: last_result_beat=1688748141.3876865 heartbeat_period=30 seconds
2023-07-07 11:43:21.394 parsl:354 2868 Result-Pusher [INFO]  Sending heartbeat via results connection: last_result_beat=1688748171.392974 heartbeat_period=30 seconds
2023-07-07 11:43:51.397 parsl:354 2868 Result-Pusher [INFO]  Sending heartbeat via results connection: last_result_beat=1688748201.3949215 heartbeat_period=30 seconds
2023-07-07 11:44:21.407 parsl:354 2868 Result-Pusher [INFO]  Sending heartbeat via results connection: last_result_beat=1688748231.3979816 heartbeat_period=30 seconds
2023-07-07 11:44:51.413 parsl:354 2868 Result-Pusher [INFO]  Sending heartbeat via results connection: last_result_beat=1688748261.4073822 heartbeat_period=30 seconds
2023-07-07 11:45:21.420 parsl:354 2868 Result-Pusher [INFO]  Sending heartbeat via results connection: last_result_beat=1688748291.4140403 heartbeat_period=30 seconds
2023-07-07 11:45:51.429 parsl:354 2868 Result-Pusher [INFO]  Sending heartbeat via results connection: last_result_beat=1688748321.4204128 heartbeat_period=30 seconds
2023-07-07 11:46:21.437 parsl:354 2868 Result-Pusher [INFO]  Sending heartbeat via results connection: last_result_beat=1688748351.4297945 heartbeat_period=30 seconds
2023-07-07 11:46:51.439 parsl:354 2868 Result-Pusher [INFO]  Sending heartbeat via results connection: last_result_beat=1688748381.4375849 heartbeat_period=30 seconds
2023-07-07 11:47:21.445 parsl:354 2868 Result-Pusher [INFO]  Sending heartbeat via results connection: last_result_beat=1688748411.4391406 heartbeat_period=30 seconds
2023-07-07 11:47:51.448 parsl:354 2868 Result-Pusher [INFO]  Sending heartbeat via results connection: last_result_beat=1688748441.4453807 heartbeat_period=30 seconds
2023-07-07 11:48:21.450 parsl:354 2868 Result-Pusher [INFO]  Sending heartbeat via results connection: last_result_beat=1688748471.4483805 heartbeat_period=30 seconds
2023-07-07 11:48:51.454 parsl:354 2868 Result-Pusher [INFO]  Sending heartbeat via results connection: last_result_beat=1688748501.4507918 heartbeat_period=30 seconds
2023-07-07 11:49:21.458 parsl:354 2868 Result-Pusher [INFO]  Sending heartbeat via results connection: last_result_beat=1688748531.4542825 heartbeat_period=30 seconds
2023-07-07 11:49:51.467 parsl:354 2868 Result-Pusher [INFO]  Sending heartbeat via results connection: last_result_beat=1688748561.4581497 heartbeat_period=30 seconds
2023-07-07 11:50:21.475 parsl:354 2868 Result-Pusher [INFO]  Sending heartbeat via results connection: last_result_beat=1688748591.4673922 heartbeat_period=30 seconds
2023-07-07 11:50:51.479 parsl:354 2868 Result-Pusher [INFO]  Sending heartbeat via results connection: last_result_beat=1688748621.475998 heartbeat_period=30 seconds
2023-07-07 11:51:21.486 parsl:354 2868 Result-Pusher [INFO]  Sending heartbeat via results connection: last_result_beat=1688748651.479133 heartbeat_period=30 seconds
2023-07-07 11:51:51.494 parsl:354 2868 Result-Pusher [INFO]  Sending heartbeat via results connection: last_result_beat=1688748681.4865727 heartbeat_period=30 seconds
2023-07-07 11:52:21.501 parsl:354 2868 Result-Pusher [INFO]  Sending heartbeat via results connection: last_result_beat=1688748711.4949832 heartbeat_period=30 seconds
2023-07-07 11:52:51.505 parsl:354 2868 Result-Pusher [INFO]  Sending heartbeat via results connection: last_result_beat=1688748741.5020337 heartbeat_period=30 seconds
