1688747463.574241 2023-07-07 11:31:03 MainProcess-2492 MainThread-140333862430528 parsl.dataflow.dflow:89 __init__ INFO: Starting DataFlowKernel with config
Config(
    app_cache=True, 
    checkpoint_files=None, 
    checkpoint_mode=None, 
    checkpoint_period=None, 
    executors=[HighThroughputExecutor(
        address=None, 
        address_probe_timeout=None, 
        available_accelerators=[], 
        block_error_handler=True, 
        cores_per_worker=1.0, 
        cpu_affinity='none', 
        heartbeat_period=30, 
        heartbeat_threshold=120, 
        interchange_port_range=(55000, 56000), 
        label='HighThroughputExecutor', 
        launch_cmd='process_worker_pool.py {debug} {max_workers} -a {addresses} -p {prefetch_capacity} -c {cores_per_worker} -m {mem_per_worker} --poll {poll_period} --task_port={task_port} --result_port={result_port} --logdir={logdir} --block_id={{block_id}} --hb_period={heartbeat_period} {address_probe_timeout_string} --hb_threshold={heartbeat_threshold} --cpu-affinity {cpu_affinity} --available-accelerators {accelerators} --start-method {start_method}', 
        max_workers=inf, 
        mem_per_worker=None, 
        poll_period=10, 
        prefetch_capacity=0, 
        provider=LocalProvider(
            channel=LocalChannel(
                envs={}, 
                script_dir=None, 
                userhome='/mnt/media/MDStream/WLGenerator/local'
            ), 
            cmd_timeout=30, 
            init_blocks=1, 
            launcher=SingleNodeLauncher(debug=True, fail_on_any=False), 
            max_blocks=1, 
            min_blocks=1, 
            move_files=None, 
            nodes_per_block=1, 
            parallelism=1, 
            worker_init=''
        ), 
        start_method='fork', 
        storage_access=None, 
        worker_debug=False, 
        worker_logdir_root=None, 
        worker_port_range=(54000, 55000), 
        worker_ports=None, 
        working_dir=None
    )], 
    garbage_collect=True, 
    initialize_logging=True, 
    internal_tasks_max_threads=10, 
    max_idletime=120.0, 
    monitoring=None, 
    retries=0, 
    retry_handler=None, 
    run_dir='runinfo', 
    strategy='simple', 
    usage_tracking=False
)
1688747463.574458 2023-07-07 11:31:03 MainProcess-2492 MainThread-140333862430528 parsl.dataflow.dflow:91 __init__ INFO: Parsl version: 2023.03.27
1688747463.574610 2023-07-07 11:31:03 MainProcess-2492 MainThread-140333862430528 parsl.usage_tracking.usage:129 __init__ DEBUG: Tracking status: False
1688747463.574790 2023-07-07 11:31:03 MainProcess-2492 MainThread-140333862430528 parsl.dataflow.dflow:119 __init__ INFO: Run id is: adf6604a-03e1-4a85-b6c2-a3794d284f42
1688747463.929757 2023-07-07 11:31:03 MainProcess-2492 MainThread-140333862430528 parsl.dataflow.dflow:126 __init__ DEBUG: Considering candidate for workflow name: /mnt/media/anaconda3/envs/multisite/lib/python3.9/site-packages/parsl/dataflow/dflow.py
1688747463.929833 2023-07-07 11:31:03 MainProcess-2492 MainThread-140333862430528 parsl.dataflow.dflow:126 __init__ DEBUG: Considering candidate for workflow name: /mnt/media/anaconda3/envs/multisite/lib/python3.9/site-packages/typeguard/__init__.py
1688747463.929887 2023-07-07 11:31:03 MainProcess-2492 MainThread-140333862430528 parsl.dataflow.dflow:126 __init__ DEBUG: Considering candidate for workflow name: /mnt/media/anaconda3/envs/multisite/lib/python3.9/site-packages/parsl/dataflow/dflow.py
1688747463.929937 2023-07-07 11:31:03 MainProcess-2492 MainThread-140333862430528 parsl.dataflow.dflow:126 __init__ DEBUG: Considering candidate for workflow name: /mnt/media/anaconda3/envs/multisite/lib/python3.9/site-packages/typeguard/__init__.py
1688747463.929985 2023-07-07 11:31:03 MainProcess-2492 MainThread-140333862430528 parsl.dataflow.dflow:126 __init__ DEBUG: Considering candidate for workflow name: /mnt/media/MDStream/WLGenerator/local/compute_ip_parsl_local.py
1688747463.930034 2023-07-07 11:31:03 MainProcess-2492 MainThread-140333862430528 parsl.dataflow.dflow:132 __init__ DEBUG: Using compute_ip_parsl_local.py as workflow name
1688747463.930208 2023-07-07 11:31:03 MainProcess-2492 MainThread-140333862430528 parsl.dataflow.memoization:174 __init__ INFO: App caching initialized
1688747463.930294 2023-07-07 11:31:03 MainProcess-2492 MainThread-140333862430528 parsl.dataflow.strategy:134 __init__ DEBUG: Scaling strategy: simple
1688747463.933339 2023-07-07 11:31:03 MainProcess-2492 MainThread-140333862430528 parsl.executors.high_throughput.executor:502 _start_queue_management_thread DEBUG: Starting queue management thread
1688747463.933606 2023-07-07 11:31:03 MainProcess-2492 HTEX-Queue-Management-Thread-140332519896832 parsl.executors.high_throughput.executor:386 _queue_management_worker DEBUG: queue management worker starting
1688747463.933737 2023-07-07 11:31:03 MainProcess-2492 MainThread-140333862430528 parsl.executors.high_throughput.executor:506 _start_queue_management_thread DEBUG: Started queue management thread
1688747463.948092 2023-07-07 11:31:03 MainProcess-2492 MainThread-140333862430528 parsl.executors.high_throughput.executor:359 start DEBUG: Created management thread: <Thread(HTEX-Queue-Management-Thread, started daemon 140332519896832)>
1688747463.948419 2023-07-07 11:31:03 MainProcess-2492 MainThread-140333862430528 parsl.executors.high_throughput.executor:332 initialize_scaling DEBUG: Launch command: process_worker_pool.py   -a 127.0.0.1,128.110.96.17,node-1.jliu1721-161156.lsucloud-pg0.apt.emulab.net,192.168.1.2 -p 0 -c 1.0 -m None --poll 10 --task_port=54242 --result_port=54641 --logdir=/mnt/media/MDStream/WLGenerator/local/runinfo/003/HighThroughputExecutor --block_id={block_id} --hb_period=30  --hb_threshold=120 --cpu-affinity none --available-accelerators  --start-method fork
1688747463.948492 2023-07-07 11:31:03 MainProcess-2492 MainThread-140333862430528 parsl.executors.high_throughput.executor:334 initialize_scaling DEBUG: Starting HighThroughputExecutor with provider:
LocalProvider(
    channel=LocalChannel(
        envs={}, 
        script_dir='/mnt/media/MDStream/WLGenerator/local/runinfo/003/submit_scripts', 
        userhome='/mnt/media/MDStream/WLGenerator/local'
    ), 
    cmd_timeout=30, 
    init_blocks=1, 
    launcher=SingleNodeLauncher(debug=True, fail_on_any=False), 
    max_blocks=1, 
    min_blocks=1, 
    move_files=None, 
    nodes_per_block=1, 
    parallelism=1, 
    worker_init=''
)
1688747463.950545 2023-07-07 11:31:03 MainProcess-2492 MainThread-140333862430528 parsl.executors.status_handling:170 scale_out INFO: Scaling out by 1 blocks
1688747463.950616 2023-07-07 11:31:03 MainProcess-2492 MainThread-140333862430528 parsl.executors.status_handling:173 scale_out INFO: Allocated block ID 0
1688747463.950882 2023-07-07 11:31:03 MainProcess-2492 MainThread-140333862430528 parsl.providers.local.local:217 submit DEBUG: Launching in remote mode
1688747463.965142 2023-07-07 11:31:03 MainProcess-2492 MainThread-140333862430528 parsl.executors.status_handling:188 _launch_block DEBUG: Launched block 0 on executor HighThroughputExecutor with job ID 2519
1688747463.965451 2023-07-07 11:31:03 MainProcess-2492 MainThread-140333862430528 parsl.dataflow.job_status_poller:122 add_executors DEBUG: Adding executor HighThroughputExecutor
1688747465.028469 2023-07-07 11:31:05 MainProcess-2492 FlowControl-Thread-140332645377792 parsl.dataflow.strategy:173 _general_strategy DEBUG: general strategy starting with strategy_type simple for 1 executors
1688747465.033840 2023-07-07 11:31:05 MainProcess-2492 FlowControl-Thread-140332645377792 parsl.dataflow.strategy:181 _general_strategy DEBUG: Strategizing for executor HighThroughputExecutor
1688747465.049555 2023-07-07 11:31:05 MainProcess-2492 FlowControl-Thread-140332645377792 parsl.dataflow.strategy:202 _general_strategy DEBUG: Slot ratio calculation: active_slots = 1, active_tasks = 0
1688747465.075377 2023-07-07 11:31:05 MainProcess-2492 FlowControl-Thread-140332645377792 parsl.dataflow.strategy:205 _general_strategy DEBUG: Executor HighThroughputExecutor has 0 active tasks, 1/0 running/pending blocks, and 16 connected workers
1688747465.080574 2023-07-07 11:31:05 MainProcess-2492 FlowControl-Thread-140332645377792 parsl.dataflow.strategy:220 _general_strategy DEBUG: Strategy case 1: Executor has no active tasks
1688747465.085837 2023-07-07 11:31:05 MainProcess-2492 FlowControl-Thread-140332645377792 parsl.dataflow.strategy:224 _general_strategy DEBUG: Strategy case 1a: Executor has no active tasks and minimum blocks. Taking no action.
1688747465.086032 2023-07-07 11:31:05 MainProcess-2492 FlowControl-Thread-140332645377792 parsl.process_loggers:28 wrapped DEBUG: Normal ending for _general_strategy on thread FlowControl-Thread
1688747470.286256 2023-07-07 11:31:10 MainProcess-2492 FlowControl-Thread-140332645377792 parsl.dataflow.strategy:173 _general_strategy DEBUG: general strategy starting with strategy_type simple for 1 executors
1688747470.286811 2023-07-07 11:31:10 MainProcess-2492 FlowControl-Thread-140332645377792 parsl.dataflow.strategy:181 _general_strategy DEBUG: Strategizing for executor HighThroughputExecutor
1688747470.419537 2023-07-07 11:31:10 MainProcess-2492 FlowControl-Thread-140332645377792 parsl.dataflow.strategy:202 _general_strategy DEBUG: Slot ratio calculation: active_slots = 1, active_tasks = 0
1688747470.846759 2023-07-07 11:31:10 MainProcess-2492 FlowControl-Thread-140332645377792 parsl.dataflow.strategy:205 _general_strategy DEBUG: Executor HighThroughputExecutor has 0 active tasks, 1/0 running/pending blocks, and 16 connected workers
1688747470.846982 2023-07-07 11:31:10 MainProcess-2492 FlowControl-Thread-140332645377792 parsl.dataflow.strategy:220 _general_strategy DEBUG: Strategy case 1: Executor has no active tasks
1688747470.855615 2023-07-07 11:31:10 MainProcess-2492 FlowControl-Thread-140332645377792 parsl.dataflow.strategy:224 _general_strategy DEBUG: Strategy case 1a: Executor has no active tasks and minimum blocks. Taking no action.
1688747470.863924 2023-07-07 11:31:10 MainProcess-2492 FlowControl-Thread-140332645377792 parsl.process_loggers:28 wrapped DEBUG: Normal ending for _general_strategy on thread FlowControl-Thread
1688747475.762160 2023-07-07 11:31:15 MainProcess-2492 FlowControl-Thread-140332645377792 parsl.dataflow.strategy:173 _general_strategy DEBUG: general strategy starting with strategy_type simple for 1 executors
1688747475.764690 2023-07-07 11:31:15 MainProcess-2492 FlowControl-Thread-140332645377792 parsl.dataflow.strategy:181 _general_strategy DEBUG: Strategizing for executor HighThroughputExecutor
1688747475.773724 2023-07-07 11:31:15 MainProcess-2492 FlowControl-Thread-140332645377792 parsl.dataflow.strategy:202 _general_strategy DEBUG: Slot ratio calculation: active_slots = 1, active_tasks = 0
1688747475.993621 2023-07-07 11:31:15 MainProcess-2492 FlowControl-Thread-140332645377792 parsl.dataflow.strategy:205 _general_strategy DEBUG: Executor HighThroughputExecutor has 0 active tasks, 1/0 running/pending blocks, and 16 connected workers
1688747476.003881 2023-07-07 11:31:16 MainProcess-2492 FlowControl-Thread-140332645377792 parsl.dataflow.strategy:220 _general_strategy DEBUG: Strategy case 1: Executor has no active tasks
1688747476.004716 2023-07-07 11:31:16 MainProcess-2492 FlowControl-Thread-140332645377792 parsl.dataflow.strategy:224 _general_strategy DEBUG: Strategy case 1a: Executor has no active tasks and minimum blocks. Taking no action.
1688747476.010643 2023-07-07 11:31:16 MainProcess-2492 FlowControl-Thread-140332645377792 parsl.process_loggers:28 wrapped DEBUG: Normal ending for _general_strategy on thread FlowControl-Thread
1688747481.010068 2023-07-07 11:31:21 MainProcess-2492 FlowControl-Thread-140332645377792 parsl.dataflow.strategy:173 _general_strategy DEBUG: general strategy starting with strategy_type simple for 1 executors
1688747481.083699 2023-07-07 11:31:21 MainProcess-2492 FlowControl-Thread-140332645377792 parsl.dataflow.strategy:181 _general_strategy DEBUG: Strategizing for executor HighThroughputExecutor
1688747481.188865 2023-07-07 11:31:21 MainProcess-2492 FlowControl-Thread-140332645377792 parsl.dataflow.strategy:202 _general_strategy DEBUG: Slot ratio calculation: active_slots = 1, active_tasks = 0
1688747481.297876 2023-07-07 11:31:21 MainProcess-2492 FlowControl-Thread-140332645377792 parsl.dataflow.strategy:205 _general_strategy DEBUG: Executor HighThroughputExecutor has 0 active tasks, 1/0 running/pending blocks, and 16 connected workers
1688747481.303114 2023-07-07 11:31:21 MainProcess-2492 FlowControl-Thread-140332645377792 parsl.dataflow.strategy:220 _general_strategy DEBUG: Strategy case 1: Executor has no active tasks
1688747481.322919 2023-07-07 11:31:21 MainProcess-2492 FlowControl-Thread-140332645377792 parsl.dataflow.strategy:224 _general_strategy DEBUG: Strategy case 1a: Executor has no active tasks and minimum blocks. Taking no action.
1688747481.353699 2023-07-07 11:31:21 MainProcess-2492 FlowControl-Thread-140332645377792 parsl.process_loggers:28 wrapped DEBUG: Normal ending for _general_strategy on thread FlowControl-Thread
1688747487.253252 2023-07-07 11:31:27 MainProcess-2492 FlowControl-Thread-140332645377792 parsl.dataflow.strategy:173 _general_strategy DEBUG: general strategy starting with strategy_type simple for 1 executors
1688747487.254772 2023-07-07 11:31:27 MainProcess-2492 FlowControl-Thread-140332645377792 parsl.dataflow.strategy:181 _general_strategy DEBUG: Strategizing for executor HighThroughputExecutor
1688747487.302396 2023-07-07 11:31:27 MainProcess-2492 FlowControl-Thread-140332645377792 parsl.dataflow.strategy:202 _general_strategy DEBUG: Slot ratio calculation: active_slots = 1, active_tasks = 0
1688747487.398867 2023-07-07 11:31:27 MainProcess-2492 FlowControl-Thread-140332645377792 parsl.dataflow.strategy:205 _general_strategy DEBUG: Executor HighThroughputExecutor has 0 active tasks, 1/0 running/pending blocks, and 16 connected workers
1688747487.428948 2023-07-07 11:31:27 MainProcess-2492 FlowControl-Thread-140332645377792 parsl.dataflow.strategy:220 _general_strategy DEBUG: Strategy case 1: Executor has no active tasks
1688747487.468925 2023-07-07 11:31:27 MainProcess-2492 FlowControl-Thread-140332645377792 parsl.dataflow.strategy:224 _general_strategy DEBUG: Strategy case 1a: Executor has no active tasks and minimum blocks. Taking no action.
1688747487.504209 2023-07-07 11:31:27 MainProcess-2492 FlowControl-Thread-140332645377792 parsl.process_loggers:28 wrapped DEBUG: Normal ending for _general_strategy on thread FlowControl-Thread
1688747492.430166 2023-07-07 11:31:32 MainProcess-2492 FlowControl-Thread-140332645377792 parsl.dataflow.strategy:173 _general_strategy DEBUG: general strategy starting with strategy_type simple for 1 executors
1688747492.430626 2023-07-07 11:31:32 MainProcess-2492 FlowControl-Thread-140332645377792 parsl.dataflow.strategy:181 _general_strategy DEBUG: Strategizing for executor HighThroughputExecutor
1688747492.472397 2023-07-07 11:31:32 MainProcess-2492 FlowControl-Thread-140332645377792 parsl.dataflow.strategy:202 _general_strategy DEBUG: Slot ratio calculation: active_slots = 1, active_tasks = 0
1688747492.596446 2023-07-07 11:31:32 MainProcess-2492 FlowControl-Thread-140332645377792 parsl.dataflow.strategy:205 _general_strategy DEBUG: Executor HighThroughputExecutor has 0 active tasks, 1/0 running/pending blocks, and 16 connected workers
1688747492.596548 2023-07-07 11:31:32 MainProcess-2492 FlowControl-Thread-140332645377792 parsl.dataflow.strategy:220 _general_strategy DEBUG: Strategy case 1: Executor has no active tasks
1688747492.606571 2023-07-07 11:31:32 MainProcess-2492 FlowControl-Thread-140332645377792 parsl.dataflow.strategy:224 _general_strategy DEBUG: Strategy case 1a: Executor has no active tasks and minimum blocks. Taking no action.
1688747492.615718 2023-07-07 11:31:32 MainProcess-2492 FlowControl-Thread-140332645377792 parsl.process_loggers:28 wrapped DEBUG: Normal ending for _general_strategy on thread FlowControl-Thread
1688747498.757062 2023-07-07 11:31:38 MainProcess-2492 FlowControl-Thread-140332645377792 parsl.dataflow.strategy:173 _general_strategy DEBUG: general strategy starting with strategy_type simple for 1 executors
1688747498.762645 2023-07-07 11:31:38 MainProcess-2492 FlowControl-Thread-140332645377792 parsl.dataflow.strategy:181 _general_strategy DEBUG: Strategizing for executor HighThroughputExecutor
1688747498.965742 2023-07-07 11:31:38 MainProcess-2492 FlowControl-Thread-140332645377792 parsl.dataflow.strategy:202 _general_strategy DEBUG: Slot ratio calculation: active_slots = 1, active_tasks = 0
1688747499.187278 2023-07-07 11:31:39 MainProcess-2492 FlowControl-Thread-140332645377792 parsl.dataflow.strategy:205 _general_strategy DEBUG: Executor HighThroughputExecutor has 0 active tasks, 1/0 running/pending blocks, and 16 connected workers
1688747499.338240 2023-07-07 11:31:39 MainProcess-2492 FlowControl-Thread-140332645377792 parsl.dataflow.strategy:220 _general_strategy DEBUG: Strategy case 1: Executor has no active tasks
1688747499.338515 2023-07-07 11:31:39 MainProcess-2492 FlowControl-Thread-140332645377792 parsl.dataflow.strategy:224 _general_strategy DEBUG: Strategy case 1a: Executor has no active tasks and minimum blocks. Taking no action.
1688747499.363872 2023-07-07 11:31:39 MainProcess-2492 FlowControl-Thread-140332645377792 parsl.process_loggers:28 wrapped DEBUG: Normal ending for _general_strategy on thread FlowControl-Thread
1688747507.148095 2023-07-07 11:31:47 MainProcess-2492 FlowControl-Thread-140332645377792 parsl.dataflow.strategy:173 _general_strategy DEBUG: general strategy starting with strategy_type simple for 1 executors
1688747507.150730 2023-07-07 11:31:47 MainProcess-2492 FlowControl-Thread-140332645377792 parsl.dataflow.strategy:181 _general_strategy DEBUG: Strategizing for executor HighThroughputExecutor
1688747507.253973 2023-07-07 11:31:47 MainProcess-2492 FlowControl-Thread-140332645377792 parsl.dataflow.strategy:202 _general_strategy DEBUG: Slot ratio calculation: active_slots = 1, active_tasks = 0
1688747507.388423 2023-07-07 11:31:47 MainProcess-2492 FlowControl-Thread-140332645377792 parsl.dataflow.strategy:205 _general_strategy DEBUG: Executor HighThroughputExecutor has 0 active tasks, 1/0 running/pending blocks, and 16 connected workers
1688747507.407329 2023-07-07 11:31:47 MainProcess-2492 FlowControl-Thread-140332645377792 parsl.dataflow.strategy:220 _general_strategy DEBUG: Strategy case 1: Executor has no active tasks
1688747507.457835 2023-07-07 11:31:47 MainProcess-2492 FlowControl-Thread-140332645377792 parsl.dataflow.strategy:224 _general_strategy DEBUG: Strategy case 1a: Executor has no active tasks and minimum blocks. Taking no action.
1688747507.478915 2023-07-07 11:31:47 MainProcess-2492 FlowControl-Thread-140332645377792 parsl.process_loggers:28 wrapped DEBUG: Normal ending for _general_strategy on thread FlowControl-Thread
1688747512.251852 2023-07-07 11:31:52 MainProcess-2492 FlowControl-Thread-140332645377792 parsl.dataflow.strategy:173 _general_strategy DEBUG: general strategy starting with strategy_type simple for 1 executors
1688747512.253225 2023-07-07 11:31:52 MainProcess-2492 FlowControl-Thread-140332645377792 parsl.dataflow.strategy:181 _general_strategy DEBUG: Strategizing for executor HighThroughputExecutor
1688747512.268387 2023-07-07 11:31:52 MainProcess-2492 FlowControl-Thread-140332645377792 parsl.dataflow.strategy:202 _general_strategy DEBUG: Slot ratio calculation: active_slots = 1, active_tasks = 0
1688747512.280099 2023-07-07 11:31:52 MainProcess-2492 FlowControl-Thread-140332645377792 parsl.dataflow.strategy:205 _general_strategy DEBUG: Executor HighThroughputExecutor has 0 active tasks, 1/0 running/pending blocks, and 16 connected workers
1688747512.283818 2023-07-07 11:31:52 MainProcess-2492 FlowControl-Thread-140332645377792 parsl.dataflow.strategy:220 _general_strategy DEBUG: Strategy case 1: Executor has no active tasks
1688747512.287225 2023-07-07 11:31:52 MainProcess-2492 FlowControl-Thread-140332645377792 parsl.dataflow.strategy:224 _general_strategy DEBUG: Strategy case 1a: Executor has no active tasks and minimum blocks. Taking no action.
1688747512.290120 2023-07-07 11:31:52 MainProcess-2492 FlowControl-Thread-140332645377792 parsl.process_loggers:28 wrapped DEBUG: Normal ending for _general_strategy on thread FlowControl-Thread
1688747518.037936 2023-07-07 11:31:58 MainProcess-2492 FlowControl-Thread-140332645377792 parsl.dataflow.strategy:173 _general_strategy DEBUG: general strategy starting with strategy_type simple for 1 executors
1688747518.052703 2023-07-07 11:31:58 MainProcess-2492 FlowControl-Thread-140332645377792 parsl.dataflow.strategy:181 _general_strategy DEBUG: Strategizing for executor HighThroughputExecutor
1688747518.153179 2023-07-07 11:31:58 MainProcess-2492 FlowControl-Thread-140332645377792 parsl.dataflow.strategy:202 _general_strategy DEBUG: Slot ratio calculation: active_slots = 1, active_tasks = 0
1688747518.287252 2023-07-07 11:31:58 MainProcess-2492 FlowControl-Thread-140332645377792 parsl.dataflow.strategy:205 _general_strategy DEBUG: Executor HighThroughputExecutor has 0 active tasks, 1/0 running/pending blocks, and 16 connected workers
1688747518.332390 2023-07-07 11:31:58 MainProcess-2492 FlowControl-Thread-140332645377792 parsl.dataflow.strategy:220 _general_strategy DEBUG: Strategy case 1: Executor has no active tasks
1688747518.357682 2023-07-07 11:31:58 MainProcess-2492 FlowControl-Thread-140332645377792 parsl.dataflow.strategy:224 _general_strategy DEBUG: Strategy case 1a: Executor has no active tasks and minimum blocks. Taking no action.
1688747518.399195 2023-07-07 11:31:58 MainProcess-2492 FlowControl-Thread-140332645377792 parsl.process_loggers:28 wrapped DEBUG: Normal ending for _general_strategy on thread FlowControl-Thread
1688747522.891967 2023-07-07 11:32:02 MainProcess-2492 FlowControl-Thread-140332645377792 parsl.dataflow.strategy:173 _general_strategy DEBUG: general strategy starting with strategy_type simple for 1 executors
1688747522.892628 2023-07-07 11:32:02 MainProcess-2492 FlowControl-Thread-140332645377792 parsl.dataflow.strategy:181 _general_strategy DEBUG: Strategizing for executor HighThroughputExecutor
1688747523.103334 2023-07-07 11:32:03 MainProcess-2492 FlowControl-Thread-140332645377792 parsl.dataflow.strategy:202 _general_strategy DEBUG: Slot ratio calculation: active_slots = 1, active_tasks = 0
1688747523.231925 2023-07-07 11:32:03 MainProcess-2492 FlowControl-Thread-140332645377792 parsl.dataflow.strategy:205 _general_strategy DEBUG: Executor HighThroughputExecutor has 0 active tasks, 1/0 running/pending blocks, and 16 connected workers
1688747523.276001 2023-07-07 11:32:03 MainProcess-2492 FlowControl-Thread-140332645377792 parsl.dataflow.strategy:220 _general_strategy DEBUG: Strategy case 1: Executor has no active tasks
1688747523.284653 2023-07-07 11:32:03 MainProcess-2492 FlowControl-Thread-140332645377792 parsl.dataflow.strategy:224 _general_strategy DEBUG: Strategy case 1a: Executor has no active tasks and minimum blocks. Taking no action.
1688747523.304943 2023-07-07 11:32:03 MainProcess-2492 FlowControl-Thread-140332645377792 parsl.process_loggers:28 wrapped DEBUG: Normal ending for _general_strategy on thread FlowControl-Thread
1688747531.137877 2023-07-07 11:32:11 MainProcess-2492 FlowControl-Thread-140332645377792 parsl.dataflow.strategy:173 _general_strategy DEBUG: general strategy starting with strategy_type simple for 1 executors
1688747531.141257 2023-07-07 11:32:11 MainProcess-2492 FlowControl-Thread-140332645377792 parsl.dataflow.strategy:181 _general_strategy DEBUG: Strategizing for executor HighThroughputExecutor
1688747531.310813 2023-07-07 11:32:11 MainProcess-2492 FlowControl-Thread-140332645377792 parsl.dataflow.strategy:202 _general_strategy DEBUG: Slot ratio calculation: active_slots = 1, active_tasks = 0
1688747531.395981 2023-07-07 11:32:11 MainProcess-2492 FlowControl-Thread-140332645377792 parsl.dataflow.strategy:205 _general_strategy DEBUG: Executor HighThroughputExecutor has 0 active tasks, 1/0 running/pending blocks, and 16 connected workers
1688747531.399435 2023-07-07 11:32:11 MainProcess-2492 FlowControl-Thread-140332645377792 parsl.dataflow.strategy:220 _general_strategy DEBUG: Strategy case 1: Executor has no active tasks
1688747531.424187 2023-07-07 11:32:11 MainProcess-2492 FlowControl-Thread-140332645377792 parsl.dataflow.strategy:224 _general_strategy DEBUG: Strategy case 1a: Executor has no active tasks and minimum blocks. Taking no action.
1688747531.472242 2023-07-07 11:32:11 MainProcess-2492 FlowControl-Thread-140332645377792 parsl.process_loggers:28 wrapped DEBUG: Normal ending for _general_strategy on thread FlowControl-Thread
1688747536.215835 2023-07-07 11:32:16 MainProcess-2492 FlowControl-Thread-140332645377792 parsl.dataflow.strategy:173 _general_strategy DEBUG: general strategy starting with strategy_type simple for 1 executors
1688747536.218753 2023-07-07 11:32:16 MainProcess-2492 FlowControl-Thread-140332645377792 parsl.dataflow.strategy:181 _general_strategy DEBUG: Strategizing for executor HighThroughputExecutor
1688747536.238568 2023-07-07 11:32:16 MainProcess-2492 FlowControl-Thread-140332645377792 parsl.dataflow.strategy:202 _general_strategy DEBUG: Slot ratio calculation: active_slots = 1, active_tasks = 0
1688747536.429759 2023-07-07 11:32:16 MainProcess-2492 FlowControl-Thread-140332645377792 parsl.dataflow.strategy:205 _general_strategy DEBUG: Executor HighThroughputExecutor has 0 active tasks, 1/0 running/pending blocks, and 16 connected workers
1688747536.445465 2023-07-07 11:32:16 MainProcess-2492 FlowControl-Thread-140332645377792 parsl.dataflow.strategy:220 _general_strategy DEBUG: Strategy case 1: Executor has no active tasks
1688747536.445561 2023-07-07 11:32:16 MainProcess-2492 FlowControl-Thread-140332645377792 parsl.dataflow.strategy:224 _general_strategy DEBUG: Strategy case 1a: Executor has no active tasks and minimum blocks. Taking no action.
1688747536.453972 2023-07-07 11:32:16 MainProcess-2492 FlowControl-Thread-140332645377792 parsl.process_loggers:28 wrapped DEBUG: Normal ending for _general_strategy on thread FlowControl-Thread
1688747547.478124 2023-07-07 11:32:27 MainProcess-2492 FlowControl-Thread-140332645377792 parsl.dataflow.strategy:173 _general_strategy DEBUG: general strategy starting with strategy_type simple for 1 executors
1688747547.479611 2023-07-07 11:32:27 MainProcess-2492 FlowControl-Thread-140332645377792 parsl.dataflow.strategy:181 _general_strategy DEBUG: Strategizing for executor HighThroughputExecutor
1688747547.532158 2023-07-07 11:32:27 MainProcess-2492 FlowControl-Thread-140332645377792 parsl.dataflow.strategy:202 _general_strategy DEBUG: Slot ratio calculation: active_slots = 1, active_tasks = 0
1688747547.709301 2023-07-07 11:32:27 MainProcess-2492 FlowControl-Thread-140332645377792 parsl.dataflow.strategy:205 _general_strategy DEBUG: Executor HighThroughputExecutor has 0 active tasks, 1/0 running/pending blocks, and 16 connected workers
1688747547.748292 2023-07-07 11:32:27 MainProcess-2492 FlowControl-Thread-140332645377792 parsl.dataflow.strategy:220 _general_strategy DEBUG: Strategy case 1: Executor has no active tasks
1688747547.753442 2023-07-07 11:32:27 MainProcess-2492 FlowControl-Thread-140332645377792 parsl.dataflow.strategy:224 _general_strategy DEBUG: Strategy case 1a: Executor has no active tasks and minimum blocks. Taking no action.
1688747547.766342 2023-07-07 11:32:27 MainProcess-2492 FlowControl-Thread-140332645377792 parsl.process_loggers:28 wrapped DEBUG: Normal ending for _general_strategy on thread FlowControl-Thread
1688747552.409853 2023-07-07 11:32:32 MainProcess-2492 FlowControl-Thread-140332645377792 parsl.dataflow.strategy:173 _general_strategy DEBUG: general strategy starting with strategy_type simple for 1 executors
1688747552.417688 2023-07-07 11:32:32 MainProcess-2492 FlowControl-Thread-140332645377792 parsl.dataflow.strategy:181 _general_strategy DEBUG: Strategizing for executor HighThroughputExecutor
1688747552.429539 2023-07-07 11:32:32 MainProcess-2492 FlowControl-Thread-140332645377792 parsl.dataflow.strategy:202 _general_strategy DEBUG: Slot ratio calculation: active_slots = 1, active_tasks = 0
1688747552.477020 2023-07-07 11:32:32 MainProcess-2492 FlowControl-Thread-140332645377792 parsl.dataflow.strategy:205 _general_strategy DEBUG: Executor HighThroughputExecutor has 0 active tasks, 1/0 running/pending blocks, and 16 connected workers
1688747552.507808 2023-07-07 11:32:32 MainProcess-2492 FlowControl-Thread-140332645377792 parsl.dataflow.strategy:220 _general_strategy DEBUG: Strategy case 1: Executor has no active tasks
1688747552.559839 2023-07-07 11:32:32 MainProcess-2492 FlowControl-Thread-140332645377792 parsl.dataflow.strategy:224 _general_strategy DEBUG: Strategy case 1a: Executor has no active tasks and minimum blocks. Taking no action.
1688747552.580561 2023-07-07 11:32:32 MainProcess-2492 FlowControl-Thread-140332645377792 parsl.process_loggers:28 wrapped DEBUG: Normal ending for _general_strategy on thread FlowControl-Thread
1688747557.351876 2023-07-07 11:32:37 MainProcess-2492 FlowControl-Thread-140332645377792 parsl.dataflow.strategy:173 _general_strategy DEBUG: general strategy starting with strategy_type simple for 1 executors
1688747557.353686 2023-07-07 11:32:37 MainProcess-2492 FlowControl-Thread-140332645377792 parsl.dataflow.strategy:181 _general_strategy DEBUG: Strategizing for executor HighThroughputExecutor
1688747557.355711 2023-07-07 11:32:37 MainProcess-2492 FlowControl-Thread-140332645377792 parsl.dataflow.strategy:202 _general_strategy DEBUG: Slot ratio calculation: active_slots = 1, active_tasks = 0
1688747557.397016 2023-07-07 11:32:37 MainProcess-2492 FlowControl-Thread-140332645377792 parsl.dataflow.strategy:205 _general_strategy DEBUG: Executor HighThroughputExecutor has 0 active tasks, 1/0 running/pending blocks, and 16 connected workers
1688747557.397105 2023-07-07 11:32:37 MainProcess-2492 FlowControl-Thread-140332645377792 parsl.dataflow.strategy:220 _general_strategy DEBUG: Strategy case 1: Executor has no active tasks
1688747557.404857 2023-07-07 11:32:37 MainProcess-2492 FlowControl-Thread-140332645377792 parsl.dataflow.strategy:224 _general_strategy DEBUG: Strategy case 1a: Executor has no active tasks and minimum blocks. Taking no action.
1688747557.419141 2023-07-07 11:32:37 MainProcess-2492 FlowControl-Thread-140332645377792 parsl.process_loggers:28 wrapped DEBUG: Normal ending for _general_strategy on thread FlowControl-Thread
1688747567.314141 2023-07-07 11:32:47 MainProcess-2492 FlowControl-Thread-140332645377792 parsl.dataflow.strategy:173 _general_strategy DEBUG: general strategy starting with strategy_type simple for 1 executors
1688747567.317680 2023-07-07 11:32:47 MainProcess-2492 FlowControl-Thread-140332645377792 parsl.dataflow.strategy:181 _general_strategy DEBUG: Strategizing for executor HighThroughputExecutor
1688747567.331664 2023-07-07 11:32:47 MainProcess-2492 FlowControl-Thread-140332645377792 parsl.dataflow.strategy:202 _general_strategy DEBUG: Slot ratio calculation: active_slots = 1, active_tasks = 0
1688747567.433950 2023-07-07 11:32:47 MainProcess-2492 FlowControl-Thread-140332645377792 parsl.dataflow.strategy:205 _general_strategy DEBUG: Executor HighThroughputExecutor has 0 active tasks, 1/0 running/pending blocks, and 16 connected workers
1688747567.440209 2023-07-07 11:32:47 MainProcess-2492 FlowControl-Thread-140332645377792 parsl.dataflow.strategy:220 _general_strategy DEBUG: Strategy case 1: Executor has no active tasks
1688747567.461537 2023-07-07 11:32:47 MainProcess-2492 FlowControl-Thread-140332645377792 parsl.dataflow.strategy:224 _general_strategy DEBUG: Strategy case 1a: Executor has no active tasks and minimum blocks. Taking no action.
1688747567.476942 2023-07-07 11:32:47 MainProcess-2492 FlowControl-Thread-140332645377792 parsl.process_loggers:28 wrapped DEBUG: Normal ending for _general_strategy on thread FlowControl-Thread
1688747572.374967 2023-07-07 11:32:52 MainProcess-2492 FlowControl-Thread-140332645377792 parsl.dataflow.strategy:173 _general_strategy DEBUG: general strategy starting with strategy_type simple for 1 executors
1688747572.376698 2023-07-07 11:32:52 MainProcess-2492 FlowControl-Thread-140332645377792 parsl.dataflow.strategy:181 _general_strategy DEBUG: Strategizing for executor HighThroughputExecutor
1688747572.385924 2023-07-07 11:32:52 MainProcess-2492 FlowControl-Thread-140332645377792 parsl.dataflow.strategy:202 _general_strategy DEBUG: Slot ratio calculation: active_slots = 1, active_tasks = 0
1688747572.402390 2023-07-07 11:32:52 MainProcess-2492 FlowControl-Thread-140332645377792 parsl.dataflow.strategy:205 _general_strategy DEBUG: Executor HighThroughputExecutor has 0 active tasks, 1/0 running/pending blocks, and 16 connected workers
1688747572.406260 2023-07-07 11:32:52 MainProcess-2492 FlowControl-Thread-140332645377792 parsl.dataflow.strategy:220 _general_strategy DEBUG: Strategy case 1: Executor has no active tasks
1688747572.409367 2023-07-07 11:32:52 MainProcess-2492 FlowControl-Thread-140332645377792 parsl.dataflow.strategy:224 _general_strategy DEBUG: Strategy case 1a: Executor has no active tasks and minimum blocks. Taking no action.
1688747572.417099 2023-07-07 11:32:52 MainProcess-2492 FlowControl-Thread-140332645377792 parsl.process_loggers:28 wrapped DEBUG: Normal ending for _general_strategy on thread FlowControl-Thread
1688747577.459078 2023-07-07 11:32:57 MainProcess-2492 FlowControl-Thread-140332645377792 parsl.dataflow.strategy:173 _general_strategy DEBUG: general strategy starting with strategy_type simple for 1 executors
1688747577.459696 2023-07-07 11:32:57 MainProcess-2492 FlowControl-Thread-140332645377792 parsl.dataflow.strategy:181 _general_strategy DEBUG: Strategizing for executor HighThroughputExecutor
1688747577.521260 2023-07-07 11:32:57 MainProcess-2492 FlowControl-Thread-140332645377792 parsl.dataflow.strategy:202 _general_strategy DEBUG: Slot ratio calculation: active_slots = 1, active_tasks = 0
1688747577.535098 2023-07-07 11:32:57 MainProcess-2492 FlowControl-Thread-140332645377792 parsl.dataflow.strategy:205 _general_strategy DEBUG: Executor HighThroughputExecutor has 0 active tasks, 1/0 running/pending blocks, and 16 connected workers
1688747577.572373 2023-07-07 11:32:57 MainProcess-2492 FlowControl-Thread-140332645377792 parsl.dataflow.strategy:220 _general_strategy DEBUG: Strategy case 1: Executor has no active tasks
1688747577.572450 2023-07-07 11:32:57 MainProcess-2492 FlowControl-Thread-140332645377792 parsl.dataflow.strategy:224 _general_strategy DEBUG: Strategy case 1a: Executor has no active tasks and minimum blocks. Taking no action.
1688747577.613392 2023-07-07 11:32:57 MainProcess-2492 FlowControl-Thread-140332645377792 parsl.process_loggers:28 wrapped DEBUG: Normal ending for _general_strategy on thread FlowControl-Thread
1688747592.056987 2023-07-07 11:33:12 MainProcess-2492 FlowControl-Thread-140332645377792 parsl.dataflow.strategy:173 _general_strategy DEBUG: general strategy starting with strategy_type simple for 1 executors
1688747592.057759 2023-07-07 11:33:12 MainProcess-2492 FlowControl-Thread-140332645377792 parsl.dataflow.strategy:181 _general_strategy DEBUG: Strategizing for executor HighThroughputExecutor
1688747592.061788 2023-07-07 11:33:12 MainProcess-2492 FlowControl-Thread-140332645377792 parsl.dataflow.strategy:202 _general_strategy DEBUG: Slot ratio calculation: active_slots = 1, active_tasks = 0
1688747592.104215 2023-07-07 11:33:12 MainProcess-2492 FlowControl-Thread-140332645377792 parsl.dataflow.strategy:205 _general_strategy DEBUG: Executor HighThroughputExecutor has 0 active tasks, 1/0 running/pending blocks, and 16 connected workers
1688747592.117276 2023-07-07 11:33:12 MainProcess-2492 FlowControl-Thread-140332645377792 parsl.dataflow.strategy:220 _general_strategy DEBUG: Strategy case 1: Executor has no active tasks
1688747592.123644 2023-07-07 11:33:12 MainProcess-2492 FlowControl-Thread-140332645377792 parsl.dataflow.strategy:224 _general_strategy DEBUG: Strategy case 1a: Executor has no active tasks and minimum blocks. Taking no action.
1688747592.153880 2023-07-07 11:33:12 MainProcess-2492 FlowControl-Thread-140332645377792 parsl.process_loggers:28 wrapped DEBUG: Normal ending for _general_strategy on thread FlowControl-Thread
1688747597.470518 2023-07-07 11:33:17 MainProcess-2492 FlowControl-Thread-140332645377792 parsl.dataflow.strategy:173 _general_strategy DEBUG: general strategy starting with strategy_type simple for 1 executors
1688747597.471540 2023-07-07 11:33:17 MainProcess-2492 FlowControl-Thread-140332645377792 parsl.dataflow.strategy:181 _general_strategy DEBUG: Strategizing for executor HighThroughputExecutor
1688747597.544940 2023-07-07 11:33:17 MainProcess-2492 FlowControl-Thread-140332645377792 parsl.dataflow.strategy:202 _general_strategy DEBUG: Slot ratio calculation: active_slots = 1, active_tasks = 0
1688747597.657912 2023-07-07 11:33:17 MainProcess-2492 FlowControl-Thread-140332645377792 parsl.dataflow.strategy:205 _general_strategy DEBUG: Executor HighThroughputExecutor has 0 active tasks, 1/0 running/pending blocks, and 16 connected workers
1688747597.658409 2023-07-07 11:33:17 MainProcess-2492 FlowControl-Thread-140332645377792 parsl.dataflow.strategy:220 _general_strategy DEBUG: Strategy case 1: Executor has no active tasks
1688747597.658597 2023-07-07 11:33:17 MainProcess-2492 FlowControl-Thread-140332645377792 parsl.dataflow.strategy:224 _general_strategy DEBUG: Strategy case 1a: Executor has no active tasks and minimum blocks. Taking no action.
1688747597.658674 2023-07-07 11:33:17 MainProcess-2492 FlowControl-Thread-140332645377792 parsl.process_loggers:28 wrapped DEBUG: Normal ending for _general_strategy on thread FlowControl-Thread
1688747597.659303 2023-07-07 11:33:17 MainProcess-2492 MainThread-140333862430528 parsl.dataflow.dflow:1048 atexit_cleanup INFO: DFK cleanup because python process is exiting
1688747597.659463 2023-07-07 11:33:17 MainProcess-2492 MainThread-140333862430528 parsl.dataflow.dflow:1082 cleanup INFO: DFK cleanup initiated
1688747597.659551 2023-07-07 11:33:17 MainProcess-2492 MainThread-140333862430528 parsl.dataflow.dflow:986 log_task_states INFO: Summary of tasks in DFK:
1688747597.659677 2023-07-07 11:33:17 MainProcess-2492 MainThread-140333862430528 parsl.dataflow.dflow:990 log_task_states INFO: Tasks in state States.unsched: 0
1688747597.659735 2023-07-07 11:33:17 MainProcess-2492 MainThread-140333862430528 parsl.dataflow.dflow:990 log_task_states INFO: Tasks in state States.pending: 0
1688747597.659804 2023-07-07 11:33:17 MainProcess-2492 MainThread-140333862430528 parsl.dataflow.dflow:990 log_task_states INFO: Tasks in state States.running: 0
1688747597.659858 2023-07-07 11:33:17 MainProcess-2492 MainThread-140333862430528 parsl.dataflow.dflow:990 log_task_states INFO: Tasks in state States.exec_done: 0
1688747597.659911 2023-07-07 11:33:17 MainProcess-2492 MainThread-140333862430528 parsl.dataflow.dflow:990 log_task_states INFO: Tasks in state States.failed: 0
1688747597.659962 2023-07-07 11:33:17 MainProcess-2492 MainThread-140333862430528 parsl.dataflow.dflow:990 log_task_states INFO: Tasks in state States.dep_fail: 0
1688747597.660012 2023-07-07 11:33:17 MainProcess-2492 MainThread-140333862430528 parsl.dataflow.dflow:990 log_task_states INFO: Tasks in state States.launched: 0
1688747597.660064 2023-07-07 11:33:17 MainProcess-2492 MainThread-140333862430528 parsl.dataflow.dflow:990 log_task_states INFO: Tasks in state States.fail_retryable: 0
1688747597.660114 2023-07-07 11:33:17 MainProcess-2492 MainThread-140333862430528 parsl.dataflow.dflow:990 log_task_states INFO: Tasks in state States.memo_done: 0
1688747597.660163 2023-07-07 11:33:17 MainProcess-2492 MainThread-140333862430528 parsl.dataflow.dflow:990 log_task_states INFO: Tasks in state States.joining: 0
1688747597.660213 2023-07-07 11:33:17 MainProcess-2492 MainThread-140333862430528 parsl.dataflow.dflow:990 log_task_states INFO: Tasks in state States.running_ended: 0
1688747597.660259 2023-07-07 11:33:17 MainProcess-2492 MainThread-140333862430528 parsl.dataflow.dflow:992 log_task_states INFO: End of summary
1688747597.660435 2023-07-07 11:33:17 MainProcess-2492 MainThread-140333862430528 parsl.dataflow.dflow:1106 cleanup INFO: Closing flowcontrol
1688747597.660632 2023-07-07 11:33:17 MainProcess-2492 MainThread-140333862430528 parsl.dataflow.dflow:1108 cleanup INFO: Terminated flow control
1688747597.660684 2023-07-07 11:33:17 MainProcess-2492 MainThread-140333862430528 parsl.dataflow.dflow:1110 cleanup INFO: Scaling in and shutting down executors
1688747597.660739 2023-07-07 11:33:17 MainProcess-2492 MainThread-140333862430528 parsl.dataflow.dflow:1115 cleanup INFO: Scaling in executor HighThroughputExecutor
1688747597.660818 2023-07-07 11:33:17 MainProcess-2492 MainThread-140333862430528 parsl.executors.high_throughput.executor:663 scale_in DEBUG: Scale in called, blocks=1, block_ids=[]
1688747597.661189 2023-07-07 11:33:17 MainProcess-2492 MainThread-140333862430528 parsl.executors.high_throughput.executor:679 scale_in DEBUG: Scale in selecting from 1 blocks
1688747597.661387 2023-07-07 11:33:17 MainProcess-2492 MainThread-140333862430528 parsl.executors.high_throughput.executor:555 _hold_block DEBUG: Sending hold to manager: ae090579bc91
1688747597.661757 2023-07-07 11:33:17 MainProcess-2492 MainThread-140333862430528 parsl.executors.high_throughput.executor:524 hold_worker DEBUG: Sent hold request to manager: ae090579bc91
1688747597.661840 2023-07-07 11:33:17 MainProcess-2492 MainThread-140333862430528 parsl.providers.local.local:267 cancel DEBUG: Terminating job/proc_id: 2519
1688747597.993512 2023-07-07 11:33:17 MainProcess-2492 MainThread-140333862430528 parsl.dataflow.dflow:1125 cleanup INFO: Shutting down executor HighThroughputExecutor
1688747597.993823 2023-07-07 11:33:17 MainProcess-2492 MainThread-140333862430528 parsl.executors.high_throughput.executor:724 shutdown INFO: Attempting HighThroughputExecutor shutdown
1688747597.993980 2023-07-07 11:33:17 MainProcess-2492 MainThread-140333862430528 parsl.executors.high_throughput.executor:726 shutdown INFO: Finished HighThroughputExecutor shutdown attempt
1688747597.994044 2023-07-07 11:33:17 MainProcess-2492 MainThread-140333862430528 parsl.dataflow.dflow:1127 cleanup INFO: Shut down executor HighThroughputExecutor
1688747597.994285 2023-07-07 11:33:17 MainProcess-2492 MainThread-140333862430528 parsl.dataflow.dflow:1125 cleanup INFO: Shutting down executor _parsl_internal
1688747597.994365 2023-07-07 11:33:17 MainProcess-2492 MainThread-140333862430528 parsl.executors.threads:97 shutdown DEBUG: Shutting down executor, which involves waiting for running tasks to complete
1688747597.994461 2023-07-07 11:33:17 MainProcess-2492 MainThread-140333862430528 parsl.executors.threads:99 shutdown DEBUG: Done with executor shutdown
1688747597.994524 2023-07-07 11:33:17 MainProcess-2492 MainThread-140333862430528 parsl.dataflow.dflow:1127 cleanup INFO: Shut down executor _parsl_internal
1688747597.994579 2023-07-07 11:33:17 MainProcess-2492 MainThread-140333862430528 parsl.dataflow.dflow:1131 cleanup INFO: Terminated executors
1688747597.994658 2023-07-07 11:33:17 MainProcess-2492 MainThread-140333862430528 parsl.dataflow.dflow:1148 cleanup INFO: DFK cleanup complete
1688747597.994726 2023-07-07 11:33:17 MainProcess-2492 MainThread-140333862430528 parsl.process_loggers:28 wrapped DEBUG: Normal ending for cleanup on thread MainThread
